07-28 18:56:31.822  9007  9030 I TestRunner: started: vertical_scrolling(com.example.dogglers.VerticalListTests)
07-28 18:56:31.823  1127  1127 I Layer   : id=178881 removeFromCurrentState ActivityRecord{7a5e16c u0 com.example.dogglers/androidx.test.core.app.InstrumentationActivityInvoker$EmptyActivity} t30330}#178881 (118)
07-28 18:56:31.823  1127  1127 I Layer   : id=178888 removeFromCurrentState 5e3ba1f ActivityRecordInputSink com.example.dogglers/androidx.test.core.app.InstrumentationActivityInvoker$EmptyActivity#178888 (118)
07-28 18:56:31.823  1127  1127 I Layer   : id=178860 removeFromCurrentState Task=30330#178860 (118)
07-28 18:56:31.823  1127  1127 I Layer   : id=178898 removeFromCurrentState Task=30330#178898 (118)
07-28 18:56:31.823  1127  1127 I SurfaceFlinger: id=178881 Removed ActivityRecord{7a5e16c u0 com.example.dogglers/androidx.test.core.app.InstrumentationActivityInvoker$EmptyActivity} t30330}#178881 (118)
07-28 18:56:31.823  1127  1127 I SurfaceFlinger: id=178898 Removed Task=30330#178898 (118)
07-28 18:56:31.823  1127  1127 I Layer   : id=178898 Destroyed Task=30330#178898
07-28 18:56:31.824  1624  5216 D skia    : SkJpegCodec::onGetPixels -
07-28 18:56:31.824  1127  1127 I Layer   : id=178881 Destroyed ActivityRecord{7a5e16c u0 com.example.dogglers/androidx.test.core.app.InstrumentationActivityInvoker$EmptyActivity} t30330}#178881
07-28 18:56:31.824  1127  1127 I Layer   : id=178888 Destroyed 5e3ba1f ActivityRecordInputSink com.example.dogglers/androidx.test.core.app.InstrumentationActivityInvoker$EmptyActivity#178888
07-28 18:56:31.826  1624 23179 E OpenGLRenderer: Device claims wide gamut support, cannot find matching config, error = EGL_SUCCESS
07-28 18:56:31.826  1624 23179 W OpenGLRenderer: Failed to initialize 101010-2 format, error = EGL_SUCCESS
07-28 18:56:31.834  9007  9030 W Settings: Setting always_finish_activities has moved from android.provider.Settings.System to android.provider.Settings.Global, returning read-only value.
07-28 18:56:31.838  3393  3393 I TaskThumbnailCache: handleResult: taskId = 30284, taskThumbnail = android.graphics.Bitmap@70bbb25
07-28 18:56:31.839  3393  3393 I TaskThumbnailCache: handleResult: taskId = 30330, taskThumbnail = null
07-28 18:56:31.843  1624  1668 I ChimeraSystemEventListener: appLaunchIntent package name is: com.example.dogglers
07-28 18:56:31.844  3746  3746 E pageboostd: Received HALT command code 2
07-28 18:56:31.846  1624  5932 D PkgPredictorService-IpmAdcpController: create a new DexPreloadTask pkg:com.example.dogglers  path:/data/app/~~RqwEkAPnBZtTvJ-WAeAgzw==/com.example.dogglers-LNHwQbSjO_yQRomBmsyq3g==
07-28 18:56:31.846  1624  3610 I SemDvfsHyPerManager: acquire hyper - AMS_APP_SWITCH/1624@32, type = -999
07-28 18:56:31.847  1090  1150 I HYPER-HAL: [RequestManager.cpp]acquire(): Acquired ID : 1372028  [1624 / 32]    HINT : AMS_ACT_SWITCH    list :
07-28 18:56:31.847  1127  2023 I SurfaceFlinger: id=178899 createSurf flag=24004, Task=30331#178899
07-28 18:56:31.847  1090  1150 I mtkpower_client: perf_lock_rel, hdl:81812, tid:1150
07-28 18:56:31.848  1090  1150 I mtkpower_client: perf_lock_acq, hdl:0, dur:0, num:2, tid:1150
07-28 18:56:31.848  5208  5208 I SemDvfsHyPerManager: acquire hyper - APP_START_SHORT/5208@12, type = -999
07-28 18:56:31.849  1624  3610 E libprocessgroup: Failed to find cgroup for tid 3610
07-28 18:56:31.849  1624  3610 W libprocessgroup: Failed to apply DoSomethingOlaf task profile: Try again
07-28 18:56:31.849  1093  1167 I libPowerHal: [perfLockRel] hdl:81812, idx:1
07-28 18:56:31.849  1093  1167 I libPowerHal: [PD] vendor.samsung. update cmd:1c3c000, param:1
07-28 18:56:31.850  1127  2023 I SurfaceFlinger: id=178900 createSurf flag=80004, ActivityRecord{f542e8d u0 com.example.dogglers/androidx.test.core.app.InstrumentationActivityInvoker$BootstrapActivity} t30331}#178900
07-28 18:56:31.850  1093  1167 I libPowerHal: [PD] (less) /proc/mcdi/state set +prefix:enable 1;
07-28 18:56:31.850  1090  1150 I mtkpower_client: ret_hdl:81814
07-28 18:56:31.850  1093  1167 I libPowerHal: [perfLockAcq] idx:0 hdl:81814 hint:-1 pid:1090 duration:0 lock_user:vendor.samsung. => ret_hdl:81814
07-28 18:56:31.850  1090  1150 I mtkpower_client: perf_lock_rel, hdl:81813, tid:1150
07-28 18:56:31.851  1093  1167 I libPowerHal: [PE] (less) /proc/mcdi/state set +prefix:enable 0;
07-28 18:56:31.851  1090  1150 I mtkpower_client: perf_lock_acq, hdl:0, dur:0, num:2, tid:1150
07-28 18:56:31.851  1093  1167 I libPowerHal: [perfLockRel] hdl:81813, idx:2
07-28 18:56:31.851  1093  1167 I libPowerHal: vendor.samsung.: cpu_ctrl set cpu freq: -1 -1 -1 -1
07-28 18:56:31.852  1090  1150 I mtkpower_client: ret_hdl:81815
07-28 18:56:31.852  1090  1150 I mtkpower_client: perf_lock_rel, hdl:81811, tid:1150
07-28 18:56:31.852  1093  1167 I libPowerHal: [perfLockAcq] idx:1 hdl:81815 hint:-1 pid:1090 duration:0 lock_user:vendor.samsung. => ret_hdl:81815
07-28 18:56:31.853  1093  1167 I libPowerHal: vendor.samsung.: cpu_ctrl set cpu freq: 1800000 -1 -1 -1
07-28 18:56:31.853  1090  1150 I mtkpower_client: perf_lock_acq, hdl:0, dur:0, num:2, tid:1150
07-28 18:56:31.853  1093  1167 I libPowerHal: [perfLockRel] hdl:81811, idx:3
07-28 18:56:31.853  1093  1167 I libPowerHal: [PD] vendor.samsung. update cmd:1000000, param:-1
07-28 18:56:31.854  1093  1167 I libPowerHal: [PD] vendor.samsung. update cmd:1000000 param:-1
07-28 18:56:31.855  1090  1150 I mtkpower_client: ret_hdl:81816
07-28 18:56:31.855  1093  1167 I libPowerHal: [perfLockAcq] idx:2 hdl:81816 hint:-1 pid:1090 duration:0 lock_user:vendor.samsung. => ret_hdl:81816
07-28 18:56:31.855  1090  1150 I HYPER-HAL: [RequestManager.cpp]acquire(): Acquired ID : 13626822  [5208 / 12]    HINT : APP_START    list : [TIMEOUT / 1500]
07-28 18:56:31.855  1093  1167 I libPowerHal: [PE] vendor.samsung. update cmd:1000000, param:0
07-28 18:56:31.855  1127  2023 D SurfaceFlinger: [SF client] NEW(0xb40000762185de20) for (17091:com.android.systemui)
07-28 18:56:31.856  1093  1167 I libPowerHal: [PE] vendor.samsung. update cmd:1000000 param:0
07-28 18:56:31.856  1233  8026 I CameraService: onUidStateChanged: uid=10063, procState is changed. (0 -> 1)
07-28 18:56:31.857  1624  1688 W libprocessgroup: Failed to open /dev/blkio//cgroup.procs: No such file or directory
07-28 18:56:31.857 17091 17124 D NativeCustomFrequencyManager: [NativeCFMS] BpCustomFrequencyManager::BpCustomFrequencyManager()
07-28 18:56:31.858  1624  5216 I SemDvfsHyPerManager: acquire hyper - AMS_APP_LAUNCH/1624@20, type = -999
07-28 18:56:31.858  1090  1150 I HYPER-HAL: [RequestManager.cpp]acquire(): Acquired ID : 1352210  [1624 / 20]    HINT : AMS_APP_LAUNCH    list :
07-28 18:56:31.859  5208  5208 I SemDvfsHyPerManager: acquire hyper - APP_START/5208@14, type = -999
07-28 18:56:31.860  1090  1150 I HYPER-HAL: [RequestManager.cpp]acquire(): Acquired ID : 13637267  [5208 / 14]    HINT : APP_START    list :
07-28 18:56:31.860  3393  3393 I BaseActivity: removeActivityFlags, flags : 16
07-28 18:56:31.860  3393  3393 I BaseActivity: removeActivityFlags, flags : 6
07-28 18:56:31.860  3393  3393 I DragController: endDrag
07-28 18:56:31.860  3393  3393 W LauncherAppWidgetHost: setShouldListenFlag, mFlags:15 flag:resume on:false isFront:false
07-28 18:56:31.860  1624  5302 D InputTransport: Input channel constructed: '89b02bc', fd=1079
07-28 18:56:31.860  1624  5302 D InputTransport: Input channel constructed: '89b02bc', fd=1080
07-28 18:56:31.860  3393  3393 I SPayUpdater: updateSpayHandler launcher activity is paused false
07-28 18:56:31.860  1624  5302 D InputTransport: Input channel constructed: '89b02bc', fd=1081
07-28 18:56:31.861  1127  2023 I SurfaceFlinger: id=178901 createSurf flag=80004, 89b02bc Splash Screen com.example.dogglers#178901
07-28 18:56:31.862  1624  5302 D InputTransport: Input channel destroyed: '89b02bc', fd=1081
07-28 18:56:31.863 17091 17121 D InsetsController: onStateChanged: InsetsState: {mDisplayFrame=Rect(0, 0 - 1080, 2400), mDisplayCutout=DisplayCutout{insets=Rect(0, 80 - 0, 0) waterfall=Insets{left=0, top=0, right=0, bottom=0} boundingRect={Bounds=[Rect(0, 0 - 0, 0), Rect(468, 0 - 612, 80), Rect(0, 0 - 0, 0), Rect(0, 0 - 0, 0)]} cutoutPathParserInfo={CutoutPathParserInfo{displayWidth=1080 displayHeight=2400 physicalDisplayWidth=1080 physicalDisplayHeight=2400 density={2.625} cutoutSpec={M 0,0 H -27.42857142857143 V 30.47619047619048 H 27.42857142857143 V 0 H 0 Z @dp} rotation={0} scale={1.0} physicalPixelDisplaySizeRatio={1.0}}}}, mRoundedCorners=RoundedCorners{[RoundedCorner{position=TopLeft, radius=90, center=Point(90, 90)}, RoundedCorner{position=TopRight, radius=90, center=Point(990, 90)}, RoundedCorner{position=BottomRight, radius=90, center=Point(990, 2310)}, RoundedCorner{position=BottomLeft, radius=90, center=Point(90, 2310)}]}  mRoundedCornerFrame=Rect(0, 0 - 1080, 2400), mPrivacyIndicatorBounds=PrivacyIndicatorBounds {static bounds=Rect(956, 0 - 1080, 80) rotation=0}, mSources= { InsetsSource: {mType=ITYPE_STATUS_BAR, mFrame=[0,0][1080,80], mVisible=true, mInsetsRoundedCornerFrame=false}, InsetsSource: {mType=ITYPE_NAVIGATION_BAR, mFrame=[0,2265][1080,2400], mVisible=true, mInsetsRoundedCornerFrame=false}, InsetsSource: {mType=ITYPE_LEFT_GESTURES, mFrame=[0,0][0,2400], mVisible=true, mInsetsRoundedCornerFrame=false}, InsetsSource: {mType=ITYPE_RIGHT_GESTURES, mFrame=[1080,0][1080,2400], mVisible=true, mInsetsRoundedCornerFrame=false}, InsetsSource: {mType=ITYPE_TOP_MANDATORY_GESTURES, mFrame=[0,0][1080,114], mVisible=true, mInsetsRoundedCornerFrame=false}, InsetsSource: {mType=ITYPE_BOTTOM_MANDATORY_GESTURES, mFrame=[0,2265][1080,2400], mVisible=true, mInsetsRoundedCornerFrame=false}, InsetsSource: {mType=ITYPE_LEFT_DISPLAY_CUTOUT, mFrame=[0,0][-100000,2400], mVisible=true, mInsetsRoundedCornerFrame=false}, InsetsSource: {mType=ITYPE_TOP_DISPLAY_CUTOUT, mFrame=[0,0][1080,80], mVisible=true, mInsetsRoundedCornerFrame=false}, InsetsSource: {mType=ITYPE_RIGHT_DISPLAY_CUTOUT, mFrame=[100000,0][1080,2400], mVisible=true, mInsetsRoundedCornerFrame=false}, InsetsSource: {mType=ITYPE_BOTTOM_DISPLAY_CUTOUT, mFrame=[0,100000][1080,2400], mVisible=true, mInsetsRoundedCornerFrame=false}, InsetsSource: {mType=ITYPE_TOP_TAPPABLE_ELEMENT, mFrame=[0,0][1080,80], mVisible=true, mInsetsRoundedCornerFrame=false}, InsetsSource: {mType=ITYPE_BOTTOM_TAPPABLE_ELEMENT, mFrame=[0,2265][1080,2400], mVisible=true, mInsetsRoundedCornerFrame=false} } host=Splash Screen com.example.dogglers from=android.view.ViewRootImpl.setView:1732
07-28 18:56:31.864 17091 17121 I ViewRootImpl@377d1dd[dogglers]: setView = android.widget.FrameLayout@3a4aed9 TM=true
07-28 18:56:31.869  1624  5705 D InputDispatcher: Focused application(0): ActivityRecord{f542e8d u0 com.example.dogglers/androidx.test.core.app.InstrumentationActivityInvoker$BootstrapActivity} t30331}
07-28 18:56:31.875 17091 17121 I ViewRootImpl@377d1dd[dogglers]: performTraversals params={(0,0)(fillxfill) sim={adjust=pan} ty=APPLICATION_STARTING fmt=TRANSLUCENT wanim=0x1030001
07-28 18:56:31.875 17091 17121 I ViewRootImpl@377d1dd[dogglers]:   fl=81030118
07-28 18:56:31.875 17091 17121 I ViewRootImpl@377d1dd[dogglers]:   pfl=16000010
07-28 18:56:31.875 17091 17121 I ViewRootImpl@377d1dd[dogglers]:   bhv=DEFAULT
07-28 18:56:31.875 17091 17121 I ViewRootImpl@377d1dd[dogglers]:   fitSides= naviIconColor=0}
07-28 18:56:31.875  3393  3393 I TopTaskTracker: onTaskMovedToFront : taskId = 30331
07-28 18:56:31.876 17091 17121 I ViewRootImpl@377d1dd[dogglers]: performTraversals mFirst=true windowShouldResize=true viewVisibilityChanged=false mForceNextWindowRelayout=false params={(0,0)(fillxfill) sim={adjust=pan} ty=APPLICATION_STARTING fmt=TRANSLUCENT wanim=0x1030001
07-28 18:56:31.876 17091 17121 I ViewRootImpl@377d1dd[dogglers]:   fl=81030118
07-28 18:56:31.876 17091 17121 I ViewRootImpl@377d1dd[dogglers]:   pfl=16000010
07-28 18:56:31.876 17091 17121 I ViewRootImpl@377d1dd[dogglers]:   bhv=DEFAULT
07-28 18:56:31.876 17091 17121 I ViewRootImpl@377d1dd[dogglers]:   fitSides= naviIconColor=0}
07-28 18:56:31.878  1624  1688 W libprocessgroup: Failed to open /dev/blkio//cgroup.procs: No such file or directory
07-28 18:56:31.879  1624  5216 V WindowManager: Relayout Window{89b02bc u0 Splash Screen com.example.dogglers}: viewVisibility=0 req=1080x2400 d0
07-28 18:56:31.879  1624  1688 W libprocessgroup: Failed to open /dev/blkio//cgroup.procs: No such file or directory
07-28 18:56:31.880  1624  1688 W libprocessgroup: Failed to open /dev/blkio//cgroup.procs: No such file or directory
07-28 18:56:31.880  1127  2023 I BufferQueueDebug: [Splash Screen com.example.dogglers$_17091#178902](this:0xb4000075f54dd838,id:-1,api:0,p:-1,c:-1) BufferQueue core=(1127:/system/bin/surfaceflinger)
07-28 18:56:31.881  1127  2023 I SurfaceFlinger: id=178902 createSurf flag=40004, Splash Screen com.example.dogglers$_17091#178902
07-28 18:56:31.883  1624  2815 E SemIWCMonitor: poor link count is 0
07-28 18:56:31.883  1624  2815 E SemIWCMonitor.File: Good Link, timestamp =: 1690559788876  RSSI:-68  AP:##:##:##:##:e0:5e Direction: -1 Direction (soft): -1
07-28 18:56:31.884  1624  2815 E SemIWCMonitor.File: Good Link, timestamp =: 1690559791884, RSSI:-68, AP:##:##:##:##:e0:5e
07-28 18:56:31.885  1624  5216 V WindowManager: Relayout hash=89b02bc, pid=17091, syncId=-1: mAttrs={(0,0)(fillxfill) sim={adjust=pan} ty=APPLICATION_STARTING fmt=TRANSLUCENT wanim=0x1030001
07-28 18:56:31.885  1624  5216 V WindowManager:   fl=81030118
07-28 18:56:31.885  1624  5216 V WindowManager:   pfl=16000010
07-28 18:56:31.885  1624  5216 V WindowManager:   bhv=DEFAULT
07-28 18:56:31.885  1624  5216 V WindowManager:   fitSides= naviIconColor=0}
07-28 18:56:31.886  9007  9007 D LifecycleMonitor: Lifecycle status change: androidx.test.core.app.InstrumentationActivityInvoker$BootstrapActivity@a86edbb in: PRE_ON_CREATE
07-28 18:56:31.886  1624  1668 I SemPersonaManager: SecureFolder personaId = 150
07-28 18:56:31.886  9007  9007 V ActivityScenario: Activity lifecycle changed event received but ignored because the intent does not match. startActivityIntent=Intent { act=android.intent.action.MAIN cat=[android.intent.category.LAUNCHER] cmp=com.example.dogglers/.VerticalListActivity }, activity.getIntent()=Intent { act=android.intent.action.MAIN cat=[android.intent.category.LAUNCHER] flg=0x10008000 cmp=com.example.dogglers/androidx.test.core.app.InstrumentationActivityInvoker$BootstrapActivity (has extras) }, activity=androidx.test.core.app.InstrumentationActivityInvoker$BootstrapActivity@a86edbb
07-28 18:56:31.886 17091 17121 D InsetsController: onStateChanged: InsetsState: {mDisplayFrame=Rect(0, 0 - 1080, 2400), mDisplayCutout=DisplayCutout{insets=Rect(0, 80 - 0, 0) waterfall=Insets{left=0, top=0, right=0, bottom=0} boundingRect={Bounds=[Rect(0, 0 - 0, 0), Rect(468, 0 - 612, 80), Rect(0, 0 - 0, 0), Rect(0, 0 - 0, 0)]} cutoutPathParserInfo={CutoutPathParserInfo{displayWidth=1080 displayHeight=2400 physicalDisplayWidth=1080 physicalDisplayHeight=2400 density={2.625} cutoutSpec={M 0,0 H -27.42857142857143 V 30.47619047619048 H 27.42857142857143 V 0 H 0 Z @dp} rotation={0} scale={1.0} physicalPixelDisplaySizeRatio={1.0}}}}, mRoundedCorners=RoundedCorners{[RoundedCorner{position=TopLeft, radius=90, center=Point(90, 90)}, RoundedCorner{position=TopRight, radius=90, center=Point(990, 90)}, RoundedCorner{position=BottomRight, radius=90, center=Point(990, 2310)}, RoundedCorner{position=BottomLeft, radius=90, center=Point(90, 2310)}]}  mRoundedCornerFrame=Rect(0, 0 - 1080, 2400), mPrivacyIndicatorBounds=PrivacyIndicatorBounds {static bounds=Rect(956, 0 - 1080, 80) rotation=0}, mSources= { InsetsSource: {mType=ITYPE_STATUS_BAR, mFrame=[0,0][1080,80], mVisible=true, mInsetsRoundedCornerFrame=false}, InsetsSource: {mType=ITYPE_NAVIGATION_BAR, mFrame=[0,2265][1080,2400], mVisible=true, mInsetsRoundedCornerFrame=false}, InsetsSource: {mType=ITYPE_LEFT_GESTURES, mFrame=[0,0][0,2400], mVisible=true, mInsetsRoundedCornerFrame=false}, InsetsSource: {mType=ITYPE_RIGHT_GESTURES, mFrame=[1080,0][1080,2400], mVisible=true, mInsetsRoundedCornerFrame=false}, InsetsSource: {mType=ITYPE_TOP_MANDATORY_GESTURES, mFrame=[0,0][1080,114], mVisible=true, mInsetsRoundedCornerFrame=false}, InsetsSource: {mType=ITYPE_BOTTOM_MANDATORY_GESTURES, mFrame=[0,2265][1080,2400], mVisible=true, mInsetsRoundedCornerFrame=false}, InsetsSource: {mType=ITYPE_LEFT_DISPLAY_CUTOUT, mFrame=[0,0][-100000,2400], mVisible=true, mInsetsRoundedCornerFrame=false}, InsetsSource: {mType=ITYPE_TOP_DISPLAY_CUTOUT, mFrame=[0,0][1080,80], mVisible=true, mInsetsRoundedCornerFrame=false}, InsetsSource: {mType=ITYPE_RIGHT_DISPLAY_CUTOUT, mFrame=[100000,0][1080,2400], mVisible=true, mInsetsRoundedCornerFrame=false}, InsetsSource: {mType=ITYPE_BOTTOM_DISPLAY_CUTOUT, mFrame=[0,100000][1080,2400], mVisible=true, mInsetsRoundedCornerFrame=false}, InsetsSource: {mType=ITYPE_TOP_TAPPABLE_ELEMENT, mFrame=[0,0][1080,80], mVisible=true, mInsetsRoundedCornerFrame=false}, InsetsSource: {mType=ITYPE_BOTTOM_TAPPABLE_ELEMENT, mFrame=[0,2265][1080,2400], mVisible=true, mInsetsRoundedCornerFrame=false}, InsetsSource: {mType=ITYPE_IME, mFrame=[0,0][0,0], mVisibleFrame=[0,1243][1080,2400], mVisible=false, mInsetsRoundedCornerFrame=false} } host=Splash Screen com.example.dogglers from=android.view.ViewRootImpl.relayoutWindow:9802
07-28 18:56:31.888 17091 17121 I ViewRootImpl@377d1dd[dogglers]: updateBlastSurfaceIfNeeded mBlastBufferQueue=null isSameSurfaceControl=false
07-28 18:56:31.888 17091 17121 D BufferQueueConsumer: [](id:42c300000059,api:0,p:-1,c:17091) connect: controlledByApp=false
07-28 18:56:31.888 17091 17121 I BLASTBufferQueue: new BLASTBufferQueue, mName= ViewRootImpl@377d1dd[dogglers] mNativeObject= 0xb40000731648f380 sc.mNativeObject= 0xb40000731fbf1ee0 caller= android.view.ViewRootImpl.updateBlastSurfaceIfNeeded:2909 android.view.ViewRootImpl.relayoutWindow:9847 android.view.ViewRootImpl.performTraversals:3884 android.view.ViewRootImpl.doTraversal:3116 android.view.ViewRootImpl$TraversalRunnable.run:10885 android.view.Choreographer$CallbackRecord.run:1301 android.view.Choreographer$CallbackRecord.run:1309 android.view.Choreographer.doCallbacks:923 android.view.Choreographer.doFrame:852 android.view.Choreographer$FrameDisplayEventReceiver.run:1283
07-28 18:56:31.888 17091 17121 I BLASTBufferQueue: update, w= 1080 h= 2400 mName = ViewRootImpl@377d1dd[dogglers] mNativeObject= 0xb40000731648f380 sc.mNativeObject= 0xb40000731fbf1ee0 format= -3 caller= android.graphics.BLASTBufferQueue.<init>:84 android.view.ViewRootImpl.updateBlastSurfaceIfNeeded:2909 android.view.ViewRootImpl.relayoutWindow:9847 android.view.ViewRootImpl.performTraversals:3884 android.view.ViewRootImpl.doTraversal:3116 android.view.ViewRootImpl$TraversalRunnable.run:10885
07-28 18:56:31.889 17091 17121 I ViewRootImpl@377d1dd[dogglers]: Relayout returned: old=(0,0,1080,2400) new=(0,0,1080,2400) req=(1080,2400)0 dur=11 res=0x3 s={true 0xb40000731644b800} ch=true seqId=0
07-28 18:56:31.889  1127  1127 I SurfaceFlinger: [b2bc12 com.sec.android.app.launcher/com.sec.android.app.launcher.activities.LauncherActivity#131] FrameRatePriority: -1
07-28 18:56:31.889 17091 17121 I ViewRootImpl@377d1dd[dogglers]: mThreadedRenderer.initialize() mSurface={isValid=true 0xb40000731644b800} hwInitialized=true
07-28 18:56:31.889  1127  1127 D SurfaceFlinger: [input] inputWindowCommands.focusRequests size is 1
07-28 18:56:31.890 17091 17124 D OpenGLRenderer: eglCreateWindowSurface
07-28 18:56:31.891 17091 17121 I ViewRootImpl@377d1dd[dogglers]: reportNextDraw android.view.ViewRootImpl.performTraversals:4438 android.view.ViewRootImpl.doTraversal:3116 android.view.ViewRootImpl$TraversalRunnable.run:10885 android.view.Choreographer$CallbackRecord.run:1301 android.view.Choreographer$CallbackRecord.run:1309
07-28 18:56:31.891 17091 17121 I ViewRootImpl@377d1dd[dogglers]: Setup new sync id=0
07-28 18:56:31.891 17091 17121 I ViewRootImpl@377d1dd[dogglers]: Setting syncFrameCallback
07-28 18:56:31.891 17091 17121 I ViewRootImpl@377d1dd[dogglers]: registerCallbacksForSync syncBuffer=false
07-28 18:56:31.891  1127  1386 D SurfaceFlinger: [input] setFocusedWindow: <null>
07-28 18:56:31.891  1624  5216 D InputDispatcher: Focus left window (0): b2bc12 com.sec.android.app.launcher/com.sec.android.app.launcher.activities.LauncherActivity
07-28 18:56:31.892 17091 17222 I ViewRootImpl@377d1dd[dogglers]: Received frameDrawingCallback syncResult=0 frameNum=1.
07-28 18:56:31.892 17091 17222 I ViewRootImpl@377d1dd[dogglers]: Setting up sync and frameCommitCallback
07-28 18:56:31.895  3393  3393 I ViewRootImpl@c6ee0f[LauncherActivity]: MSG_WINDOW_FOCUS_CHANGED 0 0
07-28 18:56:31.895  3393  3393 I BaseActivity: removeActivityFlags, flags : 8
07-28 18:56:31.897   539   539 I lmkd    : cached 1, sandbox(not0) 0
07-28 18:56:31.898  9007  9007 I DecorView: [INFO] isPopOver=false config=true
07-28 18:56:31.899  9007  9007 I DecorView: updateCaptionType: isFloating=false isApplication=true hasWindowDecorCaption=false this=DecorView@34e9116[]
07-28 18:56:31.899  9007  9007 D DecorView: setCaptionType = 0, this = DecorView@34e9116[]
07-28 18:56:31.899  1090  9089 I mtkpower_client: perf_lock_rel, hdl:81814, tid:9089
07-28 18:56:31.899   539   539 I lmkd    : Reclaim 'com.android.keychain' (8395), uid 1000, oom_score_adj 965, state 19 to free 75712kB rss, 34172kB swap; reason: low watermark is breached and swap is low (2162760kB < 2348808kB)
07-28 18:56:31.900 17091 17124 I BLASTBufferQueue: [ViewRootImpl@377d1dd[dogglers]#89](f:0,a:0) onFrameAvailable the first frame is available
07-28 18:56:31.900 17091 17124 D BLASTBufferQueue: [ViewRootImpl@377d1dd[dogglers]#89](f:0,a:1) acquireNextBufferLocked size=1080x2400 mFrameNumber=1 applyTransaction=true mTimestamp=1010960699809718(auto) mPendingTransactions.size=0 graphicBufferId=73405286056558 transform=0
07-28 18:56:31.900  1093  1167 I libPowerHal: [perfLockRel] hdl:81814, idx:0
07-28 18:56:31.900  1090  9089 I mtkpower_client: perf_lock_acq, hdl:0, dur:0, num:2, tid:9089
07-28 18:56:31.901  1093  1167 I libPowerHal: [PD] vendor.samsung. update cmd:1c3c000, param:1
07-28 18:56:31.901 17091 17124 I ViewRootImpl@377d1dd[dogglers]: Received frameCommittedCallback lastAttemptedDrawFrameNum=1 didProduceBuffer=true
07-28 18:56:31.901  1093  1167 I libPowerHal: [PD] (less) /proc/mcdi/state set +prefix:enable 1;
07-28 18:56:31.904 17091 17124 D OpenGLRenderer: CFMS:: SetUp Pid : 17091    Tid : 17124
07-28 18:56:31.905 17091 17124 W Parcel  : Expecting binder but got null!
07-28 18:56:31.905 17091 17121 I ViewRootImpl@377d1dd[dogglers]: onSyncComplete
07-28 18:56:31.905 17091 17121 I ViewRootImpl@377d1dd[dogglers]: setupSync seqId=0 mSyncId=0 fn=1 caller=android.view.ViewRootImpl$$ExternalSyntheticLambda11.accept:6 android.window.SurfaceSyncer.lambda$setupSync$1$android-window-SurfaceSyncer:128 android.window.SurfaceSyncer$$ExternalSyntheticLambda1.accept:8 android.window.SurfaceSyncer$SyncSet.checkIfSyncIsComplete:382 android.window.SurfaceSyncer$SyncSet.markSyncReady:359 android.window.SurfaceSyncer.markSyncReady:151 android.view.ViewRootImpl.performTraversals:4503
07-28 18:56:31.906 17091 17121 I ViewRootImpl@377d1dd[dogglers]: reportDrawFinished seqId=0 mSyncId=-1 fn=1 mSurfaceChangedTransaction=0xb400007315dd4700
07-28 18:56:31.906  9007  9007 I DecorView: getCurrentDensityDpi: from real metrics. densityDpi=450 msg=resources_loaded
07-28 18:56:31.906  1127  1127 D BufferStateLayer: Splash Screen com.example.dogglers$_17091#178902 setBuffer frameId=1, bufferId=73405286056558 fenceId=436, w= 1080, h=2400
07-28 18:56:31.906  9007  9007 I DecorView: setWindowBackground: isPopOver=false color=ff010101 d=android.graphics.drawable.StateListDrawable@5acaa97
07-28 18:56:31.907  9007  9007 D LifecycleMonitor: Lifecycle status change: androidx.test.core.app.InstrumentationActivityInvoker$BootstrapActivity@a86edbb in: CREATED
07-28 18:56:31.907  9007  9007 V ActivityScenario: Activity lifecycle changed event received but ignored because the intent does not match. startActivityIntent=Intent { act=android.intent.action.MAIN cat=[android.intent.category.LAUNCHER] cmp=com.example.dogglers/.VerticalListActivity }, activity.getIntent()=Intent { act=android.intent.action.MAIN cat=[android.intent.category.LAUNCHER] flg=0x10008000 cmp=com.example.dogglers/androidx.test.core.app.InstrumentationActivityInvoker$BootstrapActivity (has extras) }, activity=androidx.test.core.app.InstrumentationActivityInvoker$BootstrapActivity@a86edbb
07-28 18:56:31.909  9007  9007 D LifecycleMonitor: Lifecycle status change: androidx.test.core.app.InstrumentationActivityInvoker$BootstrapActivity@a86edbb in: STARTED
07-28 18:56:31.910  1093  1167 I libPowerHal: [perfLockAcq] idx:0 hdl:81817 hint:-1 pid:1090 duration:0 lock_user:vendor.samsung. => ret_hdl:81817
07-28 18:56:31.910  9007  9007 V ActivityScenario: Activity lifecycle changed event received but ignored because the intent does not match. startActivityIntent=Intent { act=android.intent.action.MAIN cat=[android.intent.category.LAUNCHER] cmp=com.example.dogglers/.VerticalListActivity }, activity.getIntent()=Intent { act=android.intent.action.MAIN cat=[android.intent.category.LAUNCHER] flg=0x10008000 cmp=com.example.dogglers/androidx.test.core.app.InstrumentationActivityInvoker$BootstrapActivity (has extras) }, activity=androidx.test.core.app.InstrumentationActivityInvoker$BootstrapActivity@a86edbb
07-28 18:56:31.910  1093  1167 I libPowerHal: [PE] (less) /proc/mcdi/state set +prefix:enable 0;
07-28 18:56:31.911  1090  9089 I mtkpower_client: ret_hdl:81817
07-28 18:56:31.911  1090  9089 I mtkpower_client: perf_lock_rel, hdl:81816, tid:9089
07-28 18:56:31.912  1090  9089 I mtkpower_client: perf_lock_acq, hdl:0, dur:0, num:2, tid:9089
07-28 18:56:31.913  1093  1167 I libPowerHal: [perfLockRel] hdl:81816, idx:2
07-28 18:56:31.913  1127  3782 I SurfaceFlinger: id=178903 createSurf flag=24000, Surface(name=Task=1)/@0x5dd1774 - animation-leash of app_transition#178903
07-28 18:56:31.913  1093  1167 I libPowerHal: [PD] vendor.samsung. update cmd:1000000, param:-1
07-28 18:56:31.914  1093  1167 I libPowerHal: [PD] vendor.samsung. update cmd:1000000 param:-1
07-28 18:56:31.914  1090  9089 I mtkpower_client: ret_hdl:81818
07-28 18:56:31.914  1090  9089 I HYPER-HAL: [RequestManager.cpp]releaseLocked(): Released ID : 1353856
07-28 18:56:31.915  1624  1668 D EnterpriseDeviceManagerService: isMdmAdminPresentInternal() : MDM Admin Found - com.samsung.knox.securefolder
07-28 18:56:31.915  1093  1167 I libPowerHal: [perfLockAcq] idx:3 hdl:81818 hint:-1 pid:1090 duration:0 lock_user:vendor.samsung. => ret_hdl:81818
07-28 18:56:31.915  1093  1167 I libPowerHal: [PE] vendor.samsung. update cmd:1000000, param:0
07-28 18:56:31.915  1093  1167 I libPowerHal: [PE] vendor.samsung. update cmd:1000000 param:0
07-28 18:56:31.915  1127  3782 I SurfaceFlinger: id=178904 createSurf flag=24004, Surface(name=Task=30331)/@0xb05f931 - animation-leash of app_transition#178904
07-28 18:56:31.918  3393  3393 I BadgeRenderer: Invalid count : 0
07-28 18:56:31.919  3393  3393 I BadgeRenderer: Invalid count : 0
07-28 18:56:31.920  1127  3782 I SurfaceFlinger: id=178905 createSurf flag=80000, 94e7324 ActivityRecordInputSink com.example.dogglers/androidx.test.core.app.InstrumentationActivityInvoker$BootstrapActivity#178905
07-28 18:56:31.923  1127  1127 I Layer   : Layer [Splash Screen com.example.dogglers$_17091#178902] hidden!! flag(0)
07-28 18:56:31.926  1624  3919 I MediaSessionMonitor: Media session stopped : not playing state
07-28 18:56:31.928  1624  2791 D SemNscXgbMsL1: Probability - Cloud gaming: [0.2779202]
07-28 18:56:31.928  1624  2791 D SemNscXgbMsL1: Probability - Real time: [0.13328141]
07-28 18:56:31.928  1624  2791 D SemNscXgbMsL1: Probability - Non real time: [0.41498753]
07-28 18:56:31.928  1624  2791 D SemNscXgbMsL1: 1 sample inference time: 0.773846 msecs
07-28 18:56:31.929  3746  3746 E pageboostd: Received HALT command code 2
07-28 18:56:31.931 17091 17115 D Bubbles : onLocusVisibilityChanged: LocusId[17_chars] visible=false
07-28 18:56:31.932  1624  2791 D SemNscXgbL2Rt: L2 RT 1 sample inference time: 3.459616 msecs
07-28 18:56:31.932  1127  2023 I SurfaceFlinger: id=178906 createSurf flag=80004, ActivityRecord{efdbfa2 u0 com.example.dogglers/.VerticalListActivity} t30331}#178906
07-28 18:56:31.934  1624  2791 D SemNscXgbL2Nrt: L2 NRT 1 sample inference time: 1.889231 msecs
07-28 18:56:31.935  1064  1064 I Zygote  : Process 8395 exited due to signal 9 (Killed)
07-28 18:56:31.935   539   539 I lmkd    : cached 1, sandbox(not0) 0
07-28 18:56:31.937   539   539 I lmkd    : Reclaim 'com.samsung.android.bbc.bbcagent' (8487), uid 1000, oom_score_adj 955, state 19 to free 69512kB rss, 34372kB swap; reason: low watermark is breached and swap is low (2162340kB < 2348808kB)
07-28 18:56:31.937  1127  1127 D SurfaceFlinger: Display 0 HWC layers:
07-28 18:56:31.937  1127  1127 D SurfaceFlinger:      DEVICE | 0xb4000075f544b300 | 0100 | RGBx_8888    |    0.0    0.0 1080.0 2400.0 |    0    0 1080 2400 | Wallpaper BBQ wrapper#176353
07-28 18:56:31.937  1127  1127 D SurfaceFlinger:      DEVICE | 0xb400007621854780 | 0100 | RGBA_8888    |    0.0    0.0 1080.0 2400.0 |    0    0 1080 2400 | com.sec.android.app.launcher/com.sec[...]vities.LauncherActivity$_3393#178890
07-28 18:56:31.937  1127  1127 D SurfaceFlinger:      DEVICE | 0xb4000075f544c800 | 0100 | RGBA_8888    |    0.0    0.0 1080.0 2400.0 |    0    0 1080 2400 | Splash Screen com.example.dogglers$_17091#178902
07-28 18:56:31.937  1127  1127 D SurfaceFlinger:      CLIENT | 0xb400007623228f80 | 0100 | RGBA_8888    |    0.0    0.0 1080.0   80.0 |    0    0 1080   80 | StatusBar$_17091#176350
07-28 18:56:31.937  1127  1127 D SurfaceFlinger:      CLIENT | 0xb400007621856a00 | 0100 | RGBA_8888    |    0.0    0.0 1080.0  135.0 |    0 2265 1080 2400 | NavigationBar0$_17091#176345
07-28 18:56:31.937  1127  1127 D SurfaceFlinger:      CLIENT | 0xb4000076232f1a80 | 0140 | RGBA_8888    |    0.0    0.0 1080.0  150.0 |    0    0 1080  150 | ScreenDecorOverlay$_17091#176358
07-28 18:56:31.937  1127  1127 D SurfaceFlinger:      CLIENT | 0xb400007621856400 | 0140 | RGBA_8888    |    0.0    0.0 1080.0  150.0 |    0 2250 1080 240
07-28 18:56:31.937  1127  1127 D SurfaceFlinger: 0 | ScreenDecorOverlayBottom$_17091#176359
07-28 18:56:31.937  1127  1127 D SurfaceFlinger:
07-28 18:56:31.942  1127  2023 I SurfaceFlinger: id=178907 createSurf flag=80000, d8ff76d ActivityRecordInputSink com.example.dogglers/.VerticalListActivity#178907
07-28 18:56:31.943  1624  1682 I libprocessgroup: Successfully killed process cgroup uid 1000 pid 8395 in 9ms
07-28 18:56:31.946 17091 17666 I ViewRootImpl@377d1dd[dogglers]: Resizing android.view.ViewRootImpl@f3ac09e: frame = [0,0][1080,2400] reportDraw = false forceLayout = false syncSeqId = 0
07-28 18:56:31.947 17091 17121 I ViewRootImpl@377d1dd[dogglers]: handleResized, msg = 4 frames=ClientWindowFrames{frame=[0,0][1080,2400] display=[0,0][1080,2400] parentFrame=[0,0][0,0] parentClippedByDisplayCutout=false} forceNextWindowRelayout=false displayId=0 resizeMode=-1 frameChanged=false displayFrameChanged=false configChanged=false displayChanged=false
07-28 18:56:31.947  9007  9007 D LifecycleMonitor: Lifecycle status change: androidx.test.core.app.InstrumentationActivityInvoker$BootstrapActivity@a86edbb in: RESUMED
07-28 18:56:31.948  9007  9007 V ActivityScenario: Activity lifecycle changed event received but ignored because the intent does not match. startActivityIntent=Intent { act=android.intent.action.MAIN cat=[android.intent.category.LAUNCHER] cmp=com.example.dogglers/.VerticalListActivity }, activity.getIntent()=Intent { act=android.intent.action.MAIN cat=[android.intent.category.LAUNCHER] flg=0x10008000 cmp=com.example.dogglers/androidx.test.core.app.InstrumentationActivityInvoker$BootstrapActivity (has extras) }, activity=androidx.test.core.app.InstrumentationActivityInvoker$BootstrapActivity@a86edbb
07-28 18:56:31.948  3393  3393 I ViewRootImpl@c6ee0f[LauncherActivity]: handleAppVisibility mAppVisible = true visible = false
07-28 18:56:31.954 17091 17666 D WallpaperService: dispatchAppVisibility onVisibilityChanged(): false
07-28 18:56:31.954 17091 17091 D WallpaperService: reportVisibility onVisibilityChanged visible: false
07-28 18:56:31.955 17091 17218 I ImageWallpaper[GLEngine]:  onVisibilityChanged false , 0
07-28 18:56:31.956  1127  1127 I Layer   : Layer [com.sec.android.app.launcher/com.sec.android.app.launcher.activities.LauncherActivity$_3393#178890] hidden!! flag(1)
07-28 18:56:31.956  1127  1127 I Layer   : id=178903 removeFromCurrentState Surface(name=Task=1)/@0x5dd1774 - animation-leash of app_transition#178903 (124)
07-28 18:56:31.956  1127  1127 I Layer   : id=178904 removeFromCurrentState Surface(name=Task=30331)/@0xb05f931 - animation-leash of app_transition#178904 (124)
07-28 18:56:31.956  1127  1127 I SurfaceFlinger: id=178903 Removed Surface(name=Task=1)/@0x5dd1774 - animation-leash of app_transition#178903 (124)
07-28 18:56:31.956  1127  1127 I SurfaceFlinger: id=178904 Removed Surface(name=Task=30331)/@0xb05f931 - animation-leash of app_transition#178904 (124)
07-28 18:56:31.956  1127  1127 I Layer   : id=178903 Destroyed Surface(name=Task=1)/@0x5dd1774 - animation-leash of app_transition#178903
07-28 18:56:31.956  1127  1127 I Layer   : id=178904 Destroyed Surface(name=Task=30331)/@0xb05f931 - animation-leash of app_transition#178904
07-28 18:56:31.962  1127  1127 D SurfaceFlinger: Display 0 HWC layers:
07-28 18:56:31.962  1127  1127 D SurfaceFlinger:      DEVICE | 0xb4000075f544c800 | 0100 | RGBA_8888    |    0.0    0.0 1080.0 2400.0 |    0    0 1080 2400 | Splash Screen com.example.dogglers$_17091#178902
07-28 18:56:31.962  1127  1127 D SurfaceFlinger:      DEVICE | 0xb400007623228f80 | 0100 | RGBA_8888    |    0.0    0.0 1080.0   80.0 |    0    0 1080   80 | StatusBar$_17091#176350
07-28 18:56:31.962  1127  1127 D SurfaceFlinger:      DEVICE | 0xb400007621856a00 | 0100 | RGBA_8888    |    0.0    0.0 1080.0  135.0 |    0 2265 1080 2400 | NavigationBar0$_17091#176345
07-28 18:56:31.962  1127  1127 D SurfaceFlinger:      DEVICE | 0xb4000076232f1a80 | 0140 | RGBA_8888    |    0.0    0.0 1080.0  150.0 |    0    0 1080  150 | ScreenDecorOverlay$_17091#176358
07-28 18:56:31.962  1127  1127 D SurfaceFlinger:      DEVICE | 0xb400007621856400 | 0140 | RGBA_8888    |    0.0    0.0 1080.0  150.0 |    0 2250 1080 2400 | ScreenDecorOverlayBottom$_17091#176359
07-28 18:56:31.962  1127  1127 D SurfaceFlinger:
07-28 18:56:31.966  3393  3393 I ViewRootImpl@c6ee0f[LauncherActivity]: performTraversals mFirst=false windowShouldResize=false viewVisibilityChanged=true mForceNextWindowRelayout=false params=null
07-28 18:56:31.967  1624  5705 V WindowManager: Relayout Window{b2bc12 u0 com.sec.android.app.launcher/com.sec.android.app.launcher.activities.LauncherActivity}: viewVisibility=8 req=1080x2400 d0
07-28 18:56:31.969  1064  1064 I Zygote  : Process 8487 exited due to signal 9 (Killed)
07-28 18:56:31.970   539   539 I lmkd    : cached 1, sandbox(not0) 0
07-28 18:56:31.971  1624  5705 V WindowManager: Relayout hash=b2bc12, pid=3393, syncId=-1: mAttrs={(0,0)(fillxfill) sim={adjust=nothing forwardNavigation} layoutInDisplayCutoutMode=shortEdges ty=BASE_APPLICATION fmt=TRANSPARENT wanim=0x10302f4
07-28 18:56:31.971  1624  5705 V WindowManager:   fl=81910100
07-28 18:56:31.971  1624  5705 V WindowManager:   pfl=1e020040
07-28 18:56:31.971  1624  5705 V WindowManager:   vsysui=1700
07-28 18:56:31.971  1624  5705 V WindowManager:   bhv=SHOW_TRANSIENT_BARS_BY_SWIPE
07-28 18:56:31.971  1624  5705 V WindowManager:   fitSides= naviIconColor=0}
07-28 18:56:31.971   539   539 I lmkd    : Reclaim 'com.samsung.android.sm.devicesecurity' (8538), uid 5012, oom_score_adj 945, state 19 to free 76692kB rss, 33828kB swap; reason: low watermark is breached and swap is low (2161284kB < 2348808kB)
07-28 18:56:31.973  1127  1127 I BufferQueueProducer: [NavigationBar0$_17091#176345](this:0xb4000075f087c838,id:-1,api:0,p:-1,c:1127) queueBuffer: fps=3.44 dur=1162.94 max=533.21 min=199.24
07-28 18:56:31.973  9007  9007 D LifecycleMonitor: Lifecycle status change: androidx.test.core.app.InstrumentationActivityInvoker$BootstrapActivity@a86edbb in: PAUSED
07-28 18:56:31.973  9007  9007 V ActivityScenario: Activity lifecycle changed event received but ignored because the intent does not match. startActivityIntent=Intent { act=android.intent.action.MAIN cat=[android.intent.category.LAUNCHER] cmp=com.example.dogglers/.VerticalListActivity }, activity.getIntent()=Intent { act=android.intent.action.MAIN cat=[android.intent.category.LAUNCHER] flg=0x10008000 cmp=com.example.dogglers/androidx.test.core.app.InstrumentationActivityInvoker$BootstrapActivity (has extras) }, activity=androidx.test.core.app.InstrumentationActivityInvoker$BootstrapActivity@a86edbb
07-28 18:56:31.981  3393  3393 I ViewRootImpl@c6ee0f[LauncherActivity]: Relayout returned: old=(0,0,1080,2400) new=(0,0,1080,2400) req=(1080,2400)8 dur=7 res=0x2 s={false 0x0} ch=true seqId=0
07-28 18:56:31.988  1624  1682 I libprocessgroup: Successfully killed process cgroup uid 1000 pid 8487 in 0ms
07-28 18:56:31.989  1624  5705 D InputDispatcher: Focused application(0): ActivityRecord{efdbfa2 u0 com.example.dogglers/.VerticalListActivity} t30331}
07-28 18:56:31.992  1127  2023 I SurfaceFlinger: id=178889 Removed Surface(name=d8adfc2 InputMethod)/@0xc2b360e - animation-leash of insets_animation#178889 (122)
07-28 18:56:32.005  1064  1064 I Zygote  : Process 8538 exited due to signal 9 (Killed)
07-28 18:56:32.006   539   539 I lmkd    : cached 1, sandbox(not0) 0
07-28 18:56:32.006  1127  1127 I Layer   : id=178889 Destroyed Surface(name=d8adfc2 InputMethod)/@0xc2b360e - animation-leash of insets_animation#178889
07-28 18:56:32.008   539   539 I lmkd    : Reclaim 'com.android.vending:background' (8608), uid 10221, oom_score_adj 935, state 19 to free 110504kB rss, 34832kB swap; reason: low watermark is breached and swap is low (2160196kB < 2348808kB)
07-28 18:56:32.010  1624  1682 I libprocessgroup: Successfully killed process cgroup uid 5012 pid 8538 in 0ms
07-28 18:56:32.012  9007  9007 D LifecycleMonitor: Lifecycle status change: com.example.dogglers.VerticalListActivity@e54558f in: PRE_ON_CREATE
07-28 18:56:32.013  9007  9007 V ActivityScenario: Activity lifecycle changed event received but ignored because the reported transition was not ON_CREATE while the last known transition was PRE_ON_CREATE
07-28 18:56:32.013  3393  3393 I ViewRootImpl@c6ee0f[LauncherActivity]: stopped(true) old = false
07-28 18:56:32.013  3393  3393 I ViewRootImpl@c6ee0f[LauncherActivity]: WindowStopped on com.sec.android.app.launcher/com.sec.android.app.launcher.activities.LauncherActivity set to true
07-28 18:56:32.016  3393  3393 I Launcher: !@Boot_DEBUG: Launcher.onStop()
07-28 18:56:32.016  3393  3393 I Launcher: !@Boot_EBS_D: Launcher.onStop()
07-28 18:56:32.016  3393  3393 I BaseActivity: removeActivityFlags, flags : 17
07-28 18:56:32.016  3393  3393 I StateManager: goToState isInState Normal
07-28 18:56:32.017  3393  3393 W LauncherAppWidgetHost: setShouldListenFlag, mFlags:7 flag:start on:false isFront:false
07-28 18:56:32.017  3393  3756 I IMM_LC  : hsifw() - flag : 0
07-28 18:56:32.017  3393  3756 I IMM_LC  : hsifw() - mService.hideSoftInput
07-28 18:56:32.017  1624  5716 I AppWidgetServiceImpl: stopListening callbacks : null
07-28 18:56:32.018  3393  3393 W LauncherAppWidgetHost: stopListening, mFlags:2 isFront:false
07-28 18:56:32.018  3393  3393 W Launcher.NotificationListener: removeNotificationsChangedListener
07-28 18:56:32.018  3393  3393 I Launcher.NotificationListener: unregisterObserver, this is not notificationService!!
07-28 18:56:32.018  3393  3393 I BadgeCountUpdaterImpl: onNotificationsChangedDisConnected
07-28 18:56:32.019  1624  1668 I SemPersonaManager: SecureFolder personaId = 150
07-28 18:56:32.020  3393  3758 I LiveIconUpdateEventHandler: cancelMinuteChangeAlarm
07-28 18:56:32.022  3393  3393 I MSHandlerLifeCycle: removeMultiSplitHandler: no exist. decor=DecorView@4f24386[LauncherActivity]
07-28 18:56:32.037  1624  1668 D EnterpriseDeviceManagerService: isMdmAdminPresentInternal() : MDM Admin Found - com.samsung.knox.securefolder
07-28 18:56:32.037  9007  9007 I DecorView: [INFO] isPopOver=false config=true
07-28 18:56:32.038  9007  9007 I DecorView: updateCaptionType: isFloating=false isApplication=true hasWindowDecorCaption=false this=DecorView@ac2dd[]
07-28 18:56:32.038  9007  9007 D DecorView: setCaptionType = 0, this = DecorView@ac2dd[]
07-28 18:56:32.038  1624  3919 I MediaSessionMonitor: Media session stopped : not playing state
07-28 18:56:32.039  1127  1127 I Layer   : id=178890 removeFromCurrentState com.sec.android.app.launcher/com.sec.android.app.launcher.activities.LauncherActivity$_3393#178890 (121)
07-28 18:56:32.039  1127  1127 I SurfaceFlinger: id=178890 Removed com.sec.android.app.launcher/com.sec.android.app.launcher.activities.LauncherActivity$_3393#178890 (121)
07-28 18:56:32.040  1127  1127 I BufferQueueDebug: [com.sec.android.app.launcher/com.sec.android.app.launcher.activities.LauncherActivity$_3393#178890](this:0xb4000075f54c0838,id:-1,api:0,p:-1,c:1127) onDestructor()
07-28 18:56:32.040  1127  1127 I Layer   : id=178890 Destroyed com.sec.android.app.launcher/com.sec.android.app.launcher.activities.LauncherActivity$_3393#178890
07-28 18:56:32.042  9007  9007 I DecorView: getCurrentDensityDpi: from real metrics. densityDpi=450 msg=resources_loaded
07-28 18:56:32.042  9007  9007 I DecorView: setWindowBackground: isPopOver=false color=ffffffff d=android.graphics.drawable.ColorDrawable@b58f523
07-28 18:56:32.054  1064  1064 I Zygote  : Process 8608 exited due to signal 9 (Killed)
07-28 18:56:32.054   539   539 I lmkd    : cached 1, sandbox(not0) 0
07-28 18:56:32.056   539   539 I lmkd    : Reclaim 'com.samsung.android.provider.filterprovider' (8586), uid 1000, oom_score_adj 925, state 19 to free 75280kB rss, 34072kB swap; reason: low watermark is breached and swap is low (2160012kB < 2348808kB)
07-28 18:56:32.056  1624  1682 I libprocessgroup: Successfully killed process cgroup uid 10221 pid 8608 in 2ms
07-28 18:56:32.069  9007  9007 D LifecycleMonitor: Lifecycle status change: com.example.dogglers.VerticalListActivity@e54558f in: CREATED
07-28 18:56:32.070  9007  9007 V ActivityScenario: Update currentActivityStage to CREATED, currentActivity=com.example.dogglers.VerticalListActivity@e54558f
07-28 18:56:32.072  9007  9007 D LifecycleMonitor: Lifecycle status change: com.example.dogglers.VerticalListActivity@e54558f in: STARTED
07-28 18:56:32.072  9007  9007 V ActivityScenario: Update currentActivityStage to STARTED, currentActivity=com.example.dogglers.VerticalListActivity@e54558f
07-28 18:56:32.073  9007  9007 D LifecycleMonitor: Lifecycle status change: com.example.dogglers.VerticalListActivity@e54558f in: RESUMED
07-28 18:56:32.074  9007  9007 V ActivityScenario: Update currentActivityStage to RESUMED, currentActivity=com.example.dogglers.VerticalListActivity@e54558f
07-28 18:56:32.075  9007  9007 I MSHandlerLifeCycle: check: return. pkg=com.example.dogglers parent=null callers=com.android.internal.policy.DecorView.setVisibility:4411 android.app.ActivityThread.handleResumeActivity:5476 android.app.servertransaction.ResumeActivityItem.execute:54 android.app.servertransaction.ActivityTransactionItem.execute:45 android.app.servertransaction.TransactionExecutor.executeLifecycleState:176
07-28 18:56:32.075  9007  9007 I MSHandlerLifeCycle: removeMultiSplitHandler: no exist. decor=DecorView@ac2dd[]
07-28 18:56:32.075  1127  2023 D SurfaceFlinger: [SF client] NEW(0xb40000762185df00) for (9007:com.example.dogglers)
07-28 18:56:32.079  9007  9037 D NativeCustomFrequencyManager: [NativeCFMS] BpCustomFrequencyManager::BpCustomFrequencyManager()
07-28 18:56:32.082  1624  1682 I libprocessgroup: Successfully killed process cgroup uid 1000 pid 8586 in 0ms
07-28 18:56:32.082  1624  5212 D InputTransport: Input channel constructed: '3e4fb7f', fd=1059
07-28 18:56:32.083  1624  5212 D InputTransport: Input channel constructed: '3e4fb7f', fd=1068
07-28 18:56:32.083  1624  5212 D InputTransport: Input channel constructed: '3e4fb7f', fd=1082
07-28 18:56:32.083  1064  1064 I Zygote  : Process 8586 exited due to signal 9 (Killed)
07-28 18:56:32.083  1127  2023 I SurfaceFlinger: id=178908 createSurf flag=80004, 3e4fb7f com.example.dogglers/com.example.dogglers.VerticalListActivity#178908
07-28 18:56:32.084  1624  5212 D InputTransport: Input channel destroyed: '3e4fb7f', fd=1082
07-28 18:56:32.087  9007  9007 D InsetsController: onStateChanged: InsetsState: {mDisplayFrame=Rect(0, 0 - 1080, 2400), mDisplayCutout=DisplayCutout{insets=Rect(0, 80 - 0, 0) waterfall=Insets{left=0, top=0, right=0, bottom=0} boundingRect={Bounds=[Rect(0, 0 - 0, 0), Rect(468, 0 - 612, 80), Rect(0, 0 - 0, 0), Rect(0, 0 - 0, 0)]} cutoutPathParserInfo={CutoutPathParserInfo{displayWidth=1080 displayHeight=2400 physicalDisplayWidth=1080 physicalDisplayHeight=2400 density={2.625} cutoutSpec={M 0,0 H -27.42857142857143 V 30.47619047619048 H 27.42857142857143 V 0 H 0 Z @dp} rotation={0} scale={1.0} physicalPixelDisplaySizeRatio={1.0}}}}, mRoundedCorners=RoundedCorners{[RoundedCorner{position=TopLeft, radius=90, center=Point(90, 90)}, RoundedCorner{position=TopRight, radius=90, center=Point(990, 90)}, RoundedCorner{position=BottomRight, radius=90, center=Point(990, 2310)}, RoundedCorner{position=BottomLeft, radius=90, center=Point(90, 2310)}]}  mRoundedCornerFrame=Rect(0, 0 - 1080, 2400), mPrivacyIndicatorBounds=PrivacyIndicatorBounds {static bounds=Rect(956, 0 - 1080, 80) rotation=0}, mSources= { InsetsSource: {mType=ITYPE_STATUS_BAR, mFrame=[0,0][1080,80], mVisible=true, mInsetsRoundedCornerFrame=false}, InsetsSource: {mType=ITYPE_NAVIGATION_BAR, mFrame=[0,2265][1080,2400], mVisible=true, mInsetsRoundedCornerFrame=false}, InsetsSource: {mType=ITYPE_LEFT_GESTURES, mFrame=[0,0][0,2400], mVisible=true, mInsetsRoundedCornerFrame=false}, InsetsSource: {mType=ITYPE_RIGHT_GESTURES, mFrame=[1080,0][1080,2400], mVisible=true, mInsetsRoundedCornerFrame=false}, InsetsSource: {mType=ITYPE_TOP_MANDATORY_GESTURES, mFrame=[0,0][1080,114], mVisible=true, mInsetsRoundedCornerFrame=false}, InsetsSource: {mType=ITYPE_BOTTOM_MANDATORY_GESTURES, mFrame=[0,2265][1080,2400], mVisible=true, mInsetsRoundedCornerFrame=false}, InsetsSource: {mType=ITYPE_LEFT_DISPLAY_CUTOUT, mFrame=[0,0][-100000,2400], mVisible=true, mInsetsRoundedCornerFrame=false}, InsetsSource: {mType=ITYPE_TOP_DISPLAY_CUTOUT, mFrame=[0,0][1080,80], mVisible=true, mInsetsRoundedCornerFrame=false}, InsetsSource: {mType=ITYPE_RIGHT_DISPLAY_CUTOUT, mFrame=[100000,0][1080,2400], mVisible=true, mInsetsRoundedCornerFrame=false}, InsetsSource: {mType=ITYPE_BOTTOM_DISPLAY_CUTOUT, mFrame=[0,100000][1080,2400], mVisible=true, mInsetsRoundedCornerFrame=false}, InsetsSource: {mType=ITYPE_TOP_TAPPABLE_ELEMENT, mFrame=[0,0][1080,80], mVisible=true, mInsetsRoundedCornerFrame=false}, InsetsSource: {mType=ITYPE_BOTTOM_TAPPABLE_ELEMENT, mFrame=[0,2265][1080,2400], mVisible=true, mInsetsRoundedCornerFrame=false} } host=com.example.dogglers/com.example.dogglers.VerticalListActivity from=android.view.ViewRootImpl.setView:1732
07-28 18:56:32.090  9007  9007 I ViewRootImpl@de71d4d[VerticalListActivity]: setView = com.android.internal.policy.DecorView@ac2dd TM=true
07-28 18:56:32.091  3393 16210 I RecentModel: onTaskStackChangedBackground
07-28 18:56:32.092  9007  9007 I MSHandlerLifeCycle: removeMultiSplitHandler: no exist. decor=DecorView@ac2dd[VerticalListActivity]
07-28 18:56:32.094  9007  9007 D LifecycleMonitor: Lifecycle status change: androidx.test.core.app.InstrumentationActivityInvoker$BootstrapActivity@a86edbb in: STOPPED
07-28 18:56:32.094  1624  1745 D AnalyticsContainerHandler: handleMessage : { when=0 what=1 target=com.android.server.knox.KnoxAnalyticsContainer$AnalyticsHandler }
07-28 18:56:32.094  9007  9007 V ActivityScenario: Activity lifecycle changed event received but ignored because the intent does not match. startActivityIntent=Intent { act=android.intent.action.MAIN cat=[android.intent.category.LAUNCHER] cmp=com.example.dogglers/.VerticalListActivity }, activity.getIntent()=Intent { act=android.intent.action.MAIN cat=[android.intent.category.LAUNCHER] flg=0x10008000 cmp=com.example.dogglers/androidx.test.core.app.InstrumentationActivityInvoker$BootstrapActivity (has extras) }, activity=androidx.test.core.app.InstrumentationActivityInvoker$BootstrapActivity@a86edbb
07-28 18:56:32.110  9007  9007 I ViewRootImpl@de71d4d[VerticalListActivity]: performTraversals params={(0,0)(fillxfill) sim={adjust=resize forwardNavigation} ty=BASE_APPLICATION wanim=0x1030309
07-28 18:56:32.110  9007  9007 I ViewRootImpl@de71d4d[VerticalListActivity]:   fl=81810100
07-28 18:56:32.110  9007  9007 I ViewRootImpl@de71d4d[VerticalListActivity]:   pfl=12020040
07-28 18:56:32.110  9007  9007 I ViewRootImpl@de71d4d[VerticalListActivity]:   bhv=DEFAULT
07-28 18:56:32.110  9007  9007 I ViewRootImpl@de71d4d[VerticalListActivity]:   fitSides= naviIconColor=0
07-28 18:56:32.110  9007  9007 I ViewRootImpl@de71d4d[VerticalListActivity]:   sfl=100000}
07-28 18:56:32.114  9007  9007 I ViewRootImpl@de71d4d[VerticalListActivity]: performTraversals mFirst=true windowShouldResize=true viewVisibilityChanged=false mForceNextWindowRelayout=false params={(0,0)(fillxfill) sim={adjust=resize forwardNavigation} ty=BASE_APPLICATION wanim=0x1030309
07-28 18:56:32.114  9007  9007 I ViewRootImpl@de71d4d[VerticalListActivity]:   fl=81810100
07-28 18:56:32.114  9007  9007 I ViewRootImpl@de71d4d[VerticalListActivity]:   pfl=12020040
07-28 18:56:32.114  9007  9007 I ViewRootImpl@de71d4d[VerticalListActivity]:   bhv=DEFAULT
07-28 18:56:32.114  9007  9007 I ViewRootImpl@de71d4d[VerticalListActivity]:   fitSides= naviIconColor=0
