07-28 17:18:53.652  1624  5303 D InputTransport: Input channel constructed: 'c61f608', fd=952
07-28 17:18:53.652  1624  5303 D InputTransport: Input channel constructed: 'c61f608', fd=955
07-28 17:18:53.652  1624  5303 D InputTransport: Input channel constructed: 'c61f608', fd=962
07-28 17:18:53.653  1127  1177 I SurfaceFlinger: id=175971 createSurf flag=80004, c61f608 com.example.dogglers/androidx.test.core.app.InstrumentationActivityInvoker$EmptyActivity#175971
07-28 17:18:53.654  1624  5303 D InputTransport: Input channel destroyed: 'c61f608', fd=962
07-28 17:18:53.657  4741  4741 I A       : onStop
07-28 17:18:53.657  8684  8684 D InsetsController: onStateChanged: InsetsState: {mDisplayFrame=Rect(0, 0 - 1080, 2400), mDisplayCutout=DisplayCutout{insets=Rect(0, 80 - 0, 0) waterfall=Insets{left=0, top=0, right=0, bottom=0} boundingRect={Bounds=[Rect(0, 0 - 0, 0), Rect(468, 0 - 612, 80), Rect(0, 0 - 0, 0), Rect(0, 0 - 0, 0)]} cutoutPathParserInfo={CutoutPathParserInfo{displayWidth=1080 displayHeight=2400 physicalDisplayWidth=1080 physicalDisplayHeight=2400 density={2.625} cutoutSpec={M 0,0 H -27.42857142857143 V 30.47619047619048 H 27.42857142857143 V 0 H 0 Z @dp} rotation={0} scale={1.0} physicalPixelDisplaySizeRatio={1.0}}}}, mRoundedCorners=RoundedCorners{[RoundedCorner{position=TopLeft, radius=90, center=Point(90, 90)}, RoundedCorner{position=TopRight, radius=90, center=Point(990, 90)}, RoundedCorner{position=BottomRight, radius=90, center=Point(990, 2310)}, RoundedCorner{position=BottomLeft, radius=90, center=Point(90, 2310)}]}  mRoundedCornerFrame=Rect(0, 0 - 1080, 2400), mPrivacyIndicatorBounds=PrivacyIndicatorBounds {static bounds=Rect(956, 0 - 1080, 80) rotation=0}, mSources= { InsetsSource: {mType=ITYPE_STATUS_BAR, mFrame=[0,0][1080,80], mVisible=true, mInsetsRoundedCornerFrame=false}, InsetsSource: {mType=ITYPE_NAVIGATION_BAR, mFrame=[0,2265][1080,2400], mVisible=true, mInsetsRoundedCornerFrame=false}, InsetsSource: {mType=ITYPE_LEFT_GESTURES, mFrame=[0,0][0,2400], mVisible=true, mInsetsRoundedCornerFrame=false}, InsetsSource: {mType=ITYPE_RIGHT_GESTURES, mFrame=[1080,0][1080,2400], mVisible=true, mInsetsRoundedCornerFrame=false}, InsetsSource: {mType=ITYPE_TOP_MANDATORY_GESTURES, mFrame=[0,0][1080,114], mVisible=true, mInsetsRoundedCornerFrame=false}, InsetsSource: {mType=ITYPE_BOTTOM_MANDATORY_GESTURES, mFrame=[0,2265][1080,2400], mVisible=true, mInsetsRoundedCornerFrame=false}, InsetsSource: {mType=ITYPE_LEFT_DISPLAY_CUTOUT, mFrame=[0,0][-100000,2400], mVisible=true, mInsetsRoundedCornerFrame=false}, InsetsSource: {mType=ITYPE_TOP_DISPLAY_CUTOUT, mFrame=[0,0][1080,80], mVisible=true, mInsetsRoundedCornerFrame=false}, InsetsSource: {mType=ITYPE_RIGHT_DISPLAY_CUTOUT, mFrame=[100000,0][1080,2400], mVisible=true, mInsetsRoundedCornerFrame=false}, InsetsSource: {mType=ITYPE_BOTTOM_DISPLAY_CUTOUT, mFrame=[0,100000][1080,2400], mVisible=true, mInsetsRoundedCornerFrame=false}, InsetsSource: {mType=ITYPE_TOP_TAPPABLE_ELEMENT, mFrame=[0,0][1080,80], mVisible=true, mInsetsRoundedCornerFrame=false}, InsetsSource: {mType=ITYPE_BOTTOM_TAPPABLE_ELEMENT, mFrame=[0,2265][1080,2400], mVisible=true, mInsetsRoundedCornerFrame=false} } host=com.example.dogglers/androidx.test.core.app.InstrumentationActivityInvoker$EmptyActivity from=android.view.ViewRootImpl.setView:1732
07-28 17:18:53.660  8684  8684 I ViewRootImpl@df0649c[InstrumentationActivityInvoker$EmptyActivity]: setView = com.android.internal.policy.DecorView@955ad6e TM=true
07-28 17:18:53.661  8684  8684 I MSHandlerLifeCycle: removeMultiSplitHandler: no exist. decor=DecorView@955ad6e[InstrumentationActivityInvoker$EmptyActivity]
07-28 17:18:53.662  1624  1745 D AnalyticsContainerHandler: handleMessage : { when=0 what=1 target=com.android.server.knox.KnoxAnalyticsContainer$AnalyticsHandler }
07-28 17:18:53.669  8684  8684 I ViewRootImpl@df0649c[InstrumentationActivityInvoker$EmptyActivity]: performTraversals params={(0,0)(fillxfill) sim={adjust=pan forwardNavigation} ty=BASE_APPLICATION wanim=0x1030001
07-28 17:18:53.669  8684  8684 I ViewRootImpl@df0649c[InstrumentationActivityInvoker$EmptyActivity]:   fl=1810100
07-28 17:18:53.669  8684  8684 I ViewRootImpl@df0649c[InstrumentationActivityInvoker$EmptyActivity]:   pfl=12020040
07-28 17:18:53.669  8684  8684 I ViewRootImpl@df0649c[InstrumentationActivityInvoker$EmptyActivity]:   bhv=DEFAULT
07-28 17:18:53.669  8684  8684 I ViewRootImpl@df0649c[InstrumentationActivityInvoker$EmptyActivity]:   fitSides= naviIconColor=0
07-28 17:18:53.669  8684  8684 I ViewRootImpl@df0649c[InstrumentationActivityInvoker$EmptyActivity]:   sfl=100000}
07-28 17:18:53.670  8684  8684 I ViewRootImpl@df0649c[InstrumentationActivityInvoker$EmptyActivity]: performTraversals mFirst=true windowShouldResize=true viewVisibilityChanged=false mForceNextWindowRelayout=false params={(0,0)(fillxfill) sim={adjust=pan forwardNavigation} ty=BASE_APPLICATION wanim=0x1030001
07-28 17:18:53.670  8684  8684 I ViewRootImpl@df0649c[InstrumentationActivityInvoker$EmptyActivity]:   fl=1810100
07-28 17:18:53.670  8684  8684 I ViewRootImpl@df0649c[InstrumentationActivityInvoker$EmptyActivity]:   pfl=12020040
07-28 17:18:53.670  8684  8684 I ViewRootImpl@df0649c[InstrumentationActivityInvoker$EmptyActivity]:   bhv=DEFAULT
07-28 17:18:53.670  8684  8684 I ViewRootImpl@df0649c[InstrumentationActivityInvoker$EmptyActivity]:   fitSides= naviIconColor=0
07-28 17:18:53.670  8684  8684 I ViewRootImpl@df0649c[InstrumentationActivityInvoker$EmptyActivity]:   sfl=100000}
07-28 17:18:53.671  1624  2705 V WindowManager: Relayout Window{c61f608 u0 com.example.dogglers/androidx.test.core.app.InstrumentationActivityInvoker$EmptyActivity}: viewVisibility=0 req=1080x2400 d0
07-28 17:18:53.672  1127  1177 I BufferQueueDebug: [com.example.dogglers/androidx.test.core.app.InstrumentationActivityInvoker$EmptyActivity$_8684#175972](this:0xb4000075f4b9b838,id:-1,api:0,p:-1,c:-1) BufferQueue core=(1127:/system/bin/surfaceflinger)
07-28 17:18:53.672  1127  1177 I SurfaceFlinger: id=175972 createSurf flag=40004, com.example.dogglers/androidx.test.core.app.InstrumentationActivityInvoker$EmptyActivity$_8684#175972
07-28 17:18:53.676  1127  1177 I SurfaceFlinger: id=175973 createSurf flag=24000, Surface(name=7ae696d StatusBar)/@0x546cfe9 - animation-leash of insets_animation#175973
07-28 17:18:53.677  1127  1177 I SurfaceFlinger: id=175974 createSurf flag=24000, Surface(name=57253a2 NavigationBar0)/@0x6398367 - animation-leash of insets_animation#175974
07-28 17:18:53.679  1624  2705 V WindowManager: Relayout hash=c61f608, pid=8684, syncId=-1: mAttrs={(0,0)(fillxfill) sim={adjust=pan forwardNavigation} ty=BASE_APPLICATION wanim=0x1030001
07-28 17:18:53.679  1624  2705 V WindowManager:   fl=1810100
07-28 17:18:53.679  1624  2705 V WindowManager:   pfl=12020040
07-28 17:18:53.679  1624  2705 V WindowManager:   apr=LIGHT_NAVIGATION_BARS
07-28 17:18:53.679  1624  2705 V WindowManager:   bhv=DEFAULT
07-28 17:18:53.679  1624  2705 V WindowManager:   fitSides= naviIconColor=0
07-28 17:18:53.679  1624  2705 V WindowManager:   sfl=100000}
07-28 17:18:53.682  8684  8684 D InsetsController: onStateChanged: InsetsState: {mDisplayFrame=Rect(0, 0 - 1080, 2400), mDisplayCutout=DisplayCutout{insets=Rect(0, 80 - 0, 0) waterfall=Insets{left=0, top=0, right=0, bottom=0} boundingRect={Bounds=[Rect(0, 0 - 0, 0), Rect(468, 0 - 612, 80), Rect(0, 0 - 0, 0), Rect(0, 0 - 0, 0)]} cutoutPathParserInfo={CutoutPathParserInfo{displayWidth=1080 displayHeight=2400 physicalDisplayWidth=1080 physicalDisplayHeight=2400 density={2.625} cutoutSpec={M 0,0 H -27.42857142857143 V 30.47619047619048 H 27.42857142857143 V 0 H 0 Z @dp} rotation={0} scale={1.0} physicalPixelDisplaySizeRatio={1.0}}}}, mRoundedCorners=RoundedCorners{[RoundedCorner{position=TopLeft, radius=90, center=Point(90, 90)}, RoundedCorner{position=TopRight, radius=90, center=Point(990, 90)}, RoundedCorner{position=BottomRight, radius=90, center=Point(990, 2310)}, RoundedCorner{position=BottomLeft, radius=90, center=Point(90, 2310)}]}  mRoundedCornerFrame=Rect(0, 0 - 1080, 2400), mPrivacyIndicatorBounds=PrivacyIndicatorBounds {static bounds=Rect(956, 0 - 1080, 80) rotation=0}, mSources= { InsetsSource: {mType=ITYPE_STATUS_BAR, mFrame=[0,0][1080,80], mVisible=true, mInsetsRoundedCornerFrame=false}, InsetsSource: {mType=ITYPE_NAVIGATION_BAR, mFrame=[0,2265][1080,2400], mVisible=true, mInsetsRoundedCornerFrame=false}, InsetsSource: {mType=ITYPE_LEFT_GESTURES, mFrame=[0,0][0,2400], mVisible=true, mInsetsRoundedCornerFrame=false}, InsetsSource: {mType=ITYPE_RIGHT_GESTURES, mFrame=[1080,0][1080,2400], mVisible=true, mInsetsRoundedCornerFrame=false}, InsetsSource: {mType=ITYPE_TOP_MANDATORY_GESTURES, mFrame=[0,0][1080,114], mVisible=true, mInsetsRoundedCornerFrame=false}, InsetsSource: {mType=ITYPE_BOTTOM_MANDATORY_GESTURES, mFrame=[0,2265][1080,2400], mVisible=true, mInsetsRoundedCornerFrame=false}, InsetsSource: {mType=ITYPE_LEFT_DISPLAY_CUTOUT, mFrame=[0,0][-100000,2400], mVisible=true, mInsetsRoundedCornerFrame=false}, InsetsSource: {mType=ITYPE_TOP_DISPLAY_CUTOUT, mFrame=[0,0][1080,80], mVisible=true, mInsetsRoundedCornerFrame=false}, InsetsSource: {mType=ITYPE_RIGHT_DISPLAY_CUTOUT, mFrame=[100000,0][1080,2400], mVisible=true, mInsetsRoundedCornerFrame=false}, InsetsSource: {mType=ITYPE_BOTTOM_DISPLAY_CUTOUT, mFrame=[0,100000][1080,2400], mVisible=true, mInsetsRoundedCornerFrame=false}, InsetsSource: {mType=ITYPE_TOP_TAPPABLE_ELEMENT, mFrame=[0,0][1080,80], mVisible=true, mInsetsRoundedCornerFrame=false}, InsetsSource: {mType=ITYPE_BOTTOM_TAPPABLE_ELEMENT, mFrame=[0,2265][1080,2400], mVisible=true, mInsetsRoundedCornerFrame=false}, InsetsSource: {mType=ITYPE_IME, mFrame=[0,0][0,0], mVisibleFrame=[0,1243][1080,2400], mVisible=false, mInsetsRoundedCornerFrame=false} } host=com.example.dogglers/androidx.test.core.app.InstrumentationActivityInvoker$EmptyActivity from=android.view.ViewRootImpl.relayoutWindow:9802
07-28 17:18:53.684  8684  8684 I ViewRootImpl@df0649c[InstrumentationActivityInvoker$EmptyActivity]: updateBlastSurfaceIfNeeded mBlastBufferQueue=null isSameSurfaceControl=false
07-28 17:18:53.684  8684  8684 D BufferQueueConsumer: [](id:21ec0000000a,api:0,p:-1,c:8684) connect: controlledByApp=false
07-28 17:18:53.685  8684  8684 I BLASTBufferQueue: new BLASTBufferQueue, mName= ViewRootImpl@df0649c[InstrumentationActivityInvoker$EmptyActivity] mNativeObject= 0xb40000731614fa00 sc.mNativeObject= 0xb40000728f6f5620 caller= android.view.ViewRootImpl.updateBlastSurfaceIfNeeded:2909 android.view.ViewRootImpl.relayoutWindow:9847 android.view.ViewRootImpl.performTraversals:3884 android.view.ViewRootImpl.doTraversal:3116 android.view.ViewRootImpl$TraversalRunnable.run:10885 android.view.Choreographer$CallbackRecord.run:1301 android.view.Choreographer$CallbackRecord.run:1309 android.view.Choreographer.doCallbacks:923 android.view.Choreographer.doFrame:852 android.view.Choreographer$FrameDisplayEventReceiver.run:1283
07-28 17:18:53.685  8684  8684 I BLASTBufferQueue: update, w= 1080 h= 2400 mName = ViewRootImpl@df0649c[InstrumentationActivityInvoker$EmptyActivity] mNativeObject= 0xb40000731614fa00 sc.mNativeObject= 0xb40000728f6f5620 format= -1 caller= android.graphics.BLASTBufferQueue.<init>:84 android.view.ViewRootImpl.updateBlastSurfaceIfNeeded:2909 android.view.ViewRootImpl.relayoutWindow:9847 android.view.ViewRootImpl.performTraversals:3884 android.view.ViewRootImpl.doTraversal:3116 android.view.ViewRootImpl$TraversalRunnable.run:10885
07-28 17:18:53.686  8684  8684 I ViewRootImpl@df0649c[InstrumentationActivityInvoker$EmptyActivity]: Relayout returned: old=(0,0,1080,2400) new=(0,0,1080,2400) req=(1080,2400)0 dur=14 res=0x3 s={true 0xb40000728abfd000} ch=true seqId=0
07-28 17:18:53.688  8684  8684 I ViewRootImpl@df0649c[InstrumentationActivityInvoker$EmptyActivity]: mThreadedRenderer.initialize() mSurface={isValid=true 0xb40000728abfd000} hwInitialized=true
07-28 17:18:53.688  8684  8768 D OpenGLRenderer: eglCreateWindowSurface
07-28 17:18:53.689  8684  8684 I ViewRootImpl@df0649c[InstrumentationActivityInvoker$EmptyActivity]: reportNextDraw android.view.ViewRootImpl.performTraversals:4438 android.view.ViewRootImpl.doTraversal:3116 android.view.ViewRootImpl$TraversalRunnable.run:10885 android.view.Choreographer$CallbackRecord.run:1301 android.view.Choreographer$CallbackRecord.run:1309
07-28 17:18:53.690  8684  8684 I ViewRootImpl@df0649c[InstrumentationActivityInvoker$EmptyActivity]: Setup new sync id=0
07-28 17:18:53.690  8684  8684 I ViewRootImpl@df0649c[InstrumentationActivityInvoker$EmptyActivity]: Setting syncFrameCallback
07-28 17:18:53.690  8684  8684 I ViewRootImpl@df0649c[InstrumentationActivityInvoker$EmptyActivity]: registerCallbacksForSync syncBuffer=false
07-28 17:18:53.691  1127  1127 I SurfaceFlinger: [c61f608 com.example.dogglers/androidx.test.core.app.InstrumentationActivityInvoker$EmptyActivity#175971] FrameRatePriority: 1
07-28 17:18:53.692  1127  1127 I Layer   : id=175966 removeFromCurrentState Surface(name=7ae696d StatusBar)/@0x546cfe9 - animation-leash of insets_animation#175966 (128)
07-28 17:18:53.692  1127  1127 I Layer   : id=175967 removeFromCurrentState Surface(name=57253a2 NavigationBar0)/@0x6398367 - animation-leash of insets_animation#175967 (128)
07-28 17:18:53.692  1127  1127 D SurfaceFlinger: [input] inputWindowCommands.focusRequests size is 1
07-28 17:18:53.692  8684  8829 I ViewRootImpl@df0649c[InstrumentationActivityInvoker$EmptyActivity]: Received frameDrawingCallback syncResult=0 frameNum=1.
07-28 17:18:53.692  8684  8829 I ViewRootImpl@df0649c[InstrumentationActivityInvoker$EmptyActivity]: Setting up sync and frameCommitCallback
07-28 17:18:53.693  1127  1386 D SurfaceFlinger: [input] setFocusedWindow: c61f608 com.example.dogglers/androidx.test.core.app.InstrumentationActivityInvoker$EmptyActivity
07-28 17:18:53.694  1624  5303 D InputDispatcher: Focus request (0): c61f608 com.example.dogglers/androidx.test.core.app.InstrumentationActivityInvoker$EmptyActivity but waiting because NO_WINDOW
07-28 17:18:53.696  8684  8768 I BLASTBufferQueue: [ViewRootImpl@df0649c[InstrumentationActivityInvoker$EmptyActivity]#10](f:0,a:0) onFrameAvailable the first frame is available
07-28 17:18:53.697  8684  8768 D BLASTBufferQueue: [ViewRootImpl@df0649c[InstrumentationActivityInvoker$EmptyActivity]#10](f:0,a:1) acquireNextBufferLocked size=1080x2400 mFrameNumber=1 applyTransaction=true mTimestamp=1006963251350249(auto) mPendingTransactions.size=0 graphicBufferId=37297495998494 transform=0
07-28 17:18:53.697  8684  8768 I ViewRootImpl@df0649c[InstrumentationActivityInvoker$EmptyActivity]: Received frameCommittedCallback lastAttemptedDrawFrameNum=1 didProduceBuffer=true
07-28 17:18:53.698  8684  8768 D OpenGLRenderer: CFMS:: SetUp Pid : 8684    Tid : 8768
07-28 17:18:53.698  8684  8768 W Parcel  : Expecting binder but got null!
07-28 17:18:53.699  8684  8684 I ViewRootImpl@df0649c[InstrumentationActivityInvoker$EmptyActivity]: onSyncComplete
07-28 17:18:53.699  8684  8684 I ViewRootImpl@df0649c[InstrumentationActivityInvoker$EmptyActivity]: setupSync seqId=0 mSyncId=0 fn=1 caller=android.view.ViewRootImpl$$ExternalSyntheticLambda11.accept:6 android.window.SurfaceSyncer.lambda$setupSync$1$android-window-SurfaceSyncer:128 android.window.SurfaceSyncer$$ExternalSyntheticLambda1.accept:8 android.window.SurfaceSyncer$SyncSet.checkIfSyncIsComplete:382 android.window.SurfaceSyncer$SyncSet.markSyncReady:359 android.window.SurfaceSyncer.markSyncReady:151 android.view.ViewRootImpl.performTraversals:4503
07-28 17:18:53.700  8684  8684 I ViewRootImpl@df0649c[InstrumentationActivityInvoker$EmptyActivity]: reportDrawFinished seqId=0 mSyncId=-1 fn=1 mSurfaceChangedTransaction=0xb400007297b80600
07-28 17:18:53.700  8684  8684 I ViewRootImpl@a66a33e[VerticalListActivity]: MSG_WINDOW_FOCUS_CHANGED 0 0
07-28 17:18:53.705  1624  1669 I SemDvfsHyPerManager: acquire hyper - AMS_RESUME_TAIL/1624@21, type = -999
07-28 17:18:53.705  1624  1665 I ActivityTaskManager: Displayed com.example.dogglers/androidx.test.core.app.InstrumentationActivityInvoker$EmptyActivity: +117ms
07-28 17:18:53.705  1624  1669 I SemDvfsHyPerManager: acquire hyper - AMS_ACT_LAZY/1624@22, type = -999
07-28 17:18:53.705  1090  1150 I HYPER-HAL: [RequestManager.cpp]acquire(): Acquired ID : 1353856  [1624 / 21]    HINT : AMS_RESUME_TAIL    list :
07-28 17:18:53.705  1090  1150 I mtkpower_client: perf_lock_rel, hdl:80078, tid:1150
07-28 17:18:53.705  3746  3746 E pageboostd: Received HALT command code 2
07-28 17:18:53.705  1090  1150 I mtkpower_client: perf_lock_acq, hdl:0, dur:0, num:2, tid:1150
07-28 17:18:53.705  1093  1167 I libPowerHal: [perfLockRel] hdl:80078, idx:2
07-28 17:18:53.706  1093  1167 I libPowerHal: vendor.samsung.: cpu_ctrl set cpu freq: -1 -1 -1 -1
07-28 17:18:53.706  1090  1150 I mtkpower_client: ret_hdl:80079
07-28 17:18:53.706  1090  1150 I mtkpower_client: perf_lock_rel, hdl:80077, tid:1150
07-28 17:18:53.706  1093  1167 I libPowerHal: [perfLockAcq] idx:2 hdl:80079 hint:-1 pid:1090 duration:0 lock_user:vendor.samsung. => ret_hdl:80079
07-28 17:18:53.706  1127  1177 I SurfaceFlinger: id=175975 createSurf flag=80000, ff877ec ActivityRecordInputSink com.example.dogglers/androidx.test.core.app.InstrumentationActivityInvoker$EmptyActivity#175975
07-28 17:18:53.707  1093  1167 I libPowerHal: vendor.samsung.: cpu_ctrl set cpu freq: 1800000 -1 -1 -1
07-28 17:18:53.707  1090  1150 I mtkpower_client: perf_lock_acq, hdl:0, dur:0, num:2, tid:1150
07-28 17:18:53.707  1093  1167 I libPowerHal: [perfLockRel] hdl:80077, idx:1
07-28 17:18:53.707  1093  1167 I libPowerHal: [PD] vendor.samsung. update cmd:1c3c000, param:1
07-28 17:18:53.707  1093  1167 I libPowerHal: [PD] (less) /proc/mcdi/state set +prefix:enable 1;
07-28 17:18:53.707  1090  1150 I mtkpower_client: ret_hdl:80080
07-28 17:18:53.708  1093  1167 I libPowerHal: [perfLockAcq] idx:1 hdl:80080 hint:-1 pid:1090 duration:0 lock_user:vendor.samsung. => ret_hdl:80080
07-28 17:18:53.708  1090  1150 I mtkpower_client: perf_lock_rel, hdl:80076, tid:1150
07-28 17:18:53.708  1093  1167 I libPowerHal: [PE] (less) /proc/mcdi/state set +prefix:enable 0;
07-28 17:18:53.708  1093  1167 I libPowerHal: [perfLockRel] hdl:80076, idx:0
07-28 17:18:53.708  1093  1167 I libPowerHal: [PD] vendor.samsung. update cmd:1000000, param:-1
07-28 17:18:53.708  1090  1150 I mtkpower_client: perf_lock_acq, hdl:0, dur:0, num:2, tid:1150
07-28 17:18:53.708  1127  1127 D BufferStateLayer: com.example.dogglers/androidx.test.core.app.InstrumentationActivityInvoker$EmptyActivity$_8684#175972 setBuffer frameId=1, bufferId=37297495998494 fenceId=595, w= 1080, h=2400
07-28 17:18:53.708  1093  1167 I libPowerHal: [PD] vendor.samsung. update cmd:1000000 param:-1
07-28 17:18:53.710  1090  1150 I mtkpower_client: ret_hdl:80081
07-28 17:18:53.710  1090  1150 I HYPER-HAL: [RequestManager.cpp]releaseLocked(): Released ID : 1350565
07-28 17:18:53.713  1093  1167 I libPowerHal: [perfLockAcq] idx:0 hdl:80081 hint:-1 pid:1090 duration:0 lock_user:vendor.samsung. => ret_hdl:80081
07-28 17:18:53.714  1093  1167 I libPowerHal: [PE] vendor.samsung. update cmd:1000000, param:0
07-28 17:18:53.714  1093  1167 I libPowerHal: [PE] vendor.samsung. update cmd:1000000 param:0
07-28 17:18:53.715  3393 16210 I RecentModel: onTaskStackChangedBackground
07-28 17:18:53.716  1127  3782 I SurfaceFlinger: id=175967 Removed Surface(name=57253a2 NavigationBar0)/@0x6398367 - animation-leash of insets_animation#175967 (129)
07-28 17:18:53.716  1127  1177 I SurfaceFlinger: id=175966 Removed Surface(name=7ae696d StatusBar)/@0x546cfe9 - animation-leash of insets_animation#175966 (129)
07-28 17:18:53.718  8684  8684 I ViewRootImpl@a66a33e[VerticalListActivity]: handleAppVisibility mAppVisible = true visible = false
07-28 17:18:53.718  1624  1668 I ChimeraSystemEventListener: appLaunchIntent package name is: com.example.dogglers
07-28 17:18:53.719  8684  8684 I ViewRootImpl@a66a33e[VerticalListActivity]: stopped(true) old = false
07-28 17:18:53.719  3746  3746 E pageboostd: Received HALT command code 2
07-28 17:18:53.719  8684  8684 I ViewRootImpl@a66a33e[VerticalListActivity]: WindowStopped on com.example.dogglers/com.example.dogglers.VerticalListActivity set to true
07-28 17:18:53.722  1624  5303 I SemDvfsHyPerManager: acquire hyper - AMS_ACT_START/1624@19, type = -999
07-28 17:18:53.722  1090  1150 I HYPER-HAL: [RequestManager.cpp]acquire(): Acquired ID : 1350565  [1624 / 19]    HINT : AMS_ACT_START    list :
07-28 17:18:53.723  1127  2095 I SurfaceFlinger: id=175976 createSurf flag=80004, ActivityRecord{f3fd47f u0 com.example.dogglers/androidx.test.core.app.InstrumentationActivityInvoker$EmptyActivity} t30273}#175976
07-28 17:18:53.723  1090  1150 I mtkpower_client: perf_lock_rel, hdl:80079, tid:1150
07-28 17:18:53.723  1090  1150 I mtkpower_client: perf_lock_acq, hdl:0, dur:0, num:2, tid:1150
07-28 17:18:53.724  1093  1167 I libPowerHal: [perfLockRel] hdl:80079, idx:2
07-28 17:18:53.724  8684  8684 D LifecycleMonitor: Lifecycle status change: com.example.dogglers.VerticalListActivity@2275b78 in: STOPPED
07-28 17:18:53.724  1093  1167 I libPowerHal: vendor.samsung.: cpu_ctrl set cpu freq: -1 -1 -1 -1
07-28 17:18:53.724  8684  8684 V ActivityScenario: Update currentActivityStage to STOPPED, currentActivity=com.example.dogglers.VerticalListActivity@2275b78
07-28 17:18:53.725  1127  1127 I Layer   : Layer [com.example.dogglers/androidx.test.core.app.InstrumentationActivityInvoker$EmptyActivity$_8684#175972] hidden!! flag(0)
07-28 17:18:53.725  1127  1127 I Layer   : Layer [com.example.dogglers/com.example.dogglers.VerticalListActivity$_8684#175965] hidden!! flag(1)
07-28 17:18:53.725  1127  1127 I Layer   : id=175966 Destroyed Surface(name=7ae696d StatusBar)/@0x546cfe9 - animation-leash of insets_animation#175966
07-28 17:18:53.726  1127  1127 I Layer   : id=175967 Destroyed Surface(name=57253a2 NavigationBar0)/@0x6398367 - animation-leash of insets_animation#175967
07-28 17:18:53.726  1624  1668 I SemPersonaManager: SecureFolder personaId = 150
07-28 17:18:53.726  1093  1167 I libPowerHal: [perfLockAcq] idx:3 hdl:80082 hint:-1 pid:1090 duration:0 lock_user:vendor.samsung. => ret_hdl:80082
07-28 17:18:53.727  1093  1167 I libPowerHal: vendor.samsung.: cpu_ctrl set cpu freq: 1800000 -1 -1 -1
07-28 17:18:53.727  1624  5706 D InputDispatcher: Focus entered window (0): c61f608 com.example.dogglers/androidx.test.core.app.InstrumentationActivityInvoker$EmptyActivity
07-28 17:18:53.728  1090  1150 I mtkpower_client: ret_hdl:80082
07-28 17:18:53.728  1090  1150 I mtkpower_client: perf_lock_rel, hdl:80080, tid:1150
07-28 17:18:53.728  1090  1150 I mtkpower_client: perf_lock_acq, hdl:0, dur:0, num:2, tid:1150
07-28 17:18:53.728  1093  1167 I libPowerHal: [perfLockRel] hdl:80080, idx:1
07-28 17:18:53.728  1093  1167 I libPowerHal: [PD] vendor.samsung. update cmd:1c3c000, param:1
07-28 17:18:53.729  1093  1167 I libPowerHal: [PD] (less) /proc/mcdi/state set +prefix:enable 1;
07-28 17:18:53.730  1093  1167 I libPowerHal: [perfLockAcq] idx:1 hdl:80083 hint:-1 pid:1090 duration:0 lock_user:vendor.samsung. => ret_hdl:80083
07-28 17:18:53.730  1090  1150 I mtkpower_client: ret_hdl:80083
07-28 17:18:53.730  1093  1167 I libPowerHal: [PE] (less) /proc/mcdi/state set +prefix:enable 0;
07-28 17:18:53.730  1090  1150 I mtkpower_client: perf_lock_rel, hdl:80081, tid:1150
07-28 17:18:53.730  8684  8684 I MSHandlerLifeCycle: removeMultiSplitHandler: no exist. decor=DecorView@4a07a8e[VerticalListActivity]
07-28 17:18:53.730  1090  1150 I mtkpower_client: perf_lock_acq, hdl:0, dur:0, num:2, tid:1150
07-28 17:18:53.731  1093  1167 I libPowerHal: [perfLockRel] hdl:80081, idx:0
07-28 17:18:53.731  1093  1167 I libPowerHal: [PD] vendor.samsung. update cmd:1000000, param:-1
07-28 17:18:53.731  1093  1167 I libPowerHal: [PD] vendor.samsung. update cmd:1000000 param:-1
07-28 17:18:53.732  8684  8684 D LifecycleMonitor: Lifecycle status change: com.example.dogglers.VerticalListActivity@2275b78 in: DESTROYED
07-28 17:18:53.732  1090  1150 I mtkpower_client: ret_hdl:80084
07-28 17:18:53.732  8684  8684 V ActivityScenario: Update currentActivityStage to DESTROYED, currentActivity=null
07-28 17:18:53.732  1093  1167 I libPowerHal: [perfLockAcq] idx:2 hdl:80084 hint:-1 pid:1090 duration:0 lock_user:vendor.samsung. => ret_hdl:80084
07-28 17:18:53.732  1127  1127 D SurfaceFlinger: Display 0 HWC layers:
07-28 17:18:53.732  1127  1127 D SurfaceFlinger:      DEVICE | 0xb400007623229b80 | 0102 | RGBA_8888    |    0.0    0.0 1080.0 2400.0 |    0    0 1080 2400 | com.example.dogglers/androidx.test.c[...]tyInvoker$EmptyActivity$_8684#175972
07-28 17:18:53.732  1127  1127 D SurfaceFlinger:      DEVICE | 0xb4000075f544c980 | 0100 | RGBA_8888    |    0.0    0.0 1080.0   80.0 |    0    0 1080   80 | StatusBar$_2897#91
07-28 17:18:53.732  1127  1127 D SurfaceFlinger:      DEVICE | 0xb400007621854780 | 0100 | RGBA_8888    |    0.0    0.0 1080.0  135.0 |    0 2265 1080 2400 | NavigationBar0$_2897#86
07-28 17:18:53.732  1127  1127 D SurfaceFlinger:      DEVICE | 0xb4000075f544b300 | 0140 | RGBA_8888    |    0.0    0.0 1080.0  150.0 |    0    0 1080  150 | ScreenDecorOverlay$_2897#100
07-28 17:18:53.732  1127  1127 D SurfaceFlinger:      DEVICE | 0xb400007621856700 | 0140 | RGBA_8888    |    0.0    0.0 1080.0  150.0 |    0 2250 1080 2400 | ScreenDecorOverlayBottom$_2897#101
07-28 17:18:53.732  1127  1127 D SurfaceFlinger:
07-28 17:18:53.732  1093  1167 I libPowerHal: [PE] vendor.samsung. update cmd:1000000, param:0
07-28 17:18:53.733  1093  1167 I libPowerHal: [PE] vendor.samsung. update cmd:1000000 param:0
07-28 17:18:53.735  8684  8684 I MSHandlerLifeCycle: removeMultiSplitHandler: no exist. decor=DecorView@4a07a8e[VerticalListActivity]
07-28 17:18:53.735  8684  8768 D OpenGLRenderer: setSurface called with nullptr
07-28 17:18:53.735  8684  8768 D OpenGLRenderer: setSurface() destroyed EGLSurface
07-28 17:18:53.735  8684  8768 D OpenGLRenderer: destroyEglSurface
07-28 17:18:53.738  8684  8768 D BLASTBufferQueue: [ViewRootImpl@a66a33e[VerticalListActivity]#9](f:0,a:1) destructor()
07-28 17:18:53.738  8684  8768 D BufferQueueConsumer: [ViewRootImpl@a66a33e[VerticalListActivity]#9(BLAST Consumer)9](id:21ec00000009,api:0,p:-1,c:8684) disconnect
07-28 17:18:53.738  8684  8684 I ViewRootImpl@a66a33e[VerticalListActivity]: dispatchDetachedFromWindow
07-28 17:18:53.739  1624  2705 D InputTransport: Input channel destroyed: '13c438c', fd=894
07-28 17:18:53.739  1624  2705 W InputManager-JNI: Input channel object '13c438c com.example.dogglers/com.example.dogglers.VerticalListActivity (client)' was disposed without first being removed with the input manager!
07-28 17:18:53.739  1624  2705 D InputTransport: Input channel destroyed: '13c438c', fd=898
07-28 17:18:53.741  1127  2095 I SurfaceFlinger: id=175977 createSurf flag=24004, Surface(name=d8adfc2 InputMethod)/@0xc2b360e - animation-leash of insets_animation#175977
07-28 17:18:53.746  1127  2095 I SurfaceFlinger: id=175938 Removed Surface(name=d8adfc2 InputMethod)/@0xc2b360e - animation-leash of insets_animation#175938 (129)
07-28 17:18:53.747  5607  5607 I InputMethodService: removeImeSurface
07-28 17:18:53.747  8684  8684 D InputTransport: Input channel destroyed: '13c438c', fd=122
07-28 17:18:53.747  5607  5607 I MSHandlerLifeCycle: check: return. pkg=com.samsung.android.honeyboard isActivity=false callers=com.android.internal.policy.DecorView.setVisibility:4411 android.app.Dialog.hide:767 android.inputmethodservice.InputMethodService.removeImeSurface:1290 android.inputmethodservice.InputMethodService.scheduleImeSurfaceRemoval:1279 android.inputmethodservice.InputMethodService.-$$Nest$mscheduleImeSurfaceRemoval:0
07-28 17:18:53.747  5607  5607 I MSHandlerLifeCycle: removeMultiSplitHandler: no exist. decor=DecorView@4ed7bdc[InputMethod]
07-28 17:18:53.749  1127  1177 I SurfaceFlinger: id=175963 Removed 258a1fb ActivityRecordInputSink com.example.dogglers/.VerticalListActivity#175963 (129)
07-28 17:18:53.753  8684  8684 D LifecycleMonitor: Lifecycle status change: androidx.test.core.app.InstrumentationActivityInvoker$EmptyActivity@76b27b3 in: PAUSED
07-28 17:18:53.754  8684  8684 V ActivityScenario: Activity lifecycle changed event received but ignored because the intent does not match. startActivityIntent=Intent { act=android.intent.action.MAIN cat=[android.intent.category.LAUNCHER] cmp=com.example.dogglers/.VerticalListActivity }, activity.getIntent()=Intent { act=android.intent.action.MAIN cat=[android.intent.category.LAUNCHER] flg=0x10000000 cmp=com.example.dogglers/androidx.test.core.app.InstrumentationActivityInvoker$EmptyActivity }, activity=androidx.test.core.app.InstrumentationActivityInvoker$EmptyActivity@76b27b3
07-28 17:18:53.758  1127  1127 I Layer   : id=175965 removeFromCurrentState com.example.dogglers/com.example.dogglers.VerticalListActivity$_8684#175965 (129)
07-28 17:18:53.758  1127  1127 I Layer   : id=175964 removeFromCurrentState 13c438c com.example.dogglers/com.example.dogglers.VerticalListActivity#175964 (129)
07-28 17:18:53.758  1127  1127 I Layer   : id=175969 removeFromCurrentState Surface(name=d8adfc2 InputMethod)/@0xc2b360e - animation-leash of insets_animation#175969 (129)
07-28 17:18:53.758  1127  1127 I SurfaceFlinger: id=175965 Removed com.example.dogglers/com.example.dogglers.VerticalListActivity$_8684#175965 (129)
07-28 17:18:53.758  1127  1127 I SurfaceFlinger: id=175964 Removed 13c438c com.example.dogglers/com.example.dogglers.VerticalListActivity#175964 (129)
07-28 17:18:53.758  1127  1127 I SurfaceFlinger: id=175969 Removed Surface(name=d8adfc2 InputMethod)/@0xc2b360e - animation-leash of insets_animation#175969 (129)
07-28 17:18:53.759  1127  1127 I Layer   : id=175938 Destroyed Surface(name=d8adfc2 InputMethod)/@0xc2b360e - animation-leash of insets_animation#175938
07-28 17:18:53.759  1127  1127 I Layer   : id=175964 Destroyed 13c438c com.example.dogglers/com.example.dogglers.VerticalListActivity#175964
07-28 17:18:53.759  1127  1127 I BufferQueueDebug: [com.example.dogglers/com.example.dogglers.VerticalListActivity$_8684#175965](this:0xb4000075f4b7d838,id:-1,api:0,p:-1,c:1127) onDestructor()
07-28 17:18:53.759  1624  5303 D InputDispatcher: Focused application(0): ActivityRecord{f3fd47f u0 com.example.dogglers/androidx.test.core.app.InstrumentationActivityInvoker$EmptyActivity} t30273}
07-28 17:18:53.759  1127  1127 I Layer   : id=175965 Destroyed com.example.dogglers/com.example.dogglers.VerticalListActivity$_8684#175965
07-28 17:18:53.760  1127  1127 I Layer   : id=175969 Destroyed Surface(name=d8adfc2 InputMethod)/@0xc2b360e - animation-leash of insets_animation#175969
07-28 17:18:53.766  8684  8684 I ViewRootImpl@df0649c[InstrumentationActivityInvoker$EmptyActivity]: MSG_WINDOW_FOCUS_CHANGED 1 0
07-28 17:18:53.766  8684  8684 I ViewRootImpl@df0649c[InstrumentationActivityInvoker$EmptyActivity]: mThreadedRenderer.initializeIfNeeded()#2 mSurface={isValid=true 0xb40000728abfd000}
07-28 17:18:53.767  8684  8684 D InputMethodManager: startInputInner - Id : 0
07-28 17:18:53.768  8684  8684 I InputMethodManager: startInputInner - mService.startInputOrWindowGainedFocus
07-28 17:18:53.768  1624  1668 I SemPersonaManager: SecureFolder personaId = 150
07-28 17:18:53.769  1624  5303 D InputMethodManagerService: mDesktopModeManager null!
07-28 17:18:53.769  1624  5303 V InputMethodManagerService: getDisplayIdOfInputMethodWindowToBeAdded: displayId=0
07-28 17:18:53.769  1624  5303 D InputMethodManagerService: isImeSwitcherDisabledPackage : false
07-28 17:18:53.770  1624  5303 D InputMethodManagerService: checkDisplayOfStartInputAndUpdateKeyboard: displayId=0, mFocusedDisplayId=0
07-28 17:18:53.770  1624  5303 D InputTransport: Input channel constructed: 'ClientS', fd=894
07-28 17:18:53.770  1624  5303 D InputTransport: Input channel destroyed: 'ClientS', fd=894
07-28 17:18:53.771  5607  5607 I HBD     : HoneyBoardService onFinishInput
07-28 17:18:53.771  5607  5607 I HBD     : a IC have been unbinding,  RemoteInputConnection{idHash=#477140}
07-28 17:18:53.771  5607  5607 I HBD     : HoneyBoardService [PF_CL][onFinishInput]  0 ms
07-28 17:18:53.772  5607  5607 I HBD     : HoneyBoardService [IMI] onStartInput - caller pid : 8684 , caller uid : 10520
07-28 17:18:53.772  5607  5607 I HBD     : j updateConfigs
07-28 17:18:53.772  5607  5607 I HBD     : j isEnabledNightMode : false
07-28 17:18:53.772  5607  5607 I HBD     : a IC have been binding, RemoteInputConnection{idHash=#477140}
07-28 17:18:53.772  5607  5607 I HBD     : h [EditorInputType]setPrivateImeOptionsToTable privateImeOptions ( null )
07-28 17:18:53.772  5607  5607 I HBD     : b incognitoMode : false
07-28 17:18:53.772  5607  5607 I HBD     : a needOff = true , isForceOff = false, isNullInputClass : true
07-28 17:18:53.772  5607  5607 I HBD     : h getDefaultInputRange : UNKNOWN
07-28 17:18:53.772  5607  5607 I HBD     : h getDefaultInputRange : UNKNOWN
07-28 17:18:53.772  1127  1177 I SurfaceFlinger: id=175978 createSurf flag=24004, Surface(name=d8adfc2 InputMethod)/@0xc2b360e - animation-leash of insets_animation#175978
07-28 17:18:53.772  5607  5607 I HBD     : h getDefaultInputRange : UNKNOWN
07-28 17:18:53.773  8684  8684 D LifecycleMonitor: Lifecycle status change: androidx.test.core.app.InstrumentationActivityInvoker$BootstrapActivity@17928f4 in: DESTROYED
07-28 17:18:53.774  8684  8684 V ActivityScenario: Activity lifecycle changed event received but ignored because the intent does not match. startActivityIntent=Intent { act=android.intent.action.MAIN cat=[android.intent.category.LAUNCHER] cmp=com.example.dogglers/.VerticalListActivity }, activity.getIntent()=Intent { act=android.intent.action.MAIN cat=[android.intent.category.LAUNCHER] flg=0x10008000 cmp=com.example.dogglers/androidx.test.core.app.InstrumentationActivityInvoker$BootstrapActivity (has extras) }, activity=androidx.test.core.app.InstrumentationActivityInvoker$BootstrapActivity@17928f4
07-28 17:18:53.774  5607  5607 I HBD     : a needOff = true , isForceOff = false, isNullInputClass : true
07-28 17:18:53.774  5607  5607 I HBD     : a update cached prediction status : false
07-28 17:18:53.775  5607  5607 I HBD     : h getDefaultInputRange : UNKNOWN
07-28 17:18:53.775  5607  5607 I HBD     : a currentState : 0
07-28 17:18:53.775  1127  1127 I Layer   : id=175962 removeFromCurrentState ActivityRecord{439a218 u0 com.example.dogglers/.VerticalListActivity} t30273}#175962 (126)
07-28 17:18:53.775  1127  1127 I Layer   : id=175963 removeFromCurrentState 258a1fb ActivityRecordInputSink com.example.dogglers/.VerticalListActivity#175963 (126)
07-28 17:18:53.775  1127  1127 I SurfaceFlinger: [c61f608 com.example.dogglers/androidx.test.core.app.InstrumentationActivityInvoker$EmptyActivity#175971] FrameRatePriority: -1
07-28 17:18:53.775  1127  1127 I SurfaceFlinger: id=175962 Removed ActivityRecord{439a218 u0 com.example.dogglers/.VerticalListActivity} t30273}#175962 (126)
07-28 17:18:53.775  5607  5607 I HBD     : a [UpdatePolicy] [post] a: 0 cl: 3342336 kit: [0/0] vt: 0 ir: 1
07-28 17:18:53.775  1127  1127 I Layer   : id=175962 Destroyed ActivityRecord{439a218 u0 com.example.dogglers/.VerticalListActivity} t30273}#175962
07-28 17:18:53.775  1127  1127 I Layer   : id=175963 Destroyed 258a1fb ActivityRecordInputSink com.example.dogglers/.VerticalListActivity#175963
07-28 17:18:53.775  5607  5607 I HBD     : a [NRIC] resetNoResponseState
07-28 17:18:53.776  5607  5607 I HBD     : a needOff = true , isForceOff = false, isNullInputClass : true
07-28 17:18:53.776  5607  5607 I HBD     : a update cached prediction status : false
07-28 17:18:53.776  5607  5607 I HBD     : HoneyBoardService [PF_OP][onStartInput]  5 ms
07-28 17:18:53.777  1127  1177 I SurfaceFlinger: id=175961 Removed a868859 ActivityRecordInputSink com.example.dogglers/androidx.test.core.app.InstrumentationActivityInvoker$BootstrapActivity#175961 (124)
07-28 17:18:53.779  1624  1668 D EnterpriseDeviceManagerService: isMdmAdminPresentInternal() : MDM Admin Found - com.samsung.knox.securefolder
07-28 17:18:53.782  1624  3919 I MediaSessionMonitor: Media session stopped : not playing state
07-28 17:18:53.787  8684  8684 D LifecycleMonitor: Lifecycle status change: androidx.test.core.app.InstrumentationActivityInvoker$EmptyActivity@1f00259 in: PRE_ON_CREATE
07-28 17:18:53.787  8684  8684 V ActivityScenario: Activity lifecycle changed event received but ignored because the intent does not match. startActivityIntent=Intent { act=android.intent.action.MAIN cat=[android.intent.category.LAUNCHER] cmp=com.example.dogglers/.VerticalListActivity }, activity.getIntent()=Intent { act=android.intent.action.MAIN cat=[android.intent.category.LAUNCHER] flg=0x10000000 cmp=com.example.dogglers/androidx.test.core.app.InstrumentationActivityInvoker$EmptyActivity }, activity=androidx.test.core.app.InstrumentationActivityInvoker$EmptyActivity@1f00259
07-28 17:18:53.791  1127  1127 I Layer   : id=175977 removeFromCurrentState Surface(name=d8adfc2 InputMethod)/@0xc2b360e - animation-leash of insets_animation#175977 (124)
07-28 17:18:53.792  1127  1127 D SurfaceFlinger: [input] inputWindowCommands.focusRequests size is 1
07-28 17:18:53.792  1127  1127 I Layer   : id=175956 removeFromCurrentState ActivityRecord{6a95c1e u0 com.example.dogglers/androidx.test.core.app.InstrumentationActivityInvoker$BootstrapActivity} t30273}#175956 (124)
07-28 17:18:53.792  1127  1127 I Layer   : id=175961 removeFromCurrentState a868859 ActivityRecordInputSink com.example.dogglers/androidx.test.core.app.InstrumentationActivityInvoker$BootstrapActivity#175961 (124)
07-28 17:18:53.792  1127  1127 I SurfaceFlinger: id=175956 Removed ActivityRecord{6a95c1e u0 com.example.dogglers/androidx.test.core.app.InstrumentationActivityInvoker$BootstrapActivity} t30273}#175956 (124)
07-28 17:18:53.792  1127  1127 I Layer   : id=175956 Destroyed ActivityRecord{6a95c1e u0 com.example.dogglers/androidx.test.core.app.InstrumentationActivityInvoker$BootstrapActivity} t30273}#175956
07-28 17:18:53.792  1127  1127 I Layer   : id=175961 Destroyed a868859 ActivityRecordInputSink com.example.dogglers/androidx.test.core.app.InstrumentationActivityInvoker$BootstrapActivity#175961
07-28 17:18:53.794  1127  1386 D SurfaceFlinger: [input] setFocusedWindow: <null>
07-28 17:18:53.794  8684  8684 I DecorView: [INFO] isPopOver=false config=true
07-28 17:18:53.794  8684  8684 I DecorView: updateCaptionType: isFloating=false isApplication=true hasWindowDecorCaption=false this=DecorView@ce42ccc[]
07-28 17:18:53.794  8684  8684 D DecorView: setCaptionType = 0, this = DecorView@ce42ccc[]
07-28 17:18:53.794  1624  2705 D InputDispatcher: Focus left window (0): c61f608 com.example.dogglers/androidx.test.core.app.InstrumentationActivityInvoker$EmptyActivity
07-28 17:18:53.798  8684  8684 I DecorView: getCurrentDensityDpi: from real metrics. densityDpi=450 msg=resources_loaded
07-28 17:18:53.798  8684  8684 I DecorView: setWindowBackground: isPopOver=false color=ff010101 d=android.graphics.drawable.StateListDrawable@4956b15
07-28 17:18:53.799  8684  8684 D LifecycleMonitor: Lifecycle status change: androidx.test.core.app.InstrumentationActivityInvoker$EmptyActivity@1f00259 in: CREATED
07-28 17:18:53.799  8684  8684 V ActivityScenario: Activity lifecycle changed event received but ignored because the intent does not match. startActivityIntent=Intent { act=android.intent.action.MAIN cat=[android.intent.category.LAUNCHER] cmp=com.example.dogglers/.VerticalListActivity }, activity.getIntent()=Intent { act=android.intent.action.MAIN cat=[android.intent.category.LAUNCHER] flg=0x10000000 cmp=com.example.dogglers/androidx.test.core.app.InstrumentationActivityInvoker$EmptyActivity }, activity=androidx.test.core.app.InstrumentationActivityInvoker$EmptyActivity@1f00259
07-28 17:18:53.801  8684  8684 D LifecycleMonitor: Lifecycle status change: androidx.test.core.app.InstrumentationActivityInvoker$EmptyActivity@1f00259 in: STARTED
07-28 17:18:53.801  8684  8684 V ActivityScenario: Activity lifecycle changed event received but ignored because the intent does not match. startActivityIntent=Intent { act=android.intent.action.MAIN cat=[android.intent.category.LAUNCHER] cmp=com.example.dogglers/.VerticalListActivity }, activity.getIntent()=Intent { act=android.intent.action.MAIN cat=[android.intent.category.LAUNCHER] flg=0x10000000 cmp=com.example.dogglers/androidx.test.core.app.InstrumentationActivityInvoker$EmptyActivity }, activity=androidx.test.core.app.InstrumentationActivityInvoker$EmptyActivity@1f00259
07-28 17:18:53.803  8684  8684 D LifecycleMonitor: Lifecycle status change: androidx.test.core.app.InstrumentationActivityInvoker$EmptyActivity@1f00259 in: RESUMED
07-28 17:18:53.804  8684  8684 V ActivityScenario: Activity lifecycle changed event received but ignored because the intent does not match. startActivityIntent=Intent { act=android.intent.action.MAIN cat=[android.intent.category.LAUNCHER] cmp=com.example.dogglers/.VerticalListActivity }, activity.getIntent()=Intent { act=android.intent.action.MAIN cat=[android.intent.category.LAUNCHER] flg=0x10000000 cmp=com.example.dogglers/androidx.test.core.app.InstrumentationActivityInvoker$EmptyActivity }, activity=androidx.test.core.app.InstrumentationActivityInvoker$EmptyActivity@1f00259
07-28 17:18:53.804  8684  8684 I MSHandlerLifeCycle: check: return. pkg=com.example.dogglers parent=null callers=com.android.internal.policy.DecorView.setVisibility:4411 android.app.ActivityThread.handleResumeActivity:5476 android.app.servertransaction.ResumeActivityItem.execute:54 android.app.servertransaction.ActivityTransactionItem.execute:45 android.app.servertransaction.TransactionExecutor.executeLifecycleState:176
07-28 17:18:53.804  8684  8684 I MSHandlerLifeCycle: removeMultiSplitHandler: no exist. decor=DecorView@ce42ccc[]
07-28 17:18:53.805  1127  2095 D SurfaceFlinger: [SF client] NEW(0xb4000075f4bc4b60) for (8684:com.example.dogglers)
07-28 17:18:53.808  2897  2984 D MobileStatusTracker(1/1): onSignalStrengthsChanged level=4, vendorLevel=4
07-28 17:18:53.808  1064  1064 D Zygote  : Forked child process 8991
07-28 17:18:53.809  8684  8768 D NativeCustomFrequencyManager: [NativeCFMS] BpCustomFrequencyManager::BpCustomFrequencyManager()
07-28 17:18:53.812  1624  2705 D InputTransport: Input channel constructed: '77c8c80', fd=962
07-28 17:18:53.812  1624  2705 D InputTransport: Input channel constructed: '77c8c80', fd=970
07-28 17:18:53.812  1624  2705 D InputTransport: Input channel constructed: '77c8c80', fd=971
07-28 17:18:53.813  1127  1177 I SurfaceFlinger: id=175979 createSurf flag=80004, 77c8c80 com.example.dogglers/androidx.test.core.app.InstrumentationActivityInvoker$EmptyActivity#175979
07-28 17:18:53.814  2897  2984 D MobileSignalController(1/1): notifyListener: enabled=true, connected=true, dataConnected=false, networkType=LTE (4G), emergencyOnly=false, roaming=true, isDefault=false, dataActivity=, level=4, ca=false, mmWave=false, disabledDataIcon=false, simCard=ETC
07-28 17:18:53.814  2897  2984 D NetworkController: SignalStrength from intent slotId=1
07-28 17:18:53.814  1624  2705 D InputTransport: Input channel destroyed: '77c8c80', fd=971
07-28 17:18:53.816  8684  8684 D InsetsController: onStateChanged: InsetsState: {mDisplayFrame=Rect(0, 0 - 1080, 2400), mDisplayCutout=DisplayCutout{insets=Rect(0, 80 - 0, 0) waterfall=Insets{left=0, top=0, right=0, bottom=0} boundingRect={Bounds=[Rect(0, 0 - 0, 0), Rect(468, 0 - 612, 80), Rect(0, 0 - 0, 0), Rect(0, 0 - 0, 0)]} cutoutPathParserInfo={CutoutPathParserInfo{displayWidth=1080 displayHeight=2400 physicalDisplayWidth=1080 physicalDisplayHeight=2400 density={2.625} cutoutSpec={M 0,0 H -27.42857142857143 V 30.47619047619048 H 27.42857142857143 V 0 H 0 Z @dp} rotation={0} scale={1.0} physicalPixelDisplaySizeRatio={1.0}}}}, mRoundedCorners=RoundedCorners{[RoundedCorner{position=TopLeft, radius=90, center=Point(90, 90)}, RoundedCorner{position=TopRight, radius=90, center=Point(990, 90)}, RoundedCorner{position=BottomRight, radius=90, center=Point(990, 2310)}, RoundedCorner{position=BottomLeft, radius=90, center=Point(90, 2310)}]}  mRoundedCornerFrame=Rect(0, 0 - 1080, 2400), mPrivacyIndicatorBounds=PrivacyIndicatorBounds {static bounds=Rect(956, 0 - 1080, 80) rotation=0}, mSources= { InsetsSource: {mType=ITYPE_STATUS_BAR, mFrame=[0,0][1080,80], mVisible=true, mInsetsRoundedCornerFrame=false}, InsetsSource: {mType=ITYPE_NAVIGATION_BAR, mFrame=[0,2265][1080,2400], mVisible=true, mInsetsRoundedCornerFrame=false}, InsetsSource: {mType=ITYPE_LEFT_GESTURES, mFrame=[0,0][0,2400], mVisible=true, mInsetsRoundedCornerFrame=false}, InsetsSource: {mType=ITYPE_RIGHT_GESTURES, mFrame=[1080,0][1080,2400], mVisible=true, mInsetsRoundedCornerFrame=false}, InsetsSource: {mType=ITYPE_TOP_MANDATORY_GESTURES, mFrame=[0,0][1080,114], mVisible=true, mInsetsRoundedCornerFrame=false}, InsetsSource: {mType=ITYPE_BOTTOM_MANDATORY_GESTURES, mFrame=[0,2265][1080,2400], mVisible=true, mInsetsRoundedCornerFrame=false}, InsetsSource: {mType=ITYPE_LEFT_DISPLAY_CUTOUT, mFrame=[0,0][-100000,2400], mVisible=true, mInsetsRoundedCornerFrame=false}, InsetsSource: {mType=ITYPE_TOP_DISPLAY_CUTOUT, mFrame=[0,0][1080,80], mVisible=true, mInsetsRoundedCornerFrame=false}, InsetsSource: {mType=ITYPE_RIGHT_DISPLAY_CUTOUT, mFrame=[100000,0][1080,2400], mVisible=true, mInsetsRoundedCornerFrame=false}, InsetsSource: {mType=ITYPE_BOTTOM_DISPLAY_CUTOUT, mFrame=[0,100000][1080,2400], mVisible=true, mInsetsRoundedCornerFrame=false}, InsetsSource: {mType=ITYPE_TOP_TAPPABLE_ELEMENT, mFrame=[0,0][1080,80], mVisible=true, mInsetsRoundedCornerFrame=false}, InsetsSource: {mType=ITYPE_BOTTOM_TAPPABLE_ELEMENT, mFrame=[0,2265][1080,2400], mVisible=true, mInsetsRoundedCornerFrame=false} } host=com.example.dogglers/androidx.test.core.app.InstrumentationActivityInvoker$EmptyActivity from=android.view.ViewRootImpl.setView:1732
07-28 17:18:53.819  8684  8684 I ViewRootImpl@17d2e2a[InstrumentationActivityInvoker$EmptyActivity]: setView = com.android.internal.policy.DecorView@ce42ccc TM=true
07-28 17:18:53.820  8684  8684 I MSHandlerLifeCycle: removeMultiSplitHandler: no exist. decor=DecorView@ce42ccc[InstrumentationActivityInvoker$EmptyActivity]
07-28 17:18:53.821  1624  1745 D AnalyticsContainerHandler: handleMessage : { when=0 what=1 target=com.android.server.knox.KnoxAnalyticsContainer$AnalyticsHandler }
07-28 17:18:53.822  1624  2705 D InputMethodManagerService: isImeSwitcherDisabledPackage : false
07-28 17:18:53.824  5607  5607 I InputMethodService: removeImeSurface
07-28 17:18:53.824  5607  5607 I MSHandlerLifeCycle: check: return. pkg=com.samsung.android.honeyboard isActivity=false callers=com.android.internal.policy.DecorView.setVisibility:4411 android.app.Dialog.hide:767 android.inputmethodservice.InputMethodService.removeImeSurface:1290 android.inputmethodservice.InputMethodService.scheduleImeSurfaceRemoval:1279 android.inputmethodservice.InputMethodService.-$$Nest$mscheduleImeSurfaceRemoval:0
07-28 17:18:53.824  5607  5607 I MSHandlerLifeCycle: removeMultiSplitHandler: no exist. decor=DecorView@4ed7bdc[InputMethod]
07-28 17:18:53.831  8684  8684 I ViewRootImpl@17d2e2a[InstrumentationActivityInvoker$EmptyActivity]: performTraversals params={(0,0)(fillxfill) sim={adjust=pan forwardNavigation} ty=BASE_APPLICATION wanim=0x1030001
07-28 17:18:53.831  8684  8684 I ViewRootImpl@17d2e2a[InstrumentationActivityInvoker$EmptyActivity]:   fl=1810100
07-28 17:18:53.831  8684  8684 I ViewRootImpl@17d2e2a[InstrumentationActivityInvoker$EmptyActivity]:   pfl=12020040
07-28 17:18:53.831  8684  8684 I ViewRootImpl@17d2e2a[InstrumentationActivityInvoker$EmptyActivity]:   bhv=DEFAULT
07-28 17:18:53.831  8684  8684 I ViewRootImpl@17d2e2a[InstrumentationActivityInvoker$EmptyActivity]:   fitSides= naviIconColor=0
07-28 17:18:53.831  8684  8684 I ViewRootImpl@17d2e2a[InstrumentationActivityInvoker$EmptyActivity]:   sfl=100000}
07-28 17:18:53.833  8684  8684 I ViewRootImpl@17d2e2a[InstrumentationActivityInvoker$EmptyActivity]: performTraversals mFirst=true windowShouldResize=true viewVisibilityChanged=false mForceNextWindowRelayout=false params={(0,0)(fillxfill) sim={adjust=pan forwardNavigation} ty=BASE_APPLICATION wanim=0x1030001
07-28 17:18:53.833  8684  8684 I ViewRootImpl@17d2e2a[InstrumentationActivityInvoker$EmptyActivity]:   fl=1810100
07-28 17:18:53.833  8684  8684 I ViewRootImpl@17d2e2a[InstrumentationActivityInvoker$EmptyActivity]:   pfl=12020040
07-28 17:18:53.833  8684  8684 I ViewRootImpl@17d2e2a[InstrumentationActivityInvoker$EmptyActivity]:   bhv=DEFAULT
07-28 17:18:53.833  8684  8684 I ViewRootImpl@17d2e2a[InstrumentationActivityInvoker$EmptyActivity]:   fitSides= naviIconColor=0
07-28 17:18:53.833  8684  8684 I ViewRootImpl@17d2e2a[InstrumentationActivityInvoker$EmptyActivity]:   sfl=100000}
07-28 17:18:53.834  1624  2705 V WindowManager: Relayout Window{77c8c80 u0 com.example.dogglers/androidx.test.core.app.InstrumentationActivityInvoker$EmptyActivity}: viewVisibility=0 req=1080x2400 d0
07-28 17:18:53.837  1127  1177 I BufferQueueDebug: [com.example.dogglers/androidx.test.core.app.InstrumentationActivityInvoker$EmptyActivity$_8684#175980](this:0xb4000075f4c5a838,id:-1,api:0,p:-1,c:-1) BufferQueue core=(1127:/system/bin/surfaceflinger)
07-28 17:18:53.838  1127  1177 I SurfaceFlinger: id=175980 createSurf flag=40004, com.example.dogglers/androidx.test.core.app.InstrumentationActivityInvoker$EmptyActivity$_8684#175980
07-28 17:18:53.842  8991  8991 I ung.android.scs: Using CollectorTypeCC GC.
07-28 17:18:53.844  1127  1177 I SurfaceFlinger: id=175981 createSurf flag=24000, Surface(name=7ae696d StatusBar)/@0x546cfe9 - animation-leash of insets_animation#175981
07-28 17:18:53.846  1127  1177 I SurfaceFlinger: id=175982 createSurf flag=24000, Surface(name=57253a2 NavigationBar0)/@0x6398367 - animation-leash of insets_animation#175982
