07-28 17:18:49.687  8684  8684 V ActivityScenario: Activity lifecycle changed event received but ignored because the intent does not match. startActivityIntent=Intent { act=android.intent.action.MAIN cat=[android.intent.category.LAUNCHER] cmp=com.example.dogglers/.VerticalListActivity }, activity.getIntent()=Intent { act=android.intent.action.MAIN cat=[android.intent.category.LAUNCHER] flg=0x10008000 cmp=com.example.dogglers/androidx.test.core.app.InstrumentationActivityInvoker$BootstrapActivity (has extras) }, activity=androidx.test.core.app.InstrumentationActivityInvoker$BootstrapActivity@7952aba
07-28 17:18:49.688  8787  8809 I SCS@AiSearch user 0: (HintsHelper) init collect hints and schedule periodic job isImmediate = false
07-28 17:18:49.692  8787  8809 I SCS@AiSearch user 0: (SchedulingManager) UsageScoreIndexingWorker: Result:: androidx.work.impl.utils.futures.SettableFuture@894eb0c[status=PENDING]
07-28 17:18:49.693  8787  8825 I SCS@AiSearch user 0: (AppsDataWorker) [androidx.work-1] entering in doWork():
07-28 17:18:49.693  8787  8809 I SCS@AiSearch user 0: (SchedulingManager) scheduleJobServiceLogging
07-28 17:18:49.702  8787  8825 I SCS@AiSearch user 0: (AppsDataObserver) [androidx.work-1] entering in execute():
07-28 17:18:49.702  8787  8825 I SCS@AiSearch user 0: (AppsDataObserver-CMD_UPDATE_LIST) changed package count: 0
07-28 17:18:49.702  8787  8825 I SCS@AiSearch user 0: (AppsDataObserver) [androidx.work-1] leaving from execute():  result is true
07-28 17:18:49.702  8787  8825 I SCS@AiSearch user 0: (AppsDataWorker) [androidx.work-1] leaving from doWork():
07-28 17:18:49.704  8684  8684 I ViewRootImpl@fa02096[VerticalListActivity]: performTraversals params={(0,0)(fillxfill) sim={adjust=resize forwardNavigation} ty=BASE_APPLICATION wanim=0x1030309
07-28 17:18:49.704  8684  8684 I ViewRootImpl@fa02096[VerticalListActivity]:   fl=81810100
07-28 17:18:49.704  8684  8684 I ViewRootImpl@fa02096[VerticalListActivity]:   pfl=12020040
07-28 17:18:49.704  8684  8684 I ViewRootImpl@fa02096[VerticalListActivity]:   bhv=DEFAULT
07-28 17:18:49.704  8684  8684 I ViewRootImpl@fa02096[VerticalListActivity]:   fitSides= naviIconColor=0
07-28 17:18:49.704  8684  8684 I ViewRootImpl@fa02096[VerticalListActivity]:   sfl=100000}
07-28 17:18:49.706  8684  8684 I ViewRootImpl@fa02096[VerticalListActivity]: performTraversals mFirst=true windowShouldResize=true viewVisibilityChanged=false mForceNextWindowRelayout=false params={(0,0)(fillxfill) sim={adjust=resize forwardNavigation} ty=BASE_APPLICATION wanim=0x1030309
07-28 17:18:49.706  8684  8684 I ViewRootImpl@fa02096[VerticalListActivity]:   fl=81810100
07-28 17:18:49.706  8684  8684 I ViewRootImpl@fa02096[VerticalListActivity]:   pfl=12020040
07-28 17:18:49.706  8684  8684 I ViewRootImpl@fa02096[VerticalListActivity]:   bhv=DEFAULT
07-28 17:18:49.706  8684  8684 I ViewRootImpl@fa02096[VerticalListActivity]:   fitSides= naviIconColor=0
07-28 17:18:49.706  8684  8684 I ViewRootImpl@fa02096[VerticalListActivity]:   sfl=100000}
07-28 17:18:49.706  1624  5212 D PackageManager: setEnabledSetting : userId = 0 packageName = com.samsung.android.scs cmp = androidx.work.impl.background.systemalarm.RescheduleReceiver newState = 1 callingPackage = 10112/com.samsung.android.scs
07-28 17:18:49.707  1624  4999 V WindowManager: Relayout Window{e200909 u0 com.example.dogglers/com.example.dogglers.VerticalListActivity}: viewVisibility=0 req=1080x2400 d0
07-28 17:18:49.707  1624  5212 D ApplicationPolicy: getApplicationStateEnabled : pkg = com.samsung.android.scs userId : 0
07-28 17:18:49.707  1624  5212 D ApplicationPolicy: getApplicationComponentState : pkg = com.samsung.android.scs userId : 0
07-28 17:18:49.707  1127  3782 I BufferQueueDebug: [com.example.dogglers/com.example.dogglers.VerticalListActivity$_8684#175848](this:0xb4000075f5396838,id:-1,api:0,p:-1,c:-1) BufferQueue core=(1127:/system/bin/surfaceflinger)
07-28 17:18:49.708  1127  3782 I SurfaceFlinger: id=175848 createSurf flag=40004, com.example.dogglers/com.example.dogglers.VerticalListActivity$_8684#175848
07-28 17:18:49.711  1127  3782 I SurfaceFlinger: id=175849 createSurf flag=24000, Surface(name=7ae696d StatusBar)/@0x546cfe9 - animation-leash of insets_animation#175849
07-28 17:18:49.712  1127  3782 I SurfaceFlinger: id=175850 createSurf flag=24000, Surface(name=57253a2 NavigationBar0)/@0x6398367 - animation-leash of insets_animation#175850
07-28 17:18:49.714  3393 16210 I TouchInteractionService: onSystemUiStateChanged, stateFlags : 131072 |allow_gesture|
07-28 17:18:49.714  3393  3393 I RecentsAnimationDeviceState: setSystemUiFlags, stateFlags : 131072
07-28 17:18:49.714  3393  3393 I TouchInteractionService: onSystemUiFlagsChanged, lastSysUIFlags : 0
07-28 17:18:49.715  1624  4999 V WindowManager: Relayout hash=e200909, pid=8684, syncId=-1: mAttrs={(0,0)(fillxfill) sim={adjust=resize forwardNavigation} ty=BASE_APPLICATION wanim=0x1030309
07-28 17:18:49.715  1624  4999 V WindowManager:   fl=81810100
07-28 17:18:49.715  1624  4999 V WindowManager:   pfl=12020040
07-28 17:18:49.715  1624  4999 V WindowManager:   apr=LIGHT_NAVIGATION_BARS
07-28 17:18:49.715  1624  4999 V WindowManager:   bhv=DEFAULT
07-28 17:18:49.715  1624  4999 V WindowManager:   fitSides= naviIconColor=0
07-28 17:18:49.715  1624  4999 V WindowManager:   sfl=100000}
07-28 17:18:49.718  8684  8684 I ViewRootImpl@fa02096[VerticalListActivity]: updateBlastSurfaceIfNeeded mBlastBufferQueue=null isSameSurfaceControl=false
07-28 17:18:49.718  8684  8684 D BufferQueueConsumer: [](id:21ec00000000,api:0,p:-1,c:8684) connect: controlledByApp=false
07-28 17:18:49.721  8684  8684 I BLASTBufferQueue: new BLASTBufferQueue, mName= ViewRootImpl@fa02096[VerticalListActivity] mNativeObject= 0xb40000731614d000 sc.mNativeObject= 0xb40000731fbf20c0 caller= android.view.ViewRootImpl.updateBlastSurfaceIfNeeded:2909 android.view.ViewRootImpl.relayoutWindow:9847 android.view.ViewRootImpl.performTraversals:3884 android.view.ViewRootImpl.doTraversal:3116 android.view.ViewRootImpl$TraversalRunnable.run:10885 android.view.Choreographer$CallbackRecord.run:1301 android.view.Choreographer$CallbackRecord.run:1309 android.view.Choreographer.doCallbacks:923 android.view.Choreographer.doFrame:852 android.view.Choreographer$FrameDisplayEventReceiver.run:1283
07-28 17:18:49.721  8684  8684 I BLASTBufferQueue: update, w= 1080 h= 2400 mName = ViewRootImpl@fa02096[VerticalListActivity] mNativeObject= 0xb40000731614d000 sc.mNativeObject= 0xb40000731fbf20c0 format= -1 caller= android.graphics.BLASTBufferQueue.<init>:84 android.view.ViewRootImpl.updateBlastSurfaceIfNeeded:2909 android.view.ViewRootImpl.relayoutWindow:9847 android.view.ViewRootImpl.performTraversals:3884 android.view.ViewRootImpl.doTraversal:3116 android.view.ViewRootImpl$TraversalRunnable.run:10885
07-28 17:18:49.723  8684  8684 E FBI     : Can't load library: dlopen failed: library "libmagtsync.so" not found
07-28 17:18:49.724  8684  8684 I ViewRootImpl@fa02096[VerticalListActivity]: Relayout returned: old=(0,0,1080,2400) new=(0,0,1080,2400) req=(1080,2400)0 dur=12 res=0x3 s={true 0xb4000073160f7000} ch=true seqId=0
07-28 17:18:49.725  8684  8684 I ViewRootImpl@fa02096[VerticalListActivity]: mThreadedRenderer.initialize() mSurface={isValid=true 0xb4000073160f7000} hwInitialized=true
07-28 17:18:49.726  1127  1177 E HWComposer: getSupportedContentTypes: getSupportedContentTypes failed for display 0: Unsupported (8)
07-28 17:18:49.727  8684  8768 D OpenGLRenderer: eglCreateWindowSurface
07-28 17:18:49.731   540   548 I servicemanager: Could not find android.hardware.graphics.allocator.IAllocator/default in the VINTF manifest.
07-28 17:18:49.732  1624  4999 D PackageManager: setEnabledSetting : userId = 0 packageName = com.samsung.android.scs cmp = androidx.work.impl.background.systemalarm.RescheduleReceiver newState = 1 callingPackage = 10112/com.samsung.android.scs
07-28 17:18:49.733  1624  4999 D ApplicationPolicy: getApplicationStateEnabled : pkg = com.samsung.android.scs userId : 0
07-28 17:18:49.733  8684  8826 E ion     : ioctl c0044901 failed with code -1: Invalid argument
07-28 17:18:49.734  1624  4999 D ApplicationPolicy: getApplicationComponentState : pkg = com.samsung.android.scs userId : 0
07-28 17:18:49.745  8787  8820 I WM-WorkerWrapper: Worker result SUCCESS for Work [ id=aa1ec291-7ff5-4cf4-96c3-6e377647a7de, tags={ com.samsung.android.scs.ai.search.scheduling.workers.AppsDataWorker, CMD_UPDATE_LIST } ]
07-28 17:18:49.746  1127  1127 I Layer   : id=175834 removeFromCurrentState Surface(name=7ae696d StatusBar)/@0x546cfe9 - animation-leash of insets_animation#175834 (111)
07-28 17:18:49.746  1127  1127 I Layer   : id=175835 removeFromCurrentState Surface(name=57253a2 NavigationBar0)/@0x6398367 - animation-leash of insets_animation#175835 (111)
07-28 17:18:49.746  1127  1127 I SurfaceFlinger: [e200909 com.example.dogglers/com.example.dogglers.VerticalListActivity#175847] FrameRatePriority: 1
07-28 17:18:49.746  1127  1127 D SurfaceFlinger: [input] inputWindowCommands.focusRequests size is 1
07-28 17:18:49.747  1127  1127 I SurfaceFlinger: id=175834 Removed Surface(name=7ae696d StatusBar)/@0x546cfe9 - animation-leash of insets_animation#175834 (111)
07-28 17:18:49.747  1127  1127 I SurfaceFlinger: id=175835 Removed Surface(name=57253a2 NavigationBar0)/@0x6398367 - animation-leash of insets_animation#175835 (111)
07-28 17:18:49.747  1127  1127 I Layer   : id=175834 Destroyed Surface(name=7ae696d StatusBar)/@0x546cfe9 - animation-leash of insets_animation#175834
07-28 17:18:49.747  1127  1127 I Layer   : id=175835 Destroyed Surface(name=57253a2 NavigationBar0)/@0x6398367 - animation-leash of insets_animation#175835
07-28 17:18:49.748  1127  1386 D SurfaceFlinger: [input] setFocusedWindow: e200909 com.example.dogglers/com.example.dogglers.VerticalListActivity
07-28 17:18:49.748  1624  2957 D InputDispatcher: Focus request (0): e200909 com.example.dogglers/com.example.dogglers.VerticalListActivity but waiting because NO_WINDOW
07-28 17:18:49.755  8787  8787 I SCS@AiSearch user 0: (SearchProvider) onTrimMemory(): 15
07-28 17:18:49.756  8787  8787 I SCS@AiSearch user 0: (SearchProvider) onTrimMemory(): 80
07-28 17:18:49.786  8684  8684 D skia    : SkJpegCodec::onGetPixels +
07-28 17:18:49.793  8684  8684 D skia    : SkJpegCodec::onGetPixels -
07-28 17:18:49.817  8684  8684 D skia    : SkJpegCodec::onGetPixels +
07-28 17:18:49.827  8684  8684 D skia    : SkJpegCodec::onGetPixels -
07-28 17:18:49.835  4741  4741 I A       : onPause
07-28 17:18:49.845  8684  8684 D skia    : SkJpegCodec::onGetPixels +
07-28 17:18:49.852  8684  8684 D skia    : SkJpegCodec::onGetPixels -
07-28 17:18:49.861  8684  8684 I ViewRootImpl@fa02096[VerticalListActivity]: reportNextDraw android.view.ViewRootImpl.performTraversals:4438 android.view.ViewRootImpl.doTraversal:3116 android.view.ViewRootImpl$TraversalRunnable.run:10885 android.view.Choreographer$CallbackRecord.run:1301 android.view.Choreographer$CallbackRecord.run:1309
07-28 17:18:49.861  8684  8684 I ViewRootImpl@fa02096[VerticalListActivity]: Setup new sync id=0
07-28 17:18:49.861  8684  8684 I ViewRootImpl@fa02096[VerticalListActivity]: Setting syncFrameCallback
07-28 17:18:49.862  8684  8684 I ViewRootImpl@fa02096[VerticalListActivity]: registerCallbacksForSync syncBuffer=false
07-28 17:18:49.875  8684  8828 I ViewRootImpl@fa02096[VerticalListActivity]: Received frameDrawingCallback syncResult=0 frameNum=1.
07-28 17:18:49.875  8684  8828 I ViewRootImpl@fa02096[VerticalListActivity]: Setting up sync and frameCommitCallback
07-28 17:18:49.875  8684  8768 D hw-ProcessState: Binder ioctl to enable oneway spam detection failed: Invalid argument
07-28 17:18:49.881  4741  4741 I A       : onStop
07-28 17:18:49.922   539   539 I lmkd    : cached 0, sandbox(not0) 0
07-28 17:18:49.925   539   539 I lmkd    : Reclaim 'com.google.process.gservices' (8664), uid 10224, oom_score_adj 945, state 19 to free 74424kB rss, 43560kB swap; reason: low watermark is breached and swap is low (2233460kB < 2348808kB)
07-28 17:18:49.946  1064  1064 I Zygote  : Process 8664 exited due to signal 9 (Killed)
07-28 17:18:49.946  1624  1682 I libprocessgroup: Successfully killed process cgroup uid 10224 pid 8664 in 0ms
07-28 17:18:49.946   539   539 I lmkd    : cached 0, sandbox(not0) 0
07-28 17:18:49.948   539   539 I lmkd    : Reclaim 'com.samsung.android.game.gos' (8636), uid 10084, oom_score_adj 935, state 19 to free 83112kB rss, 42660kB swap; reason: low watermark is breached and swap is low (2233280kB < 2348808kB)
07-28 17:18:49.966  1624  1682 I libprocessgroup: Successfully killed process cgroup uid 10084 pid 8636 in 0ms
07-28 17:18:49.968  1064  1064 I Zygote  : Process 8636 exited due to signal 9 (Killed)
07-28 17:18:49.968  2897  2984 D MobileStatusTracker(1/1): onSignalStrengthsChanged level=4, vendorLevel=4
07-28 17:18:49.969  2897  2984 D MobileSignalController(1/1): notifyListener: enabled=true, connected=true, dataConnected=false, networkType=LTE (4G), emergencyOnly=false, roaming=true, isDefault=false, dataActivity=, level=4, ca=false, mmWave=false, disabledDataIcon=false, simCard=ETC
07-28 17:18:49.973  2897  2984 D NetworkController: SignalStrength from intent slotId=1
07-28 17:18:50.027  8684  8768 I BLASTBufferQueue: [ViewRootImpl@fa02096[VerticalListActivity]#0](f:0,a:0) onFrameAvailable the first frame is available
07-28 17:18:50.027  8684  8768 D BLASTBufferQueue: [ViewRootImpl@fa02096[VerticalListActivity]#0](f:0,a:1) acquireNextBufferLocked size=1080x2400 mFrameNumber=1 applyTransaction=true mTimestamp=1006959581724403(auto) mPendingTransactions.size=0 graphicBufferId=37297495998466 transform=0
07-28 17:18:50.028  8684  8768 I ViewRootImpl@fa02096[VerticalListActivity]: Received frameCommittedCallback lastAttemptedDrawFrameNum=1 didProduceBuffer=true
07-28 17:18:50.029  8684  8768 D OpenGLRenderer: CFMS:: SetUp Pid : 8684    Tid : 8768
07-28 17:18:50.029  1127  1127 I ClientCache: add: Cache owner=0xb4000075f5452620
07-28 17:18:50.030  1127  1127 D BufferStateLayer: com.example.dogglers/com.example.dogglers.VerticalListActivity$_8684#175848 setBuffer frameId=1, bufferId=37297495998466 fenceId=562, w= 1080, h=2400
07-28 17:18:50.031  8684  8768 W Parcel  : Expecting binder but got null!
07-28 17:18:50.032  8684  8684 I ViewRootImpl@fa02096[VerticalListActivity]: onSyncComplete
07-28 17:18:50.034  8684  8684 I ViewRootImpl@fa02096[VerticalListActivity]: setupSync seqId=0 mSyncId=0 fn=1 caller=android.view.ViewRootImpl$$ExternalSyntheticLambda11.accept:6 android.window.SurfaceSyncer.lambda$setupSync$1$android-window-SurfaceSyncer:128 android.window.SurfaceSyncer$$ExternalSyntheticLambda1.accept:8 android.window.SurfaceSyncer$SyncSet.checkIfSyncIsComplete:382 android.window.SurfaceSyncer$SyncSet.markSyncReady:359 android.window.SurfaceSyncer.markSyncReady:151 android.view.ViewRootImpl.performTraversals:4503
07-28 17:18:50.034  8684  8684 I ViewRootImpl@fa02096[VerticalListActivity]: reportDrawFinished seqId=0 mSyncId=-1 fn=1 mSurfaceChangedTransaction=0xb400007316029000
07-28 17:18:50.039  1624  1669 I SemDvfsHyPerManager: acquire hyper - AMS_RESUME_TAIL/1624@21, type = -999
07-28 17:18:50.039  1624  1669 I SemDvfsHyPerManager: acquire hyper - AMS_ACT_LAZY/1624@22, type = -999
07-28 17:18:50.039  1090  1150 I HYPER-HAL: [RequestManager.cpp]acquire(): Acquired ID : 1353856  [1624 / 21]    HINT : AMS_RESUME_TAIL    list :
07-28 17:18:50.040  1624  1665 W ziparchive: Unable to open '/data/app/~~KwWEaLvC3N8lGKrKk0eQLw==/com.example.dogglers-qTYCQ1SZN0zaUgqutcjCEg==/base.dm': No such file or directory
07-28 17:18:50.040  1090  1150 I mtkpower_client: perf_lock_rel, hdl:79982, tid:1150
07-28 17:18:50.040  1093  1167 I libPowerHal: [perfLockRel] hdl:79982, idx:3
07-28 17:18:50.040  1093  1167 I libPowerHal: [PD] vendor.samsung. update cmd:1c3c000, param:1
07-28 17:18:50.041  1624  3610 E libprocessgroup: Failed to find cgroup for tid 3610
07-28 17:18:50.041  1093  1167 I libPowerHal: [PD] (less) /proc/mcdi/state set +prefix:enable 1;
07-28 17:18:50.041  1624  3610 W libprocessgroup: Failed to apply DoNothingOlaf task profile: Try again
07-28 17:18:50.041  1624  1665 I PkgPredictorService-SecIpmManagerServiceImpl: reportToNAP uid:10520 com.example.dogglers/com.example.dogglers.VerticalListActivity thisTime:735
07-28 17:18:50.041  1090  1150 I mtkpower_client: perf_lock_acq, hdl:0, dur:0, num:2, tid:1150
07-28 17:18:50.042  1090  1150 I mtkpower_client: ret_hdl:79985
07-28 17:18:50.042  1090  1150 I mtkpower_client: perf_lock_rel, hdl:79984, tid:1150
07-28 17:18:50.043  1093  1167 I libPowerHal: [perfLockAcq] idx:2 hdl:79985 hint:-1 pid:1090 duration:0 lock_user:vendor.samsung. => ret_hdl:79985
07-28 17:18:50.043  1093  1167 I libPowerHal: [PE] (less) /proc/mcdi/state set +prefix:enable 0;
07-28 17:18:50.043  1127  3782 I SurfaceFlinger: id=175851 createSurf flag=24000, Surface(name=e200909 com.example.dogglers/com.example.dogglers.VerticalListActivity)/@0xb15d135 - animation-leash of starting_reveal#175851
07-28 17:18:50.043  1090  1150 I mtkpower_client: perf_lock_acq, hdl:0, dur:0, num:2, tid:1150
07-28 17:18:50.043  1093  1167 I libPowerHal: [perfLockRel] hdl:79984, idx:1
07-28 17:18:50.044  1093  1167 I libPowerHal: [PD] vendor.samsung. update cmd:1000000, param:-1
07-28 17:18:50.044  1093  1167 I libPowerHal: [PD] vendor.samsung. update cmd:1000000 param:-1
07-28 17:18:50.045  1624  1665 I ActivityTaskManager: Displayed com.example.dogglers/.VerticalListActivity: +735ms
07-28 17:18:50.045  3746  3746 E pageboostd: Received HALT command code 2
07-28 17:18:50.045  1090  1150 I mtkpower_client: ret_hdl:79986
07-28 17:18:50.046  1093  1167 I libPowerHal: [perfLockAcq] idx:1 hdl:79986 hint:-1 pid:1090 duration:0 lock_user:vendor.samsung. => ret_hdl:79986
07-28 17:18:50.046  1127  1127 I Layer   : Layer [com.example.dogglers/com.example.dogglers.VerticalListActivity$_8684#175848] hidden!! flag(0)
07-28 17:18:50.046  1093  1167 I libPowerHal: [PE] vendor.samsung. update cmd:1000000, param:0
07-28 17:18:50.046  1093  1167 I libPowerHal: [PE] vendor.samsung. update cmd:1000000 param:0
07-28 17:18:50.046  1090  1150 I mtkpower_client: perf_lock_rel, hdl:79985, tid:1150
07-28 17:18:50.048  1624  2957 D InputDispatcher: Focus entered window (0): e200909 com.example.dogglers/com.example.dogglers.VerticalListActivity
07-28 17:18:50.048  1090  1150 I mtkpower_client: perf_lock_acq, hdl:0, dur:0, num:2, tid:1150
07-28 17:18:50.048  1093  1167 I libPowerHal: [perfLockRel] hdl:79985, idx:2
07-28 17:18:50.048  1093  1167 I libPowerHal: [PD] vendor.samsung. update cmd:1c3c000, param:1
07-28 17:18:50.049  1093  1167 I libPowerHal: [PD] (less) /proc/mcdi/state set +prefix:enable 1;
07-28 17:18:50.050  1090  1150 I mtkpower_client: ret_hdl:79987
07-28 17:18:50.050  1090  1150 I mtkpower_client: perf_lock_rel, hdl:79983, tid:1150
07-28 17:18:50.050  1093  1167 I libPowerHal: [perfLockAcq] idx:2 hdl:79987 hint:-1 pid:1090 duration:0 lock_user:vendor.samsung. => ret_hdl:79987
07-28 17:18:50.050  1093  1167 I libPowerHal: [PE] (less) /proc/mcdi/state set +prefix:enable 0;
07-28 17:18:50.051  1090  1150 I mtkpower_client: perf_lock_acq, hdl:0, dur:0, num:2, tid:1150
07-28 17:18:50.051  1093  1167 I libPowerHal: [perfLockRel] hdl:79983, idx:0
07-28 17:18:50.051  1127  1127 D SurfaceFlinger: Display 0 HWC layers:
07-28 17:18:50.051  1127  1127 D SurfaceFlinger:      DEVICE | 0xb4000075f544b000 | 0102 | RGBA_8888    |    0.0    0.0 1080.0 2400.0 |    0    0 1080 2400 | com.example.dogglers/com.example.dogglers.VerticalListActivity$_8684#175848
07-28 17:18:50.051  1127  1127 D SurfaceFlinger:      DEVICE | 0xb400007623227c00 | 0100 | RGBA_8888    |    0.0    0.0 1080.0 2400.0 |    0    0 1080 2400 | Splash Screen com.example.dogglers$_2897#175841
07-28 17:18:50.051  1127  1127 D SurfaceFlinger:      DEVICE | 0xb4000075f544c980 | 0100 | RGBA_8888    |    0.0    0.0 1080.0   80.0 |    0    0 1080   80 | StatusBar$_2897#91
07-28 17:18:50.051  1127  1127 D SurfaceFlinger:      DEVICE | 0xb4000075f544c800 | 0100 | RGBA_8888    |    0.0    0.0 1080.0  135.0 |    0 2265 1080 2400 | NavigationBar0$_2897#86
07-28 17:18:50.051  1127  1127 D SurfaceFlinger:      DEVICE | 0xb4000075f544b300 | 0140 | RGBA_8888    |    0.0    0.0 1080.0  150.0 |    0    0 1080  150 | ScreenDecorOverlay$_2897#100
07-28 17:18:50.051  1127  1127 D SurfaceFlinger:      DEVICE | 0xb400007621856700 | 0140 | RGBA_8888    |    0.0    0.0 1080.0  150.0 |    0 2250 1080 2400 | ScreenDecorOverlayBottom$_2897#101
07-28 17:18:50.051  1127  1127 D SurfaceFlinger:
07-28 17:18:50.052  1093  1167 I libPowerHal: vendor.samsung.: cpu_ctrl set cpu freq: -1 -1 -1 -1
07-28 17:18:50.052  1090  1150 I mtkpower_client: ret_hdl:79988
07-28 17:18:50.052  1090  1150 I mtkpower_client: perf_lock_rel, hdl:79986, tid:1150
07-28 17:18:50.053  1093  1167 I libPowerHal: [perfLockAcq] idx:3 hdl:79988 hint:-1 pid:1090 duration:0 lock_user:vendor.samsung. => ret_hdl:79988
07-28 17:18:50.053  1093  1167 I libPowerHal: vendor.samsung.: cpu_ctrl set cpu freq: 1800000 -1 -1 -1
07-28 17:18:50.053  1090  1150 I mtkpower_client: perf_lock_acq, hdl:0, dur:0, num:2, tid:1150
07-28 17:18:50.054  1093  1167 I libPowerHal: [perfLockRel] hdl:79986, idx:1
07-28 17:18:50.054  1093  1167 I libPowerHal: [PD] vendor.samsung. update cmd:1000000, param:-1
07-28 17:18:50.054  1093  1167 I libPowerHal: [PD] vendor.samsung. update cmd:1000000 param:-1
07-28 17:18:50.055  1090  1150 I mtkpower_client: ret_hdl:79989
07-28 17:18:50.055  1093  1167 I libPowerHal: [perfLockAcq] idx:0 hdl:79989 hint:-1 pid:1090 duration:0 lock_user:vendor.samsung. => ret_hdl:79989
07-28 17:18:50.055  1090  1150 I HYPER-HAL: [RequestManager.cpp]releaseLocked(): Released ID : 1372028
07-28 17:18:50.055  1093  1167 I libPowerHal: [PE] vendor.samsung. update cmd:1000000, param:0
07-28 17:18:50.055  1093  1167 I libPowerHal: [PE] vendor.samsung. update cmd:1000000 param:0
07-28 17:18:50.060  8684  8684 I ViewRootImpl@fa02096[VerticalListActivity]: MSG_WINDOW_FOCUS_CHANGED 1 0
07-28 17:18:50.061  8684  8684 I ViewRootImpl@fa02096[VerticalListActivity]: mThreadedRenderer.initializeIfNeeded()#2 mSurface={isValid=true 0xb4000073160f7000}
07-28 17:18:50.063  8684  8684 D InputMethodManager: startInputInner - Id : 0
07-28 17:18:50.063  8684  8684 I InputMethodManager: startInputInner - mService.startInputOrWindowGainedFocus
07-28 17:18:50.064  2897  2960 D OpenGLRenderer: setSurface called with nullptr
07-28 17:18:50.064  2897  2960 D OpenGLRenderer: setSurface() destroyed EGLSurface
07-28 17:18:50.064  2897  2960 D OpenGLRenderer: destroyEglSurface
07-28 17:18:50.066  1624  1688 W libprocessgroup: Failed to open /dev/blkio//cgroup.procs: No such file or directory
07-28 17:18:50.067  1233  9413 I CameraService: onUidStateChanged: uid=10063, procState is changed. (1 -> 0)
07-28 17:18:50.068  1624  5742 D InputMethodManagerService: mDesktopModeManager null!
07-28 17:18:50.068  1624  5742 V InputMethodManagerService: getDisplayIdOfInputMethodWindowToBeAdded: displayId=0
07-28 17:18:50.068  2897  2945 I ViewRootImpl@694a170[dogglers]: performTraversals params={(0,0)(fillxfill) sim={adjust=pan} ty=APPLICATION_STARTING fmt=TRANSLUCENT wanim=0x1030001 alpha=0.0
07-28 17:18:50.068  2897  2945 I ViewRootImpl@694a170[dogglers]:   fl=81030118
07-28 17:18:50.068  2897  2945 I ViewRootImpl@694a170[dogglers]:   pfl=16000010
07-28 17:18:50.068  2897  2945 I ViewRootImpl@694a170[dogglers]:   bhv=DEFAULT
07-28 17:18:50.068  2897  2945 I ViewRootImpl@694a170[dogglers]:   fitSides= naviIconColor=0}
07-28 17:18:50.068  2897  2945 I ViewRootImpl@694a170[dogglers]: performTraversals mFirst=false windowShouldResize=false viewVisibilityChanged=true mForceNextWindowRelayout=false params={(0,0)(fillxfill) sim={adjust=pan} ty=APPLICATION_STARTING fmt=TRANSLUCENT wanim=0x1030001 alpha=0.0
07-28 17:18:50.068  2897  2945 I ViewRootImpl@694a170[dogglers]:   fl=81030118
07-28 17:18:50.068  2897  2945 I ViewRootImpl@694a170[dogglers]:   pfl=16000010
07-28 17:18:50.068  2897  2945 I ViewRootImpl@694a170[dogglers]:   bhv=DEFAULT
07-28 17:18:50.068  2897  2945 I ViewRootImpl@694a170[dogglers]:   fitSides= naviIconColor=0}
07-28 17:18:50.069  1624  5742 D InputTransport: Input channel constructed: 'ClientS', fd=1330
07-28 17:18:50.069  1624  5742 D InputTransport: Input channel constructed: 'ClientS', fd=1331
07-28 17:18:50.069  1624  2957 V WindowManager: Relayout Window{aceba95 u0 Splash Screen com.example.dogglers}: viewVisibility=8 req=1080x2400 d0
07-28 17:18:50.070  1624  5742 D InputTransport: Input channel destroyed: 'ClientS', fd=1331
07-28 17:18:50.071  2897  2897 D NavigationBar: onSystemBarAttributesChanged() -  displayId:0, appearance:16, packageName: com.example.dogglers (APPEARANCE_LIGHT_NAVIGATION_BARS ), navbarColorManagedByIme:false
07-28 17:18:50.074  2897  2897 D SamsungLightBarControlHelper: updateNavigation(Black button) isLightBar:false, hasLightBarNavigationBarFlag:true, packageName:com.example.dogglers, DirectReplying:false, NavBarColorManagerdByIme:false, ForceDarkForScrim:false, QsCustomizing:false, PanelHasWhiteBg:true
07-28 17:18:50.077  1624  2791 D SemNscXgbMsL1: Probability - Cloud gaming: [0.043902945]
07-28 17:18:50.077  1624  5256 D InputMethodManagerService: isImeSwitcherDisabledPackage : false
07-28 17:18:50.077  1624  2791 D SemNscXgbMsL1: Probability - Real time: [0.017637348]
07-28 17:18:50.078  1624  2791 D SemNscXgbMsL1: Probability - Non real time: [0.4436296]
07-28 17:18:50.078  1624  2791 D SemNscXgbMsL1: 1 sample inference time: 0.928308 msecs
07-28 17:18:50.078  1624  2957 V WindowManager: Relayout hash=aceba95, pid=2897, syncId=-1: mAttrs={(0,0)(fillxfill) sim={adjust=pan} ty=APPLICATION_STARTING fmt=TRANSLUCENT wanim=0x1030001 alpha=0.0
07-28 17:18:50.078  1624  2957 V WindowManager:   fl=81030118
07-28 17:18:50.078  1624  2957 V WindowManager:   pfl=16000010
07-28 17:18:50.078  1624  2957 V WindowManager:   bhv=DEFAULT
07-28 17:18:50.078  1624  2957 V WindowManager:   fitSides= naviIconColor=0}
07-28 17:18:50.079  2897  2945 D InsetsController: onStateChanged: InsetsState: {mDisplayFrame=Rect(0, 0 - 1080, 2400), mDisplayCutout=DisplayCutout{insets=Rect(0, 80 - 0, 0) waterfall=Insets{left=0, top=0, right=0, bottom=0} boundingRect={Bounds=[Rect(0, 0 - 0, 0), Rect(468, 0 - 612, 80), Rect(0, 0 - 0, 0), Rect(0, 0 - 0, 0)]} cutoutPathParserInfo={CutoutPathParserInfo{displayWidth=1080 displayHeight=2400 physicalDisplayWidth=1080 physicalDisplayHeight=2400 density={2.625} cutoutSpec={M 0,0 H -27.42857142857143 V 30.47619047619048 H 27.42857142857143 V 0 H 0 Z @dp} rotation={0} scale={1.0} physicalPixelDisplaySizeRatio={1.0}}}}, mRoundedCorners=RoundedCorners{[RoundedCorner{position=TopLeft, radius=90, center=Point(90, 90)}, RoundedCorner{position=TopRight, radius=90, center=Point(990, 90)}, RoundedCorner{position=BottomRight, radius=90, center=Point(990, 2310)}, RoundedCorner{position=BottomLeft, radius=90, center=Point(90, 2310)}]}  mRoundedCornerFrame=Rect(0, 0 - 1080, 2400), mPrivacyIndicatorBounds=PrivacyIndicatorBounds {static bounds=Rect(956, 0 - 1080, 80) rotation=0}, mSources= { InsetsSource: {mType=ITYPE_STATUS_BAR, mFrame=[0,0][1080,80], mVisible=true, mInsetsRoundedCornerFrame=false}, InsetsSource: {mType=ITYPE_NAVIGATION_BAR, mFrame=[0,2265][1080,2400], mVisible=true, mInsetsRoundedCornerFrame=false}, InsetsSource: {mType=ITYPE_LEFT_GESTURES, mFrame=[0,0][0,2400], mVisible=true, mInsetsRoundedCornerFrame=false}, InsetsSource: {mType=ITYPE_RIGHT_GESTURES, mFrame=[1080,0][1080,2400], mVisible=true, mInsetsRoundedCornerFrame=false}, InsetsSource: {mType=ITYPE_TOP_MANDATORY_GESTURES, mFrame=[0,0][1080,114], mVisible=true, mInsetsRoundedCornerFrame=false}, InsetsSource: {mType=ITYPE_BOTTOM_MANDATORY_GESTURES, mFrame=[0,2265][1080,2400], mVisible=true, mInsetsRoundedCornerFrame=false}, InsetsSource: {mType=ITYPE_LEFT_DISPLAY_CUTOUT, mFrame=[0,0][-100000,2400], mVisible=true, mInsetsRoundedCornerFrame=false}, InsetsSource: {mType=ITYPE_TOP_DISPLAY_CUTOUT, mFrame=[0,0][1080,80], mVisible=true, mInsetsRoundedCornerFrame=false}, InsetsSource: {mType=ITYPE_RIGHT_DISPLAY_CUTOUT, mFrame=[100000,0][1080,2400], mVisible=true, mInsetsRoundedCornerFrame=false}, InsetsSource: {mType=ITYPE_BOTTOM_DISPLAY_CUTOUT, mFrame=[0,100000][1080,2400], mVisible=true, mInsetsRoundedCornerFrame=false}, InsetsSource: {mType=ITYPE_TOP_TAPPABLE_ELEMENT, mFrame=[0,0][1080,80], mVisible=true, mInsetsRoundedCornerFrame=false}, InsetsSource: {mType=ITYPE_BOTTOM_TAPPABLE_ELEMENT, mFrame=[0,2265][1080,2400], mVisible=true, mInsetsRoundedCornerFrame=false} } host=Splash Screen com.example.dogglers from=android.view.ViewRootImpl.relayoutWindow:9802
07-28 17:18:50.080  1093  1141 I mtkpower@impl: [setMode] type:5, enabled:0
07-28 17:18:50.080  1127  1127 I Layer   : Layer [Splash Screen com.example.dogglers$_2897#175841] hidden!! flag(1)
07-28 17:18:50.080  1624  2791 D SemNscXgbL2Rt: L2 RT 1 sample inference time: 2.535307 msecs
07-28 17:18:50.083  2897  2945 D BLASTBufferQueue: [ViewRootImpl@694a170[dogglers]#7841](f:0,a:1) destructor()
07-28 17:18:50.083  2897  2945 D BufferQueueConsumer: [ViewRootImpl@694a170[dogglers]#7841(BLAST Consumer)7841](id:b5100001ea1,api:0,p:-1,c:2897) disconnect
07-28 17:18:50.083  2897  2945 I ViewRootImpl@694a170[dogglers]: Relayout returned: old=(0,0,1080,2400) new=(0,0,1080,2400) req=(1080,2400)8 dur=13 res=0x2 s={false 0x0} ch=true seqId=0
07-28 17:18:50.084  2897  2945 I ViewRootImpl@694a170[dogglers]: dispatchDetachedFromWindow
07-28 17:18:50.084  1624  2791 D SemNscXgbL2Nrt: L2 NRT 1 sample inference time: 3.543616 msecs
07-28 17:18:50.086  1127  1127 D SurfaceFlinger: Display 0 HWC layers:
07-28 17:18:50.086  1127  1127 D SurfaceFlinger:      DEVICE | 0xb4000075f544cb00 | 0102 | RGBA_8888    |    0.0    0.0 1080.0 2400.0 |    0    0 1080 2400 | com.example.dogglers/com.example.dogglers.VerticalListActivity$_8684#175848
07-28 17:18:50.086  1127  1127 D SurfaceFlinger:      DEVICE | 0xb4000075f544c980 | 0100 | RGBA_8888    |    0.0    0.0 1080.0   80.0 |    0    0 1080   80 | StatusBar$_2897#91
07-28 17:18:50.086  1127  1127 D SurfaceFlinger:      DEVICE | 0xb4000075f544c800 | 0100 | RGBA_8888    |    0.0    0.0 1080.0  135.0 |    0 2265 1080 2400 | NavigationBar0$_2897#86
07-28 17:18:50.086  1127  1127 D SurfaceFlinger:      DEVICE | 0xb4000075f544b300 | 0140 | RGBA_8888    |    0.0    0.0 1080.0  150.0 |    0    0 1080  150 | ScreenDecorOverlay$_2897#100
07-28 17:18:50.086  1127  1127 D SurfaceFlinger:      DEVICE | 0xb400007621856700 | 0140 | RGBA_8888    |    0.0    0.0 1080.0  150.0 |    0 2250 1080 2400 | ScreenDecorOverlayBottom$_2897#101
07-28 17:18:50.086  1127  1127 D SurfaceFlinger:
07-28 17:18:50.087  1624  4999 D InputTransport: Input channel destroyed: 'aceba95', fd=1320
07-28 17:18:50.087  1624  4999 W InputManager-JNI: Input channel object 'aceba95 Splash Screen com.example.dogglers (client)' was disposed without first being removed with the input manager!
07-28 17:18:50.087  1624  4999 D InputTransport: Input channel destroyed: 'aceba95', fd=1322
07-28 17:18:50.088  8684  8684 W xample.dogglers: Accessing hidden method Landroid/os/MessageQueue;->next()Landroid/os/Message; (unsupported, reflection, allowed)
07-28 17:18:50.088  8684  8684 W xample.dogglers: Accessing hidden field Landroid/os/MessageQueue;->mMessages:Landroid/os/Message; (unsupported, reflection, allowed)
07-28 17:18:50.088  8684  8684 W xample.dogglers: Accessing hidden method Landroid/os/Message;->recycleUnchecked()V (unsupported, reflection, allowed)
07-28 17:18:50.092  8684  8684 W xample.dogglers: Accessing hidden method Landroid/view/WindowManagerGlobal;->getInstance()Landroid/view/WindowManagerGlobal; (unsupported, reflection, allowed)
07-28 17:18:50.092  2897  2945 D InputTransport: Input channel destroyed: 'aceba95', fd=176
07-28 17:18:50.092  8684  8684 W xample.dogglers: Accessing hidden field Landroid/view/WindowManagerGlobal;->mViews:Ljava/util/ArrayList; (unsupported, reflection, allowed)
07-28 17:18:50.093  8684  8684 W xample.dogglers: Accessing hidden field Landroid/view/WindowManagerGlobal;->mParams:Ljava/util/ArrayList; (unsupported, reflection, allowed)
07-28 17:18:50.094  1624  5256 D InputMethodManagerService: checkDisplayOfStartInputAndUpdateKeyboard: displayId=0, mFocusedDisplayId=0
07-28 17:18:50.094 19079 23303 I FontLog : (REDACTED) Received query %s, URI %s
07-28 17:18:50.094  1624  5256 D InputTransport: Input channel constructed: 'ClientS', fd=1320
07-28 17:18:50.094  1624  5256 D InputTransport: Input channel destroyed: 'ClientS', fd=1320
07-28 17:18:50.095 19079 23303 I FontLog : (REDACTED) Query [%s] resolved to %s
07-28 17:18:50.096  1127  1127 I Layer   : id=175840 removeFromCurrentState aceba95 Splash Screen com.example.dogglers#175840 (110)
07-28 17:18:50.096  1127  1127 I Layer   : id=175841 removeFromCurrentState Splash Screen com.example.dogglers$_2897#175841 (110)
07-28 17:18:50.096  1127  1127 I Layer   : id=175851 removeFromCurrentState Surface(name=e200909 com.example.dogglers/com.example.dogglers.VerticalListActivity)/@0xb15d135 - animation-leash of starting_reveal#175851 (110)
07-28 17:18:50.096  1127  1127 I Layer   : id=175841 removeFromCurrentState Splash Screen com.example.dogglers$_2897#175841 (110)
07-28 17:18:50.097  1127  1127 I SurfaceFlinger: id=175840 Removed aceba95 Splash Screen com.example.dogglers#175840 (110)
07-28 17:18:50.097  1127  1127 I SurfaceFlinger: id=175841 Removed Splash Screen com.example.dogglers$_2897#175841 (110)
07-28 17:18:50.097  5607  5607 I HBD     : HoneyBoardService onFinishInput
07-28 17:18:50.097  1127  1127 I Layer   : id=175840 Destroyed aceba95 Splash Screen com.example.dogglers#175840
07-28 17:18:50.097  5607  5607 I HBD     : a IC have been unbinding,  RemoteInputConnection{idHash=#cc53241}
07-28 17:18:50.097  5607  5607 I HBD     : HoneyBoardService [PF_CL][onFinishInput]  0 ms
07-28 17:18:50.097  1127  1177 I SurfaceFlinger: id=175852 createSurf flag=24004, Surface(name=d8adfc2 InputMethod)/@0xc2b360e - animation-leash of insets_animation#175852
07-28 17:18:50.097  1127  1127 I BufferQueueDebug: [Splash Screen com.example.dogglers$_2897#175841](this:0xb4000075f4b65838,id:-1,api:0,p:-1,c:1127) onDestructor()
07-28 17:18:50.097  1127  1127 I Layer   : id=175841 Destroyed Splash Screen com.example.dogglers$_2897#175841
07-28 17:18:50.098  8684  8684 I ViewInteraction: Checking 'com.example.dogglers.BaseTest$DrawableMatcher$RecyclerViewAssertion@20ca8c0' assertion on view view.getId() is <2131231207/com.example.dogglers:id/vertical_recycler_view>
07-28 17:18:50.098 19079 23303 I FontLog : (REDACTED) Fetch %s end status %s
07-28 17:18:50.098  5607  5607 I HBD     : HoneyBoardService [IMI] onStartInput - caller pid : 8684 , caller uid : 10520
07-28 17:18:50.098  5607  5607 I HBD     : j updateConfigs
07-28 17:18:50.098  5607  5607 I HBD     : j isEnabledNightMode : false
07-28 17:18:50.099  5607  5607 I HBD     : a IC have been binding, RemoteInputConnection{idHash=#48c63e6}
07-28 17:18:50.099  8684  8684 D InputMethodManager: startInputInner - Id : 0
07-28 17:18:50.099  5607  5607 I HBD     : h [EditorInputType]setPrivateImeOptionsToTable privateImeOptions ( null )
07-28 17:18:50.099  5607  5607 I HBD     : b incognitoMode : false
07-28 17:18:50.099  5607  5607 I HBD     : a needOff = true , isForceOff = false, isNullInputClass : true
07-28 17:18:50.100  5607  5607 I HBD     : h getDefaultInputRange : UNKNOWN
07-28 17:18:50.100  5607  5607 I HBD     : h getDefaultInputRange : UNKNOWN
07-28 17:18:50.100  5607  5607 I HBD     : h getDefaultInputRange : UNKNOWN
07-28 17:18:50.103  8684  8684 D InsetsController: onStateChanged: InsetsState: {mDisplayFrame=Rect(0, 0 - 1080, 2400), mDisplayCutout=DisplayCutout{insets=Rect(0, 80 - 0, 0) waterfall=Insets{left=0, top=0, right=0, bottom=0} boundingRect={Bounds=[Rect(0, 0 - 0, 0), Rect(468, 0 - 612, 80), Rect(0, 0 - 0, 0), Rect(0, 0 - 0, 0)]} cutoutPathParserInfo={CutoutPathParserInfo{displayWidth=1080 displayHeight=2400 physicalDisplayWidth=1080 physicalDisplayHeight=2400 density={2.625} cutoutSpec={M 0,0 H -27.42857142857143 V 30.47619047619048 H 27.42857142857143 V 0 H 0 Z @dp} rotation={0} scale={1.0} physicalPixelDisplaySizeRatio={1.0}}}}, mRoundedCorners=RoundedCorners{[RoundedCorner{position=TopLeft, radius=90, center=Point(90, 90)}, RoundedCorner{position=TopRight, radius=90, center=Point(990, 90)}, RoundedCorner{position=BottomRight, radius=90, center=Point(990, 2310)}, RoundedCorner{position=BottomLeft, radius=90, center=Point(90, 2310)}]}  mRoundedCornerFrame=Rect(0, 0 - 1080, 2400), mPrivacyIndicatorBounds=PrivacyIndicatorBounds {static bounds=Rect(956, 0 - 1080, 80) rotation=0}, mSources= { InsetsSource: {mType=ITYPE_STATUS_BAR, mFrame=[0,0][1080,80], mVisible=true, mInsetsRoundedCornerFrame=false}, InsetsSource: {mType=ITYPE_NAVIGATION_BAR, mFrame=[0,2265][1080,2400], mVisible=true, mInsetsRoundedCornerFrame=false}, InsetsSource: {mType=ITYPE_LEFT_GESTURES, mFrame=[0,0][0,2400], mVisible=true, mInsetsRoundedCornerFrame=false}, InsetsSource: {mType=ITYPE_RIGHT_GESTURES, mFrame=[1080,0][1080,2400], mVisible=true, mInsetsRoundedCornerFrame=false}, InsetsSource: {mType=ITYPE_TOP_MANDATORY_GESTURES, mFrame=[0,0][1080,114], mVisible=true, mInsetsRoundedCornerFrame=false}, InsetsSource: {mType=ITYPE_BOTTOM_MANDATORY_GESTURES, mFrame=[0,2265][1080,2400], mVisible=true, mInsetsRoundedCornerFrame=false}, InsetsSource: {mType=ITYPE_LEFT_DISPLAY_CUTOUT, mFrame=[0,0][-100000,2400], mVisible=true, mInsetsRoundedCornerFrame=false}, InsetsSource: {mType=ITYPE_TOP_DISPLAY_CUTOUT, mFrame=[0,0][1080,80], mVisible=true, mInsetsRoundedCornerFrame=false}, InsetsSource: {mType=ITYPE_RIGHT_DISPLAY_CUTOUT, mFrame=[100000,0][1080,2400], mVisible=true, mInsetsRoundedCornerFrame=false}, InsetsSource: {mType=ITYPE_BOTTOM_DISPLAY_CUTOUT, mFrame=[0,100000][1080,2400], mVisible=true, mInsetsRoundedCornerFrame=false}, InsetsSource: {mType=ITYPE_TOP_TAPPABLE_ELEMENT, mFrame=[0,0][1080,80], mVisible=true, mInsetsRoundedCornerFrame=false}, InsetsSource: {mType=ITYPE_BOTTOM_TAPPABLE_ELEMENT, mFrame=[0,2265][1080,2400], mVisible=true, mInsetsRoundedCornerFrame=false}, InsetsSource: {mType=ITYPE_IME, mFrame=[0,0][0,0], mVisibleFrame=[0,1243][1080,2400], mVisible=false, mInsetsRoundedCornerFrame=false} } host=com.example.dogglers/com.example.dogglers.VerticalListActivity from=android.view.ViewRootImpl$ViewRootHandler.handleMessageImpl:6740
07-28 17:18:50.104  5607  5607 I HBD     : a needOff = true , isForceOff = false, isNullInputClass : true
07-28 17:18:50.104  5607  5607 I HBD     : a update cached prediction status : false
07-28 17:18:50.104  5607  5607 I HBD     : h getDefaultInputRange : UNKNOWN
07-28 17:18:50.104  5607  5607 I HBD     : a currentState : 0
07-28 17:18:50.105  1624  5256 D InputMethodManagerService: isImeSwitcherDisabledPackage : false
07-28 17:18:50.105  1624  1668 I ChimeraSystemEventListener: appLaunchIntent package name is: com.example.dogglers
07-28 17:18:50.105  5607  5607 I HBD     : a [UpdatePolicy] [post] a: 0 cl: 3342336 kit: [0/0] vt: 0 ir: 1
07-28 17:18:50.105  5607  5607 I HBD     : a [NRIC] resetNoResponseState
07-28 17:18:50.105  5607  5607 I HBD     : a needOff = true , isForceOff = false, isNullInputClass : true
07-28 17:18:50.105  5607  5607 I HBD     : a update cached prediction status : false
07-28 17:18:50.106  3746  3746 E pageboostd: Received HALT command code 2
07-28 17:18:50.106  5607  5607 I HBD     : HoneyBoardService [PF_OP][onStartInput]  9 ms
07-28 17:18:50.107  5607  5607 I InputMethodService: removeImeSurface
07-28 17:18:50.107  5607  5607 I MSHandlerLifeCycle: check: return. pkg=com.samsung.android.honeyboard isActivity=false callers=com.android.internal.policy.DecorView.setVisibility:4411 android.app.Dialog.hide:767 android.inputmethodservice.InputMethodService.removeImeSurface:1290 android.inputmethodservice.InputMethodService.scheduleImeSurfaceRemoval:1279 android.inputmethodservice.InputMethodService.-$$Nest$mscheduleImeSurfaceRemoval:0
07-28 17:18:50.107  5607  5607 I MSHandlerLifeCycle: removeMultiSplitHandler: no exist. decor=DecorView@4ed7bdc[InputMethod]
07-28 17:18:50.108  1624  4999 I SemDvfsHyPerManager: acquire hyper - AMS_ACT_START/1624@19, type = -999
07-28 17:18:50.108  1090  1150 I HYPER-HAL: [RequestManager.cpp]acquire(): Acquired ID : 1350565  [1624 / 19]    HINT : AMS_ACT_START    list :
07-28 17:18:50.108  1090  1150 I mtkpower_client: perf_lock_rel, hdl:79988, tid:1150
07-28 17:18:50.108  1090  1150 I mtkpower_client: perf_lock_acq, hdl:0, dur:0, num:2, tid:1150
07-28 17:18:50.109  1127  1177 I SurfaceFlinger: id=175853 createSurf flag=80004, ActivityRecord{cc9f39c u0 com.example.dogglers/androidx.test.core.app.InstrumentationActivityInvoker$EmptyActivity} t30270}#175853
07-28 17:18:50.109  1093  1167 I libPowerHal: [perfLockRel] hdl:79988, idx:3
07-28 17:18:50.109  1093  1167 I libPowerHal: vendor.samsung.: cpu_ctrl set cpu freq: -1 -1 -1 -1
07-28 17:18:50.109  1090  1150 I mtkpower_client: ret_hdl:79990
07-28 17:18:50.109  1090  1150 I mtkpower_client: perf_lock_rel, hdl:79987, tid:1150
07-28 17:18:50.109  1093  1167 I libPowerHal: [perfLockAcq] idx:1 hdl:79990 hint:-1 pid:1090 duration:0 lock_user:vendor.samsung. => ret_hdl:79990
07-28 17:18:50.110  1093  1167 I libPowerHal: vendor.samsung.: cpu_ctrl set cpu freq: 1800000 -1 -1 -1
07-28 17:18:50.110  1090  1150 I mtkpower_client: perf_lock_acq, hdl:0, dur:0, num:2, tid:1150
07-28 17:18:50.110  1093  1167 I libPowerHal: [perfLockRel] hdl:79987, idx:2
07-28 17:18:50.110 19079 23303 I FontLog : (REDACTED) Pulling font file for id = %d, cache size = %d
07-28 17:18:50.110  1093  1167 I libPowerHal: [PD] vendor.samsung. update cmd:1c3c000, param:1
07-28 17:18:50.110  1093  1167 I libPowerHal: [PD] (less) /proc/mcdi/state set +prefix:enable 1;
07-28 17:18:50.111  1624  1668 I SemPersonaManager: SecureFolder personaId = 150
07-28 17:18:50.112  1090  1150 I mtkpower_client: ret_hdl:79991
07-28 17:18:50.112  1093  1167 I libPowerHal: [perfLockAcq] idx:2 hdl:79991 hint:-1 pid:1090 duration:0 lock_user:vendor.samsung. => ret_hdl:79991
07-28 17:18:50.112  1090  1150 I mtkpower_client: perf_lock_rel, hdl:79989, tid:1150
07-28 17:18:50.112  1093  1167 I libPowerHal: [PE] (less) /proc/mcdi/state set +prefix:enable 0;
07-28 17:18:50.113  1090  1150 I mtkpower_client: perf_lock_acq, hdl:0, dur:0, num:2, tid:1150
07-28 17:18:50.113  1127  1127 I Layer   : id=175837 removeFromCurrentState Surface(name=d8adfc2 InputMethod)/@0xc2b360e - animation-leash of insets_animation#175837 (110)
07-28 17:18:50.113  1127  1127 I SurfaceFlinger: id=175837 Removed Surface(name=d8adfc2 InputMethod)/@0xc2b360e - animation-leash of insets_animation#175837 (110)
07-28 17:18:50.113  1090  1150 I mtkpower_client: ret_hdl:79992
07-28 17:18:50.113  1127  1127 I Layer   : id=175837 Destroyed Surface(name=d8adfc2 InputMethod)/@0xc2b360e - animation-leash of insets_animation#175837
07-28 17:18:50.114  1093  1167 I libPowerHal: [perfLockRel] hdl:79989, idx:0
07-28 17:18:50.114  1093  1167 I libPowerHal: [PD] vendor.samsung. update cmd:1000000, param:-1
07-28 17:18:50.114  1093  1167 I libPowerHal: [PD] vendor.samsung. update cmd:1000000 param:-1
07-28 17:18:50.115  1093  1167 I libPowerHal: [perfLockAcq] idx:3 hdl:79992 hint:-1 pid:1090 duration:0 lock_user:vendor.samsung. => ret_hdl:79992
07-28 17:18:50.115  1093  1167 I libPowerHal: [PE] vendor.samsung. update cmd:1000000, param:0
07-28 17:18:50.115  1093  1167 I libPowerHal: [PE] vendor.samsung. update cmd:1000000 param:0
07-28 17:18:50.117 19079 23303 I FontLog : (REDACTED) Pulling font file for id = %d, cache size = %d
07-28 17:18:50.119  8684  8684 D LifecycleMonitor: Lifecycle status change: com.example.dogglers.VerticalListActivity@928cf36 in: PAUSED
07-28 17:18:50.120  8684  8684 V ActivityScenario: Update currentActivityStage to PAUSED, currentActivity=com.example.dogglers.VerticalListActivity@928cf36
07-28 17:18:50.126  1624  5212 D InputDispatcher: Focused application(0): ActivityRecord{cc9f39c u0 com.example.dogglers/androidx.test.core.app.InstrumentationActivityInvoker$EmptyActivity} t30270}
07-28 17:18:50.129  1127  1127 I SurfaceFlinger: [e200909 com.example.dogglers/com.example.dogglers.VerticalListActivity#175847] FrameRatePriority: -1
07-28 17:18:50.134  1624  1668 I SemPersonaManager: SecureFolder personaId = 150
07-28 17:18:50.139  8684  8684 D LifecycleMonitor: Lifecycle status change: androidx.test.core.app.InstrumentationActivityInvoker$EmptyActivity@7427a33 in: PRE_ON_CREATE
07-28 17:18:50.139  8684  8684 V ActivityScenario: Activity lifecycle changed event received but ignored because the intent does not match. startActivityIntent=Intent { act=android.intent.action.MAIN cat=[android.intent.category.LAUNCHER] cmp=com.example.dogglers/.VerticalListActivity }, activity.getIntent()=Intent { act=android.intent.action.MAIN cat=[android.intent.category.LAUNCHER] flg=0x10000000 cmp=com.example.dogglers/androidx.test.core.app.InstrumentationActivityInvoker$EmptyActivity }, activity=androidx.test.core.app.InstrumentationActivityInvoker$EmptyActivity@7427a33
07-28 17:18:50.146  1127  1127 D SurfaceFlinger: [input] inputWindowCommands.focusRequests size is 1
07-28 17:18:50.147  1127  1386 D SurfaceFlinger: [input] setFocusedWindow: <null>
07-28 17:18:50.147  1624  1668 D EnterpriseDeviceManagerService: isMdmAdminPresentInternal() : MDM Admin Found - com.samsung.knox.securefolder
07-28 17:18:50.147  1624  4999 D InputDispatcher: Focus request (0): <null> but waiting because NOT_FOCUSABLE
07-28 17:18:50.147  1624  4999 D InputDispatcher: Focus left window (0): e200909 com.example.dogglers/com.example.dogglers.VerticalListActivity
07-28 17:18:50.148  8684  8684 I DecorView: [INFO] isPopOver=false config=true
07-28 17:18:50.148  8684  8684 I DecorView: updateCaptionType: isFloating=false isApplication=true hasWindowDecorCaption=false this=DecorView@5a901ee[]
07-28 17:18:50.148  8684  8684 D DecorView: setCaptionType = 0, this = DecorView@5a901ee[]
07-28 17:18:50.149  1624  3919 I MediaSessionMonitor: Media session stopped : not playing state
07-28 17:18:50.152  8684  8684 I DecorView: getCurrentDensityDpi: from real metrics. densityDpi=450 msg=resources_loaded
07-28 17:18:50.152  8684  8684 I DecorView: setWindowBackground: isPopOver=false color=ff010101 d=android.graphics.drawable.StateListDrawable@3a0868f
07-28 17:18:50.153  8684  8684 D LifecycleMonitor: Lifecycle status change: androidx.test.core.app.InstrumentationActivityInvoker$EmptyActivity@7427a33 in: CREATED
07-28 17:18:50.154  8684  8684 V ActivityScenario: Activity lifecycle changed event received but ignored because the intent does not match. startActivityIntent=Intent { act=android.intent.action.MAIN cat=[android.intent.category.LAUNCHER] cmp=com.example.dogglers/.VerticalListActivity }, activity.getIntent()=Intent { act=android.intent.action.MAIN cat=[android.intent.category.LAUNCHER] flg=0x10000000 cmp=com.example.dogglers/androidx.test.core.app.InstrumentationActivityInvoker$EmptyActivity }, activity=androidx.test.core.app.InstrumentationActivityInvoker$EmptyActivity@7427a33
07-28 17:18:50.155  8684  8684 D LifecycleMonitor: Lifecycle status change: androidx.test.core.app.InstrumentationActivityInvoker$EmptyActivity@7427a33 in: STARTED
07-28 17:18:50.156  8684  8684 V ActivityScenario: Activity lifecycle changed event received but ignored because the intent does not match. startActivityIntent=Intent { act=android.intent.action.MAIN cat=[android.intent.category.LAUNCHER] cmp=com.example.dogglers/.VerticalListActivity }, activity.getIntent()=Intent { act=android.intent.action.MAIN cat=[android.intent.category.LAUNCHER] flg=0x10000000 cmp=com.example.dogglers/androidx.test.core.app.InstrumentationActivityInvoker$EmptyActivity }, activity=androidx.test.core.app.InstrumentationActivityInvoker$EmptyActivity@7427a33
07-28 17:18:50.158  8684  8684 D LifecycleMonitor: Lifecycle status change: androidx.test.core.app.InstrumentationActivityInvoker$EmptyActivity@7427a33 in: RESUMED
07-28 17:18:50.159  8684  8684 V ActivityScenario: Activity lifecycle changed event received but ignored because the intent does not match. startActivityIntent=Intent { act=android.intent.action.MAIN cat=[android.intent.category.LAUNCHER] cmp=com.example.dogglers/.VerticalListActivity }, activity.getIntent()=Intent { act=android.intent.action.MAIN cat=[android.intent.category.LAUNCHER] flg=0x10000000 cmp=com.example.dogglers/androidx.test.core.app.InstrumentationActivityInvoker$EmptyActivity }, activity=androidx.test.core.app.InstrumentationActivityInvoker$EmptyActivity@7427a33
07-28 17:18:50.160  8684  8684 I MSHandlerLifeCycle: check: return. pkg=com.example.dogglers parent=null callers=com.android.internal.policy.DecorView.setVisibility:4411 android.app.ActivityThread.handleResumeActivity:5476 android.app.servertransaction.ResumeActivityItem.execute:54 android.app.servertransaction.ActivityTransactionItem.execute:45 android.app.servertransaction.TransactionExecutor.executeLifecycleState:176
07-28 17:18:50.160  8684  8684 I MSHandlerLifeCycle: removeMultiSplitHandler: no exist. decor=DecorView@5a901ee[]
07-28 17:18:50.160  1127  1177 D SurfaceFlinger: [SF client] NEW(0xb4000075f4bc4a80) for (8684:com.example.dogglers)
07-28 17:18:50.163  8684  8768 D NativeCustomFrequencyManager: [NativeCFMS] BpCustomFrequencyManager::BpCustomFrequencyManager()
07-28 17:18:50.166  1624  5212 D InputTransport: Input channel constructed: '7ec7f1b', fd=1331
07-28 17:18:50.166  1624  5212 D InputTransport: Input channel constructed: '7ec7f1b', fd=1332
07-28 17:18:50.166  1624  5212 D InputTransport: Input channel constructed: '7ec7f1b', fd=1333
