07-28 17:18:53.334  5125  5361 W MediaProvider: 	at com.android.providers.media.MediaProvider.queryForSingleItem(MediaProvider.java:8340)
07-28 17:18:53.334  5125  5361 W MediaProvider: 	at com.android.providers.media.MediaProvider.queryForDataFile(MediaProvider.java:8280)
07-28 17:18:53.334  5125  5361 W MediaProvider: 	at com.android.providers.media.MediaProvider.queryForDataFile(MediaProvider.java:8272)
07-28 17:18:53.334  5125  5361 W MediaProvider: 	at com.android.providers.media.MediaProvider.updateQuotaTypeForUri(MediaProvider.java:806)
07-28 17:18:53.334  5125  5361 W MediaProvider: 	at com.android.providers.media.MediaProvider.-$$Nest$mupdateQuotaTypeForUri(Unknown Source:0)
07-28 17:18:53.334  5125  5361 W MediaProvider: 	at com.android.providers.media.MediaProvider$4.lambda$onInsert$0(MediaProvider.java:873)
07-28 17:18:53.334  5125  5361 W MediaProvider: 	at com.android.providers.media.MediaProvider$4.$r8$lambda$DnIEye5Sx8fODP4Bt_qvKpm3U-Q(Unknown Source:0)
07-28 17:18:53.334  5125  5361 W MediaProvider: 	at com.android.providers.media.MediaProvider$4$$ExternalSyntheticLambda0.run(Unknown Source:6)
07-28 17:18:53.334  5125  5361 W MediaProvider: 	at android.os.Handler.handleCallback(Handler.java:942)
07-28 17:18:53.334  5125  5361 W MediaProvider: 	at android.os.Handler.dispatchMessage(Handler.java:99)
07-28 17:18:53.334  5125  5361 W MediaProvider: 	at android.os.Looper.loopOnce(Looper.java:226)
07-28 17:18:53.334  5125  5361 W MediaProvider: 	at android.os.Looper.loop(Looper.java:313)
07-28 17:18:53.334  5125  5361 W MediaProvider: 	at android.os.HandlerThread.run(HandlerThread.java:67)
07-28 17:18:53.336  8684  8768 D NativeCustomFrequencyManager: [NativeCFMS] BpCustomFrequencyManager::BpCustomFrequencyManager()
07-28 17:18:53.338  1624  5706 D InputTransport: Input channel constructed: '13c438c', fd=894
07-28 17:18:53.338  1624  5706 D InputTransport: Input channel constructed: '13c438c', fd=898
07-28 17:18:53.339  1624  5706 D InputTransport: Input channel constructed: '13c438c', fd=952
07-28 17:18:53.339  1127  1177 I SurfaceFlinger: id=175964 createSurf flag=80004, 13c438c com.example.dogglers/com.example.dogglers.VerticalListActivity#175964
07-28 17:18:53.341  1624  5706 D InputTransport: Input channel destroyed: '13c438c', fd=952
07-28 17:18:53.342  8684  8684 D InsetsController: onStateChanged: InsetsState: {mDisplayFrame=Rect(0, 0 - 1080, 2400), mDisplayCutout=DisplayCutout{insets=Rect(0, 80 - 0, 0) waterfall=Insets{left=0, top=0, right=0, bottom=0} boundingRect={Bounds=[Rect(0, 0 - 0, 0), Rect(468, 0 - 612, 80), Rect(0, 0 - 0, 0), Rect(0, 0 - 0, 0)]} cutoutPathParserInfo={CutoutPathParserInfo{displayWidth=1080 displayHeight=2400 physicalDisplayWidth=1080 physicalDisplayHeight=2400 density={2.625} cutoutSpec={M 0,0 H -27.42857142857143 V 30.47619047619048 H 27.42857142857143 V 0 H 0 Z @dp} rotation={0} scale={1.0} physicalPixelDisplaySizeRatio={1.0}}}}, mRoundedCorners=RoundedCorners{[RoundedCorner{position=TopLeft, radius=90, center=Point(90, 90)}, RoundedCorner{position=TopRight, radius=90, center=Point(990, 90)}, RoundedCorner{position=BottomRight, radius=90, center=Point(990, 2310)}, RoundedCorner{position=BottomLeft, radius=90, center=Point(90, 2310)}]}  mRoundedCornerFrame=Rect(0, 0 - 1080, 2400), mPrivacyIndicatorBounds=PrivacyIndicatorBounds {static bounds=Rect(956, 0 - 1080, 80) rotation=0}, mSources= { InsetsSource: {mType=ITYPE_STATUS_BAR, mFrame=[0,0][1080,80], mVisible=true, mInsetsRoundedCornerFrame=false}, InsetsSource: {mType=ITYPE_NAVIGATION_BAR, mFrame=[0,2265][1080,2400], mVisible=true, mInsetsRoundedCornerFrame=false}, InsetsSource: {mType=ITYPE_LEFT_GESTURES, mFrame=[0,0][0,2400], mVisible=true, mInsetsRoundedCornerFrame=false}, InsetsSource: {mType=ITYPE_RIGHT_GESTURES, mFrame=[1080,0][1080,2400], mVisible=true, mInsetsRoundedCornerFrame=false}, InsetsSource: {mType=ITYPE_TOP_MANDATORY_GESTURES, mFrame=[0,0][1080,114], mVisible=true, mInsetsRoundedCornerFrame=false}, InsetsSource: {mType=ITYPE_BOTTOM_MANDATORY_GESTURES, mFrame=[0,2265][1080,2400], mVisible=true, mInsetsRoundedCornerFrame=false}, InsetsSource: {mType=ITYPE_LEFT_DISPLAY_CUTOUT, mFrame=[0,0][-100000,2400], mVisible=true, mInsetsRoundedCornerFrame=false}, InsetsSource: {mType=ITYPE_TOP_DISPLAY_CUTOUT, mFrame=[0,0][1080,80], mVisible=true, mInsetsRoundedCornerFrame=false}, InsetsSource: {mType=ITYPE_RIGHT_DISPLAY_CUTOUT, mFrame=[100000,0][1080,2400], mVisible=true, mInsetsRoundedCornerFrame=false}, InsetsSource: {mType=ITYPE_BOTTOM_DISPLAY_CUTOUT, mFrame=[0,100000][1080,2400], mVisible=true, mInsetsRoundedCornerFrame=false}, InsetsSource: {mType=ITYPE_TOP_TAPPABLE_ELEMENT, mFrame=[0,0][1080,80], mVisible=true, mInsetsRoundedCornerFrame=false}, InsetsSource: {mType=ITYPE_BOTTOM_TAPPABLE_ELEMENT, mFrame=[0,2265][1080,2400], mVisible=true, mInsetsRoundedCornerFrame=false} } host=com.example.dogglers/com.example.dogglers.VerticalListActivity from=android.view.ViewRootImpl.setView:1732
07-28 17:18:53.345  8684  8684 I ViewRootImpl@a66a33e[VerticalListActivity]: setView = com.android.internal.policy.DecorView@4a07a8e TM=true
07-28 17:18:53.347  8684  8684 I MSHandlerLifeCycle: removeMultiSplitHandler: no exist. decor=DecorView@4a07a8e[VerticalListActivity]
07-28 17:18:53.347  1624  1745 D AnalyticsContainerHandler: handleMessage : { when=0 what=1 target=com.android.server.knox.KnoxAnalyticsContainer$AnalyticsHandler }
07-28 17:18:53.348  8684  8684 D LifecycleMonitor: Lifecycle status change: androidx.test.core.app.InstrumentationActivityInvoker$BootstrapActivity@17928f4 in: STOPPED
07-28 17:18:53.349  8684  8684 V ActivityScenario: Activity lifecycle changed event received but ignored because the intent does not match. startActivityIntent=Intent { act=android.intent.action.MAIN cat=[android.intent.category.LAUNCHER] cmp=com.example.dogglers/.VerticalListActivity }, activity.getIntent()=Intent { act=android.intent.action.MAIN cat=[android.intent.category.LAUNCHER] flg=0x10008000 cmp=com.example.dogglers/androidx.test.core.app.InstrumentationActivityInvoker$BootstrapActivity (has extras) }, activity=androidx.test.core.app.InstrumentationActivityInvoker$BootstrapActivity@17928f4
07-28 17:18:53.366  8684  8684 I ViewRootImpl@a66a33e[VerticalListActivity]: performTraversals params={(0,0)(fillxfill) sim={adjust=resize forwardNavigation} ty=BASE_APPLICATION wanim=0x1030309
07-28 17:18:53.366  8684  8684 I ViewRootImpl@a66a33e[VerticalListActivity]:   fl=81810100
07-28 17:18:53.366  8684  8684 I ViewRootImpl@a66a33e[VerticalListActivity]:   pfl=12020040
07-28 17:18:53.366  8684  8684 I ViewRootImpl@a66a33e[VerticalListActivity]:   bhv=DEFAULT
07-28 17:18:53.366  8684  8684 I ViewRootImpl@a66a33e[VerticalListActivity]:   fitSides= naviIconColor=0
07-28 17:18:53.366  8684  8684 I ViewRootImpl@a66a33e[VerticalListActivity]:   sfl=100000}
07-28 17:18:53.370  8684  8684 I ViewRootImpl@a66a33e[VerticalListActivity]: performTraversals mFirst=true windowShouldResize=true viewVisibilityChanged=false mForceNextWindowRelayout=false params={(0,0)(fillxfill) sim={adjust=resize forwardNavigation} ty=BASE_APPLICATION wanim=0x1030309
07-28 17:18:53.370  8684  8684 I ViewRootImpl@a66a33e[VerticalListActivity]:   fl=81810100
07-28 17:18:53.370  8684  8684 I ViewRootImpl@a66a33e[VerticalListActivity]:   pfl=12020040
07-28 17:18:53.370  8684  8684 I ViewRootImpl@a66a33e[VerticalListActivity]:   bhv=DEFAULT
07-28 17:18:53.370  8684  8684 I ViewRootImpl@a66a33e[VerticalListActivity]:   fitSides= naviIconColor=0
07-28 17:18:53.370  8684  8684 I ViewRootImpl@a66a33e[VerticalListActivity]:   sfl=100000}
07-28 17:18:53.371  1624  2957 V WindowManager: Relayout Window{13c438c u0 com.example.dogglers/com.example.dogglers.VerticalListActivity}: viewVisibility=0 req=1080x2400 d0
07-28 17:18:53.372  1127  1177 I BufferQueueDebug: [com.example.dogglers/com.example.dogglers.VerticalListActivity$_8684#175965](this:0xb4000075f4b7d838,id:-1,api:0,p:-1,c:-1) BufferQueue core=(1127:/system/bin/surfaceflinger)
07-28 17:18:53.372  1127  1177 I SurfaceFlinger: id=175965 createSurf flag=40004, com.example.dogglers/com.example.dogglers.VerticalListActivity$_8684#175965
07-28 17:18:53.380  1127  1177 I SurfaceFlinger: id=175966 createSurf flag=24000, Surface(name=7ae696d StatusBar)/@0x546cfe9 - animation-leash of insets_animation#175966
07-28 17:18:53.382  1127  1177 I SurfaceFlinger: id=175967 createSurf flag=24000, Surface(name=57253a2 NavigationBar0)/@0x6398367 - animation-leash of insets_animation#175967
07-28 17:18:53.384  3393  3436 I TouchInteractionService: onSystemUiStateChanged, stateFlags : 131072 |allow_gesture|
07-28 17:18:53.385  3393  3393 I RecentsAnimationDeviceState: setSystemUiFlags, stateFlags : 131072
07-28 17:18:53.385  3393  3393 I TouchInteractionService: onSystemUiFlagsChanged, lastSysUIFlags : 0
07-28 17:18:53.387  1624  2957 V WindowManager: Relayout hash=13c438c, pid=8684, syncId=-1: mAttrs={(0,0)(fillxfill) sim={adjust=resize forwardNavigation} ty=BASE_APPLICATION wanim=0x1030309
07-28 17:18:53.387  1624  2957 V WindowManager:   fl=81810100
07-28 17:18:53.387  1624  2957 V WindowManager:   pfl=12020040
07-28 17:18:53.387  1624  2957 V WindowManager:   apr=LIGHT_NAVIGATION_BARS
07-28 17:18:53.387  1624  2957 V WindowManager:   bhv=DEFAULT
07-28 17:18:53.387  1624  2957 V WindowManager:   fitSides= naviIconColor=0
07-28 17:18:53.387  1624  2957 V WindowManager:   sfl=100000}
07-28 17:18:53.391  8684  8684 I ViewRootImpl@a66a33e[VerticalListActivity]: updateBlastSurfaceIfNeeded mBlastBufferQueue=null isSameSurfaceControl=false
07-28 17:18:53.391  8684  8684 D BufferQueueConsumer: [](id:21ec00000009,api:0,p:-1,c:8684) connect: controlledByApp=false
07-28 17:18:53.391  8684  8684 I BLASTBufferQueue: new BLASTBufferQueue, mName= ViewRootImpl@a66a33e[VerticalListActivity] mNativeObject= 0xb400007297a2fd80 sc.mNativeObject= 0xb400007297bd03c0 caller= android.view.ViewRootImpl.updateBlastSurfaceIfNeeded:2909 android.view.ViewRootImpl.relayoutWindow:9847 android.view.ViewRootImpl.performTraversals:3884 android.view.ViewRootImpl.doTraversal:3116 android.view.ViewRootImpl$TraversalRunnable.run:10885 android.view.Choreographer$CallbackRecord.run:1301 android.view.Choreographer$CallbackRecord.run:1309 android.view.Choreographer.doCallbacks:923 android.view.Choreographer.doFrame:852 android.view.Choreographer$FrameDisplayEventReceiver.run:1283
07-28 17:18:53.392  8684  8684 I BLASTBufferQueue: update, w= 1080 h= 2400 mName = ViewRootImpl@a66a33e[VerticalListActivity] mNativeObject= 0xb400007297a2fd80 sc.mNativeObject= 0xb400007297bd03c0 format= -1 caller= android.graphics.BLASTBufferQueue.<init>:84 android.view.ViewRootImpl.updateBlastSurfaceIfNeeded:2909 android.view.ViewRootImpl.relayoutWindow:9847 android.view.ViewRootImpl.performTraversals:3884 android.view.ViewRootImpl.doTraversal:3116 android.view.ViewRootImpl$TraversalRunnable.run:10885
07-28 17:18:53.392  8684  8684 I ViewRootImpl@a66a33e[VerticalListActivity]: Relayout returned: old=(0,0,1080,2400) new=(0,0,1080,2400) req=(1080,2400)0 dur=21 res=0x3 s={true 0xb40000728abf3000} ch=true seqId=0
07-28 17:18:53.394  8684  8684 I ViewRootImpl@a66a33e[VerticalListActivity]: mThreadedRenderer.initialize() mSurface={isValid=true 0xb40000728abf3000} hwInitialized=true
07-28 17:18:53.394  8684  8768 D OpenGLRenderer: eglCreateWindowSurface
07-28 17:18:53.409  1127  1127 I Layer   : id=175947 removeFromCurrentState Surface(name=7ae696d StatusBar)/@0x546cfe9 - animation-leash of insets_animation#175947 (126)
07-28 17:18:53.409  1127  1127 I Layer   : id=175948 removeFromCurrentState Surface(name=57253a2 NavigationBar0)/@0x6398367 - animation-leash of insets_animation#175948 (126)
07-28 17:18:53.409  1127  1127 I SurfaceFlinger: [13c438c com.example.dogglers/com.example.dogglers.VerticalListActivity#175964] FrameRatePriority: 1
07-28 17:18:53.410  1127  1127 D SurfaceFlinger: [input] inputWindowCommands.focusRequests size is 1
07-28 17:18:53.410  1127  1127 I SurfaceFlinger: id=175947 Removed Surface(name=7ae696d StatusBar)/@0x546cfe9 - animation-leash of insets_animation#175947 (126)
07-28 17:18:53.410  1127  1127 I SurfaceFlinger: id=175948 Removed Surface(name=57253a2 NavigationBar0)/@0x6398367 - animation-leash of insets_animation#175948 (126)
07-28 17:18:53.410  1127  1127 I Layer   : id=175947 Destroyed Surface(name=7ae696d StatusBar)/@0x546cfe9 - animation-leash of insets_animation#175947
07-28 17:18:53.410  1127  1127 I Layer   : id=175948 Destroyed Surface(name=57253a2 NavigationBar0)/@0x6398367 - animation-leash of insets_animation#175948
07-28 17:18:53.412  1127  1386 D SurfaceFlinger: [input] setFocusedWindow: 13c438c com.example.dogglers/com.example.dogglers.VerticalListActivity
07-28 17:18:53.412  1624  4919 D InputDispatcher: Focus request (0): 13c438c com.example.dogglers/com.example.dogglers.VerticalListActivity but waiting because NO_WINDOW
07-28 17:18:53.432 19079  4546 I NetworkScheduler.Stats: (REDACTED) Task %s/%s started execution. cause:%s exec_start_elapsed_seconds: %s
07-28 17:18:53.455  8684  8684 I ViewRootImpl@a66a33e[VerticalListActivity]: reportNextDraw android.view.ViewRootImpl.performTraversals:4438 android.view.ViewRootImpl.doTraversal:3116 android.view.ViewRootImpl$TraversalRunnable.run:10885 android.view.Choreographer$CallbackRecord.run:1301 android.view.Choreographer$CallbackRecord.run:1309
07-28 17:18:53.456  8684  8684 I ViewRootImpl@a66a33e[VerticalListActivity]: Setup new sync id=0
07-28 17:18:53.456  8684  8684 I ViewRootImpl@a66a33e[VerticalListActivity]: Setting syncFrameCallback
07-28 17:18:53.456  8684  8684 I ViewRootImpl@a66a33e[VerticalListActivity]: registerCallbacksForSync syncBuffer=false
07-28 17:18:53.459  2857  2857 I WifiHAL : Get link layer stats
07-28 17:18:53.459  2857  2857 I WifiHAL : GetLinkStatsCommand::create
07-28 17:18:53.459  2857  2857 D android.hardware.wifi@1.0-service-lazy: WifiRequest::create vendor command to iface 40, vendor_id=0x1a11, subcmd=0x1200, res=0
07-28 17:18:53.459  2857  2857 I android.hardware.wifi@1.0-service-lazy: WifiCommand::requestResponse err=-95
07-28 17:18:53.459  2857  2857 I WifiHAL : wifi_get_link_stats: result=-3
07-28 17:18:53.460  1624  2720 E WifiVendorHal: getWifiLinkLayerStats_1_5_Internal(l.1179) failed {.code = ERROR_NOT_SUPPORTED, .description = }
07-28 17:18:53.466  1624  4123 D SemWifiUsabilityStatsMonitor: onWifiUsabilityStats - seqNum 169053, isSameBssidAndFreq true
07-28 17:18:53.467  1624  2793 I SemWifiLinkQualityMonitor: Link Qos query: inf. ms / 0 Mbps
07-28 17:18:53.476 19079  6991 I NetworkScheduler.Stats: (REDACTED) Task %s/%s started execution. cause:%s exec_start_elapsed_seconds: %s
07-28 17:18:53.478  8684  8828 I ViewRootImpl@a66a33e[VerticalListActivity]: Received frameDrawingCallback syncResult=0 frameNum=1.
07-28 17:18:53.478  8684  8828 I ViewRootImpl@a66a33e[VerticalListActivity]: Setting up sync and frameCommitCallback
07-28 17:18:53.483  8684  8768 I BLASTBufferQueue: [ViewRootImpl@a66a33e[VerticalListActivity]#9](f:0,a:0) onFrameAvailable the first frame is available
07-28 17:18:53.484  8684  8768 D BLASTBufferQueue: [ViewRootImpl@a66a33e[VerticalListActivity]#9](f:0,a:1) acquireNextBufferLocked size=1080x2400 mFrameNumber=1 applyTransaction=true mTimestamp=1006963038601095(auto) mPendingTransactions.size=0 graphicBufferId=37297495998493 transform=0
07-28 17:18:53.485  8684  8768 I ViewRootImpl@a66a33e[VerticalListActivity]: Received frameCommittedCallback lastAttemptedDrawFrameNum=1 didProduceBuffer=true
07-28 17:18:53.486  8684  8768 D OpenGLRenderer: CFMS:: SetUp Pid : 8684    Tid : 8768
07-28 17:18:53.488  8684  8768 W Parcel  : Expecting binder but got null!
07-28 17:18:53.488  8684  8684 I ViewRootImpl@a66a33e[VerticalListActivity]: onSyncComplete
07-28 17:18:53.489  8684  8684 I ViewRootImpl@a66a33e[VerticalListActivity]: setupSync seqId=0 mSyncId=0 fn=1 caller=android.view.ViewRootImpl$$ExternalSyntheticLambda11.accept:6 android.window.SurfaceSyncer.lambda$setupSync$1$android-window-SurfaceSyncer:128 android.window.SurfaceSyncer$$ExternalSyntheticLambda1.accept:8 android.window.SurfaceSyncer$SyncSet.checkIfSyncIsComplete:382 android.window.SurfaceSyncer$SyncSet.markSyncReady:359 android.window.SurfaceSyncer.markSyncReady:151 android.view.ViewRootImpl.performTraversals:4503
07-28 17:18:53.489  8684  8684 I ViewRootImpl@a66a33e[VerticalListActivity]: reportDrawFinished seqId=0 mSyncId=-1 fn=1 mSurfaceChangedTransaction=0xb40000728aba7600
07-28 17:18:53.492  1127  1127 D BufferStateLayer: com.example.dogglers/com.example.dogglers.VerticalListActivity$_8684#175965 setBuffer frameId=1, bufferId=37297495998493 fenceId=578, w= 1080, h=2400
07-28 17:18:53.494  1080  1169 I hwcomposer: [HWCDisplay] [Display_0 (type:1)] fps:46.715786,dur:1048.90,max:81.88,min:11.50
07-28 17:18:53.500  1624  1669 I SemDvfsHyPerManager: acquire hyper - AMS_RESUME_TAIL/1624@21, type = -999
07-28 17:18:53.500  1624  1669 I SemDvfsHyPerManager: acquire hyper - AMS_ACT_LAZY/1624@22, type = -999
07-28 17:18:53.500  1624  1665 W ziparchive: Unable to open '/data/app/~~KwWEaLvC3N8lGKrKk0eQLw==/com.example.dogglers-qTYCQ1SZN0zaUgqutcjCEg==/base.dm': No such file or directory
07-28 17:18:53.500  1090  1150 I HYPER-HAL: [RequestManager.cpp]acquire(): Acquired ID : 1353856  [1624 / 21]    HINT : AMS_RESUME_TAIL    list :
07-28 17:18:53.501  1090  1150 I mtkpower_client: perf_lock_rel, hdl:80067, tid:1150
07-28 17:18:53.501  1624  1665 I PkgPredictorService-SecIpmManagerServiceImpl: reportToNAP uid:10520 com.example.dogglers/com.example.dogglers.VerticalListActivity thisTime:446
07-28 17:18:53.501  8684  8684 D RootViewPicker: Root not ready - waiting: 10ms for one to appear.
07-28 17:18:53.502  1093  1167 I libPowerHal: [perfLockRel] hdl:80067, idx:0
07-28 17:18:53.502  1093  1167 I libPowerHal: [PD] vendor.samsung. update cmd:1c3c000, param:1
07-28 17:18:53.502  1090  1150 I mtkpower_client: perf_lock_acq, hdl:0, dur:0, num:2, tid:1150
07-28 17:18:53.502  1093  1167 I libPowerHal: [PD] (less) /proc/mcdi/state set +prefix:enable 1;
07-28 17:18:53.503  1624  1665 I ActivityTaskManager: Displayed com.example.dogglers/.VerticalListActivity: +446ms
07-28 17:18:53.503  1624  3610 E libprocessgroup: Failed to find cgroup for tid 3610
07-28 17:18:53.503  1624  3610 W libprocessgroup: Failed to apply DoNothingOlaf task profile: Try again
07-28 17:18:53.503  3746  3746 E pageboostd: Received HALT command code 2
07-28 17:18:53.504  1093  1141 I mtkpower@impl: [setMode] type:5, enabled:0
07-28 17:18:53.507  1127  3782 I SurfaceFlinger: id=175968 createSurf flag=24000, Surface(name=13c438c com.example.dogglers/com.example.dogglers.VerticalListActivity)/@0x4f5cfcb - animation-leash of starting_reveal#175968
07-28 17:18:53.507  1090  1150 I mtkpower_client: ret_hdl:80069
07-28 17:18:53.507  1090  1150 I mtkpower_client: perf_lock_rel, hdl:80068, tid:1150
07-28 17:18:53.507  1093  1167 I libPowerHal: [perfLockAcq] idx:0 hdl:80069 hint:-1 pid:1090 duration:0 lock_user:vendor.samsung. => ret_hdl:80069
07-28 17:18:53.508  1093  1167 I libPowerHal: [PE] (less) /proc/mcdi/state set +prefix:enable 0;
07-28 17:18:53.509  1127  1127 I Layer   : Layer [com.example.dogglers/com.example.dogglers.VerticalListActivity$_8684#175965] hidden!! flag(0)
07-28 17:18:53.510  1090  1150 I mtkpower_client: perf_lock_acq, hdl:0, dur:0, num:2, tid:1150
07-28 17:18:53.511  1093  1167 I libPowerHal: [perfLockRel] hdl:80068, idx:1
07-28 17:18:53.511  1624  2957 D InputDispatcher: Focus entered window (0): 13c438c com.example.dogglers/com.example.dogglers.VerticalListActivity
07-28 17:18:53.511  1093  1167 I libPowerHal: [PD] vendor.samsung. update cmd:1000000, param:-1
07-28 17:18:53.512  1093  1167 I libPowerHal: [PD] vendor.samsung. update cmd:1000000 param:-1
07-28 17:18:53.514  8684  8684 I ViewRootImpl@a66a33e[VerticalListActivity]: MSG_WINDOW_FOCUS_CHANGED 1 0
07-28 17:18:53.515  8684  8684 I ViewRootImpl@a66a33e[VerticalListActivity]: mThreadedRenderer.initializeIfNeeded()#2 mSurface={isValid=true 0xb40000728abf3000}
07-28 17:18:53.516  1127  1127 D SurfaceFlinger: Display 0 HWC layers:
07-28 17:18:53.516  1127  1127 D SurfaceFlinger:      DEVICE | 0xb400007621856400 | 0102 | RGBA_8888    |    0.0    0.0 1080.0 2400.0 |    0    0 1080 2400 | com.example.dogglers/com.example.dogglers.VerticalListActivity$_8684#175965
07-28 17:18:53.516  1127  1127 D SurfaceFlinger:      DEVICE | 0xb400007623229400 | 0100 | RGBA_8888    |    0.0    0.0 1080.0 2400.0 |    0    0 1080 2400 | Splash Screen com.example.dogglers$_2897#175958
07-28 17:18:53.516  1127  1127 D SurfaceFlinger:      DEVICE | 0xb4000075f544c980 | 0100 | RGBA_8888    |    0.0    0.0 1080.0   80.0 |    0    0 1080   80 | StatusBar$_2897#91
07-28 17:18:53.516  1127  1127 D SurfaceFlinger:      DEVICE | 0xb4000075f544c800 | 0100 | RGBA_8888    |    0.0    0.0 1080.0  135.0 |    0 2265 1080 2400 | NavigationBar0$_2897#86
07-28 17:18:53.516  1127  1127 D SurfaceFlinger:      DEVICE | 0xb4000075f544b300 | 0140 | RGBA_8888    |    0.0    0.0 1080.0  150.0 |    0    0 1080  150 | ScreenDecorOverlay$_2897#100
07-28 17:18:53.516  1127  1127 D SurfaceFlinger:      DEVICE | 0xb400007621856700 | 0140 | RGBA_8888    |    0.0    0.0 1080.0  150.0 |    0 2250 1080 2400 | ScreenDecorOverlayBottom$_2897#101
07-28 17:18:53.516  1127  1127 D SurfaceFlinger:
07-28 17:18:53.516  1090  1150 I mtkpower_client: ret_hdl:80070
07-28 17:18:53.517  1093  1167 I libPowerHal: [perfLockAcq] idx:3 hdl:80070 hint:-1 pid:1090 duration:0 lock_user:vendor.samsung. => ret_hdl:80070
07-28 17:18:53.517  1090  1150 I mtkpower_client: perf_lock_rel, hdl:80069, tid:1150
07-28 17:18:53.517  1093  1167 I libPowerHal: [PE] vendor.samsung. update cmd:1000000, param:0
07-28 17:18:53.517  1093  1167 I libPowerHal: [PE] vendor.samsung. update cmd:1000000 param:0
07-28 17:18:53.517  8684  8684 D InputMethodManager: startInputInner - Id : 0
07-28 17:18:53.518  1093  1167 I libPowerHal: [perfLockRel] hdl:80069, idx:0
07-28 17:18:53.518  8684  8684 I InputMethodManager: startInputInner - mService.startInputOrWindowGainedFocus
07-28 17:18:53.518  1093  1167 I libPowerHal: [PD] vendor.samsung. update cmd:1c3c000, param:1
07-28 17:18:53.518  1093  1167 I libPowerHal: [PD] (less) /proc/mcdi/state set +prefix:enable 1;
07-28 17:18:53.519  1090  1150 I mtkpower_client: perf_lock_acq, hdl:0, dur:0, num:2, tid:1150
07-28 17:18:53.519  1090  1150 I mtkpower_client: ret_hdl:80071
07-28 17:18:53.519  1093  1167 I libPowerHal: [perfLockAcq] idx:0 hdl:80071 hint:-1 pid:1090 duration:0 lock_user:vendor.samsung. => ret_hdl:80071
07-28 17:18:53.519  1090  1150 I mtkpower_client: perf_lock_rel, hdl:80065, tid:1150
07-28 17:18:53.520  1093  1167 I libPowerHal: [PE] (less) /proc/mcdi/state set +prefix:enable 0;
07-28 17:18:53.520  1090  1150 I mtkpower_client: perf_lock_acq, hdl:0, dur:0, num:2, tid:1150
07-28 17:18:53.521  1093  1167 I libPowerHal: [perfLockRel] hdl:80065, idx:2
07-28 17:18:53.521  1093  1167 I libPowerHal: vendor.samsung.: cpu_ctrl set cpu freq: -1 -1 -1 -1
07-28 17:18:53.521 19079  4546 I NetworkScheduler.Stats: (REDACTED) Task %s/%s finished executing. cause:%s result: %s elapsed_millis: %s uptime_millis: %s exec_start_elapsed_seconds: %s
07-28 17:18:53.521  1090  1150 I mtkpower_client: ret_hdl:80072
07-28 17:18:53.522  1090  1150 I mtkpower_client: perf_lock_rel, hdl:80070, tid:1150
07-28 17:18:53.522  1093  1167 I libPowerHal: [perfLockAcq] idx:1 hdl:80072 hint:-1 pid:1090 duration:0 lock_user:vendor.samsung. => ret_hdl:80072
07-28 17:18:53.522  1093  1167 I libPowerHal: vendor.samsung.: cpu_ctrl set cpu freq: 1800000 -1 -1 -1
07-28 17:18:53.523  1624  2957 D InputMethodManagerService: mDesktopModeManager null!
07-28 17:18:53.523  1624  2957 V InputMethodManagerService: getDisplayIdOfInputMethodWindowToBeAdded: displayId=0
07-28 17:18:53.523  1624  2957 D InputMethodManagerService: isImeSwitcherDisabledPackage : false
07-28 17:18:53.524  1624  2957 D InputMethodManagerService: checkDisplayOfStartInputAndUpdateKeyboard: displayId=0, mFocusedDisplayId=0
07-28 17:18:53.524  1624  2957 D InputTransport: Input channel constructed: 'ClientS', fd=952
07-28 17:18:53.524  1624  2957 D InputTransport: Input channel destroyed: 'ClientS', fd=952
07-28 17:18:53.525  1090  1150 I mtkpower_client: perf_lock_acq, hdl:0, dur:0, num:2, tid:1150
07-28 17:18:53.525  1093  1167 I libPowerHal: [perfLockRel] hdl:80070, idx:3
07-28 17:18:53.525  1093  1167 I libPowerHal: [PD] vendor.samsung. update cmd:1000000, param:-1
07-28 17:18:53.526  1093  1167 I libPowerHal: [PD] vendor.samsung. update cmd:1000000 param:-1
07-28 17:18:53.526  2897  2960 D OpenGLRenderer: setSurface called with nullptr
07-28 17:18:53.527  2897  2960 D OpenGLRenderer: setSurface() destroyed EGLSurface
07-28 17:18:53.527  2897  2960 D OpenGLRenderer: destroyEglSurface
07-28 17:18:53.527  1093  1167 I libPowerHal: [perfLockAcq] idx:2 hdl:80073 hint:-1 pid:1090 duration:0 lock_user:vendor.samsung. => ret_hdl:80073
07-28 17:18:53.527  1093  1167 I libPowerHal: [PE] vendor.samsung. update cmd:1000000, param:0
07-28 17:18:53.527  1093  1167 I libPowerHal: [PE] vendor.samsung. update cmd:1000000 param:0
07-28 17:18:53.528  1090  1150 I mtkpower_client: ret_hdl:80073
07-28 17:18:53.528  1090  1150 I HYPER-HAL: [RequestManager.cpp]releaseLocked(): Released ID : 1372028
07-28 17:18:53.528  1233  7856 I CameraService: onUidStateChanged: uid=10063, procState is changed. (1 -> 0)
07-28 17:18:53.530  1624  1688 W libprocessgroup: Failed to open /dev/blkio//cgroup.procs: No such file or directory
07-28 17:18:53.531  2897  2945 I ViewRootImpl@f78fbe7[dogglers]: performTraversals params={(0,0)(fillxfill) sim={adjust=pan} ty=APPLICATION_STARTING fmt=TRANSLUCENT wanim=0x1030001 alpha=0.0
07-28 17:18:53.531  2897  2945 I ViewRootImpl@f78fbe7[dogglers]:   fl=81030118
07-28 17:18:53.531  2897  2945 I ViewRootImpl@f78fbe7[dogglers]:   pfl=16000010
07-28 17:18:53.531  2897  2945 I ViewRootImpl@f78fbe7[dogglers]:   bhv=DEFAULT
07-28 17:18:53.531  2897  2945 I ViewRootImpl@f78fbe7[dogglers]:   fitSides= naviIconColor=0}
07-28 17:18:53.532  2897  2945 I ViewRootImpl@f78fbe7[dogglers]: performTraversals mFirst=false windowShouldResize=false viewVisibilityChanged=true mForceNextWindowRelayout=false params={(0,0)(fillxfill) sim={adjust=pan} ty=APPLICATION_STARTING fmt=TRANSLUCENT wanim=0x1030001 alpha=0.0
07-28 17:18:53.532  2897  2945 I ViewRootImpl@f78fbe7[dogglers]:   fl=81030118
07-28 17:18:53.532  2897  2945 I ViewRootImpl@f78fbe7[dogglers]:   pfl=16000010
07-28 17:18:53.532  2897  2945 I ViewRootImpl@f78fbe7[dogglers]:   bhv=DEFAULT
07-28 17:18:53.532  2897  2945 I ViewRootImpl@f78fbe7[dogglers]:   fitSides= naviIconColor=0}
07-28 17:18:53.533  5607  5607 I HBD     : HoneyBoardService onFinishInput
07-28 17:18:53.533  5607  5607 I HBD     : a IC have been unbinding,  RemoteInputConnection{idHash=#4dd14c3}
07-28 17:18:53.533  5607  5607 I HBD     : HoneyBoardService [PF_CL][onFinishInput]  0 ms
07-28 17:18:53.534  5607  5607 I HBD     : HoneyBoardService [IMI] onStartInput - caller pid : 8684 , caller uid : 10520
07-28 17:18:53.534  5607  5607 I HBD     : j updateConfigs
07-28 17:18:53.534  5607  5607 I HBD     : j isEnabledNightMode : false
07-28 17:18:53.534  5607  5607 I HBD     : a IC have been binding, RemoteInputConnection{idHash=#477140}
07-28 17:18:53.534  5607  5607 I HBD     : h [EditorInputType]setPrivateImeOptionsToTable privateImeOptions ( null )
07-28 17:18:53.534  5607  5607 I HBD     : b incognitoMode : false
07-28 17:18:53.534  5607  5607 I HBD     : a needOff = true , isForceOff = false, isNullInputClass : true
07-28 17:18:53.535  5607  5607 I HBD     : h getDefaultInputRange : UNKNOWN
07-28 17:18:53.535  5607  5607 I HBD     : h getDefaultInputRange : UNKNOWN
07-28 17:18:53.535  5607  5607 I HBD     : h getDefaultInputRange : UNKNOWN
07-28 17:18:53.535  8684  8684 I ViewInteraction: Checking 'MatchesViewAssertion{viewMatcher=(view has effective visibility <VISIBLE> and view.getGlobalVisibleRect() to return non-empty rectangle)}' assertion on view an instance of android.widget.TextView and view.getText() with or without transformation to match: is "Tzeitel"
07-28 17:18:53.537  5607  5607 I HBD     : a needOff = true , isForceOff = false, isNullInputClass : true
07-28 17:18:53.537  5607  5607 I HBD     : a update cached prediction status : false
07-28 17:18:53.537  5607  5607 I HBD     : h getDefaultInputRange : UNKNOWN
07-28 17:18:53.537  5607  5607 I HBD     : a currentState : 0
07-28 17:18:53.538  5607  5607 I HBD     : a [UpdatePolicy] [post] a: 0 cl: 3342336 kit: [0/0] vt: 0 ir: 1
07-28 17:18:53.539  5607  5607 I HBD     : a [NRIC] resetNoResponseState
07-28 17:18:53.539  5607  5607 I HBD     : a needOff = true , isForceOff = false, isNullInputClass : true
07-28 17:18:53.539  5607  5607 I HBD     : a update cached prediction status : false
07-28 17:18:53.540  5607  5607 I HBD     : HoneyBoardService [PF_OP][onStartInput]  6 ms
07-28 17:18:53.542  1127  3782 I SurfaceFlinger: id=175969 createSurf flag=24004, Surface(name=d8adfc2 InputMethod)/@0xc2b360e - animation-leash of insets_animation#175969
07-28 17:18:53.546  1624  2024 V WindowManager: Relayout Window{9a61cf7 u0 Splash Screen com.example.dogglers}: viewVisibility=8 req=1080x2400 d0
07-28 17:18:53.549  2897  2897 D NavigationBar: onSystemBarAttributesChanged() -  displayId:0, appearance:16, packageName: com.example.dogglers (APPEARANCE_LIGHT_NAVIGATION_BARS ), navbarColorManagedByIme:false
07-28 17:18:53.550  2897  2897 D SamsungLightBarControlHelper: updateNavigation(Black button) isLightBar:false, hasLightBarNavigationBarFlag:true, packageName:com.example.dogglers, DirectReplying:false, NavBarColorManagerdByIme:false, ForceDarkForScrim:false, QsCustomizing:false, PanelHasWhiteBg:true
07-28 17:18:53.552  1624  2024 V WindowManager: Relayout hash=9a61cf7, pid=2897, syncId=-1: mAttrs={(0,0)(fillxfill) sim={adjust=pan} ty=APPLICATION_STARTING fmt=TRANSLUCENT wanim=0x1030001 alpha=0.0
07-28 17:18:53.552  1624  2024 V WindowManager:   fl=81030118
07-28 17:18:53.552  1624  2024 V WindowManager:   pfl=16000010
07-28 17:18:53.552  1624  2024 V WindowManager:   bhv=DEFAULT
07-28 17:18:53.552  1624  2024 V WindowManager:   fitSides= naviIconColor=0}
07-28 17:18:53.553  2897  2945 D BLASTBufferQueue: [ViewRootImpl@f78fbe7[dogglers]#7844](f:0,a:1) destructor()
07-28 17:18:53.553  2897  2945 D BufferQueueConsumer: [ViewRootImpl@f78fbe7[dogglers]#7844(BLAST Consumer)7844](id:b5100001ea4,api:0,p:-1,c:2897) disconnect
07-28 17:18:53.554  2897  2945 I ViewRootImpl@f78fbe7[dogglers]: Relayout returned: old=(0,0,1080,2400) new=(0,0,1080,2400) req=(1080,2400)8 dur=21 res=0x2 s={false 0x0} ch=true seqId=0
07-28 17:18:53.554  2897  2945 I ViewRootImpl@f78fbe7[dogglers]: dispatchDetachedFromWindow
07-28 17:18:53.555  1624  5706 D InputTransport: Input channel destroyed: '9a61cf7', fd=862
07-28 17:18:53.555  1624  5706 W InputManager-JNI: Input channel object '9a61cf7 Splash Screen com.example.dogglers (client)' was disposed without first being removed with the input manager!
07-28 17:18:53.555  1624  5706 D InputTransport: Input channel destroyed: '9a61cf7', fd=876
07-28 17:18:53.557 19079  4546 I NetworkScheduler.Stats: (REDACTED) Task %s/%s finished executing. cause:%s result: %s elapsed_millis: %s uptime_millis: %s exec_start_elapsed_seconds: %s
07-28 17:18:53.559  1127  1127 I Layer   : id=175953 removeFromCurrentState Surface(name=d8adfc2 InputMethod)/@0xc2b360e - animation-leash of insets_animation#175953 (126)
07-28 17:18:53.559  2897  2945 D InputTransport: Input channel destroyed: '9a61cf7', fd=266
07-28 17:18:53.559  1127  1127 I Layer   : Layer [Splash Screen com.example.dogglers$_2897#175958] hidden!! flag(1)
07-28 17:18:53.559  1127  1127 I Layer   : id=175957 removeFromCurrentState 9a61cf7 Splash Screen com.example.dogglers#175957 (126)
07-28 17:18:53.559  1127  1127 I Layer   : id=175958 removeFromCurrentState Splash Screen com.example.dogglers$_2897#175958 (126)
07-28 17:18:53.559  1127  1127 I Layer   : id=175968 removeFromCurrentState Surface(name=13c438c com.example.dogglers/com.example.dogglers.VerticalListActivity)/@0x4f5cfcb - animation-leash of starting_reveal#175968 (126)
07-28 17:18:53.559  1127  1127 I Layer   : id=175958 removeFromCurrentState Splash Screen com.example.dogglers$_2897#175958 (126)
07-28 17:18:53.559  1127  1127 I SurfaceFlinger: id=175953 Removed Surface(name=d8adfc2 InputMethod)/@0xc2b360e - animation-leash of insets_animation#175953 (126)
07-28 17:18:53.560  1127  1127 I Layer   : id=175953 Destroyed Surface(name=d8adfc2 InputMethod)/@0xc2b360e - animation-leash of insets_animation#175953
07-28 17:18:53.560  1127  2023 I SurfaceFlinger: id=175957 Removed 9a61cf7 Splash Screen com.example.dogglers#175957 (125)
07-28 17:18:53.560  1127  2023 I SurfaceFlinger: id=175958 Removed Splash Screen com.example.dogglers$_2897#175958 (125)
07-28 17:18:53.562   539   539 I lmkd    : cached 0, sandbox(not0) 0
07-28 17:18:53.565  1127  1127 D SurfaceFlinger: Display 0 HWC layers:
07-28 17:18:53.565  1127  1127 D SurfaceFlinger:      DEVICE | 0xb4000075f544b000 | 0102 | RGBA_8888    |    0.0    0.0 1080.0 2400.0 |    0    0 1080 2400 | com.example.dogglers/com.example.dogglers.VerticalListActivity$_8684#175965
07-28 17:18:53.565  1127  1127 D SurfaceFlinger:      DEVICE | 0xb4000075f544c980 | 0100 | RGBA_8888    |    0.0    0.0 1080.0   80.0 |    0    0 1080   80 | StatusBar$_2897#91
07-28 17:18:53.565  1127  1127 D SurfaceFlinger:      DEVICE | 0xb4000075f544c800 | 0100 | RGBA_8888    |    0.0    0.0 1080.0  135.0 |    0 2265 1080 2400 | NavigationBar0$_2897#86
07-28 17:18:53.565  1127  1127 D SurfaceFlinger:      DEVICE | 0xb4000075f544b300 | 0140 | RGBA_8888    |    0.0    0.0 1080.0  150.0 |    0    0 1080  150 | ScreenDecorOverlay$_2897#100
07-28 17:18:53.565  1127  1127 D SurfaceFlinger:      DEVICE | 0xb400007621856700 | 0140 | RGBA_8888    |    0.0    0.0 1080.0  150.0 |    0 2250 1080 2400 | ScreenDecorOverlayBottom$_2897#101
07-28 17:18:53.565  1127  1127 D SurfaceFlinger:
07-28 17:18:53.565   539   539 I lmkd    : Reclaim 'com.samsung.android.scs' (8787), uid 10112, oom_score_adj 915, state 19 to free 114716kB rss, 41880kB swap; reason: low watermark is breached and swap is low (2265760kB < 2348808kB)
07-28 17:18:53.572  8684  8684 I ViewInteraction: Checking 'MatchesViewAssertion{viewMatcher=(view has effective visibility <VISIBLE> and view.getGlobalVisibleRect() to return non-empty rectangle)}' assertion on view an instance of android.widget.TextView and view.getText() with or without transformation to match: is "Age: 7"
07-28 17:18:53.572  8684  8684 E ViewAssertions: '(view has effective visibility <VISIBLE> and view.getGlobalVisibleRect() to return non-empty rectangle)' check could not be performed because view 'an instance of android.widget.TextView and view.getText() with or without transformation to match: is "Age: 7"' was not found.
07-28 17:18:53.574  8684  8684 D InsetsController: onStateChanged: InsetsState: {mDisplayFrame=Rect(0, 0 - 1080, 2400), mDisplayCutout=DisplayCutout{insets=Rect(0, 80 - 0, 0) waterfall=Insets{left=0, top=0, right=0, bottom=0} boundingRect={Bounds=[Rect(0, 0 - 0, 0), Rect(468, 0 - 612, 80), Rect(0, 0 - 0, 0), Rect(0, 0 - 0, 0)]} cutoutPathParserInfo={CutoutPathParserInfo{displayWidth=1080 displayHeight=2400 physicalDisplayWidth=1080 physicalDisplayHeight=2400 density={2.625} cutoutSpec={M 0,0 H -27.42857142857143 V 30.47619047619048 H 27.42857142857143 V 0 H 0 Z @dp} rotation={0} scale={1.0} physicalPixelDisplaySizeRatio={1.0}}}}, mRoundedCorners=RoundedCorners{[RoundedCorner{position=TopLeft, radius=90, center=Point(90, 90)}, RoundedCorner{position=TopRight, radius=90, center=Point(990, 90)}, RoundedCorner{position=BottomRight, radius=90, center=Point(990, 2310)}, RoundedCorner{position=BottomLeft, radius=90, center=Point(90, 2310)}]}  mRoundedCornerFrame=Rect(0, 0 - 1080, 2400), mPrivacyIndicatorBounds=PrivacyIndicatorBounds {static bounds=Rect(956, 0 - 1080, 80) rotation=0}, mSources= { InsetsSource: {mType=ITYPE_STATUS_BAR, mFrame=[0,0][1080,80], mVisible=true, mInsetsRoundedCornerFrame=false}, InsetsSource: {mType=ITYPE_NAVIGATION_BAR, mFrame=[0,2265][1080,2400], mVisible=true, mInsetsRoundedCornerFrame=false}, InsetsSource: {mType=ITYPE_LEFT_GESTURES, mFrame=[0,0][0,2400], mVisible=true, mInsetsRoundedCornerFrame=false}, InsetsSource: {mType=ITYPE_RIGHT_GESTURES, mFrame=[1080,0][1080,2400], mVisible=true, mInsetsRoundedCornerFrame=false}, InsetsSource: {mType=ITYPE_TOP_MANDATORY_GESTURES, mFrame=[0,0][1080,114], mVisible=true, mInsetsRoundedCornerFrame=false}, InsetsSource: {mType=ITYPE_BOTTOM_MANDATORY_GESTURES, mFrame=[0,2265][1080,2400], mVisible=true, mInsetsRoundedCornerFrame=false}, InsetsSource: {mType=ITYPE_LEFT_DISPLAY_CUTOUT, mFrame=[0,0][-100000,2400], mVisible=true, mInsetsRoundedCornerFrame=false}, InsetsSource: {mType=ITYPE_TOP_DISPLAY_CUTOUT, mFrame=[0,0][1080,80], mVisible=true, mInsetsRoundedCornerFrame=false}, InsetsSource: {mType=ITYPE_RIGHT_DISPLAY_CUTOUT, mFrame=[100000,0][1080,2400], mVisible=true, mInsetsRoundedCornerFrame=false}, InsetsSource: {mType=ITYPE_BOTTOM_DISPLAY_CUTOUT, mFrame=[0,100000][1080,2400], mVisible=true, mInsetsRoundedCornerFrame=false}, InsetsSource: {mType=ITYPE_TOP_TAPPABLE_ELEMENT, mFrame=[0,0][1080,80], mVisible=true, mInsetsRoundedCornerFrame=false}, InsetsSource: {mType=ITYPE_BOTTOM_TAPPABLE_ELEMENT, mFrame=[0,2265][1080,2400], mVisible=true, mInsetsRoundedCornerFrame=false}, InsetsSource: {mType=ITYPE_IME, mFrame=[0,0][0,0], mVisibleFrame=[0,1243][1080,2400], mVisible=false, mInsetsRoundedCornerFrame=false} } host=com.example.dogglers/com.example.dogglers.VerticalListActivity from=android.view.ViewRootImpl$ViewRootHandler.handleMessageImpl:6740
07-28 17:18:53.575  1127  1127 I Layer   : id=175957 Destroyed 9a61cf7 Splash Screen com.example.dogglers#175957
07-28 17:18:53.576  1127  1127 I BufferQueueDebug: [Splash Screen com.example.dogglers$_2897#175958](this:0xb4000075f4c42838,id:-1,api:0,p:-1,c:1127) onDestructor()
07-28 17:18:53.576  1127  1127 I Layer   : id=175958 Destroyed Splash Screen com.example.dogglers$_2897#175958
07-28 17:18:53.578  1624  5706 D InputMethodManagerService: isImeSwitcherDisabledPackage : false
07-28 17:18:53.580  5607  5607 I InputMethodService: removeImeSurface
07-28 17:18:53.580  5607  5607 I MSHandlerLifeCycle: check: return. pkg=com.samsung.android.honeyboard isActivity=false callers=com.android.internal.policy.DecorView.setVisibility:4411 android.app.Dialog.hide:767 android.inputmethodservice.InputMethodService.removeImeSurface:1290 android.inputmethodservice.InputMethodService.scheduleImeSurfaceRemoval:1279 android.inputmethodservice.InputMethodService.-$$Nest$mscheduleImeSurfaceRemoval:0
07-28 17:18:53.581  1624  2791 D SemNscXgbMsL1: Probability - Cloud gaming: [0.031505056]
07-28 17:18:53.581  5607  5607 I MSHandlerLifeCycle: removeMultiSplitHandler: no exist. decor=DecorView@4ed7bdc[InputMethod]
07-28 17:18:53.581  1624  2791 D SemNscXgbMsL1: Probability - Real time: [0.34176686]
07-28 17:18:53.581  1624  2791 D SemNscXgbMsL1: Probability - Non real time: [0.303242]
07-28 17:18:53.581  1624  2791 D SemNscXgbMsL1: 1 sample inference time: 0.469154 msecs
07-28 17:18:53.583  1624  2791 D SemNscXgbL2Rt: L2 RT 1 sample inference time: 2.232307 msecs
07-28 17:18:53.584  1624  2791 D SemNscXgbL2Nrt: L2 NRT 1 sample inference time: 0.627615 msecs
07-28 17:18:53.587  1624  1668 I ChimeraSystemEventListener: appLaunchIntent package name is: com.example.dogglers
07-28 17:18:53.587  3746  3746 E pageboostd: Received HALT command code 2
07-28 17:18:53.589  4741  4741 I A       : onPause
07-28 17:18:53.590  1064  1064 I Zygote  : Process 8787 exited due to signal 9 (Killed)
07-28 17:18:53.591  1624  4919 I SemDvfsHyPerManager: acquire hyper - AMS_ACT_START/1624@19, type = -999
07-28 17:18:53.591  1624  1682 I libprocessgroup: Successfully killed process cgroup uid 10112 pid 8787 in 0ms
07-28 17:18:53.591  1090  1150 I HYPER-HAL: [RequestManager.cpp]acquire(): Acquired ID : 1350565  [1624 / 19]    HINT : AMS_ACT_START    list :
07-28 17:18:53.591  1090  1150 I mtkpower_client: perf_lock_rel, hdl:80072, tid:1150
07-28 17:18:53.592  1090  1150 I mtkpower_client: perf_lock_acq, hdl:0, dur:0, num:2, tid:1150
07-28 17:18:53.592  1090  1150 I mtkpower_client: ret_hdl:80074
07-28 17:18:53.592  1090  1150 I mtkpower_client: perf_lock_rel, hdl:80071, tid:1150
07-28 17:18:53.592  1090  1150 I mtkpower_client: perf_lock_acq, hdl:0, dur:0, num:2, tid:1150
07-28 17:18:53.593  1127  1177 I SurfaceFlinger: id=175970 createSurf flag=80004, ActivityRecord{ddd27b5 u0 com.example.dogglers/androidx.test.core.app.InstrumentationActivityInvoker$EmptyActivity} t30273}#175970
07-28 17:18:53.593  1090  1150 I mtkpower_client: ret_hdl:80075
07-28 17:18:53.593  1090  1150 I mtkpower_client: perf_lock_rel, hdl:80073, tid:1150
07-28 17:18:53.594  1093  1167 I libPowerHal: [perfLockRel] hdl:80072, idx:1
07-28 17:18:53.594  1093  1167 I libPowerHal: vendor.samsung.: cpu_ctrl set cpu freq: -1 -1 -1 -1
07-28 17:18:53.595  1624  1668 I SemPersonaManager: SecureFolder personaId = 150
07-28 17:18:53.595  1093  1167 I libPowerHal: [perfLockAcq] idx:3 hdl:80074 hint:-1 pid:1090 duration:0 lock_user:vendor.samsung. => ret_hdl:80074
07-28 17:18:53.596  1093  1167 I libPowerHal: vendor.samsung.: cpu_ctrl set cpu freq: 1800000 -1 -1 -1
07-28 17:18:53.596  1093  1167 I libPowerHal: [perfLockRel] hdl:80071, idx:0
07-28 17:18:53.596  1093  1167 I libPowerHal: [PD] vendor.samsung. update cmd:1c3c000, param:1
07-28 17:18:53.596  1093  1167 I libPowerHal: [PD] (less) /proc/mcdi/state set +prefix:enable 1;
07-28 17:18:53.597  1093  1167 I libPowerHal: [perfLockAcq] idx:4 hdl:80075 hint:-1 pid:1090 duration:0 lock_user:vendor.samsung. => ret_hdl:80075
07-28 17:18:53.597  1093  1167 I libPowerHal: [PE] (less) /proc/mcdi/state set +prefix:enable 0;
07-28 17:18:53.598  1090  1150 I mtkpower_client: perf_lock_acq, hdl:0, dur:0, num:2, tid:1150
07-28 17:18:53.599  1093  1167 I libPowerHal: [perfLockRel] hdl:80073, idx:2
07-28 17:18:53.599  1093  1167 I libPowerHal: [PD] vendor.samsung. update cmd:1000000, param:-1
07-28 17:18:53.599  1093  1167 I libPowerHal: [PD] vendor.samsung. update cmd:1000000 param:-1
07-28 17:18:53.599  1090  1150 I mtkpower_client: ret_hdl:80076
07-28 17:18:53.600  1093  1167 I libPowerHal: [perfLockAcq] idx:0 hdl:80076 hint:-1 pid:1090 duration:0 lock_user:vendor.samsung. => ret_hdl:80076
07-28 17:18:53.600  1093  1167 I libPowerHal: [PE] vendor.samsung. update cmd:1000000, param:0
07-28 17:18:53.600  1093  1167 I libPowerHal: [PE] vendor.samsung. update cmd:1000000 param:0
07-28 17:18:53.603  8684  8684 D LifecycleMonitor: Lifecycle status change: com.example.dogglers.VerticalListActivity@2275b78 in: PAUSED
07-28 17:18:53.603  8684  8684 V ActivityScenario: Update currentActivityStage to PAUSED, currentActivity=com.example.dogglers.VerticalListActivity@2275b78
07-28 17:18:53.610  1624  5303 D InputDispatcher: Focused application(0): ActivityRecord{ddd27b5 u0 com.example.dogglers/androidx.test.core.app.InstrumentationActivityInvoker$EmptyActivity} t30273}
07-28 17:18:53.619  1624  1668 I SemPersonaManager: SecureFolder personaId = 150
07-28 17:18:53.622  8684  8684 D LifecycleMonitor: Lifecycle status change: androidx.test.core.app.InstrumentationActivityInvoker$EmptyActivity@76b27b3 in: PRE_ON_CREATE
07-28 17:18:53.623  8684  8684 V ActivityScenario: Activity lifecycle changed event received but ignored because the intent does not match. startActivityIntent=Intent { act=android.intent.action.MAIN cat=[android.intent.category.LAUNCHER] cmp=com.example.dogglers/.VerticalListActivity }, activity.getIntent()=Intent { act=android.intent.action.MAIN cat=[android.intent.category.LAUNCHER] flg=0x10000000 cmp=com.example.dogglers/androidx.test.core.app.InstrumentationActivityInvoker$EmptyActivity }, activity=androidx.test.core.app.InstrumentationActivityInvoker$EmptyActivity@76b27b3
07-28 17:18:53.625  1127  1127 I SurfaceFlinger: [13c438c com.example.dogglers/com.example.dogglers.VerticalListActivity#175964] FrameRatePriority: -1
07-28 17:18:53.631  1624  1668 D EnterpriseDeviceManagerService: isMdmAdminPresentInternal() : MDM Admin Found - com.samsung.knox.securefolder
07-28 17:18:53.631  1624  3919 I MediaSessionMonitor: Media session stopped : not playing state
07-28 17:18:53.634  8684  8684 I DecorView: [INFO] isPopOver=false config=true
07-28 17:18:53.634  8684  8684 I DecorView: updateCaptionType: isFloating=false isApplication=true hasWindowDecorCaption=false this=DecorView@955ad6e[]
07-28 17:18:53.634  8684  8684 D DecorView: setCaptionType = 0, this = DecorView@955ad6e[]
07-28 17:18:53.638  8684  8684 I DecorView: getCurrentDensityDpi: from real metrics. densityDpi=450 msg=resources_loaded
07-28 17:18:53.639  8684  8684 I DecorView: setWindowBackground: isPopOver=false color=ff010101 d=android.graphics.drawable.StateListDrawable@5668c0f
07-28 17:18:53.639  8684  8684 D LifecycleMonitor: Lifecycle status change: androidx.test.core.app.InstrumentationActivityInvoker$EmptyActivity@76b27b3 in: CREATED
07-28 17:18:53.640  8684  8684 V ActivityScenario: Activity lifecycle changed event received but ignored because the intent does not match. startActivityIntent=Intent { act=android.intent.action.MAIN cat=[android.intent.category.LAUNCHER] cmp=com.example.dogglers/.VerticalListActivity }, activity.getIntent()=Intent { act=android.intent.action.MAIN cat=[android.intent.category.LAUNCHER] flg=0x10000000 cmp=com.example.dogglers/androidx.test.core.app.InstrumentationActivityInvoker$EmptyActivity }, activity=androidx.test.core.app.InstrumentationActivityInvoker$EmptyActivity@76b27b3
07-28 17:18:53.641  1090  8973 I mtkpower_client: perf_lock_rel, hdl:80075, tid:8973
07-28 17:18:53.641  1090  8973 I mtkpower_client: perf_lock_acq, hdl:0, dur:0, num:2, tid:8973
07-28 17:18:53.641  1127  1127 D SurfaceFlinger: [input] inputWindowCommands.focusRequests size is 1
07-28 17:18:53.641  8684  8684 D LifecycleMonitor: Lifecycle status change: androidx.test.core.app.InstrumentationActivityInvoker$EmptyActivity@76b27b3 in: STARTED
07-28 17:18:53.642  8684  8684 V ActivityScenario: Activity lifecycle changed event received but ignored because the intent does not match. startActivityIntent=Intent { act=android.intent.action.MAIN cat=[android.intent.category.LAUNCHER] cmp=com.example.dogglers/.VerticalListActivity }, activity.getIntent()=Intent { act=android.intent.action.MAIN cat=[android.intent.category.LAUNCHER] flg=0x10000000 cmp=com.example.dogglers/androidx.test.core.app.InstrumentationActivityInvoker$EmptyActivity }, activity=androidx.test.core.app.InstrumentationActivityInvoker$EmptyActivity@76b27b3
07-28 17:18:53.643  1127  1386 D SurfaceFlinger: [input] setFocusedWindow: <null>
07-28 17:18:53.643  1624  2705 D InputDispatcher: Focus left window (0): 13c438c com.example.dogglers/com.example.dogglers.VerticalListActivity
07-28 17:18:53.643  1093  1167 I libPowerHal: [perfLockRel] hdl:80075, idx:4
07-28 17:18:53.643  1093  1167 I libPowerHal: [PD] vendor.samsung. update cmd:1c3c000, param:1
07-28 17:18:53.644  1093  1167 I libPowerHal: [PD] (less) /proc/mcdi/state set +prefix:enable 1;
07-28 17:18:53.645  8684  8684 D LifecycleMonitor: Lifecycle status change: androidx.test.core.app.InstrumentationActivityInvoker$EmptyActivity@76b27b3 in: RESUMED
07-28 17:18:53.645  1090  8973 I mtkpower_client: ret_hdl:80077
07-28 17:18:53.645  1090  8973 I mtkpower_client: perf_lock_rel, hdl:80074, tid:8973
07-28 17:18:53.645  1093  1167 I libPowerHal: [perfLockAcq] idx:1 hdl:80077 hint:-1 pid:1090 duration:0 lock_user:vendor.samsung. => ret_hdl:80077
07-28 17:18:53.645  8684  8684 V ActivityScenario: Activity lifecycle changed event received but ignored because the intent does not match. startActivityIntent=Intent { act=android.intent.action.MAIN cat=[android.intent.category.LAUNCHER] cmp=com.example.dogglers/.VerticalListActivity }, activity.getIntent()=Intent { act=android.intent.action.MAIN cat=[android.intent.category.LAUNCHER] flg=0x10000000 cmp=com.example.dogglers/androidx.test.core.app.InstrumentationActivityInvoker$EmptyActivity }, activity=androidx.test.core.app.InstrumentationActivityInvoker$EmptyActivity@76b27b3
07-28 17:18:53.645  1093  1167 I libPowerHal: [PE] (less) /proc/mcdi/state set +prefix:enable 0;
07-28 17:18:53.646  8684  8684 I MSHandlerLifeCycle: check: return. pkg=com.example.dogglers parent=null callers=com.android.internal.policy.DecorView.setVisibility:4411 android.app.ActivityThread.handleResumeActivity:5476 android.app.servertransaction.ResumeActivityItem.execute:54 android.app.servertransaction.ActivityTransactionItem.execute:45 android.app.servertransaction.TransactionExecutor.executeLifecycleState:176
07-28 17:18:53.646  8684  8684 I MSHandlerLifeCycle: removeMultiSplitHandler: no exist. decor=DecorView@955ad6e[]
07-28 17:18:53.646  1090  8973 I mtkpower_client: perf_lock_acq, hdl:0, dur:0, num:2, tid:8973
07-28 17:18:53.646  1093  1167 I libPowerHal: [perfLockRel] hdl:80074, idx:3
07-28 17:18:53.646  1093  1167 I libPowerHal: vendor.samsung.: cpu_ctrl set cpu freq: -1 -1 -1 -1
07-28 17:18:53.646  1127  3782 D SurfaceFlinger: [SF client] NEW(0xb40000762185dd40) for (8684:com.example.dogglers)
07-28 17:18:53.646  1090  8973 I mtkpower_client: ret_hdl:80078
07-28 17:18:53.647  1093  1167 I libPowerHal: [perfLockAcq] idx:2 hdl:80078 hint:-1 pid:1090 duration:0 lock_user:vendor.samsung. => ret_hdl:80078
07-28 17:18:53.647  1090  8973 I HYPER-HAL: [RequestManager.cpp]releaseLocked(): Released ID : 1370371
07-28 17:18:53.647  1093  1167 I libPowerHal: vendor.samsung.: cpu_ctrl set cpu freq: 1800000 -1 -1 -1
07-28 17:18:53.650  8684  8768 D NativeCustomFrequencyManager: [NativeCFMS] BpCustomFrequencyManager::BpCustomFrequencyManager()
