07-28 17:18:51.747  8684  8761 I TestRunner: started: vertical_scrolling(com.example.dogglers.VerticalListTests)
07-28 17:18:51.750  1624  5715 D InputMethodManagerService: isImeSwitcherDisabledPackage : false
07-28 17:18:51.750  8684  8684 D LifecycleMonitor: Lifecycle status change: androidx.test.core.app.InstrumentationActivityInvoker$EmptyActivity@bceaf45 in: DESTROYED
07-28 17:18:51.752  5607  5607 I InputMethodService: removeImeSurface
07-28 17:18:51.752  5607  5607 I MSHandlerLifeCycle: check: return. pkg=com.samsung.android.honeyboard isActivity=false callers=com.android.internal.policy.DecorView.setVisibility:4411 android.app.Dialog.hide:767 android.inputmethodservice.InputMethodService.removeImeSurface:1290 android.inputmethodservice.InputMethodService.scheduleImeSurfaceRemoval:1279 android.inputmethodservice.InputMethodService.-$$Nest$mscheduleImeSurfaceRemoval:0
07-28 17:18:51.752  8684  8684 I MSHandlerLifeCycle: removeMultiSplitHandler: no exist. decor=DecorView@d8dbfa8[InstrumentationActivityInvoker$EmptyActivity]
07-28 17:18:51.752  5607  5607 I MSHandlerLifeCycle: removeMultiSplitHandler: no exist. decor=DecorView@4ed7bdc[InputMethod]
07-28 17:18:51.753  8684  8768 D OpenGLRenderer: setSurface called with nullptr
07-28 17:18:51.753  8684  8684 I ViewRootImpl@9ac266[InstrumentationActivityInvoker$EmptyActivity]: dispatchDetachedFromWindow
07-28 17:18:51.753  8869  8869 D NetworkSecurityConfig: No Network Security Config specified, using platform default
07-28 17:18:51.753  1624  5216 D InputTransport: Input channel destroyed: 'd39fd01', fd=1347
07-28 17:18:51.753  1624  5216 W InputManager-JNI: Input channel object 'd39fd01 com.example.dogglers/androidx.test.core.app.InstrumentationActivityInvoker$EmptyActivity (client)' was disposed without first being removed with the input manager!
07-28 17:18:51.754  1624  5216 D InputTransport: Input channel destroyed: 'd39fd01', fd=1348
07-28 17:18:51.758  8684  8684 D InputTransport: Input channel destroyed: 'd39fd01', fd=120
07-28 17:18:51.759  8684  8684 D InputTransport: Input channel destroyed: 'ClientS', fd=136
07-28 17:18:51.761  1127  1127 I Layer   : id=175902 removeFromCurrentState com.example.dogglers/androidx.test.core.app.InstrumentationActivityInvoker$EmptyActivity$_8684#175902 (118)
07-28 17:18:51.761  1127  1127 I Layer   : id=175901 removeFromCurrentState d39fd01 com.example.dogglers/androidx.test.core.app.InstrumentationActivityInvoker$EmptyActivity#175901 (118)
07-28 17:18:51.761  1127  1127 I SurfaceFlinger: id=175902 Removed com.example.dogglers/androidx.test.core.app.InstrumentationActivityInvoker$EmptyActivity$_8684#175902 (118)
07-28 17:18:51.761  1127  1127 I SurfaceFlinger: id=175901 Removed d39fd01 com.example.dogglers/androidx.test.core.app.InstrumentationActivityInvoker$EmptyActivity#175901 (118)
07-28 17:18:51.761  1127  2023 I SurfaceFlinger: id=175905 Removed ca534e6 ActivityRecordInputSink com.example.dogglers/androidx.test.core.app.InstrumentationActivityInvoker$EmptyActivity#175905 (118)
07-28 17:18:51.761  1127  1127 I Layer   : id=175901 Destroyed d39fd01 com.example.dogglers/androidx.test.core.app.InstrumentationActivityInvoker$EmptyActivity#175901
07-28 17:18:51.761  1127  1127 I BufferQueueDebug: [com.example.dogglers/androidx.test.core.app.InstrumentationActivityInvoker$EmptyActivity$_8684#175902](this:0xb4000075f53ab838,id:-1,api:0,p:-1,c:1127) onDestructor()
07-28 17:18:51.762  1127  1127 I Layer   : id=175902 Destroyed com.example.dogglers/androidx.test.core.app.InstrumentationActivityInvoker$EmptyActivity$_8684#175902
07-28 17:18:51.764  8684  8761 W Settings: Setting always_finish_activities has moved from android.provider.Settings.System to android.provider.Settings.Global, returning read-only value.
07-28 17:18:51.765  1127  2023 I SurfaceFlinger: id=175915 createSurf flag=24004, Task=30271#175915
07-28 17:18:51.771  3393  3393 I RecentsView: onTaskRemoved() taskId : 30271
07-28 17:18:51.771  3393  3393 I TopTaskTracker: onTaskRemoved : taskId = 30271
07-28 17:18:51.771  3393  3393 I RecentsView: onTaskRemoved() taskId : 30271
07-28 17:18:51.771  3393  3393 I TopTaskTracker: onTaskRemoved : taskId = 30271
07-28 17:18:51.776  1624  1668 I ChimeraSystemEventListener: appLaunchIntent package name is: com.example.dogglers
07-28 17:18:51.776  8869  8869 D NetworkSecurityConfig: No Network Security Config specified, using platform default
07-28 17:18:51.777  3746  3746 E pageboostd: Received HALT command code 2
07-28 17:18:51.777  1127  1127 I Layer   : id=175898 removeFromCurrentState ActivityRecord{859ca27 u0 com.example.dogglers/androidx.test.core.app.InstrumentationActivityInvoker$EmptyActivity} t30271}#175898 (117)
07-28 17:18:51.777  1127  1127 I Layer   : id=175905 removeFromCurrentState ca534e6 ActivityRecordInputSink com.example.dogglers/androidx.test.core.app.InstrumentationActivityInvoker$EmptyActivity#175905 (117)
07-28 17:18:51.778  1127  1127 I Layer   : id=175877 removeFromCurrentState Task=30271#175877 (117)
07-28 17:18:51.778  1127  1127 I Layer   : id=175915 removeFromCurrentState Task=30271#175915 (117)
07-28 17:18:51.778  1127  1127 I SurfaceFlinger: id=175898 Removed ActivityRecord{859ca27 u0 com.example.dogglers/androidx.test.core.app.InstrumentationActivityInvoker$EmptyActivity} t30271}#175898 (117)
07-28 17:18:51.778  1127  1127 I SurfaceFlinger: id=175915 Removed Task=30271#175915 (117)
07-28 17:18:51.778  1127  1127 I Layer   : id=175915 Destroyed Task=30271#175915
07-28 17:18:51.778  1127  1127 I Layer   : id=175898 Destroyed ActivityRecord{859ca27 u0 com.example.dogglers/androidx.test.core.app.InstrumentationActivityInvoker$EmptyActivity} t30271}#175898
07-28 17:18:51.779  1127  1127 I Layer   : id=175905 Destroyed ca534e6 ActivityRecordInputSink com.example.dogglers/androidx.test.core.app.InstrumentationActivityInvoker$EmptyActivity#175905
07-28 17:18:51.780  8869  8869 I MultiDex: VM with version 2.1.0 has multidex support
07-28 17:18:51.780  1624  5932 D PkgPredictorService-IpmAdcpController: create a new DexPreloadTask pkg:com.example.dogglers  path:/data/app/~~KwWEaLvC3N8lGKrKk0eQLw==/com.example.dogglers-qTYCQ1SZN0zaUgqutcjCEg==
07-28 17:18:51.780  8869  8869 I MultiDex: Installing application
07-28 17:18:51.780  8869  8869 I MultiDex: VM has multidex support, MultiDex support library is disabled.
07-28 17:18:51.781  1127  2023 I SurfaceFlinger: id=175916 createSurf flag=24004, Task=30272#175916
07-28 17:18:51.782  1624  3610 I SemDvfsHyPerManager: acquire hyper - AMS_APP_SWITCH/1624@32, type = -999
07-28 17:18:51.783  1090  1150 I HYPER-HAL: [RequestManager.cpp]acquire(): Acquired ID : 1372028  [1624 / 32]    HINT : AMS_ACT_SWITCH    list :
07-28 17:18:51.783  1090  1150 I mtkpower_client: perf_lock_rel, hdl:80032, tid:1150
07-28 17:18:51.784  1090  1150 I mtkpower_client: perf_lock_acq, hdl:0, dur:0, num:2, tid:1150
07-28 17:18:51.785  1624  3610 E libprocessgroup: Failed to find cgroup for tid 3610
07-28 17:18:51.785  1624  3610 W libprocessgroup: Failed to apply DoSomethingOlaf task profile: Try again
07-28 17:18:51.785  1093  1167 I libPowerHal: [perfLockRel] hdl:80032, idx:2
07-28 17:18:51.785  1093  1167 I libPowerHal: [PD] vendor.samsung. update cmd:1c3c000, param:1
07-28 17:18:51.785  1093  1167 I libPowerHal: [PD] (less) /proc/mcdi/state set +prefix:enable 1;
07-28 17:18:51.786  5208  5208 I SemDvfsHyPerManager: acquire hyper - APP_START_SHORT/5208@12, type = -999
07-28 17:18:51.786  1127  2023 I SurfaceFlinger: id=175917 createSurf flag=80004, ActivityRecord{3ac53b u0 com.example.dogglers/androidx.test.core.app.InstrumentationActivityInvoker$BootstrapActivity} t30272}#175917
07-28 17:18:51.786  1090  1150 I mtkpower_client: ret_hdl:80034
07-28 17:18:51.787  1093  1167 I libPowerHal: [perfLockAcq] idx:2 hdl:80034 hint:-1 pid:1090 duration:0 lock_user:vendor.samsung. => ret_hdl:80034
07-28 17:18:51.787  1093  1167 I libPowerHal: [PE] (less) /proc/mcdi/state set +prefix:enable 0;
07-28 17:18:51.787  1090  1150 I mtkpower_client: perf_lock_rel, hdl:80033, tid:1150
07-28 17:18:51.787  1090  1150 I mtkpower_client: perf_lock_acq, hdl:0, dur:0, num:2, tid:1150
07-28 17:18:51.787  1093  1167 I libPowerHal: [perfLockRel] hdl:80033, idx:1
07-28 17:18:51.788  1093  1167 I libPowerHal: vendor.samsung.: cpu_ctrl set cpu freq: -1 -1 -1 -1
07-28 17:18:51.788  1090  1150 I mtkpower_client: ret_hdl:80035
07-28 17:18:51.788  1090  1150 I mtkpower_client: perf_lock_rel, hdl:80031, tid:1150
07-28 17:18:51.789  1093  1167 I libPowerHal: [perfLockAcq] idx:1 hdl:80035 hint:-1 pid:1090 duration:0 lock_user:vendor.samsung. => ret_hdl:80035
07-28 17:18:51.789  1093  1167 I libPowerHal: vendor.samsung.: cpu_ctrl set cpu freq: 1800000 -1 -1 -1
07-28 17:18:51.790  1090  1150 I mtkpower_client: perf_lock_acq, hdl:0, dur:0, num:2, tid:1150
07-28 17:18:51.790  1093  1167 I libPowerHal: [perfLockRel] hdl:80031, idx:0
07-28 17:18:51.790  1093  1167 I libPowerHal: [PD] vendor.samsung. update cmd:1000000, param:-1
07-28 17:18:51.790  1093  1167 I libPowerHal: [PD] vendor.samsung. update cmd:1000000 param:-1
07-28 17:18:51.791  1093  1167 I libPowerHal: [perfLockAcq] idx:0 hdl:80036 hint:-1 pid:1090 duration:0 lock_user:vendor.samsung. => ret_hdl:80036
07-28 17:18:51.791  1090  1150 I mtkpower_client: ret_hdl:80036
07-28 17:18:51.791  1090  1150 I HYPER-HAL: [RequestManager.cpp]acquire(): Acquired ID : 13626822  [5208 / 12]    HINT : APP_START    list : [TIMEOUT / 1500]
07-28 17:18:51.792  1093  1167 I libPowerHal: [PE] vendor.samsung. update cmd:1000000, param:0
07-28 17:18:51.792  1093  1167 I libPowerHal: [PE] vendor.samsung. update cmd:1000000 param:0
07-28 17:18:51.794  1127  2023 D SurfaceFlinger: [SF client] NEW(0xb40000762185f4e0) for (2897:com.android.systemui)
07-28 17:18:51.794  1233  5009 I CameraService: onUidStateChanged: uid=10063, procState is changed. (0 -> 1)
07-28 17:18:51.797  2897  2960 D NativeCustomFrequencyManager: [NativeCFMS] BpCustomFrequencyManager::BpCustomFrequencyManager()
07-28 17:18:51.797  1624  1688 W libprocessgroup: Failed to open /dev/blkio//cgroup.procs: No such file or directory
07-28 17:18:51.798  1624  5216 I SemDvfsHyPerManager: acquire hyper - AMS_APP_LAUNCH/1624@20, type = -999
07-28 17:18:51.799  1090  1150 I HYPER-HAL: [RequestManager.cpp]acquire(): Acquired ID : 1352210  [1624 / 20]    HINT : AMS_APP_LAUNCH    list :
07-28 17:18:51.799  1090  8866 I mtkpower_client: perf_lock_rel, hdl:80034, tid:8866
07-28 17:18:51.800  1090  8866 I mtkpower_client: perf_lock_acq, hdl:0, dur:0, num:2, tid:8866
07-28 17:18:51.801  5208  5208 I SemDvfsHyPerManager: acquire hyper - APP_START/5208@14, type = -999
07-28 17:18:51.801  1090  1150 I HYPER-HAL: [RequestManager.cpp]acquire(): Acquired ID : 13637267  [5208 / 14]    HINT : APP_START    list :
07-28 17:18:51.801  1093  1167 I libPowerHal: [perfLockRel] hdl:80034, idx:2
07-28 17:18:51.802  1624  5212 D InputTransport: Input channel constructed: 'bfc5e22', fd=1348
07-28 17:18:51.802  1624  5212 D InputTransport: Input channel constructed: 'bfc5e22', fd=1349
07-28 17:18:51.802  1624  5212 D InputTransport: Input channel constructed: 'bfc5e22', fd=1350
07-28 17:18:51.803  8869  8869 D CompatibilityChangeReporter: Compat change id reported: 183155436; UID 10283; state: DISABLED
07-28 17:18:51.803  3393  3393 I BaseActivity: removeActivityFlags, flags : 16
07-28 17:18:51.803  1127  2023 I SurfaceFlinger: id=175918 createSurf flag=80004, bfc5e22 Splash Screen com.example.dogglers#175918
07-28 17:18:51.803  3393  3393 I BaseActivity: removeActivityFlags, flags : 6
07-28 17:18:51.803  3393  3393 I DragController: endDrag
07-28 17:18:51.803  3393  3393 W LauncherAppWidgetHost: setShouldListenFlag, mFlags:15 flag:resume on:false isFront:false
07-28 17:18:51.803  3393  3393 I SPayUpdater: updateSpayHandler launcher activity is paused false
07-28 17:18:51.805  8869  8869 I FirebaseApp: Device unlocked: initializing all Firebase APIs for app [DEFAULT]
07-28 17:18:51.806  1624  5212 D InputTransport: Input channel destroyed: 'bfc5e22', fd=1350
07-28 17:18:51.806  1093  1167 I libPowerHal: [PD] vendor.samsung. update cmd:1c3c000, param:1
07-28 17:18:51.806  1093  1167 I libPowerHal: [PD] (less) /proc/mcdi/state set +prefix:enable 1;
07-28 17:18:51.807  1090  8866 I mtkpower_client: ret_hdl:80037
07-28 17:18:51.807  1090  8866 I mtkpower_client: perf_lock_rel, hdl:80036, tid:8866
07-28 17:18:51.807  1093  1167 I libPowerHal: [perfLockAcq] idx:3 hdl:80037 hint:-1 pid:1090 duration:0 lock_user:vendor.samsung. => ret_hdl:80037
07-28 17:18:51.807  1093  1167 I libPowerHal: [PE] (less) /proc/mcdi/state set +prefix:enable 0;
07-28 17:18:51.808  2897  2945 D InsetsController: onStateChanged: InsetsState: {mDisplayFrame=Rect(0, 0 - 1080, 2400), mDisplayCutout=DisplayCutout{insets=Rect(0, 80 - 0, 0) waterfall=Insets{left=0, top=0, right=0, bottom=0} boundingRect={Bounds=[Rect(0, 0 - 0, 0), Rect(468, 0 - 612, 80), Rect(0, 0 - 0, 0), Rect(0, 0 - 0, 0)]} cutoutPathParserInfo={CutoutPathParserInfo{displayWidth=1080 displayHeight=2400 physicalDisplayWidth=1080 physicalDisplayHeight=2400 density={2.625} cutoutSpec={M 0,0 H -27.42857142857143 V 30.47619047619048 H 27.42857142857143 V 0 H 0 Z @dp} rotation={0} scale={1.0} physicalPixelDisplaySizeRatio={1.0}}}}, mRoundedCorners=RoundedCorners{[RoundedCorner{position=TopLeft, radius=90, center=Point(90, 90)}, RoundedCorner{position=TopRight, radius=90, center=Point(990, 90)}, RoundedCorner{position=BottomRight, radius=90, center=Point(990, 2310)}, RoundedCorner{position=BottomLeft, radius=90, center=Point(90, 2310)}]}  mRoundedCornerFrame=Rect(0, 0 - 1080, 2400), mPrivacyIndicatorBounds=PrivacyIndicatorBounds {static bounds=Rect(956, 0 - 1080, 80) rotation=0}, mSources= { InsetsSource: {mType=ITYPE_STATUS_BAR, mFrame=[0,0][1080,80], mVisible=true, mInsetsRoundedCornerFrame=false}, InsetsSource: {mType=ITYPE_NAVIGATION_BAR, mFrame=[0,2265][1080,2400], mVisible=true, mInsetsRoundedCornerFrame=false}, InsetsSource: {mType=ITYPE_LEFT_GESTURES, mFrame=[0,0][0,2400], mVisible=true, mInsetsRoundedCornerFrame=false}, InsetsSource: {mType=ITYPE_RIGHT_GESTURES, mFrame=[1080,0][1080,2400], mVisible=true, mInsetsRoundedCornerFrame=false}, InsetsSource: {mType=ITYPE_TOP_MANDATORY_GESTURES, mFrame=[0,0][1080,114], mVisible=true, mInsetsRoundedCornerFrame=false}, InsetsSource: {mType=ITYPE_BOTTOM_MANDATORY_GESTURES, mFrame=[0,2265][1080,2400], mVisible=true, mInsetsRoundedCornerFrame=false}, InsetsSource: {mType=ITYPE_LEFT_DISPLAY_CUTOUT, mFrame=[0,0][-100000,2400], mVisible=true, mInsetsRoundedCornerFrame=false}, InsetsSource: {mType=ITYPE_TOP_DISPLAY_CUTOUT, mFrame=[0,0][1080,80], mVisible=true, mInsetsRoundedCornerFrame=false}, InsetsSource: {mType=ITYPE_RIGHT_DISPLAY_CUTOUT, mFrame=[100000,0][1080,2400], mVisible=true, mInsetsRoundedCornerFrame=false}, InsetsSource: {mType=ITYPE_BOTTOM_DISPLAY_CUTOUT, mFrame=[0,100000][1080,2400], mVisible=true, mInsetsRoundedCornerFrame=false}, InsetsSource: {mType=ITYPE_TOP_TAPPABLE_ELEMENT, mFrame=[0,0][1080,80], mVisible=true, mInsetsRoundedCornerFrame=false}, InsetsSource: {mType=ITYPE_BOTTOM_TAPPABLE_ELEMENT, mFrame=[0,2265][1080,2400], mVisible=true, mInsetsRoundedCornerFrame=false} } host=Splash Screen com.example.dogglers from=android.view.ViewRootImpl.setView:1732
07-28 17:18:51.809  1093  1167 I libPowerHal: [perfLockRel] hdl:80036, idx:0
07-28 17:18:51.809  1093  1167 I libPowerHal: [PD] vendor.samsung. update cmd:1000000, param:-1
07-28 17:18:51.810  1093  1167 I libPowerHal: [PD] vendor.samsung. update cmd:1000000 param:-1
07-28 17:18:51.811  2897  2945 I ViewRootImpl@ccae7cd[dogglers]: setView = android.widget.FrameLayout@dab33c9 TM=true
07-28 17:18:51.812  1090  8866 I mtkpower_client: perf_lock_acq, hdl:0, dur:0, num:2, tid:8866
07-28 17:18:51.812  1090  8866 I mtkpower_client: ret_hdl:80038
07-28 17:18:51.812  1093  1167 I libPowerHal: [perfLockAcq] idx:0 hdl:80038 hint:-1 pid:1090 duration:0 lock_user:vendor.samsung. => ret_hdl:80038
07-28 17:18:51.812  1093  1167 I libPowerHal: [PE] vendor.samsung. update cmd:1000000, param:0
07-28 17:18:51.812  1093  1167 I libPowerHal: [PE] vendor.samsung. update cmd:1000000 param:0
07-28 17:18:51.812  1090  8866 I HYPER-HAL: [RequestManager.cpp]releaseLocked(): Released ID : 1353856
07-28 17:18:51.813  2897  2945 I ViewRootImpl@ccae7cd[dogglers]: performTraversals params={(0,0)(fillxfill) sim={adjust=pan} ty=APPLICATION_STARTING fmt=TRANSLUCENT wanim=0x1030001
07-28 17:18:51.813  2897  2945 I ViewRootImpl@ccae7cd[dogglers]:   fl=81030118
07-28 17:18:51.813  2897  2945 I ViewRootImpl@ccae7cd[dogglers]:   pfl=16000010
07-28 17:18:51.813  2897  2945 I ViewRootImpl@ccae7cd[dogglers]:   bhv=DEFAULT
07-28 17:18:51.813  2897  2945 I ViewRootImpl@ccae7cd[dogglers]:   fitSides= naviIconColor=0}
07-28 17:18:51.814  2897  2945 I ViewRootImpl@ccae7cd[dogglers]: performTraversals mFirst=true windowShouldResize=true viewVisibilityChanged=false mForceNextWindowRelayout=false params={(0,0)(fillxfill) sim={adjust=pan} ty=APPLICATION_STARTING fmt=TRANSLUCENT wanim=0x1030001
07-28 17:18:51.814  2897  2945 I ViewRootImpl@ccae7cd[dogglers]:   fl=81030118
07-28 17:18:51.814  2897  2945 I ViewRootImpl@ccae7cd[dogglers]:   pfl=16000010
07-28 17:18:51.814  2897  2945 I ViewRootImpl@ccae7cd[dogglers]:   bhv=DEFAULT
07-28 17:18:51.814  2897  2945 I ViewRootImpl@ccae7cd[dogglers]:   fitSides= naviIconColor=0}
07-28 17:18:51.816  1624  5216 D InputDispatcher: Focused application(0): ActivityRecord{3ac53b u0 com.example.dogglers/androidx.test.core.app.InstrumentationActivityInvoker$BootstrapActivity} t30272}
07-28 17:18:51.822  8869  8896 W egram.messenger: Accessing hidden field Ljava/util/Collections$SynchronizedCollection;->mutex:Ljava/lang/Object; (max-target-o, reflection, denied)
07-28 17:18:51.823  8869  8896 W egram.messenger: Accessing hidden method Ljava/util/Collections$SynchronizedSet;-><init>(Ljava/util/Set;Ljava/lang/Object;)V (max-target-o, reflection, denied)
07-28 17:18:51.824  3393  3393 I TopTaskTracker: onTaskMovedToFront : taskId = 30272
07-28 17:18:51.824  8869  8869 I FirebaseInitProvider: FirebaseApp initialization successful
07-28 17:18:51.826  1624  1688 W libprocessgroup: Failed to open /dev/blkio//cgroup.procs: No such file or directory
07-28 17:18:51.826  1624  5715 V WindowManager: Relayout Window{bfc5e22 u0 Splash Screen com.example.dogglers}: viewVisibility=0 req=1080x2400 d0
07-28 17:18:51.827  8869  8896 W egram.messenger: Accessing hidden method Ljava/util/Collections$SynchronizedCollection;-><init>(Ljava/util/Collection;Ljava/lang/Object;)V (max-target-o, reflection, denied)
07-28 17:18:51.827  1127  1127 I SurfaceFlinger: [b2bc12 com.sec.android.app.launcher/com.sec.android.app.launcher.activities.LauncherActivity#131] FrameRatePriority: -1
07-28 17:18:51.827  1127  1127 D SurfaceFlinger: [input] inputWindowCommands.focusRequests size is 1
07-28 17:18:51.828  1127  2023 I BufferQueueDebug: [Splash Screen com.example.dogglers$_2897#175919](this:0xb4000075f54c0838,id:-1,api:0,p:-1,c:-1) BufferQueue core=(1127:/system/bin/surfaceflinger)
07-28 17:18:51.828  1127  2023 I SurfaceFlinger: id=175919 createSurf flag=40004, Splash Screen com.example.dogglers$_2897#175919
07-28 17:18:51.829  1127  1386 D SurfaceFlinger: [input] setFocusedWindow: <null>
07-28 17:18:51.830  1624  1688 W libprocessgroup: Failed to open /dev/blkio//cgroup.procs: No such file or directory
07-28 17:18:51.831  1624  1688 W libprocessgroup: Failed to open /dev/blkio//cgroup.procs: No such file or directory
07-28 17:18:51.831  1624  4919 D InputDispatcher: Focus left window (0): b2bc12 com.sec.android.app.launcher/com.sec.android.app.launcher.activities.LauncherActivity
07-28 17:18:51.832  3393  3393 I ViewRootImpl@c6ee0f[LauncherActivity]: MSG_WINDOW_FOCUS_CHANGED 0 0
07-28 17:18:51.832  3393  3393 I BaseActivity: removeActivityFlags, flags : 8
07-28 17:18:51.836  1624  5715 V WindowManager: Relayout hash=bfc5e22, pid=2897, syncId=-1: mAttrs={(0,0)(fillxfill) sim={adjust=pan} ty=APPLICATION_STARTING fmt=TRANSLUCENT wanim=0x1030001
07-28 17:18:51.836  1624  5715 V WindowManager:   fl=81030118
07-28 17:18:51.836  1624  5715 V WindowManager:   pfl=16000010
07-28 17:18:51.836  1624  5715 V WindowManager:   bhv=DEFAULT
07-28 17:18:51.836  1624  5715 V WindowManager:   fitSides= naviIconColor=0}
07-28 17:18:51.837  2897  2945 D InsetsController: onStateChanged: InsetsState: {mDisplayFrame=Rect(0, 0 - 1080, 2400), mDisplayCutout=DisplayCutout{insets=Rect(0, 80 - 0, 0) waterfall=Insets{left=0, top=0, right=0, bottom=0} boundingRect={Bounds=[Rect(0, 0 - 0, 0), Rect(468, 0 - 612, 80), Rect(0, 0 - 0, 0), Rect(0, 0 - 0, 0)]} cutoutPathParserInfo={CutoutPathParserInfo{displayWidth=1080 displayHeight=2400 physicalDisplayWidth=1080 physicalDisplayHeight=2400 density={2.625} cutoutSpec={M 0,0 H -27.42857142857143 V 30.47619047619048 H 27.42857142857143 V 0 H 0 Z @dp} rotation={0} scale={1.0} physicalPixelDisplaySizeRatio={1.0}}}}, mRoundedCorners=RoundedCorners{[RoundedCorner{position=TopLeft, radius=90, center=Point(90, 90)}, RoundedCorner{position=TopRight, radius=90, center=Point(990, 90)}, RoundedCorner{position=BottomRight, radius=90, center=Point(990, 2310)}, RoundedCorner{position=BottomLeft, radius=90, center=Point(90, 2310)}]}  mRoundedCornerFrame=Rect(0, 0 - 1080, 2400), mPrivacyIndicatorBounds=PrivacyIndicatorBounds {static bounds=Rect(956, 0 - 1080, 80) rotation=0}, mSources= { InsetsSource: {mType=ITYPE_STATUS_BAR, mFrame=[0,0][1080,80], mVisible=true, mInsetsRoundedCornerFrame=false}, InsetsSource: {mType=ITYPE_NAVIGATION_BAR, mFrame=[0,2265][1080,2400], mVisible=true, mInsetsRoundedCornerFrame=false}, InsetsSource: {mType=ITYPE_LEFT_GESTURES, mFrame=[0,0][0,2400], mVisible=true, mInsetsRoundedCornerFrame=false}, InsetsSource: {mType=ITYPE_RIGHT_GESTURES, mFrame=[1080,0][1080,2400], mVisible=true, mInsetsRoundedCornerFrame=false}, InsetsSource: {mType=ITYPE_TOP_MANDATORY_GESTURES, mFrame=[0,0][1080,114], mVisible=true, mInsetsRoundedCornerFrame=false}, InsetsSource: {mType=ITYPE_BOTTOM_MANDATORY_GESTURES, mFrame=[0,2265][1080,2400], mVisible=true, mInsetsRoundedCornerFrame=false}, InsetsSource: {mType=ITYPE_LEFT_DISPLAY_CUTOUT, mFrame=[0,0][-100000,2400], mVisible=true, mInsetsRoundedCornerFrame=false}, InsetsSource: {mType=ITYPE_TOP_DISPLAY_CUTOUT, mFrame=[0,0][1080,80], mVisible=true, mInsetsRoundedCornerFrame=false}, InsetsSource: {mType=ITYPE_RIGHT_DISPLAY_CUTOUT, mFrame=[100000,0][1080,2400], mVisible=true, mInsetsRoundedCornerFrame=false}, InsetsSource: {mType=ITYPE_BOTTOM_DISPLAY_CUTOUT, mFrame=[0,100000][1080,2400], mVisible=true, mInsetsRoundedCornerFrame=false}, InsetsSource: {mType=ITYPE_TOP_TAPPABLE_ELEMENT, mFrame=[0,0][1080,80], mVisible=true, mInsetsRoundedCornerFrame=false}, InsetsSource: {mType=ITYPE_BOTTOM_TAPPABLE_ELEMENT, mFrame=[0,2265][1080,2400], mVisible=true, mInsetsRoundedCornerFrame=false}, InsetsSource: {mType=ITYPE_IME, mFrame=[0,0][0,0], mVisibleFrame=[0,1243][1080,2400], mVisible=false, mInsetsRoundedCornerFrame=false} } host=Splash Screen com.example.dogglers from=android.view.ViewRootImpl.relayoutWindow:9802
07-28 17:18:51.839  1624  1668 I SemPersonaManager: SecureFolder personaId = 150
07-28 17:18:51.840  2897  2945 I ViewRootImpl@ccae7cd[dogglers]: updateBlastSurfaceIfNeeded mBlastBufferQueue=null isSameSurfaceControl=false
07-28 17:18:51.840  2897  2945 D BufferQueueConsumer: [](id:b5100001ea3,api:0,p:-1,c:2897) connect: controlledByApp=false
07-28 17:18:51.840  2897  2945 I BLASTBufferQueue: new BLASTBufferQueue, mName= ViewRootImpl@ccae7cd[dogglers] mNativeObject= 0xb40000726e7d3280 sc.mNativeObject= 0xb400007293236520 caller= android.view.ViewRootImpl.updateBlastSurfaceIfNeeded:2909 android.view.ViewRootImpl.relayoutWindow:9847 android.view.ViewRootImpl.performTraversals:3884 android.view.ViewRootImpl.doTraversal:3116 android.view.ViewRootImpl$TraversalRunnable.run:10885 android.view.Choreographer$CallbackRecord.run:1301 android.view.Choreographer$CallbackRecord.run:1309 android.view.Choreographer.doCallbacks:923 android.view.Choreographer.doFrame:852 android.view.Choreographer$FrameDisplayEventReceiver.run:1283
07-28 17:18:51.840  2897  2945 I BLASTBufferQueue: update, w= 1080 h= 2400 mName = ViewRootImpl@ccae7cd[dogglers] mNativeObject= 0xb40000726e7d3280 sc.mNativeObject= 0xb400007293236520 format= -3 caller= android.graphics.BLASTBufferQueue.<init>:84 android.view.ViewRootImpl.updateBlastSurfaceIfNeeded:2909 android.view.ViewRootImpl.relayoutWindow:9847 android.view.ViewRootImpl.performTraversals:3884 android.view.ViewRootImpl.doTraversal:3116 android.view.ViewRootImpl$TraversalRunnable.run:10885
07-28 17:18:51.841  2897  2945 I ViewRootImpl@ccae7cd[dogglers]: Relayout returned: old=(0,0,1080,2400) new=(0,0,1080,2400) req=(1080,2400)0 dur=26 res=0x3 s={true 0xb400007244708000} ch=true seqId=0
07-28 17:18:51.842  2897  2960 D OpenGLRenderer: eglCreateWindowSurface
07-28 17:18:51.843  2897  2945 I ViewRootImpl@ccae7cd[dogglers]: mThreadedRenderer.initialize() mSurface={isValid=true 0xb400007244708000} hwInitialized=true
07-28 17:18:51.845  2897  2945 I ViewRootImpl@ccae7cd[dogglers]: reportNextDraw android.view.ViewRootImpl.performTraversals:4438 android.view.ViewRootImpl.doTraversal:3116 android.view.ViewRootImpl$TraversalRunnable.run:10885 android.view.Choreographer$CallbackRecord.run:1301 android.view.Choreographer$CallbackRecord.run:1309
07-28 17:18:51.845  3393  3393 I BadgeRenderer: Invalid count : 0
07-28 17:18:51.846  2897  2945 I ViewRootImpl@ccae7cd[dogglers]: Setup new sync id=0
07-28 17:18:51.846  2897  2945 I ViewRootImpl@ccae7cd[dogglers]: Setting syncFrameCallback
07-28 17:18:51.846  2897  2945 I ViewRootImpl@ccae7cd[dogglers]: registerCallbacksForSync syncBuffer=false
07-28 17:18:51.846  3393  3393 I BadgeRenderer: Invalid count : 0
07-28 17:18:51.847  8684  8684 D LifecycleMonitor: Lifecycle status change: androidx.test.core.app.InstrumentationActivityInvoker$BootstrapActivity@435f3ec in: PRE_ON_CREATE
07-28 17:18:51.847  2897  2987 I ViewRootImpl@ccae7cd[dogglers]: Received frameDrawingCallback syncResult=0 frameNum=1.
07-28 17:18:51.847  2897  2987 I ViewRootImpl@ccae7cd[dogglers]: Setting up sync and frameCommitCallback
07-28 17:18:51.848  8684  8684 V ActivityScenario: Activity lifecycle changed event received but ignored because the intent does not match. startActivityIntent=Intent { act=android.intent.action.MAIN cat=[android.intent.category.LAUNCHER] cmp=com.example.dogglers/.VerticalListActivity }, activity.getIntent()=Intent { act=android.intent.action.MAIN cat=[android.intent.category.LAUNCHER] flg=0x10008000 cmp=com.example.dogglers/androidx.test.core.app.InstrumentationActivityInvoker$BootstrapActivity (has extras) }, activity=androidx.test.core.app.InstrumentationActivityInvoker$BootstrapActivity@435f3ec
07-28 17:18:51.850  3393  3393 I BadgeRenderer: Invalid count : 0
07-28 17:18:51.851  3393  3393 I BadgeRenderer: Invalid count : 0
07-28 17:18:51.851  3393  3393 I BadgeRenderer: Invalid count : 0
07-28 17:18:51.852  3393  3393 I BadgeRenderer: Invalid count : 0
07-28 17:18:51.852  3393  3393 I BadgeRenderer: Invalid count : 0
07-28 17:18:51.853  3393  3393 I BadgeRenderer: Invalid count : 0
07-28 17:18:51.856  1624  1668 D EnterpriseDeviceManagerService: isMdmAdminPresentInternal() : MDM Admin Found - com.samsung.knox.securefolder
07-28 17:18:51.858  1624  3919 I MediaSessionMonitor: Media session stopped : not playing state
07-28 17:18:51.860  2897  2960 I BLASTBufferQueue: [ViewRootImpl@ccae7cd[dogglers]#7843](f:0,a:0) onFrameAvailable the first frame is available
07-28 17:18:51.861  2897  2960 D BLASTBufferQueue: [ViewRootImpl@ccae7cd[dogglers]#7843](f:0,a:1) acquireNextBufferLocked size=1080x2400 mFrameNumber=1 applyTransaction=true mTimestamp=1006961415112095(auto) mPendingTransactions.size=0 graphicBufferId=12442520341807 transform=0
07-28 17:18:51.861  2897  2960 I ViewRootImpl@ccae7cd[dogglers]: Received frameCommittedCallback lastAttemptedDrawFrameNum=1 didProduceBuffer=true
07-28 17:18:51.863  8684  8684 I DecorView: [INFO] isPopOver=false config=true
07-28 17:18:51.863  8684  8684 I DecorView: updateCaptionType: isFloating=false isApplication=true hasWindowDecorCaption=false this=DecorView@a86edbb[]
07-28 17:18:51.863  2897  2960 D OpenGLRenderer: CFMS:: SetUp Pid : 2897    Tid : 2960
07-28 17:18:51.863  8684  8684 D DecorView: setCaptionType = 0, this = DecorView@a86edbb[]
07-28 17:18:51.865  2897  2960 W Parcel  : Expecting binder but got null!
07-28 17:18:51.865  2897  2945 I ViewRootImpl@ccae7cd[dogglers]: onSyncComplete
07-28 17:18:51.866  2897  2945 I ViewRootImpl@ccae7cd[dogglers]: setupSync seqId=0 mSyncId=0 fn=1 caller=android.view.ViewRootImpl$$ExternalSyntheticLambda11.accept:6 android.window.SurfaceSyncer.lambda$setupSync$1$android-window-SurfaceSyncer:128 android.window.SurfaceSyncer$$ExternalSyntheticLambda1.accept:8 android.window.SurfaceSyncer$SyncSet.checkIfSyncIsComplete:382 android.window.SurfaceSyncer$SyncSet.markSyncReady:359 android.window.SurfaceSyncer.markSyncReady:151 android.view.ViewRootImpl.performTraversals:4503
07-28 17:18:51.866  2897  2945 I ViewRootImpl@ccae7cd[dogglers]: reportDrawFinished seqId=0 mSyncId=-1 fn=1 mSurfaceChangedTransaction=0xb4000073156d1500
07-28 17:18:51.868  8684  8684 I DecorView: getCurrentDensityDpi: from real metrics. densityDpi=450 msg=resources_loaded
07-28 17:18:51.868  8684  8684 I DecorView: setWindowBackground: isPopOver=false color=ff010101 d=android.graphics.drawable.StateListDrawable@18462d8
07-28 17:18:51.869  8684  8684 D LifecycleMonitor: Lifecycle status change: androidx.test.core.app.InstrumentationActivityInvoker$BootstrapActivity@435f3ec in: CREATED
07-28 17:18:51.870  8684  8684 V ActivityScenario: Activity lifecycle changed event received but ignored because the intent does not match. startActivityIntent=Intent { act=android.intent.action.MAIN cat=[android.intent.category.LAUNCHER] cmp=com.example.dogglers/.VerticalListActivity }, activity.getIntent()=Intent { act=android.intent.action.MAIN cat=[android.intent.category.LAUNCHER] flg=0x10008000 cmp=com.example.dogglers/androidx.test.core.app.InstrumentationActivityInvoker$BootstrapActivity (has extras) }, activity=androidx.test.core.app.InstrumentationActivityInvoker$BootstrapActivity@435f3ec
07-28 17:18:51.872  8684  8684 D LifecycleMonitor: Lifecycle status change: androidx.test.core.app.InstrumentationActivityInvoker$BootstrapActivity@435f3ec in: STARTED
07-28 17:18:51.872  8684  8684 V ActivityScenario: Activity lifecycle changed event received but ignored because the intent does not match. startActivityIntent=Intent { act=android.intent.action.MAIN cat=[android.intent.category.LAUNCHER] cmp=com.example.dogglers/.VerticalListActivity }, activity.getIntent()=Intent { act=android.intent.action.MAIN cat=[android.intent.category.LAUNCHER] flg=0x10008000 cmp=com.example.dogglers/androidx.test.core.app.InstrumentationActivityInvoker$BootstrapActivity (has extras) }, activity=androidx.test.core.app.InstrumentationActivityInvoker$BootstrapActivity@435f3ec
07-28 17:18:51.873  1127  2095 I SurfaceFlinger: id=175920 createSurf flag=24000, Surface(name=Task=1)/@0x652d09a - animation-leash of app_transition#175920
07-28 17:18:51.876  1127  2095 I SurfaceFlinger: id=175921 createSurf flag=24004, Surface(name=Task=30272)/@0x51acb2a - animation-leash of app_transition#175921
07-28 17:18:51.878  1127  1127 D BufferStateLayer: Splash Screen com.example.dogglers$_2897#175919 setBuffer frameId=1, bufferId=12442520341807 fenceId=567, w= 1080, h=2400
07-28 17:18:51.882  1127  2095 I SurfaceFlinger: id=175922 createSurf flag=80000, 8579fca ActivityRecordInputSink com.example.dogglers/androidx.test.core.app.InstrumentationActivityInvoker$BootstrapActivity#175922
07-28 17:18:51.886  2897  2939 D Bubbles : onLocusVisibilityChanged: LocusId[17_chars] visible=false
07-28 17:18:51.888  3746  3746 E pageboostd: Received HALT command code 2
07-28 17:18:51.891  1127  2095 I SurfaceFlinger: id=175923 createSurf flag=80004, ActivityRecord{3aaa491 u0 com.example.dogglers/.VerticalListActivity} t30272}#175923
07-28 17:18:51.894  1127  1127 I Layer   : Layer [Splash Screen com.example.dogglers$_2897#175919] hidden!! flag(0)
07-28 17:18:51.898  1127  2095 I SurfaceFlinger: id=175924 createSurf flag=80000, ea4aeb8 ActivityRecordInputSink com.example.dogglers/.VerticalListActivity#175924
07-28 17:18:51.901  2897  4323 I ViewRootImpl@ccae7cd[dogglers]: Resizing android.view.ViewRootImpl@2227ace: frame = [0,0][1080,2400] reportDraw = false forceLayout = false syncSeqId = 0
07-28 17:18:51.901  2897  2945 I ViewRootImpl@ccae7cd[dogglers]: handleResized, msg = 4 frames=ClientWindowFrames{frame=[0,0][1080,2400] display=[0,0][1080,2400] parentFrame=[0,0][0,0] parentClippedByDisplayCutout=false} forceNextWindowRelayout=false displayId=0 resizeMode=-1 frameChanged=false displayFrameChanged=false configChanged=false displayChanged=false
07-28 17:18:51.902  8684  8684 D LifecycleMonitor: Lifecycle status change: androidx.test.core.app.InstrumentationActivityInvoker$BootstrapActivity@435f3ec in: RESUMED
07-28 17:18:51.902  8684  8684 V ActivityScenario: Activity lifecycle changed event received but ignored because the intent does not match. startActivityIntent=Intent { act=android.intent.action.MAIN cat=[android.intent.category.LAUNCHER] cmp=com.example.dogglers/.VerticalListActivity }, activity.getIntent()=Intent { act=android.intent.action.MAIN cat=[android.intent.category.LAUNCHER] flg=0x10008000 cmp=com.example.dogglers/androidx.test.core.app.InstrumentationActivityInvoker$BootstrapActivity (has extras) }, activity=androidx.test.core.app.InstrumentationActivityInvoker$BootstrapActivity@435f3ec
07-28 17:18:51.907  1127  1127 I BufferQueueProducer: [FramebufferSurface](this:0xb40000762323cb60,id:-1,api:1,p:1127,c:1127) queueBuffer: fps=0.40 dur=2483.59 max=2483.59 min=2483.59
07-28 17:18:51.907  2897  2932 D WallpaperService: dispatchAppVisibility onVisibilityChanged(): false
07-28 17:18:51.907  1127  2095 I SurfaceFlinger: id=175906 Removed Surface(name=d8adfc2 InputMethod)/@0xc2b360e - animation-leash of insets_animation#175906 (123)
07-28 17:18:51.907  2897  2897 D WallpaperService: reportVisibility onVisibilityChanged visible: false
07-28 17:18:51.907  2897  3005 I ImageWallpaper[GLEngine]:  onVisibilityChanged false , 0
07-28 17:18:51.909  3393  3393 I ViewRootImpl@c6ee0f[LauncherActivity]: handleAppVisibility mAppVisible = true visible = false
07-28 17:18:51.909  1624  1668 D PersonaActivityHelper: Activity not in resumed state, do not run immediate lock
07-28 17:18:51.909  1127  1127 D SurfaceFlinger: Display 0 HWC layers:
07-28 17:18:51.909  1127  1127 D SurfaceFlinger:      DEVICE | 0xb4000076232f1480 | 0100 | RGBx_8888    |    0.0    0.0 1080.0 2400.0 |    0    0 1080 2400 | Wallpaper BBQ wrapper#95
07-28 17:18:51.909  1127  1127 D SurfaceFlinger:      DEVICE | 0xb4000075f544d280 | 0100 | RGBA_8888    |    0.0    0.0 1080.0 2400.0 |    0    0 1080 2400 | com.sec.android.app.launcher/com.sec[...]vities.LauncherActivity$_3393#175907
07-28 17:18:51.909  1127  1127 D SurfaceFlinger:      DEVICE | 0xb4000075f544b900 | 0100 | RGBA_8888    |    0.0    0.0 1080.0 2400.0 |    0    0 1080 2400 | Splash Screen com.example.dogglers$_2897#175919
07-28 17:18:51.909  1127  1127 D SurfaceFlinger:      CLIENT | 0xb4000075f544c980 | 0100 | RGBA_8888    |    0.0    0.0 1080.0   80.0 |    0    0 1080   80 | StatusBar$_2897#91
07-28 17:18:51.909  1127  1127 D SurfaceFlinger:      CLIENT | 0xb400007623228f80 | 0100 | RGBA_8888    |    0.0    0.0 1080.0  135.0 |    0 2265 1080 2400 | NavigationBar0$_2897#86
07-28 17:18:51.909  1127  1127 D SurfaceFlinger:      CLIENT | 0xb4000075f544b300 | 0140 | RGBA_8888    |    0.0    0.0 1080.0  150.0 |    0    0 1080  150 | ScreenDecorOverlay$_2897#100
07-28 17:18:51.909  1127  1127 D SurfaceFlinger:      CLIENT | 0xb400007621856700 | 0140 | RGBA_8888    |    0.0    0.0 1080.0  150.0 |    0 2250 1080 2400 | ScreenDecorOver
07-28 17:18:51.909  1127  1127 D SurfaceFlinger: layBottom$_2897#101
07-28 17:18:51.909  1127  1127 D SurfaceFlinger:
07-28 17:18:51.911  1127  1127 I Layer   : id=175920 removeFromCurrentState Surface(name=Task=1)/@0x652d09a - animation-leash of app_transition#175920 (123)
07-28 17:18:51.911  1127  1127 I Layer   : id=175921 removeFromCurrentState Surface(name=Task=30272)/@0x51acb2a - animation-leash of app_transition#175921 (123)
07-28 17:18:51.911  1127  1127 I Layer   : Layer [com.sec.android.app.launcher/com.sec.android.app.launcher.activities.LauncherActivity$_3393#175907] hidden!! flag(1)
07-28 17:18:51.911  1127  1127 I SurfaceFlinger: id=175921 Removed Surface(name=Task=30272)/@0x51acb2a - animation-leash of app_transition#175921 (123)
07-28 17:18:51.911  1127  1127 I SurfaceFlinger: id=175920 Removed Surface(name=Task=1)/@0x652d09a - animation-leash of app_transition#175920 (123)
07-28 17:18:51.911  1127  1127 I Layer   : id=175906 Destroyed Surface(name=d8adfc2 InputMethod)/@0xc2b360e - animation-leash of insets_animation#175906
07-28 17:18:51.911  1127  1127 I Layer   : id=175920 Destroyed Surface(name=Task=1)/@0x652d09a - animation-leash of app_transition#175920
07-28 17:18:51.911  1127  1127 I Layer   : id=175921 Destroyed Surface(name=Task=30272)/@0x51acb2a - animation-leash of app_transition#175921
07-28 17:18:51.914  8684  8684 D LifecycleMonitor: Lifecycle status change: androidx.test.core.app.InstrumentationActivityInvoker$BootstrapActivity@435f3ec in: PAUSED
07-28 17:18:51.914  8684  8684 V ActivityScenario: Activity lifecycle changed event received but ignored because the intent does not match. startActivityIntent=Intent { act=android.intent.action.MAIN cat=[android.intent.category.LAUNCHER] cmp=com.example.dogglers/.VerticalListActivity }, activity.getIntent()=Intent { act=android.intent.action.MAIN cat=[android.intent.category.LAUNCHER] flg=0x10008000 cmp=com.example.dogglers/androidx.test.core.app.InstrumentationActivityInvoker$BootstrapActivity (has extras) }, activity=androidx.test.core.app.InstrumentationActivityInvoker$BootstrapActivity@435f3ec
07-28 17:18:51.916  1127  1127 D SurfaceFlinger: Display 0 HWC layers:
07-28 17:18:51.916  1127  1127 D SurfaceFlinger:      DEVICE | 0xb4000075f544b900 | 0100 | RGBA_8888    |    0.0    0.0 1080.0 2400.0 |    0    0 1080 2400 | Splash Screen com.example.dogglers$_2897#175919
07-28 17:18:51.916  1127  1127 D SurfaceFlinger:      DEVICE | 0xb4000075f544c980 | 0100 | RGBA_8888    |    0.0    0.0 1080.0   80.0 |    0    0 1080   80 | StatusBar$_2897#91
07-28 17:18:51.916  1127  1127 D SurfaceFlinger:      DEVICE | 0xb400007623228f80 | 0100 | RGBA_8888    |    0.0    0.0 1080.0  135.0 |    0 2265 1080 2400 | NavigationBar0$_2897#86
07-28 17:18:51.916  1127  1127 D SurfaceFlinger:      DEVICE | 0xb4000075f544b300 | 0140 | RGBA_8888    |    0.0    0.0 1080.0  150.0 |    0    0 1080  150 | ScreenDecorOverlay$_2897#100
07-28 17:18:51.916  1127  1127 D SurfaceFlinger:      DEVICE | 0xb400007621856700 | 0140 | RGBA_8888    |    0.0    0.0 1080.0  150.0 |    0 2250 1080 2400 | ScreenDecorOverlayBottom$_2897#101
07-28 17:18:51.916  1127  1127 D SurfaceFlinger:
07-28 17:18:51.921  3393  3393 I ViewRootImpl@c6ee0f[LauncherActivity]: performTraversals mFirst=false windowShouldResize=false viewVisibilityChanged=true mForceNextWindowRelayout=false params=null
07-28 17:18:51.922  1624  5212 D InputDispatcher: Focused application(0): ActivityRecord{3aaa491 u0 com.example.dogglers/.VerticalListActivity} t30272}
07-28 17:18:51.931  1624  2024 V WindowManager: Relayout Window{b2bc12 u0 com.sec.android.app.launcher/com.sec.android.app.launcher.activities.LauncherActivity}: viewVisibility=8 req=1080x2400 d0
07-28 17:18:51.937  1624  1668 I SemPersonaManager: SecureFolder personaId = 150
07-28 17:18:51.941  1624  2024 V WindowManager: Relayout hash=b2bc12, pid=3393, syncId=-1: mAttrs={(0,0)(fillxfill) sim={adjust=nothing forwardNavigation} layoutInDisplayCutoutMode=shortEdges ty=BASE_APPLICATION fmt=TRANSPARENT wanim=0x10302f4
07-28 17:18:51.941  1624  2024 V WindowManager:   fl=81910100
07-28 17:18:51.941  1624  2024 V WindowManager:   pfl=1e020040
07-28 17:18:51.941  1624  2024 V WindowManager:   vsysui=1700
07-28 17:18:51.941  1624  2024 V WindowManager:   bhv=SHOW_TRANSIENT_BARS_BY_SWIPE
07-28 17:18:51.941  1624  2024 V WindowManager:   fitSides= naviIconColor=0}
07-28 17:18:51.946  3393  3393 I ViewRootImpl@c6ee0f[LauncherActivity]: Relayout returned: old=(0,0,1080,2400) new=(0,0,1080,2400) req=(1080,2400)8 dur=24 res=0x2 s={false 0x0} ch=true seqId=0
07-28 17:18:51.946  3393  3393 I ViewRootImpl@c6ee0f[LauncherActivity]: stopped(true) old = false
07-28 17:18:51.946  3393  3393 I ViewRootImpl@c6ee0f[LauncherActivity]: WindowStopped on com.sec.android.app.launcher/com.sec.android.app.launcher.activities.LauncherActivity set to true
07-28 17:18:51.947  8684  8684 D LifecycleMonitor: Lifecycle status change: com.example.dogglers.VerticalListActivity@dc0b4f0 in: PRE_ON_CREATE
07-28 17:18:51.947  8684  8684 V ActivityScenario: Activity lifecycle changed event received but ignored because the reported transition was not ON_CREATE while the last known transition was PRE_ON_CREATE
07-28 17:18:51.949  1624  1668 D EnterpriseDeviceManagerService: isMdmAdminPresentInternal() : MDM Admin Found - com.samsung.knox.securefolder
07-28 17:18:51.949  3393  3393 I Launcher: !@Boot_DEBUG: Launcher.onStop()
07-28 17:18:51.949  3393  3393 I Launcher: !@Boot_EBS_D: Launcher.onStop()
07-28 17:18:51.949  3393  3393 I BaseActivity: removeActivityFlags, flags : 17
07-28 17:18:51.950  1624  3919 I MediaSessionMonitor: Media session stopped : not playing state
07-28 17:18:51.950  3393  3393 W LauncherAppWidgetHost: setShouldListenFlag, mFlags:7 flag:start on:false isFront:false
07-28 17:18:51.950  3393  3756 I IMM_LC  : hsifw() - flag : 0
07-28 17:18:51.951  3393  3756 I IMM_LC  : hsifw() - mService.hideSoftInput
07-28 17:18:51.951  1624  2462 I AppWidgetServiceImpl: stopListening callbacks : null
07-28 17:18:51.951  3393  3393 W LauncherAppWidgetHost: stopListening, mFlags:2 isFront:false
07-28 17:18:51.951  3393  3393 W Launcher.NotificationListener: removeNotificationsChangedListener
07-28 17:18:51.951  3393  3393 I Launcher.NotificationListener: unregisterObserver, this is not notificationService!!
07-28 17:18:51.951  3393  3393 I BadgeCountUpdaterImpl: onNotificationsChangedDisConnected
07-28 17:18:51.953  3393  3393 I MSHandlerLifeCycle: removeMultiSplitHandler: no exist. decor=DecorView@4f24386[LauncherActivity]
07-28 17:18:51.954  3393  3758 I LiveIconUpdateEventHandler: cancelMinuteChangeAlarm
07-28 17:18:51.961  8684  8684 I DecorView: [INFO] isPopOver=false config=true
07-28 17:18:51.961  8684  8684 I DecorView: updateCaptionType: isFloating=false isApplication=true hasWindowDecorCaption=false this=DecorView@9ab6bc6[]
07-28 17:18:51.961  8684  8684 D DecorView: setCaptionType = 0, this = DecorView@9ab6bc6[]
07-28 17:18:51.963  8684  8684 I DecorView: getCurrentDensityDpi: from real metrics. densityDpi=450 msg=resources_loaded
07-28 17:18:51.963  8684  8684 I DecorView: setWindowBackground: isPopOver=false color=ffffffff d=android.graphics.drawable.ColorDrawable@94c66b4
07-28 17:18:51.976  8684  8684 D LifecycleMonitor: Lifecycle status change: com.example.dogglers.VerticalListActivity@dc0b4f0 in: CREATED
07-28 17:18:51.976  8684  8684 V ActivityScenario: Update currentActivityStage to CREATED, currentActivity=com.example.dogglers.VerticalListActivity@dc0b4f0
07-28 17:18:51.977  1127  1127 I Layer   : id=175907 removeFromCurrentState com.sec.android.app.launcher/com.sec.android.app.launcher.activities.LauncherActivity$_3393#175907 (120)
07-28 17:18:51.977  1127  1127 I SurfaceFlinger: id=175907 Removed com.sec.android.app.launcher/com.sec.android.app.launcher.activities.LauncherActivity$_3393#175907 (120)
07-28 17:18:51.978  1127  1127 I BufferQueueDebug: [com.sec.android.app.launcher/com.sec.android.app.launcher.activities.LauncherActivity$_3393#175907](this:0xb4000075f0a50838,id:-1,api:0,p:-1,c:1127) onDestructor()
07-28 17:18:51.978  1127  1127 I Layer   : id=175907 Destroyed com.sec.android.app.launcher/com.sec.android.app.launcher.activities.LauncherActivity$_3393#175907
07-28 17:18:51.979  8684  8684 D LifecycleMonitor: Lifecycle status change: com.example.dogglers.VerticalListActivity@dc0b4f0 in: STARTED
07-28 17:18:51.979  8684  8684 V ActivityScenario: Update currentActivityStage to STARTED, currentActivity=com.example.dogglers.VerticalListActivity@dc0b4f0
07-28 17:18:51.981  8684  8684 D LifecycleMonitor: Lifecycle status change: com.example.dogglers.VerticalListActivity@dc0b4f0 in: RESUMED
07-28 17:18:51.981  8684  8684 V ActivityScenario: Update currentActivityStage to RESUMED, currentActivity=com.example.dogglers.VerticalListActivity@dc0b4f0
07-28 17:18:51.982  8684  8684 I MSHandlerLifeCycle: check: return. pkg=com.example.dogglers parent=null callers=com.android.internal.policy.DecorView.setVisibility:4411 android.app.ActivityThread.handleResumeActivity:5476 android.app.servertransaction.ResumeActivityItem.execute:54 android.app.servertransaction.ActivityTransactionItem.execute:45 android.app.servertransaction.TransactionExecutor.executeLifecycleState:176
07-28 17:18:51.982  8684  8684 I MSHandlerLifeCycle: removeMultiSplitHandler: no exist. decor=DecorView@9ab6bc6[]
07-28 17:18:51.983  1127  2095 D SurfaceFlinger: [SF client] NEW(0xb4000075f4bc42a0) for (8684:com.example.dogglers)
07-28 17:18:51.986  8684  8768 D NativeCustomFrequencyManager: [NativeCFMS] BpCustomFrequencyManager::BpCustomFrequencyManager()
07-28 17:18:51.989  1624  2024 D InputTransport: Input channel constructed: 'f87807e', fd=1347
07-28 17:18:51.989  1624  2024 D InputTransport: Input channel constructed: 'f87807e', fd=1354
07-28 17:18:51.989  1624  2024 D InputTransport: Input channel constructed: 'f87807e', fd=1355
07-28 17:18:51.990  1127  2095 I SurfaceFlinger: id=175925 createSurf flag=80004, f87807e com.example.dogglers/com.example.dogglers.VerticalListActivity#175925
07-28 17:18:51.991  1624  2024 D InputTransport: Input channel destroyed: 'f87807e', fd=1355
07-28 17:18:51.992  8684  8684 D InsetsController: onStateChanged: InsetsState: {mDisplayFrame=Rect(0, 0 - 1080, 2400), mDisplayCutout=DisplayCutout{insets=Rect(0, 80 - 0, 0) waterfall=Insets{left=0, top=0, right=0, bottom=0} boundingRect={Bounds=[Rect(0, 0 - 0, 0), Rect(468, 0 - 612, 80), Rect(0, 0 - 0, 0), Rect(0, 0 - 0, 0)]} cutoutPathParserInfo={CutoutPathParserInfo{displayWidth=1080 displayHeight=2400 physicalDisplayWidth=1080 physicalDisplayHeight=2400 density={2.625} cutoutSpec={M 0,0 H -27.42857142857143 V 30.47619047619048 H 27.42857142857143 V 0 H 0 Z @dp} rotation={0} scale={1.0} physicalPixelDisplaySizeRatio={1.0}}}}, mRoundedCorners=RoundedCorners{[RoundedCorner{position=TopLeft, radius=90, center=Point(90, 90)}, RoundedCorner{position=TopRight, radius=90, center=Point(990, 90)}, RoundedCorner{position=BottomRight, radius=90, center=Point(990, 2310)}, RoundedCorner{position=BottomLeft, radius=90, center=Point(90, 2310)}]}  mRoundedCornerFrame=Rect(0, 0 - 1080, 2400), mPrivacyIndicatorBounds=PrivacyIndicatorBounds {static bounds=Rect(956, 0 - 1080, 80) rotation=0}, mSources= { InsetsSource: {mType=ITYPE_STATUS_BAR, mFrame=[0,0][1080,80], mVisible=true, mInsetsRoundedCornerFrame=false}, InsetsSource: {mType=ITYPE_NAVIGATION_BAR, mFrame=[0,2265][1080,2400], mVisible=true, mInsetsRoundedCornerFrame=false}, InsetsSource: {mType=ITYPE_LEFT_GESTURES, mFrame=[0,0][0,2400], mVisible=true, mInsetsRoundedCornerFrame=false}, InsetsSource: {mType=ITYPE_RIGHT_GESTURES, mFrame=[1080,0][1080,2400], mVisible=true, mInsetsRoundedCornerFrame=false}, InsetsSource: {mType=ITYPE_TOP_MANDATORY_GESTURES, mFrame=[0,0][1080,114], mVisible=true, mInsetsRoundedCornerFrame=false}, InsetsSource: {mType=ITYPE_BOTTOM_MANDATORY_GESTURES, mFrame=[0,2265][1080,2400], mVisible=true, mInsetsRoundedCornerFrame=false}, InsetsSource: {mType=ITYPE_LEFT_DISPLAY_CUTOUT, mFrame=[0,0][-100000,2400], mVisible=true, mInsetsRoundedCornerFrame=false}, InsetsSource: {mType=ITYPE_TOP_DISPLAY_CUTOUT, mFrame=[0,0][1080,80], mVisible=true, mInsetsRoundedCornerFrame=false}, InsetsSource: {mType=ITYPE_RIGHT_DISPLAY_CUTOUT, mFrame=[100000,0][1080,2400], mVisible=true, mInsetsRoundedCornerFrame=false}, InsetsSource: {mType=ITYPE_BOTTOM_DISPLAY_CUTOUT, mFrame=[0,100000][1080,2400], mVisible=true, mInsetsRoundedCornerFrame=false}, InsetsSource: {mType=ITYPE_TOP_TAPPABLE_ELEMENT, mFrame=[0,0][1080,80], mVisible=true, mInsetsRoundedCornerFrame=false}, InsetsSource: {mType=ITYPE_BOTTOM_TAPPABLE_ELEMENT, mFrame=[0,2265][1080,2400], mVisible=true, mInsetsRoundedCornerFrame=false} } host=com.example.dogglers/com.example.dogglers.VerticalListActivity from=android.view.ViewRootImpl.setView:1732
07-28 17:18:51.996  8684  8684 I ViewRootImpl@60c5276[VerticalListActivity]: setView = com.android.internal.policy.DecorView@9ab6bc6 TM=true
07-28 17:18:51.997  8684  8684 I MSHandlerLifeCycle: removeMultiSplitHandler: no exist. decor=DecorView@9ab6bc6[VerticalListActivity]
07-28 17:18:51.998  1624  1745 D AnalyticsContainerHandler: handleMessage : { when=0 what=1 target=com.android.server.knox.KnoxAnalyticsContainer$AnalyticsHandler }
07-28 17:18:51.998  8684  8684 D LifecycleMonitor: Lifecycle status change: androidx.test.core.app.InstrumentationActivityInvoker$BootstrapActivity@435f3ec in: STOPPED
