07-28 17:18:50.390  1127  3782 I BufferQueueDebug: [com.example.dogglers/androidx.test.core.app.InstrumentationActivityInvoker$EmptyActivity$_8684#175863](this:0xb4000075f550f838,id:-1,api:0,p:-1,c:-1) BufferQueue core=(1127:/system/bin/surfaceflinger)
07-28 17:18:50.390  1127  3782 I SurfaceFlinger: id=175863 createSurf flag=40004, com.example.dogglers/androidx.test.core.app.InstrumentationActivityInvoker$EmptyActivity$_8684#175863
07-28 17:18:50.394  1127  3782 I SurfaceFlinger: id=175864 createSurf flag=24000, Surface(name=7ae696d StatusBar)/@0x546cfe9 - animation-leash of insets_animation#175864
07-28 17:18:50.396  1127  3782 I SurfaceFlinger: id=175865 createSurf flag=24000, Surface(name=57253a2 NavigationBar0)/@0x6398367 - animation-leash of insets_animation#175865
07-28 17:18:50.398  1624  4999 V WindowManager: Relayout hash=506f8c4, pid=8684, syncId=-1: mAttrs={(0,0)(fillxfill) sim={adjust=pan forwardNavigation} ty=BASE_APPLICATION wanim=0x1030001
07-28 17:18:50.398  1624  4999 V WindowManager:   fl=1810100
07-28 17:18:50.398  1624  4999 V WindowManager:   pfl=12020040
07-28 17:18:50.398  1624  4999 V WindowManager:   apr=LIGHT_NAVIGATION_BARS
07-28 17:18:50.398  1624  4999 V WindowManager:   bhv=DEFAULT
07-28 17:18:50.398  1624  4999 V WindowManager:   fitSides= naviIconColor=0
07-28 17:18:50.398  1624  4999 V WindowManager:   sfl=100000}
07-28 17:18:50.401  8684  8684 D InsetsController: onStateChanged: InsetsState: {mDisplayFrame=Rect(0, 0 - 1080, 2400), mDisplayCutout=DisplayCutout{insets=Rect(0, 80 - 0, 0) waterfall=Insets{left=0, top=0, right=0, bottom=0} boundingRect={Bounds=[Rect(0, 0 - 0, 0), Rect(468, 0 - 612, 80), Rect(0, 0 - 0, 0), Rect(0, 0 - 0, 0)]} cutoutPathParserInfo={CutoutPathParserInfo{displayWidth=1080 displayHeight=2400 physicalDisplayWidth=1080 physicalDisplayHeight=2400 density={2.625} cutoutSpec={M 0,0 H -27.42857142857143 V 30.47619047619048 H 27.42857142857143 V 0 H 0 Z @dp} rotation={0} scale={1.0} physicalPixelDisplaySizeRatio={1.0}}}}, mRoundedCorners=RoundedCorners{[RoundedCorner{position=TopLeft, radius=90, center=Point(90, 90)}, RoundedCorner{position=TopRight, radius=90, center=Point(990, 90)}, RoundedCorner{position=BottomRight, radius=90, center=Point(990, 2310)}, RoundedCorner{position=BottomLeft, radius=90, center=Point(90, 2310)}]}  mRoundedCornerFrame=Rect(0, 0 - 1080, 2400), mPrivacyIndicatorBounds=PrivacyIndicatorBounds {static bounds=Rect(956, 0 - 1080, 80) rotation=0}, mSources= { InsetsSource: {mType=ITYPE_STATUS_BAR, mFrame=[0,0][1080,80], mVisible=true, mInsetsRoundedCornerFrame=false}, InsetsSource: {mType=ITYPE_NAVIGATION_BAR, mFrame=[0,2265][1080,2400], mVisible=true, mInsetsRoundedCornerFrame=false}, InsetsSource: {mType=ITYPE_LEFT_GESTURES, mFrame=[0,0][0,2400], mVisible=true, mInsetsRoundedCornerFrame=false}, InsetsSource: {mType=ITYPE_RIGHT_GESTURES, mFrame=[1080,0][1080,2400], mVisible=true, mInsetsRoundedCornerFrame=false}, InsetsSource: {mType=ITYPE_TOP_MANDATORY_GESTURES, mFrame=[0,0][1080,114], mVisible=true, mInsetsRoundedCornerFrame=false}, InsetsSource: {mType=ITYPE_BOTTOM_MANDATORY_GESTURES, mFrame=[0,2265][1080,2400], mVisible=true, mInsetsRoundedCornerFrame=false}, InsetsSource: {mType=ITYPE_LEFT_DISPLAY_CUTOUT, mFrame=[0,0][-100000,2400], mVisible=true, mInsetsRoundedCornerFrame=false}, InsetsSource: {mType=ITYPE_TOP_DISPLAY_CUTOUT, mFrame=[0,0][1080,80], mVisible=true, mInsetsRoundedCornerFrame=false}, InsetsSource: {mType=ITYPE_RIGHT_DISPLAY_CUTOUT, mFrame=[100000,0][1080,2400], mVisible=true, mInsetsRoundedCornerFrame=false}, InsetsSource: {mType=ITYPE_BOTTOM_DISPLAY_CUTOUT, mFrame=[0,100000][1080,2400], mVisible=true, mInsetsRoundedCornerFrame=false}, InsetsSource: {mType=ITYPE_TOP_TAPPABLE_ELEMENT, mFrame=[0,0][1080,80], mVisible=true, mInsetsRoundedCornerFrame=false}, InsetsSource: {mType=ITYPE_BOTTOM_TAPPABLE_ELEMENT, mFrame=[0,2265][1080,2400], mVisible=true, mInsetsRoundedCornerFrame=false}, InsetsSource: {mType=ITYPE_IME, mFrame=[0,0][0,0], mVisibleFrame=[0,1243][1080,2400], mVisible=false, mInsetsRoundedCornerFrame=false} } host=com.example.dogglers/androidx.test.core.app.InstrumentationActivityInvoker$EmptyActivity from=android.view.ViewRootImpl.relayoutWindow:9802
07-28 17:18:50.403  8684  8684 I ViewRootImpl@2716aaa[InstrumentationActivityInvoker$EmptyActivity]: updateBlastSurfaceIfNeeded mBlastBufferQueue=null isSameSurfaceControl=false
07-28 17:18:50.403  8684  8684 D BufferQueueConsumer: [](id:21ec00000002,api:0,p:-1,c:8684) connect: controlledByApp=false
07-28 17:18:50.404  8684  8684 I BLASTBufferQueue: new BLASTBufferQueue, mName= ViewRootImpl@2716aaa[InstrumentationActivityInvoker$EmptyActivity] mNativeObject= 0xb400007297a2fa00 sc.mNativeObject= 0xb400007297b32300 caller= android.view.ViewRootImpl.updateBlastSurfaceIfNeeded:2909 android.view.ViewRootImpl.relayoutWindow:9847 android.view.ViewRootImpl.performTraversals:3884 android.view.ViewRootImpl.doTraversal:3116 android.view.ViewRootImpl$TraversalRunnable.run:10885 android.view.Choreographer$CallbackRecord.run:1301 android.view.Choreographer$CallbackRecord.run:1309 android.view.Choreographer.doCallbacks:923 android.view.Choreographer.doFrame:852 android.view.Choreographer$FrameDisplayEventReceiver.run:1283
07-28 17:18:50.404  8684  8684 I BLASTBufferQueue: update, w= 1080 h= 2400 mName = ViewRootImpl@2716aaa[InstrumentationActivityInvoker$EmptyActivity] mNativeObject= 0xb400007297a2fa00 sc.mNativeObject= 0xb400007297b32300 format= -1 caller= android.graphics.BLASTBufferQueue.<init>:84 android.view.ViewRootImpl.updateBlastSurfaceIfNeeded:2909 android.view.ViewRootImpl.relayoutWindow:9847 android.view.ViewRootImpl.performTraversals:3884 android.view.ViewRootImpl.doTraversal:3116 android.view.ViewRootImpl$TraversalRunnable.run:10885
07-28 17:18:50.404  8684  8684 I ViewRootImpl@2716aaa[InstrumentationActivityInvoker$EmptyActivity]: Relayout returned: old=(0,0,1080,2400) new=(0,0,1080,2400) req=(1080,2400)0 dur=15 res=0x3 s={true 0xb40000728f6e6800} ch=true seqId=0
07-28 17:18:50.406  8684  8684 I ViewRootImpl@2716aaa[InstrumentationActivityInvoker$EmptyActivity]: mThreadedRenderer.initialize() mSurface={isValid=true 0xb40000728f6e6800} hwInitialized=true
07-28 17:18:50.406  8684  8768 D OpenGLRenderer: eglCreateWindowSurface
07-28 17:18:50.408  8684  8684 I ViewRootImpl@2716aaa[InstrumentationActivityInvoker$EmptyActivity]: reportNextDraw android.view.ViewRootImpl.performTraversals:4438 android.view.ViewRootImpl.doTraversal:3116 android.view.ViewRootImpl$TraversalRunnable.run:10885 android.view.Choreographer$CallbackRecord.run:1301 android.view.Choreographer$CallbackRecord.run:1309
07-28 17:18:50.409  8684  8684 I ViewRootImpl@2716aaa[InstrumentationActivityInvoker$EmptyActivity]: Setup new sync id=0
07-28 17:18:50.409  8684  8684 I ViewRootImpl@2716aaa[InstrumentationActivityInvoker$EmptyActivity]: Setting syncFrameCallback
07-28 17:18:50.409  8684  8684 I ViewRootImpl@2716aaa[InstrumentationActivityInvoker$EmptyActivity]: registerCallbacksForSync syncBuffer=false
07-28 17:18:50.412  8684  8829 I ViewRootImpl@2716aaa[InstrumentationActivityInvoker$EmptyActivity]: Received frameDrawingCallback syncResult=0 frameNum=1.
07-28 17:18:50.412  8684  8829 I ViewRootImpl@2716aaa[InstrumentationActivityInvoker$EmptyActivity]: Setting up sync and frameCommitCallback
07-28 17:18:50.412  1127  1127 I Layer   : id=175856 removeFromCurrentState Surface(name=7ae696d StatusBar)/@0x546cfe9 - animation-leash of insets_animation#175856 (111)
07-28 17:18:50.412  1127  1127 I Layer   : id=175857 removeFromCurrentState Surface(name=57253a2 NavigationBar0)/@0x6398367 - animation-leash of insets_animation#175857 (111)
07-28 17:18:50.412  1127  1127 I SurfaceFlinger: [506f8c4 com.example.dogglers/androidx.test.core.app.InstrumentationActivityInvoker$EmptyActivity#175862] FrameRatePriority: 1
07-28 17:18:50.413  1127  1127 D SurfaceFlinger: [input] inputWindowCommands.focusRequests size is 1
07-28 17:18:50.414  1127  1386 D SurfaceFlinger: [input] setFocusedWindow: 506f8c4 com.example.dogglers/androidx.test.core.app.InstrumentationActivityInvoker$EmptyActivity
07-28 17:18:50.415  1624  5256 D InputDispatcher: Focus request (0): 506f8c4 com.example.dogglers/androidx.test.core.app.InstrumentationActivityInvoker$EmptyActivity but waiting because NO_WINDOW
07-28 17:18:50.420  8684  8768 I BLASTBufferQueue: [ViewRootImpl@2716aaa[InstrumentationActivityInvoker$EmptyActivity]#2](f:0,a:0) onFrameAvailable the first frame is available
07-28 17:18:50.421  8684  8768 D BLASTBufferQueue: [ViewRootImpl@2716aaa[InstrumentationActivityInvoker$EmptyActivity]#2](f:0,a:1) acquireNextBufferLocked size=1080x2400 mFrameNumber=1 applyTransaction=true mTimestamp=1006959974650557(auto) mPendingTransactions.size=0 graphicBufferId=37297495998470 transform=0
07-28 17:18:50.421  3393 16210 I RecentModel: onTaskStackChangedBackground
07-28 17:18:50.422  8684  8768 I ViewRootImpl@2716aaa[InstrumentationActivityInvoker$EmptyActivity]: Received frameCommittedCallback lastAttemptedDrawFrameNum=1 didProduceBuffer=true
07-28 17:18:50.423  8684  8768 D OpenGLRenderer: CFMS:: SetUp Pid : 8684    Tid : 8768
07-28 17:18:50.423  8684  8768 W Parcel  : Expecting binder but got null!
07-28 17:18:50.424  8684  8684 I ViewRootImpl@2716aaa[InstrumentationActivityInvoker$EmptyActivity]: onSyncComplete
07-28 17:18:50.424  8684  8684 I ViewRootImpl@2716aaa[InstrumentationActivityInvoker$EmptyActivity]: setupSync seqId=0 mSyncId=0 fn=1 caller=android.view.ViewRootImpl$$ExternalSyntheticLambda11.accept:6 android.window.SurfaceSyncer.lambda$setupSync$1$android-window-SurfaceSyncer:128 android.window.SurfaceSyncer$$ExternalSyntheticLambda1.accept:8 android.window.SurfaceSyncer$SyncSet.checkIfSyncIsComplete:382 android.window.SurfaceSyncer$SyncSet.markSyncReady:359 android.window.SurfaceSyncer.markSyncReady:151 android.view.ViewRootImpl.performTraversals:4503
07-28 17:18:50.424  8684  8684 I ViewRootImpl@2716aaa[InstrumentationActivityInvoker$EmptyActivity]: reportDrawFinished seqId=0 mSyncId=-1 fn=1 mSurfaceChangedTransaction=0xb400007297b80b00
07-28 17:18:50.425  8684  8684 I ViewRootImpl@5f30d1c[InstrumentationActivityInvoker$EmptyActivity]: MSG_WINDOW_FOCUS_CHANGED 0 0
07-28 17:18:50.429  1127  1127 D BufferStateLayer: com.example.dogglers/androidx.test.core.app.InstrumentationActivityInvoker$EmptyActivity$_8684#175863 setBuffer frameId=1, bufferId=37297495998470 fenceId=572, w= 1080, h=2400
07-28 17:18:50.430  1624  1665 I ActivityTaskManager: Displayed com.example.dogglers/androidx.test.core.app.InstrumentationActivityInvoker$EmptyActivity: +152ms
07-28 17:18:50.431  1624  1669 I SemDvfsHyPerManager: acquire hyper - AMS_RESUME_TAIL/1624@21, type = -999
07-28 17:18:50.431  1624  1669 I SemDvfsHyPerManager: acquire hyper - AMS_ACT_LAZY/1624@22, type = -999
07-28 17:18:50.432  1090  1150 I HYPER-HAL: [RequestManager.cpp]acquire(): Acquired ID : 1353856  [1624 / 21]    HINT : AMS_RESUME_TAIL    list :
07-28 17:18:50.432  1090  1150 I mtkpower_client: perf_lock_rel, hdl:79996, tid:1150
07-28 17:18:50.432  3746  3746 E pageboostd: Received HALT command code 2
07-28 17:18:50.433  1090  1150 I mtkpower_client: perf_lock_acq, hdl:0, dur:0, num:2, tid:1150
07-28 17:18:50.433  1093  1167 I libPowerHal: [perfLockRel] hdl:79996, idx:3
07-28 17:18:50.433  1093  1167 I libPowerHal: vendor.samsung.: cpu_ctrl set cpu freq: -1 -1 -1 -1
07-28 17:18:50.434  1127  3782 I SurfaceFlinger: id=175866 createSurf flag=80000, 10a66c9 ActivityRecordInputSink com.example.dogglers/androidx.test.core.app.InstrumentationActivityInvoker$EmptyActivity#175866
07-28 17:18:50.434  1090  1150 I mtkpower_client: ret_hdl:79999
07-28 17:18:50.434  1090  1150 I mtkpower_client: perf_lock_rel, hdl:79997, tid:1150
07-28 17:18:50.434  1093  1167 I libPowerHal: [perfLockAcq] idx:2 hdl:79999 hint:-1 pid:1090 duration:0 lock_user:vendor.samsung. => ret_hdl:79999
07-28 17:18:50.435  1093  1167 I libPowerHal: vendor.samsung.: cpu_ctrl set cpu freq: 1800000 -1 -1 -1
07-28 17:18:50.436  1624  5715 D ConnectivityService: ConnectivityService NetworkRequestInfo binderDied(uid/pid:10283/5364, [NetworkRequest [ REQUEST id=98471, [ Capabilities: INTERNET&NOT_RESTRICTED&TRUSTED&NOT_VCN_MANAGED Uid: 10283 RequestorUid: 10283 RequestorPkg: org.telegram.messenger UnderlyingNetworks: Null] ]], android.os.BinderProxy@70bcacf)
07-28 17:18:50.436  1064  1064 I Zygote  : Process 5364 exited due to signal 9 (Killed)
07-28 17:18:50.437  1090  1150 I mtkpower_client: perf_lock_acq, hdl:0, dur:0, num:2, tid:1150
07-28 17:18:50.437  1624  2735 D ConnectivityService: releasing NetworkRequest [ REQUEST id=98471, [ Capabilities: INTERNET&NOT_RESTRICTED&TRUSTED&NOT_VCN_MANAGED Uid: 10283 RequestorUid: 10283 RequestorPkg: org.telegram.messenger UnderlyingNetworks: Null] ] (release request)
07-28 17:18:50.437  1093  1167 I libPowerHal: [perfLockRel] hdl:79997, idx:0
07-28 17:18:50.437  1093  1167 I libPowerHal: [PD] vendor.samsung. update cmd:1c3c000, param:1
07-28 17:18:50.437  1093  1167 I libPowerHal: [PD] (less) /proc/mcdi/state set +prefix:enable 1;
07-28 17:18:50.437  1624  2735 D ConnectivityService:  Removing from current network [184 WIFI], leaving 166 requests.
07-28 17:18:50.437  1113 10836 I AudioFlinger: removeDlbCodecCallback pid:5364 type:-1
07-28 17:18:50.438  1624  1682 I libprocessgroup: Successfully killed process cgroup uid 10283 pid 5364 in 0ms
07-28 17:18:50.438  1090  1150 I mtkpower_client: ret_hdl:80000
07-28 17:18:50.438  1093  1167 I libPowerHal: [perfLockAcq] idx:0 hdl:80000 hint:-1 pid:1090 duration:0 lock_user:vendor.samsung. => ret_hdl:80000
07-28 17:18:50.438  1093  1167 I libPowerHal: [PE] (less) /proc/mcdi/state set +prefix:enable 0;
07-28 17:18:50.438  1090  1150 I mtkpower_client: perf_lock_rel, hdl:79998, tid:1150
07-28 17:18:50.438  2897  2984 D MobileStatusTracker(0/2): onSignalStrengthsChanged level=4, vendorLevel=4
07-28 17:18:50.439  1127  2023 I SurfaceFlinger: id=175857 Removed Surface(name=57253a2 NavigationBar0)/@0x6398367 - animation-leash of insets_animation#175857 (112)
07-28 17:18:50.439  1127  3782 I SurfaceFlinger: id=175856 Removed Surface(name=7ae696d StatusBar)/@0x546cfe9 - animation-leash of insets_animation#175856 (112)
07-28 17:18:50.440  1090  1150 I mtkpower_client: perf_lock_acq, hdl:0, dur:0, num:2, tid:1150
07-28 17:18:50.440  1093  1167 I libPowerHal: [perfLockRel] hdl:79998, idx:1
07-28 17:18:50.440  1093  1167 I libPowerHal: [PD] vendor.samsung. update cmd:1000000, param:-1
07-28 17:18:50.441  2897  2984 D MobileSignalController(0/2): notifyListener: enabled=true, connected=true, dataConnected=false, networkType=LTE (4G), emergencyOnly=false, roaming=false, isDefault=false, dataActivity=, level=4, ca=false, mmWave=false, disabledDataIcon=false, simCard=ETC
07-28 17:18:50.441  1093  1167 I libPowerHal: [PD] vendor.samsung. update cmd:1000000 param:-1
07-28 17:18:50.441  1090  1150 I mtkpower_client: ret_hdl:80001
07-28 17:18:50.441  1093  1167 I libPowerHal: [perfLockAcq] idx:1 hdl:80001 hint:-1 pid:1090 duration:0 lock_user:vendor.samsung. => ret_hdl:80001
07-28 17:18:50.442  1090  1150 I HYPER-HAL: [RequestManager.cpp]releaseLocked(): Released ID : 1350565
07-28 17:18:50.442  1093  1167 I libPowerHal: [PE] vendor.samsung. update cmd:1000000, param:0
07-28 17:18:50.442  1093  1167 I libPowerHal: [PE] vendor.samsung. update cmd:1000000 param:0
07-28 17:18:50.442  8684  8684 I ViewRootImpl@5f30d1c[InstrumentationActivityInvoker$EmptyActivity]: handleAppVisibility mAppVisible = true visible = false
07-28 17:18:50.443  8684  8684 I ViewRootImpl@5f30d1c[InstrumentationActivityInvoker$EmptyActivity]: stopped(true) old = false
07-28 17:18:50.443  8684  8684 I ViewRootImpl@5f30d1c[InstrumentationActivityInvoker$EmptyActivity]: WindowStopped on com.example.dogglers/androidx.test.core.app.InstrumentationActivityInvoker$EmptyActivity set to true
07-28 17:18:50.444  8684  8684 D LifecycleMonitor: Lifecycle status change: androidx.test.core.app.InstrumentationActivityInvoker$EmptyActivity@7427a33 in: STOPPED
07-28 17:18:50.444  8684  8684 V ActivityScenario: Activity lifecycle changed event received but ignored because the intent does not match. startActivityIntent=Intent { act=android.intent.action.MAIN cat=[android.intent.category.LAUNCHER] cmp=com.example.dogglers/.VerticalListActivity }, activity.getIntent()=Intent { act=android.intent.action.MAIN cat=[android.intent.category.LAUNCHER] flg=0x10000000 cmp=com.example.dogglers/androidx.test.core.app.InstrumentationActivityInvoker$EmptyActivity }, activity=androidx.test.core.app.InstrumentationActivityInvoker$EmptyActivity@7427a33
07-28 17:18:50.445  1127  1127 I Layer   : Layer [com.example.dogglers/androidx.test.core.app.InstrumentationActivityInvoker$EmptyActivity$_8684#175863] hidden!! flag(0)
07-28 17:18:50.445  1127  1127 I Layer   : Layer [com.example.dogglers/androidx.test.core.app.InstrumentationActivityInvoker$EmptyActivity$_8684#175855] hidden!! flag(1)
07-28 17:18:50.446  8684  8684 I MSHandlerLifeCycle: removeMultiSplitHandler: no exist. decor=DecorView@5a901ee[InstrumentationActivityInvoker$EmptyActivity]
07-28 17:18:50.446  1127  1127 I Layer   : id=175856 Destroyed Surface(name=7ae696d StatusBar)/@0x546cfe9 - animation-leash of insets_animation#175856
07-28 17:18:50.446  1127  1127 I Layer   : id=175857 Destroyed Surface(name=57253a2 NavigationBar0)/@0x6398367 - animation-leash of insets_animation#175857
07-28 17:18:50.447  1624  2957 D InputDispatcher: Focus entered window (0): 506f8c4 com.example.dogglers/androidx.test.core.app.InstrumentationActivityInvoker$EmptyActivity
07-28 17:18:50.447  8684  8768 D OpenGLRenderer: setSurface called with nullptr
07-28 17:18:50.447  8684  8768 D OpenGLRenderer: setSurface() destroyed EGLSurface
07-28 17:18:50.447  8684  8768 D OpenGLRenderer: destroyEglSurface
07-28 17:18:50.449  8684  8768 D BLASTBufferQueue: [ViewRootImpl@5f30d1c[InstrumentationActivityInvoker$EmptyActivity]#1](f:0,a:1) destructor()
07-28 17:18:50.449  8684  8768 D BufferQueueConsumer: [ViewRootImpl@5f30d1c[InstrumentationActivityInvoker$EmptyActivity]#1(BLAST Consumer)1](id:21ec00000001,api:0,p:-1,c:8684) disconnect
07-28 17:18:50.450  2897  2984 D NetworkController: SignalStrength from intent slotId=0
07-28 17:18:50.451  8684  8684 I ViewRootImpl@5f30d1c[InstrumentationActivityInvoker$EmptyActivity]: performTraversals mFirst=false windowShouldResize=false viewVisibilityChanged=true mForceNextWindowRelayout=false params=null
07-28 17:18:50.451  1127  1127 D SurfaceFlinger: Display 0 HWC layers:
07-28 17:18:50.451  1127  1127 D SurfaceFlinger:      DEVICE | 0xb4000075f544d400 | 0102 | RGBA_8888    |    0.0    0.0 1080.0 2400.0 |    0    0 1080 2400 | com.example.dogglers/androidx.test.c[...]tyInvoker$EmptyActivity$_8684#175863
07-28 17:18:50.451  1127  1127 D SurfaceFlinger:      DEVICE | 0xb4000075f544c980 | 0100 | RGBA_8888    |    0.0    0.0 1080.0   80.0 |    0    0 1080   80 | StatusBar$_2897#91
07-28 17:18:50.451  1127  1127 D SurfaceFlinger:      DEVICE | 0xb400007621854780 | 0100 | RGBA_8888    |    0.0    0.0 1080.0  135.0 |    0 2265 1080 2400 | NavigationBar0$_2897#86
07-28 17:18:50.451  1127  1127 D SurfaceFlinger:      DEVICE | 0xb4000075f544b300 | 0140 | RGBA_8888    |    0.0    0.0 1080.0  150.0 |    0    0 1080  150 | ScreenDecorOverlay$_2897#100
07-28 17:18:50.451  1127  1127 D SurfaceFlinger:      DEVICE | 0xb400007621856700 | 0140 | RGBA_8888    |    0.0    0.0 1080.0  150.0 |    0 2250 1080 2400 | ScreenDecorOverlayBottom$_2897#101
07-28 17:18:50.451  1127  1127 D SurfaceFlinger:
07-28 17:18:50.451  1624  2462 V WindowManager: Relayout Window{7ec7f1b u0 com.example.dogglers/androidx.test.core.app.InstrumentationActivityInvoker$EmptyActivity}: viewVisibility=8 req=1080x2400 d0
07-28 17:18:50.453  3816  3816 I Finsky  : [2] tpc.onTrimMemory(13): Memory trim requested to level 80
07-28 17:18:50.453  2857  2857 I WifiHAL : Get link layer stats
07-28 17:18:50.454  2857  2857 I WifiHAL : GetLinkStatsCommand::create
07-28 17:18:50.454  2857  2857 D android.hardware.wifi@1.0-service-lazy: WifiRequest::create vendor command to iface 40, vendor_id=0x1a11, subcmd=0x1200, res=0
07-28 17:18:50.454  2857  2857 I android.hardware.wifi@1.0-service-lazy: WifiCommand::requestResponse err=-95
07-28 17:18:50.454  2857  2857 I WifiHAL : wifi_get_link_stats: result=-3
07-28 17:18:50.454  3816  3816 I Finsky  : [2] ncp.accept(57): Flushing in-memory image cache
07-28 17:18:50.454  1624  2462 V WindowManager: Relayout hash=7ec7f1b, pid=8684, syncId=-1: mAttrs={(0,0)(fillxfill) sim={adjust=pan forwardNavigation} ty=BASE_APPLICATION wanim=0x1030001
07-28 17:18:50.454  1624  2462 V WindowManager:   fl=1810100
07-28 17:18:50.454  1624  2462 V WindowManager:   pfl=12020040
07-28 17:18:50.454  1624  2462 V WindowManager:   apr=LIGHT_NAVIGATION_BARS
07-28 17:18:50.454  1624  2462 V WindowManager:   bhv=DEFAULT
07-28 17:18:50.454  1624  2462 V WindowManager:   fitSides= naviIconColor=0
07-28 17:18:50.454  1624  2462 V WindowManager:   sfl=100000}
07-28 17:18:50.454  1624  2720 E WifiVendorHal: getWifiLinkLayerStats_1_5_Internal(l.1179) failed {.code = ERROR_NOT_SUPPORTED, .description = }
07-28 17:18:50.457  1624  4123 D SemWifiUsabilityStatsMonitor: onWifiUsabilityStats - seqNum 169052, isSameBssidAndFreq true
07-28 17:18:50.458  1624  2793 I SemWifiLinkQualityMonitor: Link Qos query: inf. ms / 0 Mbps
07-28 17:18:50.458  8684  8684 I ViewRootImpl@5f30d1c[InstrumentationActivityInvoker$EmptyActivity]: Relayout returned: old=(0,0,1080,2400) new=(0,0,1080,2400) req=(1080,2400)8 dur=7 res=0x2 s={false 0x0} ch=false seqId=0
07-28 17:18:50.462  1127  1127 I Layer   : id=175855 removeFromCurrentState com.example.dogglers/androidx.test.core.app.InstrumentationActivityInvoker$EmptyActivity$_8684#175855 (110)
07-28 17:18:50.462  1127  1127 I SurfaceFlinger: id=175855 Removed com.example.dogglers/androidx.test.core.app.InstrumentationActivityInvoker$EmptyActivity$_8684#175855 (110)
07-28 17:18:50.463  1127  1127 I BufferQueueDebug: [com.example.dogglers/androidx.test.core.app.InstrumentationActivityInvoker$EmptyActivity$_8684#175855](this:0xb4000075f54b2838,id:-1,api:0,p:-1,c:1127) onDestructor()
07-28 17:18:50.463  1127  1127 I Layer   : id=175855 Destroyed com.example.dogglers/androidx.test.core.app.InstrumentationActivityInvoker$EmptyActivity$_8684#175855
07-28 17:18:50.465  1624  2462 D InputDispatcher: Focused application(0): ActivityRecord{e1dc2e0 u0 com.sec.android.app.launcher/.activities.LauncherActivity} t7}
07-28 17:18:50.471  1624  1668 D PersonaActivityHelper: Activity not in resumed state, do not run immediate lock
07-28 17:18:50.471  3393  3393 I TopTaskTracker: onTaskMovedToFront : taskId = 7
07-28 17:18:50.472  8684  8684 I ViewRootImpl@2716aaa[InstrumentationActivityInvoker$EmptyActivity]: MSG_WINDOW_FOCUS_CHANGED 1 0
07-28 17:18:50.473  8684  8684 I ViewRootImpl@2716aaa[InstrumentationActivityInvoker$EmptyActivity]: mThreadedRenderer.initializeIfNeeded()#2 mSurface={isValid=true 0xb40000728f6e6800}
07-28 17:18:50.473  8684  8684 D InputMethodManager: startInputInner - Id : 0
07-28 17:18:50.473  8684  8684 I InputMethodManager: startInputInner - mService.startInputOrWindowGainedFocus
07-28 17:18:50.475  1624  2462 D InputMethodManagerService: mDesktopModeManager null!
07-28 17:18:50.475  1624  2462 V InputMethodManagerService: getDisplayIdOfInputMethodWindowToBeAdded: displayId=0
07-28 17:18:50.475  1624  2462 D InputMethodManagerService: isImeSwitcherDisabledPackage : false
07-28 17:18:50.476  1624  2462 D InputMethodManagerService: checkDisplayOfStartInputAndUpdateKeyboard: displayId=0, mFocusedDisplayId=0
07-28 17:18:50.476  1624  2462 D InputTransport: Input channel constructed: 'ClientS', fd=855
07-28 17:18:50.476  1624  2462 D InputTransport: Input channel destroyed: 'ClientS', fd=855
07-28 17:18:50.476  5607  5607 I HBD     : HoneyBoardService onFinishInput
07-28 17:18:50.477  5607  5607 I HBD     : a IC have been unbinding,  RemoteInputConnection{idHash=#48c63e6}
07-28 17:18:50.477  5607  5607 I HBD     : HoneyBoardService [PF_CL][onFinishInput]  1 ms
07-28 17:18:50.477  5607  5607 I HBD     : HoneyBoardService [IMI] onStartInput - caller pid : 8684 , caller uid : 10520
07-28 17:18:50.477  5607  5607 I HBD     : j updateConfigs
07-28 17:18:50.477  1127  2023 I SurfaceFlinger: id=175867 createSurf flag=24004, Surface(name=d8adfc2 InputMethod)/@0xc2b360e - animation-leash of insets_animation#175867
07-28 17:18:50.477  5607  5607 I HBD     : j isEnabledNightMode : false
07-28 17:18:50.478  5607  5607 I HBD     : a IC have been binding, RemoteInputConnection{idHash=#48c63e6}
07-28 17:18:50.478  5607  5607 I HBD     : h [EditorInputType]setPrivateImeOptionsToTable privateImeOptions ( null )
07-28 17:18:50.478  5607  5607 I HBD     : b incognitoMode : false
07-28 17:18:50.478  5607  5607 I HBD     : a needOff = true , isForceOff = false, isNullInputClass : true
07-28 17:18:50.478  5607  5607 I HBD     : h getDefaultInputRange : UNKNOWN
07-28 17:18:50.478  5607  5607 I HBD     : h getDefaultInputRange : UNKNOWN
07-28 17:18:50.478  5607  5607 I HBD     : h getDefaultInputRange : UNKNOWN
07-28 17:18:50.479  8684  8684 D LifecycleMonitor: Lifecycle status change: androidx.test.core.app.InstrumentationActivityInvoker$EmptyActivity@7427a33 in: DESTROYED
07-28 17:18:50.479  1127  1127 I SurfaceFlinger: [506f8c4 com.example.dogglers/androidx.test.core.app.InstrumentationActivityInvoker$EmptyActivity#175862] FrameRatePriority: -1
07-28 17:18:50.479  8684  8684 V ActivityScenario: Activity lifecycle changed event received but ignored because the intent does not match. startActivityIntent=Intent { act=android.intent.action.MAIN cat=[android.intent.category.LAUNCHER] cmp=com.example.dogglers/.VerticalListActivity }, activity.getIntent()=Intent { act=android.intent.action.MAIN cat=[android.intent.category.LAUNCHER] flg=0x10000000 cmp=com.example.dogglers/androidx.test.core.app.InstrumentationActivityInvoker$EmptyActivity }, activity=androidx.test.core.app.InstrumentationActivityInvoker$EmptyActivity@7427a33
07-28 17:18:50.480  5607  5607 I HBD     : a needOff = true , isForceOff = false, isNullInputClass : true
07-28 17:18:50.480  5607  5607 I HBD     : a update cached prediction status : false
07-28 17:18:50.480  5607  5607 I HBD     : h getDefaultInputRange : UNKNOWN
07-28 17:18:50.480  8684  8684 I MSHandlerLifeCycle: removeMultiSplitHandler: no exist. decor=DecorView@5a901ee[InstrumentationActivityInvoker$EmptyActivity]
07-28 17:18:50.480  5607  5607 I HBD     : a currentState : 0
07-28 17:18:50.480  8684  8768 D OpenGLRenderer: setSurface called with nullptr
07-28 17:18:50.481  8684  8684 I ViewRootImpl@5f30d1c[InstrumentationActivityInvoker$EmptyActivity]: dispatchDetachedFromWindow
07-28 17:18:50.481  5607  5607 I HBD     : a [UpdatePolicy] [post] a: 0 cl: 3342336 kit: [0/0] vt: 0 ir: 1
07-28 17:18:50.481  5607  5607 I HBD     : a [NRIC] resetNoResponseState
07-28 17:18:50.481  5607  5607 I HBD     : a needOff = true , isForceOff = false, isNullInputClass : true
07-28 17:18:50.481  5607  5607 I HBD     : a update cached prediction status : false
07-28 17:18:50.482  1624  2462 D InputTransport: Input channel destroyed: '7ec7f1b', fd=1331
07-28 17:18:50.482  1624  2462 W InputManager-JNI: Input channel object '7ec7f1b com.example.dogglers/androidx.test.core.app.InstrumentationActivityInvoker$EmptyActivity (client)' was disposed without first being removed with the input manager!
07-28 17:18:50.482  1624  2462 D InputTransport: Input channel destroyed: '7ec7f1b', fd=1332
07-28 17:18:50.483  5607  5607 I HBD     : HoneyBoardService [PF_OP][onStartInput]  5 ms
07-28 17:18:50.485  8684  8684 D InputTransport: Input channel destroyed: '7ec7f1b', fd=135
07-28 17:18:50.486  1127  2095 I SurfaceFlinger: id=175858 Removed e80f70f ActivityRecordInputSink com.example.dogglers/androidx.test.core.app.InstrumentationActivityInvoker$EmptyActivity#175858 (110)
07-28 17:18:50.488  8684  8684 D LifecycleMonitor: Lifecycle status change: androidx.test.core.app.InstrumentationActivityInvoker$EmptyActivity@b4478d9 in: PAUSED
07-28 17:18:50.489  8684  8684 V ActivityScenario: Activity lifecycle changed event received but ignored because the intent does not match. startActivityIntent=Intent { act=android.intent.action.MAIN cat=[android.intent.category.LAUNCHER] cmp=com.example.dogglers/.VerticalListActivity }, activity.getIntent()=Intent { act=android.intent.action.MAIN cat=[android.intent.category.LAUNCHER] flg=0x10000000 cmp=com.example.dogglers/androidx.test.core.app.InstrumentationActivityInvoker$EmptyActivity }, activity=androidx.test.core.app.InstrumentationActivityInvoker$EmptyActivity@b4478d9
07-28 17:18:50.490  1624  2462 I SemDvfsHyPerManager: acquire hyper - AMS_APP_HOME/1624@31, type = -999
07-28 17:18:50.490  1090  1150 I HYPER-HAL: [RequestManager.cpp]acquire(): Acquired ID : 1370371  [1624 / 31]    HINT : AMS_APP_HOME    list :
07-28 17:18:50.491  1090  1150 I mtkpower_client: perf_lock_rel, hdl:80000, tid:1150
07-28 17:18:50.491  1090  1150 I mtkpower_client: perf_lock_acq, hdl:0, dur:0, num:2, tid:1150
07-28 17:18:50.491  1093  1167 I libPowerHal: [perfLockRel] hdl:80000, idx:0
07-28 17:18:50.491  5208  5208 I SemDvfsHyPerManager: acquire hyper - APP_START_HOME/5208@13, type = -999
07-28 17:18:50.492  1093  1167 I libPowerHal: [PD] vendor.samsung. update cmd:1c3c000, param:1
07-28 17:18:50.492  1093  1167 I libPowerHal: [PD] (less) /proc/mcdi/state set +prefix:enable 1;
07-28 17:18:50.492  3393  3393 I ViewRootImpl@c6ee0f[LauncherActivity]: handleAppVisibility mAppVisible = false visible = true
07-28 17:18:50.493  1090  1150 I mtkpower_client: ret_hdl:80002
07-28 17:18:50.493  1093  1167 I libPowerHal: [perfLockAcq] idx:0 hdl:80002 hint:-1 pid:1090 duration:0 lock_user:vendor.samsung. => ret_hdl:80002
07-28 17:18:50.493  1090  1150 I mtkpower_client: perf_lock_rel, hdl:79999, tid:1150
07-28 17:18:50.493  1093  1167 I libPowerHal: [PE] (less) /proc/mcdi/state set +prefix:enable 0;
07-28 17:18:50.494  1093  1167 I libPowerHal: [perfLockRel] hdl:79999, idx:2
07-28 17:18:50.494  1090  1150 I mtkpower_client: perf_lock_acq, hdl:0, dur:0, num:2, tid:1150
07-28 17:18:50.494  1093  1167 I libPowerHal: vendor.samsung.: cpu_ctrl set cpu freq: -1 -1 -1 -1
07-28 17:18:50.495  1090  1150 I mtkpower_client: ret_hdl:80003
07-28 17:18:50.495  1093  1167 I libPowerHal: [perfLockAcq] idx:2 hdl:80003 hint:-1 pid:1090 duration:0 lock_user:vendor.samsung. => ret_hdl:80003
07-28 17:18:50.495  1093  1167 I libPowerHal: vendor.samsung.: cpu_ctrl set cpu freq: 1800000 -1 -1 -1
07-28 17:18:50.495  1090  1150 I HYPER-HAL: [RequestManager.cpp]acquire(): Acquired ID : 13632044  [5208 / 13]    HINT : APP_START    list : [KERNEL_APP_START_NOTIFY / 0] [TIMEOUT / 1500]
07-28 17:18:50.496  1127  1127 I Layer   : id=175861 removeFromCurrentState Surface(name=d8adfc2 InputMethod)/@0xc2b360e - animation-leash of insets_animation#175861 (110)
07-28 17:18:50.496  1127  1127 D SurfaceFlinger: [input] inputWindowCommands.focusRequests size is 1
07-28 17:18:50.496  1127  1127 I Layer   : id=175854 removeFromCurrentState 7ec7f1b com.example.dogglers/androidx.test.core.app.InstrumentationActivityInvoker$EmptyActivity#175854 (110)
07-28 17:18:50.496  1127  1127 I SurfaceFlinger: id=175854 Removed 7ec7f1b com.example.dogglers/androidx.test.core.app.InstrumentationActivityInvoker$EmptyActivity#175854 (110)
07-28 17:18:50.496  1127  1127 I SurfaceFlinger: id=175861 Removed Surface(name=d8adfc2 InputMethod)/@0xc2b360e - animation-leash of insets_animation#175861 (110)
07-28 17:18:50.496  1127  1127 I Layer   : id=175854 Destroyed 7ec7f1b com.example.dogglers/androidx.test.core.app.InstrumentationActivityInvoker$EmptyActivity#175854
07-28 17:18:50.496  1127  1127 I Layer   : id=175861 Destroyed Surface(name=d8adfc2 InputMethod)/@0xc2b360e - animation-leash of insets_animation#175861
07-28 17:18:50.496  3393  3393 I ViewRootImpl@c6ee0f[LauncherActivity]: stopped(false) old = true
07-28 17:18:50.496  3393  3393 I ViewRootImpl@c6ee0f[LauncherActivity]: WindowStopped on com.sec.android.app.launcher/com.sec.android.app.launcher.activities.LauncherActivity set to false
07-28 17:18:50.498  1127  1386 D SurfaceFlinger: [input] setFocusedWindow: <null>
07-28 17:18:50.498  3393  3393 I Launcher: !@Boot_DEBUG: Launcher.onStart()
07-28 17:18:50.498  3393  3393 I Launcher: !@Boot_EBS_D: Launcher.onStart()
07-28 17:18:50.498  3393  3393 I BaseActivity: addActivityFlags, flags : 1
07-28 17:18:50.498  1624  5256 D InputDispatcher: Focus request (0): <null> but waiting because NOT_FOCUSABLE
07-28 17:18:50.498  1624  5256 D InputDispatcher: Focus left window (0): 506f8c4 com.example.dogglers/androidx.test.core.app.InstrumentationActivityInvoker$EmptyActivity
07-28 17:18:50.498  3393  3393 W LauncherAppWidgetHost: setShouldListenFlag, mFlags:2 flag:start on:true isFront:false
07-28 17:18:50.498  3393  3393 W Launcher: onStart isListening : false isLoading false
07-28 17:18:50.500  3393  3393 I MSHandlerLifeCycle: removeMultiSplitHandler: no exist. decor=DecorView@4f24386[LauncherActivity]
07-28 17:18:50.500  3393  3393 I ViewRootImpl@c6ee0f[LauncherActivity]: stopped(false) old = false
07-28 17:18:50.500  3393  3393 I Launcher: !@Boot_DEBUG: Launcher.onResume()
07-28 17:18:50.500  3393  3393 I Launcher: !@Boot_EBS_D: Launcher.onResume()
07-28 17:18:50.500  3393  3393 I BaseActivity: addActivityFlags, flags : 18
07-28 17:18:50.501  3393  3393 I BaseActivity: removeActivityFlags, flags : 32
07-28 17:18:50.501  3393  3393 I AppsSearchBar: restoreCurrentCellLayoutAlpha: null
07-28 17:18:50.501  1624  1668 I SemPersonaManager: SecureFolder personaId = 150
07-28 17:18:50.501  3393  3393 W SearchLauncherServiceMover: isMoving : false
07-28 17:18:50.501  3393  3756 I IMM_LC  : hsifw() - flag : 0
07-28 17:18:50.501  3393  3756 I IMM_LC  : hsifw() - mService.hideSoftInput
07-28 17:18:50.501  3393 23171 I Launcher: DisplayMetrics from Resources : DisplayMetrics{density=2.8125, width=1080, height=2185, scaledDensity=3.6562498, xdpi=409.432, ydpi=411.891}
07-28 17:18:50.501  3393  3393 I Launcher: setWallpaperOffsets
07-28 17:18:50.501  3393 23171 I Launcher: realMetrics from Wm : DisplayMetrics{density=2.8125, width=1080, height=2400, scaledDensity=2.8125, xdpi=409.432, ydpi=411.891}
07-28 17:18:50.501  3393 23171 I Launcher: Launcher DeviceProfile onResume availSize: 1080x2263 windowSize: 1080x2400 isLandscape: false
07-28 17:18:50.502  8684  8684 I ViewRootImpl@2716aaa[InstrumentationActivityInvoker$EmptyActivity]: MSG_WINDOW_FOCUS_CHANGED 0 0
07-28 17:18:50.502  1624  1688 W libprocessgroup: Failed to open /dev/blkio//cgroup.procs: No such file or directory
07-28 17:18:50.503  1624  1688 W libprocessgroup: Failed to open /dev/blkio//cgroup.procs: No such file or directory
07-28 17:18:50.504  1624  1688 W libprocessgroup: Failed to open /dev/blkio//cgroup.procs: No such file or directory
07-28 17:18:50.504  4741  4741 I A       : onStart
07-28 17:18:50.504  8684  8761 I TestRunner: finished: recycler_view_item_count(com.example.dogglers.VerticalListTests)
