07-28 17:18:51.214  8684  8684 V ActivityScenario: Activity lifecycle changed event received but ignored because the intent does not match. startActivityIntent=Intent { act=android.intent.action.MAIN cat=[android.intent.category.LAUNCHER] cmp=com.example.dogglers/.VerticalListActivity }, activity.getIntent()=Intent { act=android.intent.action.MAIN cat=[android.intent.category.LAUNCHER] flg=0x10000000 cmp=com.example.dogglers/androidx.test.core.app.InstrumentationActivityInvoker$EmptyActivity }, activity=androidx.test.core.app.InstrumentationActivityInvoker$EmptyActivity@e1bbcbf
07-28 17:18:51.217  8684  8684 D LifecycleMonitor: Lifecycle status change: androidx.test.core.app.InstrumentationActivityInvoker$EmptyActivity@e1bbcbf in: RESUMED
07-28 17:18:51.217  4741  4741 I A       : onStop
07-28 17:18:51.217  8684  8684 V ActivityScenario: Activity lifecycle changed event received but ignored because the intent does not match. startActivityIntent=Intent { act=android.intent.action.MAIN cat=[android.intent.category.LAUNCHER] cmp=com.example.dogglers/.VerticalListActivity }, activity.getIntent()=Intent { act=android.intent.action.MAIN cat=[android.intent.category.LAUNCHER] flg=0x10000000 cmp=com.example.dogglers/androidx.test.core.app.InstrumentationActivityInvoker$EmptyActivity }, activity=androidx.test.core.app.InstrumentationActivityInvoker$EmptyActivity@e1bbcbf
07-28 17:18:51.218  8684  8684 I MSHandlerLifeCycle: check: return. pkg=com.example.dogglers parent=null callers=com.android.internal.policy.DecorView.setVisibility:4411 android.app.ActivityThread.handleResumeActivity:5476 android.app.servertransaction.ResumeActivityItem.execute:54 android.app.servertransaction.ActivityTransactionItem.execute:45 android.app.servertransaction.TransactionExecutor.executeLifecycleState:176
07-28 17:18:51.218  8684  8684 I MSHandlerLifeCycle: removeMultiSplitHandler: no exist. decor=DecorView@87fdeea[]
07-28 17:18:51.218  1127  3782 D SurfaceFlinger: [SF client] NEW(0xb40000762185d9c0) for (8684:com.example.dogglers)
07-28 17:18:51.223  8684  8768 D NativeCustomFrequencyManager: [NativeCFMS] BpCustomFrequencyManager::BpCustomFrequencyManager()
07-28 17:18:51.227  1624  5216 D InputTransport: Input channel constructed: '280ed10', fd=1345
07-28 17:18:51.227  1624  5216 D InputTransport: Input channel constructed: '280ed10', fd=1346
07-28 17:18:51.227  1624  5216 D InputTransport: Input channel constructed: '280ed10', fd=1347
07-28 17:18:51.227  1127  3782 I SurfaceFlinger: id=175893 createSurf flag=80004, 280ed10 com.example.dogglers/androidx.test.core.app.InstrumentationActivityInvoker$EmptyActivity#175893
07-28 17:18:51.229  1624  5216 D InputTransport: Input channel destroyed: '280ed10', fd=1347
07-28 17:18:51.231  8684  8684 D InsetsController: onStateChanged: InsetsState: {mDisplayFrame=Rect(0, 0 - 1080, 2400), mDisplayCutout=DisplayCutout{insets=Rect(0, 80 - 0, 0) waterfall=Insets{left=0, top=0, right=0, bottom=0} boundingRect={Bounds=[Rect(0, 0 - 0, 0), Rect(468, 0 - 612, 80), Rect(0, 0 - 0, 0), Rect(0, 0 - 0, 0)]} cutoutPathParserInfo={CutoutPathParserInfo{displayWidth=1080 displayHeight=2400 physicalDisplayWidth=1080 physicalDisplayHeight=2400 density={2.625} cutoutSpec={M 0,0 H -27.42857142857143 V 30.47619047619048 H 27.42857142857143 V 0 H 0 Z @dp} rotation={0} scale={1.0} physicalPixelDisplaySizeRatio={1.0}}}}, mRoundedCorners=RoundedCorners{[RoundedCorner{position=TopLeft, radius=90, center=Point(90, 90)}, RoundedCorner{position=TopRight, radius=90, center=Point(990, 90)}, RoundedCorner{position=BottomRight, radius=90, center=Point(990, 2310)}, RoundedCorner{position=BottomLeft, radius=90, center=Point(90, 2310)}]}  mRoundedCornerFrame=Rect(0, 0 - 1080, 2400), mPrivacyIndicatorBounds=PrivacyIndicatorBounds {static bounds=Rect(956, 0 - 1080, 80) rotation=0}, mSources= { InsetsSource: {mType=ITYPE_STATUS_BAR, mFrame=[0,0][1080,80], mVisible=true, mInsetsRoundedCornerFrame=false}, InsetsSource: {mType=ITYPE_NAVIGATION_BAR, mFrame=[0,2265][1080,2400], mVisible=true, mInsetsRoundedCornerFrame=false}, InsetsSource: {mType=ITYPE_LEFT_GESTURES, mFrame=[0,0][0,2400], mVisible=true, mInsetsRoundedCornerFrame=false}, InsetsSource: {mType=ITYPE_RIGHT_GESTURES, mFrame=[1080,0][1080,2400], mVisible=true, mInsetsRoundedCornerFrame=false}, InsetsSource: {mType=ITYPE_TOP_MANDATORY_GESTURES, mFrame=[0,0][1080,114], mVisible=true, mInsetsRoundedCornerFrame=false}, InsetsSource: {mType=ITYPE_BOTTOM_MANDATORY_GESTURES, mFrame=[0,2265][1080,2400], mVisible=true, mInsetsRoundedCornerFrame=false}, InsetsSource: {mType=ITYPE_LEFT_DISPLAY_CUTOUT, mFrame=[0,0][-100000,2400], mVisible=true, mInsetsRoundedCornerFrame=false}, InsetsSource: {mType=ITYPE_TOP_DISPLAY_CUTOUT, mFrame=[0,0][1080,80], mVisible=true, mInsetsRoundedCornerFrame=false}, InsetsSource: {mType=ITYPE_RIGHT_DISPLAY_CUTOUT, mFrame=[100000,0][1080,2400], mVisible=true, mInsetsRoundedCornerFrame=false}, InsetsSource: {mType=ITYPE_BOTTOM_DISPLAY_CUTOUT, mFrame=[0,100000][1080,2400], mVisible=true, mInsetsRoundedCornerFrame=false}, InsetsSource: {mType=ITYPE_TOP_TAPPABLE_ELEMENT, mFrame=[0,0][1080,80], mVisible=true, mInsetsRoundedCornerFrame=false}, InsetsSource: {mType=ITYPE_BOTTOM_TAPPABLE_ELEMENT, mFrame=[0,2265][1080,2400], mVisible=true, mInsetsRoundedCornerFrame=false} } host=com.example.dogglers/androidx.test.core.app.InstrumentationActivityInvoker$EmptyActivity from=android.view.ViewRootImpl.setView:1732
07-28 17:18:51.235  8684  8684 I ViewRootImpl@7b4878[InstrumentationActivityInvoker$EmptyActivity]: setView = com.android.internal.policy.DecorView@87fdeea TM=true
07-28 17:18:51.236  8684  8684 I MSHandlerLifeCycle: removeMultiSplitHandler: no exist. decor=DecorView@87fdeea[InstrumentationActivityInvoker$EmptyActivity]
07-28 17:18:51.237  1624  1745 D AnalyticsContainerHandler: handleMessage : { when=0 what=1 target=com.android.server.knox.KnoxAnalyticsContainer$AnalyticsHandler }
07-28 17:18:51.248  2897  2984 D MobileStatusTracker(1/1): onSignalStrengthsChanged level=4, vendorLevel=4
07-28 17:18:51.249  8684  8684 I ViewRootImpl@7b4878[InstrumentationActivityInvoker$EmptyActivity]: performTraversals params={(0,0)(fillxfill) sim={adjust=pan forwardNavigation} ty=BASE_APPLICATION wanim=0x1030001
07-28 17:18:51.249  8684  8684 I ViewRootImpl@7b4878[InstrumentationActivityInvoker$EmptyActivity]:   fl=1810100
07-28 17:18:51.249  8684  8684 I ViewRootImpl@7b4878[InstrumentationActivityInvoker$EmptyActivity]:   pfl=12020040
07-28 17:18:51.249  8684  8684 I ViewRootImpl@7b4878[InstrumentationActivityInvoker$EmptyActivity]:   bhv=DEFAULT
07-28 17:18:51.249  8684  8684 I ViewRootImpl@7b4878[InstrumentationActivityInvoker$EmptyActivity]:   fitSides= naviIconColor=0
07-28 17:18:51.249  8684  8684 I ViewRootImpl@7b4878[InstrumentationActivityInvoker$EmptyActivity]:   sfl=100000}
07-28 17:18:51.251  2897  2984 D MobileSignalController(1/1): notifyListener: enabled=true, connected=true, dataConnected=false, networkType=LTE (4G), emergencyOnly=false, roaming=true, isDefault=false, dataActivity=, level=4, ca=false, mmWave=false, disabledDataIcon=false, simCard=ETC
07-28 17:18:51.251  2897  2984 D NetworkController: SignalStrength from intent slotId=1
07-28 17:18:51.253  8684  8684 I ViewRootImpl@7b4878[InstrumentationActivityInvoker$EmptyActivity]: performTraversals mFirst=true windowShouldResize=true viewVisibilityChanged=false mForceNextWindowRelayout=false params={(0,0)(fillxfill) sim={adjust=pan forwardNavigation} ty=BASE_APPLICATION wanim=0x1030001
07-28 17:18:51.253  8684  8684 I ViewRootImpl@7b4878[InstrumentationActivityInvoker$EmptyActivity]:   fl=1810100
07-28 17:18:51.253  8684  8684 I ViewRootImpl@7b4878[InstrumentationActivityInvoker$EmptyActivity]:   pfl=12020040
07-28 17:18:51.253  8684  8684 I ViewRootImpl@7b4878[InstrumentationActivityInvoker$EmptyActivity]:   bhv=DEFAULT
07-28 17:18:51.253  8684  8684 I ViewRootImpl@7b4878[InstrumentationActivityInvoker$EmptyActivity]:   fitSides= naviIconColor=0
07-28 17:18:51.253  8684  8684 I ViewRootImpl@7b4878[InstrumentationActivityInvoker$EmptyActivity]:   sfl=100000}
07-28 17:18:51.254  1624  5715 V WindowManager: Relayout Window{280ed10 u0 com.example.dogglers/androidx.test.core.app.InstrumentationActivityInvoker$EmptyActivity}: viewVisibility=0 req=1080x2400 d0
07-28 17:18:51.255  1127  3782 I BufferQueueDebug: [com.example.dogglers/androidx.test.core.app.InstrumentationActivityInvoker$EmptyActivity$_8684#175894](this:0xb4000075f54ef838,id:-1,api:0,p:-1,c:-1) BufferQueue core=(1127:/system/bin/surfaceflinger)
07-28 17:18:51.255  1127  3782 I SurfaceFlinger: id=175894 createSurf flag=40004, com.example.dogglers/androidx.test.core.app.InstrumentationActivityInvoker$EmptyActivity$_8684#175894
07-28 17:18:51.261  1127  3782 I SurfaceFlinger: id=175895 createSurf flag=24000, Surface(name=7ae696d StatusBar)/@0x546cfe9 - animation-leash of insets_animation#175895
07-28 17:18:51.263  1127  3782 I SurfaceFlinger: id=175896 createSurf flag=24000, Surface(name=57253a2 NavigationBar0)/@0x6398367 - animation-leash of insets_animation#175896
07-28 17:18:51.267  1624  5715 V WindowManager: Relayout hash=280ed10, pid=8684, syncId=-1: mAttrs={(0,0)(fillxfill) sim={adjust=pan forwardNavigation} ty=BASE_APPLICATION wanim=0x1030001
07-28 17:18:51.267  1624  5715 V WindowManager:   fl=1810100
07-28 17:18:51.267  1624  5715 V WindowManager:   pfl=12020040
07-28 17:18:51.267  1624  5715 V WindowManager:   apr=LIGHT_NAVIGATION_BARS
07-28 17:18:51.267  1624  5715 V WindowManager:   bhv=DEFAULT
07-28 17:18:51.267  1624  5715 V WindowManager:   fitSides= naviIconColor=0
07-28 17:18:51.267  1624  5715 V WindowManager:   sfl=100000}
07-28 17:18:51.271  8684  8684 D InsetsController: onStateChanged: InsetsState: {mDisplayFrame=Rect(0, 0 - 1080, 2400), mDisplayCutout=DisplayCutout{insets=Rect(0, 80 - 0, 0) waterfall=Insets{left=0, top=0, right=0, bottom=0} boundingRect={Bounds=[Rect(0, 0 - 0, 0), Rect(468, 0 - 612, 80), Rect(0, 0 - 0, 0), Rect(0, 0 - 0, 0)]} cutoutPathParserInfo={CutoutPathParserInfo{displayWidth=1080 displayHeight=2400 physicalDisplayWidth=1080 physicalDisplayHeight=2400 density={2.625} cutoutSpec={M 0,0 H -27.42857142857143 V 30.47619047619048 H 27.42857142857143 V 0 H 0 Z @dp} rotation={0} scale={1.0} physicalPixelDisplaySizeRatio={1.0}}}}, mRoundedCorners=RoundedCorners{[RoundedCorner{position=TopLeft, radius=90, center=Point(90, 90)}, RoundedCorner{position=TopRight, radius=90, center=Point(990, 90)}, RoundedCorner{position=BottomRight, radius=90, center=Point(990, 2310)}, RoundedCorner{position=BottomLeft, radius=90, center=Point(90, 2310)}]}  mRoundedCornerFrame=Rect(0, 0 - 1080, 2400), mPrivacyIndicatorBounds=PrivacyIndicatorBounds {static bounds=Rect(956, 0 - 1080, 80) rotation=0}, mSources= { InsetsSource: {mType=ITYPE_STATUS_BAR, mFrame=[0,0][1080,80], mVisible=true, mInsetsRoundedCornerFrame=false}, InsetsSource: {mType=ITYPE_NAVIGATION_BAR, mFrame=[0,2265][1080,2400], mVisible=true, mInsetsRoundedCornerFrame=false}, InsetsSource: {mType=ITYPE_LEFT_GESTURES, mFrame=[0,0][0,2400], mVisible=true, mInsetsRoundedCornerFrame=false}, InsetsSource: {mType=ITYPE_RIGHT_GESTURES, mFrame=[1080,0][1080,2400], mVisible=true, mInsetsRoundedCornerFrame=false}, InsetsSource: {mType=ITYPE_TOP_MANDATORY_GESTURES, mFrame=[0,0][1080,114], mVisible=true, mInsetsRoundedCornerFrame=false}, InsetsSource: {mType=ITYPE_BOTTOM_MANDATORY_GESTURES, mFrame=[0,2265][1080,2400], mVisible=true, mInsetsRoundedCornerFrame=false}, InsetsSource: {mType=ITYPE_LEFT_DISPLAY_CUTOUT, mFrame=[0,0][-100000,2400], mVisible=true, mInsetsRoundedCornerFrame=false}, InsetsSource: {mType=ITYPE_TOP_DISPLAY_CUTOUT, mFrame=[0,0][1080,80], mVisible=true, mInsetsRoundedCornerFrame=false}, InsetsSource: {mType=ITYPE_RIGHT_DISPLAY_CUTOUT, mFrame=[100000,0][1080,2400], mVisible=true, mInsetsRoundedCornerFrame=false}, InsetsSource: {mType=ITYPE_BOTTOM_DISPLAY_CUTOUT, mFrame=[0,100000][1080,2400], mVisible=true, mInsetsRoundedCornerFrame=false}, InsetsSource: {mType=ITYPE_TOP_TAPPABLE_ELEMENT, mFrame=[0,0][1080,80], mVisible=true, mInsetsRoundedCornerFrame=false}, InsetsSource: {mType=ITYPE_BOTTOM_TAPPABLE_ELEMENT, mFrame=[0,2265][1080,2400], mVisible=true, mInsetsRoundedCornerFrame=false}, InsetsSource: {mType=ITYPE_IME, mFrame=[0,0][0,0], mVisibleFrame=[0,1243][1080,2400], mVisible=false, mInsetsRoundedCornerFrame=false} } host=com.example.dogglers/androidx.test.core.app.InstrumentationActivityInvoker$EmptyActivity from=android.view.ViewRootImpl.relayoutWindow:9802
07-28 17:18:51.274  8684  8684 I ViewRootImpl@7b4878[InstrumentationActivityInvoker$EmptyActivity]: updateBlastSurfaceIfNeeded mBlastBufferQueue=null isSameSurfaceControl=false
07-28 17:18:51.274  8684  8684 D BufferQueueConsumer: [](id:21ec00000004,api:0,p:-1,c:8684) connect: controlledByApp=false
07-28 17:18:51.275  8684  8684 I BLASTBufferQueue: new BLASTBufferQueue, mName= ViewRootImpl@7b4878[InstrumentationActivityInvoker$EmptyActivity] mNativeObject= 0xb400007316150480 sc.mNativeObject= 0xb400007297b34b00 caller= android.view.ViewRootImpl.updateBlastSurfaceIfNeeded:2909 android.view.ViewRootImpl.relayoutWindow:9847 android.view.ViewRootImpl.performTraversals:3884 android.view.ViewRootImpl.doTraversal:3116 android.view.ViewRootImpl$TraversalRunnable.run:10885 android.view.Choreographer$CallbackRecord.run:1301 android.view.Choreographer$CallbackRecord.run:1309 android.view.Choreographer.doCallbacks:923 android.view.Choreographer.doFrame:852 android.view.Choreographer$FrameDisplayEventReceiver.run:1283
07-28 17:18:51.275  8684  8684 I BLASTBufferQueue: update, w= 1080 h= 2400 mName = ViewRootImpl@7b4878[InstrumentationActivityInvoker$EmptyActivity] mNativeObject= 0xb400007316150480 sc.mNativeObject= 0xb400007297b34b00 format= -1 caller= android.graphics.BLASTBufferQueue.<init>:84 android.view.ViewRootImpl.updateBlastSurfaceIfNeeded:2909 android.view.ViewRootImpl.relayoutWindow:9847 android.view.ViewRootImpl.performTraversals:3884 android.view.ViewRootImpl.doTraversal:3116 android.view.ViewRootImpl$TraversalRunnable.run:10885
07-28 17:18:51.277  8684  8684 I ViewRootImpl@7b4878[InstrumentationActivityInvoker$EmptyActivity]: Relayout returned: old=(0,0,1080,2400) new=(0,0,1080,2400) req=(1080,2400)0 dur=21 res=0x3 s={true 0xb40000728f75a800} ch=true seqId=0
07-28 17:18:51.278  1127  1127 I Layer   : id=175888 removeFromCurrentState Surface(name=7ae696d StatusBar)/@0x546cfe9 - animation-leash of insets_animation#175888 (118)
07-28 17:18:51.278  1127  1127 I Layer   : id=175889 removeFromCurrentState Surface(name=57253a2 NavigationBar0)/@0x6398367 - animation-leash of insets_animation#175889 (118)
07-28 17:18:51.278  1127  1127 I SurfaceFlinger: [280ed10 com.example.dogglers/androidx.test.core.app.InstrumentationActivityInvoker$EmptyActivity#175893] FrameRatePriority: 1
07-28 17:18:51.278  1127  1127 D SurfaceFlinger: [input] inputWindowCommands.focusRequests size is 1
07-28 17:18:51.279  8684  8684 I ViewRootImpl@7b4878[InstrumentationActivityInvoker$EmptyActivity]: mThreadedRenderer.initialize() mSurface={isValid=true 0xb40000728f75a800} hwInitialized=true
07-28 17:18:51.279  8684  8768 D OpenGLRenderer: eglCreateWindowSurface
07-28 17:18:51.280  1127  1386 D SurfaceFlinger: [input] setFocusedWindow: 280ed10 com.example.dogglers/androidx.test.core.app.InstrumentationActivityInvoker$EmptyActivity
07-28 17:18:51.280  1624  5212 D InputDispatcher: Focus request (0): 280ed10 com.example.dogglers/androidx.test.core.app.InstrumentationActivityInvoker$EmptyActivity but waiting because NO_WINDOW
07-28 17:18:51.281  8684  8684 I ViewRootImpl@7b4878[InstrumentationActivityInvoker$EmptyActivity]: reportNextDraw android.view.ViewRootImpl.performTraversals:4438 android.view.ViewRootImpl.doTraversal:3116 android.view.ViewRootImpl$TraversalRunnable.run:10885 android.view.Choreographer$CallbackRecord.run:1301 android.view.Choreographer$CallbackRecord.run:1309
07-28 17:18:51.281  8684  8684 I ViewRootImpl@7b4878[InstrumentationActivityInvoker$EmptyActivity]: Setup new sync id=0
07-28 17:18:51.281  8684  8684 I ViewRootImpl@7b4878[InstrumentationActivityInvoker$EmptyActivity]: Setting syncFrameCallback
07-28 17:18:51.281  8684  8684 I ViewRootImpl@7b4878[InstrumentationActivityInvoker$EmptyActivity]: registerCallbacksForSync syncBuffer=false
07-28 17:18:51.284  8684  8829 I ViewRootImpl@7b4878[InstrumentationActivityInvoker$EmptyActivity]: Received frameDrawingCallback syncResult=0 frameNum=1.
07-28 17:18:51.284  8684  8829 I ViewRootImpl@7b4878[InstrumentationActivityInvoker$EmptyActivity]: Setting up sync and frameCommitCallback
07-28 17:18:51.286  3393 16210 I RecentModel: onTaskStackChangedBackground
07-28 17:18:51.290  1090  8854 I mtkpower_client: perf_lock_rel, hdl:80015, tid:8854
07-28 17:18:51.290  8684  8768 I BLASTBufferQueue: [ViewRootImpl@7b4878[InstrumentationActivityInvoker$EmptyActivity]#4](f:0,a:0) onFrameAvailable the first frame is available
07-28 17:18:51.290  1090  8854 I mtkpower_client: perf_lock_acq, hdl:0, dur:0, num:2, tid:8854
07-28 17:18:51.291  8684  8768 D BLASTBufferQueue: [ViewRootImpl@7b4878[InstrumentationActivityInvoker$EmptyActivity]#4](f:0,a:1) acquireNextBufferLocked size=1080x2400 mFrameNumber=1 applyTransaction=true mTimestamp=1006960844836711(auto) mPendingTransactions.size=0 graphicBufferId=37297495998476 transform=0
07-28 17:18:51.291  1093  1167 I libPowerHal: [perfLockRel] hdl:80015, idx:2
07-28 17:18:51.291  1093  1167 I libPowerHal: [PD] vendor.samsung. update cmd:1c3c000, param:1
07-28 17:18:51.291  8684  8768 I ViewRootImpl@7b4878[InstrumentationActivityInvoker$EmptyActivity]: Received frameCommittedCallback lastAttemptedDrawFrameNum=1 didProduceBuffer=true
07-28 17:18:51.291  1093  1167 I libPowerHal: [PD] (less) /proc/mcdi/state set +prefix:enable 1;
07-28 17:18:51.292  1090  8854 I mtkpower_client: ret_hdl:80017
07-28 17:18:51.292  1090  8854 I mtkpower_client: perf_lock_rel, hdl:80016, tid:8854
07-28 17:18:51.292  1093  1167 I libPowerHal: [perfLockAcq] idx:2 hdl:80017 hint:-1 pid:1090 duration:0 lock_user:vendor.samsung. => ret_hdl:80017
07-28 17:18:51.292  8684  8768 D OpenGLRenderer: CFMS:: SetUp Pid : 8684    Tid : 8768
07-28 17:18:51.293  1093  1167 I libPowerHal: [PE] (less) /proc/mcdi/state set +prefix:enable 0;
07-28 17:18:51.293  8684  8768 W Parcel  : Expecting binder but got null!
07-28 17:18:51.293  1090  8854 I mtkpower_client: perf_lock_acq, hdl:0, dur:0, num:2, tid:8854
07-28 17:18:51.293  8684  8684 I ViewRootImpl@7b4878[InstrumentationActivityInvoker$EmptyActivity]: onSyncComplete
07-28 17:18:51.293  1093  1167 I libPowerHal: [perfLockRel] hdl:80016, idx:0
07-28 17:18:51.293  1093  1167 I libPowerHal: [PD] vendor.samsung. update cmd:1000000, param:-1
07-28 17:18:51.294  8684  8684 I ViewRootImpl@7b4878[InstrumentationActivityInvoker$EmptyActivity]: setupSync seqId=0 mSyncId=0 fn=1 caller=android.view.ViewRootImpl$$ExternalSyntheticLambda11.accept:6 android.window.SurfaceSyncer.lambda$setupSync$1$android-window-SurfaceSyncer:128 android.window.SurfaceSyncer$$ExternalSyntheticLambda1.accept:8 android.window.SurfaceSyncer$SyncSet.checkIfSyncIsComplete:382 android.window.SurfaceSyncer$SyncSet.markSyncReady:359 android.window.SurfaceSyncer.markSyncReady:151 android.view.ViewRootImpl.performTraversals:4503
07-28 17:18:51.294  8684  8684 I ViewRootImpl@7b4878[InstrumentationActivityInvoker$EmptyActivity]: reportDrawFinished seqId=0 mSyncId=-1 fn=1 mSurfaceChangedTransaction=0xb400007297ad7300
07-28 17:18:51.294  1093  1167 I libPowerHal: [PD] vendor.samsung. update cmd:1000000 param:-1
07-28 17:18:51.294  8684  8684 I ViewRootImpl@2c185ba[VerticalListActivity]: MSG_WINDOW_FOCUS_CHANGED 0 0
07-28 17:18:51.295  1127  1127 D BufferStateLayer: com.example.dogglers/androidx.test.core.app.InstrumentationActivityInvoker$EmptyActivity$_8684#175894 setBuffer frameId=1, bufferId=37297495998476 fenceId=574, w= 1080, h=2400
07-28 17:18:51.296  1090  8854 I mtkpower_client: ret_hdl:80018
07-28 17:18:51.297  1090  8854 I HYPER-HAL: [RequestManager.cpp]releaseLocked(): Released ID : 1353856
07-28 17:18:51.298  1093  1167 I libPowerHal: [perfLockAcq] idx:0 hdl:80018 hint:-1 pid:1090 duration:0 lock_user:vendor.samsung. => ret_hdl:80018
07-28 17:18:51.299  1093  1167 I libPowerHal: [PE] vendor.samsung. update cmd:1000000, param:0
07-28 17:18:51.299  1093  1167 I libPowerHal: [PE] vendor.samsung. update cmd:1000000 param:0
07-28 17:18:51.299  1090  8844 I mtkpower_client: perf_lock_rel, hdl:80017, tid:8844
07-28 17:18:51.300  1090  8844 I mtkpower_client: perf_lock_acq, hdl:0, dur:0, num:2, tid:8844
07-28 17:18:51.300  1093  1167 I libPowerHal: [perfLockRel] hdl:80017, idx:2
07-28 17:18:51.300  1093  1167 I libPowerHal: [PD] vendor.samsung. update cmd:1c3c000, param:1
07-28 17:18:51.301  1093  1167 I libPowerHal: [PD] (less) /proc/mcdi/state set +prefix:enable 1;
07-28 17:18:51.301  1090  8844 I mtkpower_client: ret_hdl:80019
07-28 17:18:51.302  1090  8844 I mtkpower_client: perf_lock_rel, hdl:80014, tid:8844
07-28 17:18:51.302  1093  1167 I libPowerHal: [perfLockAcq] idx:3 hdl:80019 hint:-1 pid:1090 duration:0 lock_user:vendor.samsung. => ret_hdl:80019
07-28 17:18:51.302  1093  1167 I libPowerHal: [PE] (less) /proc/mcdi/state set +prefix:enable 0;
07-28 17:18:51.302  1624  1669 I SemDvfsHyPerManager: acquire hyper - AMS_RESUME_TAIL/1624@21, type = -999
07-28 17:18:51.302  1624  1665 I ActivityTaskManager: Displayed com.example.dogglers/androidx.test.core.app.InstrumentationActivityInvoker$EmptyActivity: +150ms
07-28 17:18:51.302  1624  1669 I SemDvfsHyPerManager: acquire hyper - AMS_ACT_LAZY/1624@22, type = -999
07-28 17:18:51.302  1090  1150 I HYPER-HAL: [RequestManager.cpp]acquire(): Acquired ID : 1353856  [1624 / 21]    HINT : AMS_RESUME_TAIL    list :
07-28 17:18:51.303  3746  3746 E pageboostd: Received HALT command code 2
07-28 17:18:51.303  1090  8844 I mtkpower_client: perf_lock_acq, hdl:0, dur:0, num:2, tid:8844
07-28 17:18:51.303  1093  1167 I libPowerHal: [perfLockRel] hdl:80014, idx:1
07-28 17:18:51.304  1127  3782 I SurfaceFlinger: id=175897 createSurf flag=80000, 5925c74 ActivityRecordInputSink com.example.dogglers/androidx.test.core.app.InstrumentationActivityInvoker$EmptyActivity#175897
07-28 17:18:51.304  1093  1167 I libPowerHal: vendor.samsung.: cpu_ctrl set cpu freq: -1 -1 -1 -1
07-28 17:18:51.305  1090  8844 I mtkpower_client: ret_hdl:80020
07-28 17:18:51.305  1093  1167 I libPowerHal: [perfLockAcq] idx:2 hdl:80020 hint:-1 pid:1090 duration:0 lock_user:vendor.samsung. => ret_hdl:80020
07-28 17:18:51.305  1093  1167 I libPowerHal: vendor.samsung.: cpu_ctrl set cpu freq: 1800000 -1 -1 -1
07-28 17:18:51.305  1090  8844 I HYPER-HAL: [RequestManager.cpp]releaseLocked(): Released ID : 1370371
07-28 17:18:51.306  1090  1150 I mtkpower_client: perf_lock_rel, hdl:80019, tid:1150
07-28 17:18:51.306  1090  1150 I mtkpower_client: perf_lock_acq, hdl:0, dur:0, num:2, tid:1150
07-28 17:18:51.306  1093  1167 I libPowerHal: [perfLockRel] hdl:80019, idx:3
07-28 17:18:51.307  1093  1167 I libPowerHal: [PD] vendor.samsung. update cmd:1c3c000, param:1
07-28 17:18:51.307  1093  1167 I libPowerHal: [PD] (less) /proc/mcdi/state set +prefix:enable 1;
07-28 17:18:51.307  1090  1150 I mtkpower_client: ret_hdl:80021
07-28 17:18:51.308  1090  1150 I mtkpower_client: perf_lock_rel, hdl:80018, tid:1150
07-28 17:18:51.308  1093  1167 I libPowerHal: [perfLockAcq] idx:1 hdl:80021 hint:-1 pid:1090 duration:0 lock_user:vendor.samsung. => ret_hdl:80021
07-28 17:18:51.308  1093  1167 I libPowerHal: [PE] (less) /proc/mcdi/state set +prefix:enable 0;
07-28 17:18:51.308  1090  1150 I mtkpower_client: perf_lock_acq, hdl:0, dur:0, num:2, tid:1150
07-28 17:18:51.308  1093  1167 I libPowerHal: [perfLockRel] hdl:80018, idx:0
07-28 17:18:51.309  1093  1167 I libPowerHal: [PD] vendor.samsung. update cmd:1000000, param:-1
07-28 17:18:51.309  1093  1167 I libPowerHal: [PD] vendor.samsung. update cmd:1000000 param:-1
07-28 17:18:51.311  1127  1127 I Layer   : Layer [com.example.dogglers/androidx.test.core.app.InstrumentationActivityInvoker$EmptyActivity$_8684#175894] hidden!! flag(0)
07-28 17:18:51.311  1127  1127 I Layer   : Layer [com.example.dogglers/com.example.dogglers.VerticalListActivity$_8684#175887] hidden!! flag(1)
07-28 17:18:51.311  1093  1167 I libPowerHal: [perfLockAcq] idx:0 hdl:80022 hint:-1 pid:1090 duration:0 lock_user:vendor.samsung. => ret_hdl:80022
07-28 17:18:51.312  1093  1167 I libPowerHal: [PE] vendor.samsung. update cmd:1000000, param:0
07-28 17:18:51.312  1090  1150 I mtkpower_client: ret_hdl:80022
07-28 17:18:51.312  1093  1167 I libPowerHal: [PE] vendor.samsung. update cmd:1000000 param:0
07-28 17:18:51.312  1090  1150 I mtkpower_client: perf_lock_rel, hdl:80020, tid:1150
07-28 17:18:51.313  1090  1150 I mtkpower_client: perf_lock_acq, hdl:0, dur:0, num:2, tid:1150
07-28 17:18:51.313  1093  1167 I libPowerHal: [perfLockRel] hdl:80020, idx:2
07-28 17:18:51.313  1093  1167 I libPowerHal: vendor.samsung.: cpu_ctrl set cpu freq: -1 -1 -1 -1
07-28 17:18:51.314  1624  5715 D InputDispatcher: Focus entered window (0): 280ed10 com.example.dogglers/androidx.test.core.app.InstrumentationActivityInvoker$EmptyActivity
07-28 17:18:51.315  1090  1150 I mtkpower_client: ret_hdl:80023
07-28 17:18:51.315  8684  8684 I ViewRootImpl@2c185ba[VerticalListActivity]: handleAppVisibility mAppVisible = true visible = false
07-28 17:18:51.315  1090  1150 I mtkpower_client: perf_lock_rel, hdl:80021, tid:1150
07-28 17:18:51.315  1093  1167 I libPowerHal: [perfLockAcq] idx:2 hdl:80023 hint:-1 pid:1090 duration:0 lock_user:vendor.samsung. => ret_hdl:80023
07-28 17:18:51.315  1093  1167 I libPowerHal: vendor.samsung.: cpu_ctrl set cpu freq: 1800000 -1 -1 -1
07-28 17:18:51.316  1090  1150 I mtkpower_client: perf_lock_acq, hdl:0, dur:0, num:2, tid:1150
07-28 17:18:51.316  1624  1668 I ChimeraSystemEventListener: appLaunchIntent package name is: com.example.dogglers
07-28 17:18:51.316  8684  8684 I ViewRootImpl@2c185ba[VerticalListActivity]: stopped(true) old = false
07-28 17:18:51.316  8684  8684 I ViewRootImpl@2c185ba[VerticalListActivity]: WindowStopped on com.example.dogglers/com.example.dogglers.VerticalListActivity set to true
07-28 17:18:51.317  1093  1167 I libPowerHal: [perfLockRel] hdl:80021, idx:1
07-28 17:18:51.317  1093  1167 I libPowerHal: [PD] vendor.samsung. update cmd:1c3c000, param:1
07-28 17:18:51.317  3746  3746 E pageboostd: Received HALT command code 2
07-28 17:18:51.317  1093  1167 I libPowerHal: [PD] (less) /proc/mcdi/state set +prefix:enable 1;
07-28 17:18:51.317  1090  1150 I mtkpower_client: ret_hdl:80024
07-28 17:18:51.317  1093  1167 I libPowerHal: [perfLockAcq] idx:3 hdl:80024 hint:-1 pid:1090 duration:0 lock_user:vendor.samsung. => ret_hdl:80024
07-28 17:18:51.318  1090  1150 I mtkpower_client: perf_lock_rel, hdl:80022, tid:1150
07-28 17:18:51.318  1093  1167 I libPowerHal: [PE] (less) /proc/mcdi/state set +prefix:enable 0;
07-28 17:18:51.318  1127  1127 D SurfaceFlinger: Display 0 HWC layers:
07-28 17:18:51.318  1127  1127 D SurfaceFlinger:      DEVICE | 0xb4000075f544da00 | 0102 | RGBA_8888    |    0.0    0.0 1080.0 2400.0 |    0    0 1080 2400 | com.example.dogglers/androidx.test.c[...]tyInvoker$EmptyActivity$_8684#175894
07-28 17:18:51.318  1127  1127 D SurfaceFlinger:      DEVICE | 0xb4000075f544c980 | 0100 | RGBA_8888    |    0.0    0.0 1080.0   80.0 |    0    0 1080   80 | StatusBar$_2897#91
07-28 17:18:51.318  1127  1127 D SurfaceFlinger:      DEVICE | 0xb400007621854780 | 0100 | RGBA_8888    |    0.0    0.0 1080.0  135.0 |    0 2265 1080 2400 | NavigationBar0$_2897#86
07-28 17:18:51.318  1127  1127 D SurfaceFlinger:      DEVICE | 0xb4000075f544b300 | 0140 | RGBA_8888    |    0.0    0.0 1080.0  150.0 |    0    0 1080  150 | ScreenDecorOverlay$_2897#100
07-28 17:18:51.318  1127  1127 D SurfaceFlinger:      DEVICE | 0xb400007621856700 | 0140 | RGBA_8888    |    0.0    0.0 1080.0  150.0 |    0 2250 1080 2400 | ScreenDecorOverlayBottom$_2897#101
07-28 17:18:51.318  1127  1127 D SurfaceFlinger:
07-28 17:18:51.320  8684  8684 D LifecycleMonitor: Lifecycle status change: com.example.dogglers.VerticalListActivity@4494c14 in: STOPPED
07-28 17:18:51.320  1090  1150 I mtkpower_client: perf_lock_acq, hdl:0, dur:0, num:2, tid:1150
07-28 17:18:51.320  1093  1167 I libPowerHal: [perfLockRel] hdl:80022, idx:0
07-28 17:18:51.320  1624  5715 I SemDvfsHyPerManager: acquire hyper - AMS_ACT_START/1624@19, type = -999
07-28 17:18:51.321  8684  8684 V ActivityScenario: Update currentActivityStage to STOPPED, currentActivity=com.example.dogglers.VerticalListActivity@4494c14
07-28 17:18:51.321  1093  1167 I libPowerHal: [PD] vendor.samsung. update cmd:1000000, param:-1
07-28 17:18:51.321  1093  1167 I libPowerHal: [PD] vendor.samsung. update cmd:1000000 param:-1
07-28 17:18:51.322  1127  2095 I SurfaceFlinger: id=175898 createSurf flag=80004, ActivityRecord{859ca27 u0 com.example.dogglers/androidx.test.core.app.InstrumentationActivityInvoker$EmptyActivity} t30271}#175898
07-28 17:18:51.322  1090  1150 I mtkpower_client: ret_hdl:80025
07-28 17:18:51.322  1090  1150 I HYPER-HAL: [RequestManager.cpp]releaseLocked(): Released ID : 1350565
07-28 17:18:51.322  1090  1150 I HYPER-HAL: [RequestManager.cpp]acquire(): Acquired ID : 1350565  [1624 / 19]    HINT : AMS_ACT_START    list :
07-28 17:18:51.323  1093  1167 I libPowerHal: [perfLockAcq] idx:0 hdl:80025 hint:-1 pid:1090 duration:0 lock_user:vendor.samsung. => ret_hdl:80025
07-28 17:18:51.323  1093  1167 I libPowerHal: [PE] vendor.samsung. update cmd:1000000, param:0
07-28 17:18:51.323  1093  1167 I libPowerHal: [PE] vendor.samsung. update cmd:1000000 param:0
07-28 17:18:51.323  1090  1150 I mtkpower_client: perf_lock_rel, hdl:80023, tid:1150
07-28 17:18:51.323  1090  1150 I mtkpower_client: perf_lock_acq, hdl:0, dur:0, num:2, tid:1150
07-28 17:18:51.323  1093  1167 I libPowerHal: [perfLockRel] hdl:80023, idx:2
07-28 17:18:51.323  1093  1167 I libPowerHal: vendor.samsung.: cpu_ctrl set cpu freq: -1 -1 -1 -1
07-28 17:18:51.324  1093  1167 I libPowerHal: [perfLockAcq] idx:1 hdl:80026 hint:-1 pid:1090 duration:0 lock_user:vendor.samsung. => ret_hdl:80026
07-28 17:18:51.324  1093  1167 I libPowerHal: vendor.samsung.: cpu_ctrl set cpu freq: 1800000 -1 -1 -1
07-28 17:18:51.325  1090  1150 I mtkpower_client: ret_hdl:80026
07-28 17:18:51.325  1624  1668 I SemPersonaManager: SecureFolder personaId = 150
07-28 17:18:51.325  1090  1150 I mtkpower_client: perf_lock_rel, hdl:80024, tid:1150
07-28 17:18:51.325  1090  1150 I mtkpower_client: perf_lock_acq, hdl:0, dur:0, num:2, tid:1150
07-28 17:18:51.325  1093  1167 I libPowerHal: [perfLockRel] hdl:80024, idx:3
07-28 17:18:51.325  1093  1167 I libPowerHal: [PD] vendor.samsung. update cmd:1c3c000, param:1
07-28 17:18:51.325  1093  1167 I libPowerHal: [PD] (less) /proc/mcdi/state set +prefix:enable 1;
07-28 17:18:51.326  1090  1150 I mtkpower_client: ret_hdl:80027
07-28 17:18:51.326  1090  1150 I mtkpower_client: perf_lock_rel, hdl:80025, tid:1150
07-28 17:18:51.326  1093  1167 I libPowerHal: [perfLockAcq] idx:2 hdl:80027 hint:-1 pid:1090 duration:0 lock_user:vendor.samsung. => ret_hdl:80027
07-28 17:18:51.326  1093  1167 I libPowerHal: [PE] (less) /proc/mcdi/state set +prefix:enable 0;
07-28 17:18:51.327  1090  1150 I mtkpower_client: perf_lock_acq, hdl:0, dur:0, num:2, tid:1150
07-28 17:18:51.327  1093  1167 I libPowerHal: [perfLockRel] hdl:80025, idx:0
07-28 17:18:51.327  1093  1167 I libPowerHal: [PD] vendor.samsung. update cmd:1000000, param:-1
07-28 17:18:51.327  1093  1167 I libPowerHal: [PD] vendor.samsung. update cmd:1000000 param:-1
07-28 17:18:51.327  1090  1150 I mtkpower_client: ret_hdl:80028
07-28 17:18:51.328  1093  1167 I libPowerHal: [perfLockAcq] idx:0 hdl:80028 hint:-1 pid:1090 duration:0 lock_user:vendor.samsung. => ret_hdl:80028
07-28 17:18:51.328  1093  1167 I libPowerHal: [PE] vendor.samsung. update cmd:1000000, param:0
07-28 17:18:51.328  1093  1167 I libPowerHal: [PE] vendor.samsung. update cmd:1000000 param:0
07-28 17:18:51.330  8684  8684 I MSHandlerLifeCycle: removeMultiSplitHandler: no exist. decor=DecorView@433860a[VerticalListActivity]
07-28 17:18:51.332  8684  8684 D LifecycleMonitor: Lifecycle status change: com.example.dogglers.VerticalListActivity@4494c14 in: DESTROYED
07-28 17:18:51.332  8684  8684 V ActivityScenario: Update currentActivityStage to DESTROYED, currentActivity=null
07-28 17:18:51.335  8684  8684 I MSHandlerLifeCycle: removeMultiSplitHandler: no exist. decor=DecorView@433860a[VerticalListActivity]
07-28 17:18:51.335  8684  8768 D OpenGLRenderer: setSurface called with nullptr
07-28 17:18:51.335  8684  8768 D OpenGLRenderer: setSurface() destroyed EGLSurface
07-28 17:18:51.335  8684  8768 D OpenGLRenderer: destroyEglSurface
07-28 17:18:51.337  8684  8768 D BLASTBufferQueue: [ViewRootImpl@2c185ba[VerticalListActivity]#3](f:0,a:1) destructor()
07-28 17:18:51.338  8684  8768 D BufferQueueConsumer: [ViewRootImpl@2c185ba[VerticalListActivity]#3(BLAST Consumer)3](id:21ec00000003,api:0,p:-1,c:8684) disconnect
07-28 17:18:51.338  8684  8684 I ViewRootImpl@2c185ba[VerticalListActivity]: dispatchDetachedFromWindow
07-28 17:18:51.339  1624  5715 D InputTransport: Input channel destroyed: '2c335f ', fd=1333
07-28 17:18:51.339  1624  5715 W InputManager-JNI: Input channel object '2c335f com.example.dogglers/com.example.dogglers.VerticalListActivity (client)' was disposed without first being removed with the input manager!
07-28 17:18:51.339  1624  5715 D InputTransport: Input channel destroyed: '2c335f ', fd=1344
07-28 17:18:51.341  1127  2095 I SurfaceFlinger: id=175899 createSurf flag=24004, Surface(name=d8adfc2 InputMethod)/@0xc2b360e - animation-leash of insets_animation#175899
07-28 17:18:51.345  1127  1127 I Layer   : id=175887 removeFromCurrentState com.example.dogglers/com.example.dogglers.VerticalListActivity$_8684#175887 (121)
07-28 17:18:51.345  1127  1127 I Layer   : id=175886 removeFromCurrentState 2c335f com.example.dogglers/com.example.dogglers.VerticalListActivity#175886 (121)
07-28 17:18:51.345  1127  1127 I Layer   : id=175891 removeFromCurrentState Surface(name=d8adfc2 InputMethod)/@0xc2b360e - animation-leash of insets_animation#175891 (121)
07-28 17:18:51.345  1127  1127 I SurfaceFlinger: id=175887 Removed com.example.dogglers/com.example.dogglers.VerticalListActivity$_8684#175887 (121)
07-28 17:18:51.345  1127  1127 I SurfaceFlinger: id=175886 Removed 2c335f com.example.dogglers/com.example.dogglers.VerticalListActivity#175886 (121)
07-28 17:18:51.345  1127  1127 I Layer   : id=175886 Destroyed 2c335f com.example.dogglers/com.example.dogglers.VerticalListActivity#175886
07-28 17:18:51.345  1127  1127 I BufferQueueDebug: [com.example.dogglers/com.example.dogglers.VerticalListActivity$_8684#175887](this:0xb4000075f0845838,id:-1,api:0,p:-1,c:1127) onDestructor()
07-28 17:18:51.345  1127  1127 I Layer   : id=175887 Destroyed com.example.dogglers/com.example.dogglers.VerticalListActivity$_8684#175887
07-28 17:18:51.346  1127  3782 I SurfaceFlinger: id=175860 Removed Surface(name=d8adfc2 InputMethod)/@0xc2b360e - animation-leash of insets_animation#175860 (119)
07-28 17:18:51.346  5607  5607 I InputMethodService: removeImeSurface
07-28 17:18:51.346  8684  8684 D InputTransport: Input channel destroyed: '2c335f ', fd=115
07-28 17:18:51.347  5607  5607 I MSHandlerLifeCycle: check: return. pkg=com.samsung.android.honeyboard isActivity=false callers=com.android.internal.policy.DecorView.setVisibility:4411 android.app.Dialog.hide:767 android.inputmethodservice.InputMethodService.removeImeSurface:1290 android.inputmethodservice.InputMethodService.scheduleImeSurfaceRemoval:1279 android.inputmethodservice.InputMethodService.-$$Nest$mscheduleImeSurfaceRemoval:0
07-28 17:18:51.347  5607  5607 I MSHandlerLifeCycle: removeMultiSplitHandler: no exist. decor=DecorView@4ed7bdc[InputMethod]
07-28 17:18:51.348  1127  2095 I SurfaceFlinger: id=175891 Removed Surface(name=d8adfc2 InputMethod)/@0xc2b360e - animation-leash of insets_animation#175891 (119)
07-28 17:18:51.349  1127  2023 I SurfaceFlinger: id=175885 Removed 40c2e4d ActivityRecordInputSink com.example.dogglers/.VerticalListActivity#175885 (119)
07-28 17:18:51.353  8684  8684 I ViewRootImpl@7b4878[InstrumentationActivityInvoker$EmptyActivity]: MSG_WINDOW_FOCUS_CHANGED 1 0
07-28 17:18:51.354  8684  8684 I ViewRootImpl@7b4878[InstrumentationActivityInvoker$EmptyActivity]: mThreadedRenderer.initializeIfNeeded()#2 mSurface={isValid=true 0xb40000728f75a800}
07-28 17:18:51.355  8684  8684 D InputMethodManager: startInputInner - Id : 0
07-28 17:18:51.355  8684  8684 I InputMethodManager: startInputInner - mService.startInputOrWindowGainedFocus
07-28 17:18:51.361  1624  2462 D InputMethodManagerService: mDesktopModeManager null!
07-28 17:18:51.361  1624  2462 V InputMethodManagerService: getDisplayIdOfInputMethodWindowToBeAdded: displayId=0
07-28 17:18:51.361  1127  1127 I Layer   : id=175891 Destroyed Surface(name=d8adfc2 InputMethod)/@0xc2b360e - animation-leash of insets_animation#175891
07-28 17:18:51.361  1127  1127 I Layer   : id=175860 Destroyed Surface(name=d8adfc2 InputMethod)/@0xc2b360e - animation-leash of insets_animation#175860
07-28 17:18:51.361  1624  2462 D InputMethodManagerService: isImeSwitcherDisabledPackage : false
07-28 17:18:51.363  1080  1169 I hwcomposer: [HWCDisplay] [Display_0 (type:1)] fps:48.337185,dur:1013.71,max:133.24,min:11.52
07-28 17:18:51.366  1624  2462 D InputMethodManagerService: checkDisplayOfStartInputAndUpdateKeyboard: displayId=0, mFocusedDisplayId=0
07-28 17:18:51.366  1624  2462 D InputTransport: Input channel constructed: 'ClientS', fd=1333
07-28 17:18:51.366  1624  2462 D InputTransport: Input channel destroyed: 'ClientS', fd=1333
07-28 17:18:51.366  5607  5607 I HBD     : HoneyBoardService onFinishInput
07-28 17:18:51.367  5607  5607 I HBD     : a IC have been unbinding,  RemoteInputConnection{idHash=#9156bd4}
07-28 17:18:51.367  5607  5607 I HBD     : HoneyBoardService [PF_CL][onFinishInput]  0 ms
07-28 17:18:51.367  5607  5607 I HBD     : HoneyBoardService [IMI] onStartInput - caller pid : 8684 , caller uid : 10520
07-28 17:18:51.367  5607  5607 I HBD     : j updateConfigs
07-28 17:18:51.367  5607  5607 I HBD     : j isEnabledNightMode : false
07-28 17:18:51.368  5607  5607 I HBD     : a IC have been binding, RemoteInputConnection{idHash=#9156bd4}
07-28 17:18:51.368  5607  5607 I HBD     : h [EditorInputType]setPrivateImeOptionsToTable privateImeOptions ( null )
07-28 17:18:51.368  5607  5607 I HBD     : b incognitoMode : false
07-28 17:18:51.368  5607  5607 I HBD     : a needOff = true , isForceOff = false, isNullInputClass : true
07-28 17:18:51.368  1127  2023 I SurfaceFlinger: id=175900 createSurf flag=24004, Surface(name=d8adfc2 InputMethod)/@0xc2b360e - animation-leash of insets_animation#175900
07-28 17:18:51.368  5607  5607 I HBD     : h getDefaultInputRange : UNKNOWN
07-28 17:18:51.368  5607  5607 I HBD     : h getDefaultInputRange : UNKNOWN
07-28 17:18:51.368  5607  5607 I HBD     : h getDefaultInputRange : UNKNOWN
07-28 17:18:51.369  5607  5607 I HBD     : a needOff = true , isForceOff = false, isNullInputClass : true
07-28 17:18:51.370  5607  5607 I HBD     : a update cached prediction status : false
07-28 17:18:51.370  5607  5607 I HBD     : h getDefaultInputRange : UNKNOWN
07-28 17:18:51.370  5607  5607 I HBD     : a currentState : 0
07-28 17:18:51.370  5607  5607 I HBD     : a [UpdatePolicy] [post] a: 0 cl: 3342336 kit: [0/0] vt: 0 ir: 1
07-28 17:18:51.371  5607  5607 I HBD     : a [NRIC] resetNoResponseState
07-28 17:18:51.371  5607  5607 I HBD     : a needOff = true , isForceOff = false, isNullInputClass : true
07-28 17:18:51.371  5607  5607 I HBD     : a update cached prediction status : false
07-28 17:18:51.372  5607  5607 I HBD     : HoneyBoardService [PF_OP][onStartInput]  5 ms
07-28 17:18:51.374  8684  8684 D LifecycleMonitor: Lifecycle status change: androidx.test.core.app.InstrumentationActivityInvoker$EmptyActivity@e1bbcbf in: PAUSED
07-28 17:18:51.374  8684  8684 V ActivityScenario: Activity lifecycle changed event received but ignored because the intent does not match. startActivityIntent=Intent { act=android.intent.action.MAIN cat=[android.intent.category.LAUNCHER] cmp=com.example.dogglers/.VerticalListActivity }, activity.getIntent()=Intent { act=android.intent.action.MAIN cat=[android.intent.category.LAUNCHER] flg=0x10000000 cmp=com.example.dogglers/androidx.test.core.app.InstrumentationActivityInvoker$EmptyActivity }, activity=androidx.test.core.app.InstrumentationActivityInvoker$EmptyActivity@e1bbcbf
07-28 17:18:51.378  1127  1127 I Layer   : id=175884 removeFromCurrentState ActivityRecord{bd95d02 u0 com.example.dogglers/.VerticalListActivity} t30271}#175884 (118)
07-28 17:18:51.378  1127  1127 I Layer   : id=175885 removeFromCurrentState 40c2e4d ActivityRecordInputSink com.example.dogglers/.VerticalListActivity#175885 (118)
07-28 17:18:51.378  1127  1127 I Layer   : id=175899 removeFromCurrentState Surface(name=d8adfc2 InputMethod)/@0xc2b360e - animation-leash of insets_animation#175899 (118)
07-28 17:18:51.378  1127  1127 I SurfaceFlinger: id=175884 Removed ActivityRecord{bd95d02 u0 com.example.dogglers/.VerticalListActivity} t30271}#175884 (118)
07-28 17:18:51.378  1127  1127 I Layer   : id=175884 Destroyed ActivityRecord{bd95d02 u0 com.example.dogglers/.VerticalListActivity} t30271}#175884
07-28 17:18:51.378  1127  1127 I Layer   : id=175885 Destroyed 40c2e4d ActivityRecordInputSink com.example.dogglers/.VerticalListActivity#175885
07-28 17:18:51.383  1624  2462 D InputDispatcher: Focused application(0): ActivityRecord{859ca27 u0 com.example.dogglers/androidx.test.core.app.InstrumentationActivityInvoker$EmptyActivity} t30271}
07-28 17:18:51.390  8684  8684 D LifecycleMonitor: Lifecycle status change: androidx.test.core.app.InstrumentationActivityInvoker$BootstrapActivity@54ef850 in: DESTROYED
07-28 17:18:51.391  8684  8684 V ActivityScenario: Activity lifecycle changed event received but ignored because the intent does not match. startActivityIntent=Intent { act=android.intent.action.MAIN cat=[android.intent.category.LAUNCHER] cmp=com.example.dogglers/.VerticalListActivity }, activity.getIntent()=Intent { act=android.intent.action.MAIN cat=[android.intent.category.LAUNCHER] flg=0x10008000 cmp=com.example.dogglers/androidx.test.core.app.InstrumentationActivityInvoker$BootstrapActivity (has extras) }, activity=androidx.test.core.app.InstrumentationActivityInvoker$BootstrapActivity@54ef850
07-28 17:18:51.392  1624  1668 I SemPersonaManager: SecureFolder personaId = 150
07-28 17:18:51.392  1127  2023 I SurfaceFlinger: id=175883 Removed 2d246bb ActivityRecordInputSink com.example.dogglers/androidx.test.core.app.InstrumentationActivityInvoker$BootstrapActivity#175883 (116)
07-28 17:18:51.394  1624  5216 D InputMethodManagerService: isImeSwitcherDisabledPackage : false
07-28 17:18:51.394  1127  1127 I SurfaceFlinger: [280ed10 com.example.dogglers/androidx.test.core.app.InstrumentationActivityInvoker$EmptyActivity#175893] FrameRatePriority: -1
07-28 17:18:51.395  5607  5607 I InputMethodService: removeImeSurface
07-28 17:18:51.396  5607  5607 I MSHandlerLifeCycle: check: return. pkg=com.samsung.android.honeyboard isActivity=false callers=com.android.internal.policy.DecorView.setVisibility:4411 android.app.Dialog.hide:767 android.inputmethodservice.InputMethodService.removeImeSurface:1290 android.inputmethodservice.InputMethodService.scheduleImeSurfaceRemoval:1279 android.inputmethodservice.InputMethodService.-$$Nest$mscheduleImeSurfaceRemoval:0
07-28 17:18:51.396  5607  5607 I MSHandlerLifeCycle: removeMultiSplitHandler: no exist. decor=DecorView@4ed7bdc[InputMethod]
07-28 17:18:51.400  8684  8684 D LifecycleMonitor: Lifecycle status change: androidx.test.core.app.InstrumentationActivityInvoker$EmptyActivity@bceaf45 in: PRE_ON_CREATE
07-28 17:18:51.400  8684  8684 V ActivityScenario: Activity lifecycle changed event received but ignored because the intent does not match. startActivityIntent=Intent { act=android.intent.action.MAIN cat=[android.intent.category.LAUNCHER] cmp=com.example.dogglers/.VerticalListActivity }, activity.getIntent()=Intent { act=android.intent.action.MAIN cat=[android.intent.category.LAUNCHER] flg=0x10000000 cmp=com.example.dogglers/androidx.test.core.app.InstrumentationActivityInvoker$EmptyActivity }, activity=androidx.test.core.app.InstrumentationActivityInvoker$EmptyActivity@bceaf45
07-28 17:18:51.405  1624  1668 D EnterpriseDeviceManagerService: isMdmAdminPresentInternal() : MDM Admin Found - com.samsung.knox.securefolder
07-28 17:18:51.406  1624  3919 I MediaSessionMonitor: Media session stopped : not playing state
07-28 17:18:51.409  8684  8684 I DecorView: [INFO] isPopOver=false config=true
07-28 17:18:51.409  8684  8684 I DecorView: updateCaptionType: isFloating=false isApplication=true hasWindowDecorCaption=false this=DecorView@d8dbfa8[]
07-28 17:18:51.409  8684  8684 D DecorView: setCaptionType = 0, this = DecorView@d8dbfa8[]
07-28 17:18:51.411  1127  1127 I Layer   : id=175878 removeFromCurrentState ActivityRecord{4b747d8 u0 com.example.dogglers/androidx.test.core.app.InstrumentationActivityInvoker$BootstrapActivity} t30271}#175878 (116)
07-28 17:18:51.411  1127  1127 I Layer   : id=175883 removeFromCurrentState 2d246bb ActivityRecordInputSink com.example.dogglers/androidx.test.core.app.InstrumentationActivityInvoker$BootstrapActivity#175883 (116)
07-28 17:18:51.411  1127  1127 D SurfaceFlinger: [input] inputWindowCommands.focusRequests size is 1
07-28 17:18:51.411  1127  1127 I SurfaceFlinger: id=175878 Removed ActivityRecord{4b747d8 u0 com.example.dogglers/androidx.test.core.app.InstrumentationActivityInvoker$BootstrapActivity} t30271}#175878 (116)
07-28 17:18:51.412  1127  1127 I Layer   : id=175878 Destroyed ActivityRecord{4b747d8 u0 com.example.dogglers/androidx.test.core.app.InstrumentationActivityInvoker$BootstrapActivity} t30271}#175878
07-28 17:18:51.412  1127  1127 I Layer   : id=175883 Destroyed 2d246bb ActivityRecordInputSink com.example.dogglers/androidx.test.core.app.InstrumentationActivityInvoker$BootstrapActivity#175883
07-28 17:18:51.413  8684  8684 I DecorView: getCurrentDensityDpi: from real metrics. densityDpi=450 msg=resources_loaded
07-28 17:18:51.413  1127  1386 D SurfaceFlinger: [input] setFocusedWindow: <null>
07-28 17:18:51.413  8684  8684 I DecorView: setWindowBackground: isPopOver=false color=ff010101 d=android.graphics.drawable.StateListDrawable@9affac1
07-28 17:18:51.413  1624  2462 D InputDispatcher: Focus left window (0): 280ed10 com.example.dogglers/androidx.test.core.app.InstrumentationActivityInvoker$EmptyActivity
07-28 17:18:51.414  8684  8684 D LifecycleMonitor: Lifecycle status change: androidx.test.core.app.InstrumentationActivityInvoker$EmptyActivity@bceaf45 in: CREATED
07-28 17:18:51.415  8684  8684 V ActivityScenario: Activity lifecycle changed event received but ignored because the intent does not match. startActivityIntent=Intent { act=android.intent.action.MAIN cat=[android.intent.category.LAUNCHER] cmp=com.example.dogglers/.VerticalListActivity }, activity.getIntent()=Intent { act=android.intent.action.MAIN cat=[android.intent.category.LAUNCHER] flg=0x10000000 cmp=com.example.dogglers/androidx.test.core.app.InstrumentationActivityInvoker$EmptyActivity }, activity=androidx.test.core.app.InstrumentationActivityInvoker$EmptyActivity@bceaf45
07-28 17:18:51.416  8684  8684 D LifecycleMonitor: Lifecycle status change: androidx.test.core.app.InstrumentationActivityInvoker$EmptyActivity@bceaf45 in: STARTED
07-28 17:18:51.417  8684  8684 V ActivityScenario: Activity lifecycle changed event received but ignored because the intent does not match. startActivityIntent=Intent { act=android.intent.action.MAIN cat=[android.intent.category.LAUNCHER] cmp=com.example.dogglers/.VerticalListActivity }, activity.getIntent()=Intent { act=android.intent.action.MAIN cat=[android.intent.category.LAUNCHER] flg=0x10000000 cmp=com.example.dogglers/androidx.test.core.app.InstrumentationActivityInvoker$EmptyActivity }, activity=androidx.test.core.app.InstrumentationActivityInvoker$EmptyActivity@bceaf45
07-28 17:18:51.419  8684  8684 D LifecycleMonitor: Lifecycle status change: androidx.test.core.app.InstrumentationActivityInvoker$EmptyActivity@bceaf45 in: RESUMED
07-28 17:18:51.419  8684  8684 V ActivityScenario: Activity lifecycle changed event received but ignored because the intent does not match. startActivityIntent=Intent { act=android.intent.action.MAIN cat=[android.intent.category.LAUNCHER] cmp=com.example.dogglers/.VerticalListActivity }, activity.getIntent()=Intent { act=android.intent.action.MAIN cat=[android.intent.category.LAUNCHER] flg=0x10000000 cmp=com.example.dogglers/androidx.test.core.app.InstrumentationActivityInvoker$EmptyActivity }, activity=androidx.test.core.app.InstrumentationActivityInvoker$EmptyActivity@bceaf45
07-28 17:18:51.419  8684  8684 I MSHandlerLifeCycle: check: return. pkg=com.example.dogglers parent=null callers=com.android.internal.policy.DecorView.setVisibility:4411 android.app.ActivityThread.handleResumeActivity:5476 android.app.servertransaction.ResumeActivityItem.execute:54 android.app.servertransaction.ActivityTransactionItem.execute:45 android.app.servertransaction.TransactionExecutor.executeLifecycleState:176
07-28 17:18:51.420  8684  8684 I MSHandlerLifeCycle: removeMultiSplitHandler: no exist. decor=DecorView@d8dbfa8[]
07-28 17:18:51.420  1127  2023 D SurfaceFlinger: [SF client] NEW(0xb40000762185eec0) for (8684:com.example.dogglers)
07-28 17:18:51.423  8684  8768 D NativeCustomFrequencyManager: [NativeCFMS] BpCustomFrequencyManager::BpCustomFrequencyManager()
07-28 17:18:51.426  1624  2462 D InputTransport: Input channel constructed: 'd39fd01', fd=1347
07-28 17:18:51.426  1624  2462 D InputTransport: Input channel constructed: 'd39fd01', fd=1348
