07-28 18:56:33.044  9007  9030 I TestRunner: started: vertical_scroll_content_at_first_position(com.example.dogglers.VerticalListTests)
07-28 18:56:33.054  9007  9030 W Settings: Setting always_finish_activities has moved from android.provider.Settings.System to android.provider.Settings.Global, returning read-only value.
07-28 18:56:33.058   539   539 I lmkd    : 1(delay), 0(swap), 0(freelimit), 0(reentrymode) memory pressure events were skipped after a kill!
07-28 18:56:33.059   539   539 I lmkd    : cached 1, sandbox(not0) 0
07-28 18:56:33.101  1090  9117 I mtkpower_client: perf_lock_rel, hdl:81842, tid:9117
07-28 18:56:33.102  1090  9117 I mtkpower_client: perf_lock_acq, hdl:0, dur:0, num:2, tid:9117
07-28 18:56:33.102  1093  1167 I libPowerHal: [perfLockRel] hdl:81842, idx:3
07-28 18:56:33.102  1093  1167 I libPowerHal: [PD] vendor.samsung. update cmd:1c3c000, param:1
07-28 18:56:33.103  1093  1167 I libPowerHal: [PD] (less) /proc/mcdi/state set +prefix:enable 1;
07-28 18:56:33.103  1090  9117 I mtkpower_client: ret_hdl:81844
07-28 18:56:33.103  1090  9117 I mtkpower_client: perf_lock_rel, hdl:81841, tid:9117
07-28 18:56:33.103  1093  1167 I libPowerHal: [perfLockAcq] idx:2 hdl:81844 hint:-1 pid:1090 duration:0 lock_user:vendor.samsung. => ret_hdl:81844
07-28 18:56:33.104  1093  1167 I libPowerHal: [PE] (less) /proc/mcdi/state set +prefix:enable 0;
07-28 18:56:33.104  1090  9117 I mtkpower_client: perf_lock_acq, hdl:0, dur:0, num:2, tid:9117
07-28 18:56:33.104  1093  1167 I libPowerHal: [perfLockRel] hdl:81841, idx:0
07-28 18:56:33.104  1093  1167 I libPowerHal: [PD] vendor.samsung. update cmd:1000000, param:-1
07-28 18:56:33.104  1093  1167 I libPowerHal: [PD] vendor.samsung. update cmd:1000000 param:-1
07-28 18:56:33.104  1090  9117 I mtkpower_client: ret_hdl:81845
07-28 18:56:33.105  1093  1167 I libPowerHal: [perfLockAcq] idx:0 hdl:81845 hint:-1 pid:1090 duration:0 lock_user:vendor.samsung. => ret_hdl:81845
07-28 18:56:33.105  1090  9117 I HYPER-HAL: [RequestManager.cpp]releaseLocked(): Released ID : 1353856
07-28 18:56:33.105  1093  1167 I libPowerHal: [PE] vendor.samsung. update cmd:1000000, param:0
07-28 18:56:33.105  1093  1167 I libPowerHal: [PE] vendor.samsung. update cmd:1000000 param:0
07-28 18:56:33.113  3393  3417 I id.app.launcher: NativeAlloc concurrent copying GC freed 89826(4714KB) AllocSpace objects, 12(3008KB) LOS objects, 50% free, 20MB/41MB, paused 139us,76us total 139.740ms
07-28 18:56:33.120  3393  3421 W System  : A resource failed to call release.
07-28 18:56:33.120  3393  3421 W System  : A resource failed to call release.
07-28 18:56:33.120  3393  3421 W System  : A resource failed to call release.
07-28 18:56:33.120  1127  1176 I SurfaceFlinger: id=178855 Removed Surface(name=Task=1)/@0x5dd1774 - animation-leash of app_transition#178855 (119)
07-28 18:56:33.120  3393  3421 W System  : A resource failed to call release.
07-28 18:56:33.121  1127  3782 I SurfaceFlinger: id=178854 Removed Surface(name=Task=30329)/@0xd481f55 - animation-leash of app_transition#178854 (119)
07-28 18:56:33.121  1127  1176 I SurfaceFlinger: id=178894 Removed Surface(name=Task=1)/@0x5dd1774 - animation-leash of app_transition#178894 (119)
07-28 18:56:33.121  3393  3421 W System  : A resource failed to call release.
07-28 18:56:33.121  1127  2023 I SurfaceFlinger: id=178856 Removed Surface(name=WallpaperWindowToken{30a2648 token=android.os.Binder@aa4d8eb})/@0x137cef2 - animation-leash of window_animation#178856 (119)
07-28 18:56:33.121  3393  3421 W System  : A resource failed to call release.
07-28 18:56:33.121  1127  2023 I SurfaceFlinger: id=178893 Removed Surface(name=Task=30330)/@0xd495913 - animation-leash of app_transition#178893 (119)
07-28 18:56:33.121  3393  3421 W System  : A resource failed to call release.
07-28 18:56:33.121  1127  3782 I SurfaceFlinger: id=178895 Removed Surface(name=WallpaperWindowToken{30a2648 token=android.os.Binder@aa4d8eb})/@0x137cef2 - animation-leash of window_animation#178895 (119)
07-28 18:56:33.121  3393  3421 W System  : A resource failed to call release.
07-28 18:56:33.121  3393  3421 W System  : A resource failed to call release.
07-28 18:56:33.121  1127  3782 I SurfaceFlinger: id=178933 Removed Surface(name=Task=1)/@0x5dd1774 - animation-leash of app_transition#178933 (119)
07-28 18:56:33.121  1127  3782 I SurfaceFlinger: id=178932 Removed Surface(name=Task=30331)/@0xb05f931 - animation-leash of app_transition#178932 (119)
07-28 18:56:33.121  1127  2023 I SurfaceFlinger: id=178934 Removed Surface(name=WallpaperWindowToken{30a2648 token=android.os.Binder@aa4d8eb})/@0x137cef2 - animation-leash of window_animation#178934 (119)
07-28 18:56:33.137  1127  1127 I Layer   : id=178895 Destroyed Surface(name=WallpaperWindowToken{30a2648 token=android.os.Binder@aa4d8eb})/@0x137cef2 - animation-leash of window_animation#178895
07-28 18:56:33.137  1127  1127 I Layer   : id=178856 Destroyed Surface(name=WallpaperWindowToken{30a2648 token=android.os.Binder@aa4d8eb})/@0x137cef2 - animation-leash of window_animation#178856
07-28 18:56:33.137  1127  1127 I Layer   : id=178854 Destroyed Surface(name=Task=30329)/@0xd481f55 - animation-leash of app_transition#178854
07-28 18:56:33.137  1127  1127 I Layer   : id=178855 Destroyed Surface(name=Task=1)/@0x5dd1774 - animation-leash of app_transition#178855
07-28 18:56:33.137  1127  1127 I Layer   : id=178932 Destroyed Surface(name=Task=30331)/@0xb05f931 - animation-leash of app_transition#178932
07-28 18:56:33.137  1127  1127 I Layer   : id=178933 Destroyed Surface(name=Task=1)/@0x5dd1774 - animation-leash of app_transition#178933
07-28 18:56:33.137  1127  1127 I Layer   : id=178893 Destroyed Surface(name=Task=30330)/@0xd495913 - animation-leash of app_transition#178893
07-28 18:56:33.137  1127  1127 I Layer   : id=178934 Destroyed Surface(name=WallpaperWindowToken{30a2648 token=android.os.Binder@aa4d8eb})/@0x137cef2 - animation-leash of window_animation#178934
07-28 18:56:33.137  1127  1127 I Layer   : id=178894 Destroyed Surface(name=Task=1)/@0x5dd1774 - animation-leash of app_transition#178894
07-28 18:56:33.169   539   539 I lmkd    : 1(delay), 0(swap), 0(freelimit), 0(reentrymode) memory pressure events were skipped after a kill!
07-28 18:56:33.258  1624  1668 W system_server: Long monitor contention with owner android.bg (1677) at void com.android.server.am.AppProfiler.collectPssInBackground()(AppProfiler.java:578) waiters=0 in boolean com.android.server.am.OomAdjuster.applyOomAdjLSP(com.android.server.am.ProcessRecord, boolean, long, long) for 246ms
07-28 18:56:33.259  3393  3393 I RecentsView: onTaskRemoved() taskId : 30331
07-28 18:56:33.259  3393  3393 I TopTaskTracker: onTaskRemoved : taskId = 30331
07-28 18:56:33.259  3393  3393 I RecentsView: onTaskRemoved() taskId : 30331
07-28 18:56:33.259  3393  3393 I TopTaskTracker: onTaskRemoved : taskId = 30331
07-28 18:56:33.259  1624  2958 W system_server: Long monitor contention with owner android.display (1668) at void com.android.server.am.ProcessRecord.updateProcessInfo(boolean, boolean, boolean)(ProcessRecord.java:1476) waiters=0 in int com.android.server.am.ActivityManagerService.broadcastIntentWithFeature(android.app.IApplicationThread, java.lang.String, android.content.Intent, java.lang.String, android.content.IIntentReceiver, int, java.lang.String, android.os.Bundle, java.lang.String[], java.lang.String[], java.lang.String[], int, android.os.Bundle, boolean, boolean, int) for 202ms
07-28 18:56:33.264  1624  1668 I ChimeraSystemEventListener: appLaunchIntent package name is: com.example.dogglers
07-28 18:56:33.265  3746  3746 E pageboostd: Received HALT command code 2
07-28 18:56:33.266  1624  5932 D PkgPredictorService-IpmAdcpController: create a new DexPreloadTask pkg:com.example.dogglers  path:/data/app/~~RqwEkAPnBZtTvJ-WAeAgzw==/com.example.dogglers-LNHwQbSjO_yQRomBmsyq3g==
07-28 18:56:33.267  1624  3610 I SemDvfsHyPerManager: acquire hyper - AMS_APP_SWITCH/1624@32, type = -999
07-28 18:56:33.267  1090  1150 I HYPER-HAL: [RequestManager.cpp]acquire(): Acquired ID : 1372028  [1624 / 32]    HINT : AMS_ACT_SWITCH    list :
07-28 18:56:33.267  1127  2023 I SurfaceFlinger: id=178938 createSurf flag=24004, Task=30332#178938
07-28 18:56:33.268  1090  1150 I mtkpower_client: perf_lock_rel, hdl:81844, tid:1150
07-28 18:56:33.268  1090  1150 I mtkpower_client: perf_lock_acq, hdl:0, dur:0, num:2, tid:1150
07-28 18:56:33.268  5208  5208 I SemDvfsHyPerManager: acquire hyper - APP_START_SHORT/5208@12, type = -999
07-28 18:56:33.268  1093  1167 I libPowerHal: [perfLockRel] hdl:81844, idx:2
07-28 18:56:33.268  1093  1167 I libPowerHal: [PD] vendor.samsung. update cmd:1c3c000, param:1
07-28 18:56:33.269  1093  1167 I libPowerHal: [PD] (less) /proc/mcdi/state set +prefix:enable 1;
07-28 18:56:33.269  1624  3610 E libprocessgroup: Failed to find cgroup for tid 3610
07-28 18:56:33.269  1624  3610 W libprocessgroup: Failed to apply DoSomethingOlaf task profile: Try again
07-28 18:56:33.270  1127  1177 I SurfaceFlinger: id=178939 createSurf flag=80004, ActivityRecord{498cf85 u0 com.example.dogglers/androidx.test.core.app.InstrumentationActivityInvoker$BootstrapActivity} t30332}#178939
07-28 18:56:33.270  1090  1150 I mtkpower_client: ret_hdl:81846
07-28 18:56:33.270  1090  1150 I mtkpower_client: perf_lock_rel, hdl:81843, tid:1150
07-28 18:56:33.270  1093  1167 I libPowerHal: [perfLockAcq] idx:2 hdl:81846 hint:-1 pid:1090 duration:0 lock_user:vendor.samsung. => ret_hdl:81846
07-28 18:56:33.270  1093  1167 I libPowerHal: [PE] (less) /proc/mcdi/state set +prefix:enable 0;
07-28 18:56:33.273  1093  1167 I libPowerHal: [perfLockRel] hdl:81843, idx:1
07-28 18:56:33.273  1090  1150 I mtkpower_client: perf_lock_acq, hdl:0, dur:0, num:2, tid:1150
07-28 18:56:33.273  1093  1167 I libPowerHal: vendor.samsung.: cpu_ctrl set cpu freq: -1 -1 -1 -1
07-28 18:56:33.273  1090  1150 I mtkpower_client: ret_hdl:81847
07-28 18:56:33.273  1090  1150 I mtkpower_client: perf_lock_rel, hdl:81845, tid:1150
07-28 18:56:33.273  1093  1167 I libPowerHal: [perfLockAcq] idx:1 hdl:81847 hint:-1 pid:1090 duration:0 lock_user:vendor.samsung. => ret_hdl:81847
07-28 18:56:33.274  1093  1167 I libPowerHal: vendor.samsung.: cpu_ctrl set cpu freq: 1800000 -1 -1 -1
07-28 18:56:33.276  1127  1177 D SurfaceFlinger: [SF client] NEW(0xb4000075f4bc5420) for (17091:com.android.systemui)
07-28 18:56:33.278  1624  2958 I SemDvfsHyPerManager: acquire hyper - AMS_APP_LAUNCH/1624@20, type = -999
07-28 18:56:33.278  1233  9413 I CameraService: onUidStateChanged: uid=10063, procState is changed. (0 -> 1)
07-28 18:56:33.278  1093  1167 I libPowerHal: [perfLockRel] hdl:81845, idx:0
07-28 18:56:33.279  1093  1167 I libPowerHal: [PD] vendor.samsung. update cmd:1000000, param:-1
07-28 18:56:33.279  5208  5208 I SemDvfsHyPerManager: acquire hyper - APP_START/5208@14, type = -999
07-28 18:56:33.279  1093  1167 I libPowerHal: [PD] vendor.samsung. update cmd:1000000 param:-1
07-28 18:56:33.280  1624  1688 W libprocessgroup: Failed to open /dev/blkio//cgroup.procs: No such file or directory
07-28 18:56:33.280  1090  1150 I mtkpower_client: perf_lock_acq, hdl:0, dur:0, num:2, tid:1150
07-28 18:56:33.280  3393  3393 I BaseActivity: removeActivityFlags, flags : 16
07-28 18:56:33.280 17091 17124 D NativeCustomFrequencyManager: [NativeCFMS] BpCustomFrequencyManager::BpCustomFrequencyManager()
07-28 18:56:33.280  3393  3393 I BaseActivity: removeActivityFlags, flags : 6
07-28 18:56:33.281  3393  3393 I DragController: endDrag
07-28 18:56:33.281  3393  3393 W LauncherAppWidgetHost: setShouldListenFlag, mFlags:15 flag:resume on:false isFront:false
07-28 18:56:33.281  3393  3393 I SPayUpdater: updateSpayHandler launcher activity is paused false
07-28 18:56:33.281  1090  1150 I mtkpower_client: ret_hdl:81848
07-28 18:56:33.281  1090  1150 I HYPER-HAL: [RequestManager.cpp]acquire(): Acquired ID : 13626822  [5208 / 12]    HINT : APP_START    list : [TIMEOUT / 1500]
07-28 18:56:33.282  1090  1150 I HYPER-HAL: [RequestManager.cpp]acquire(): Acquired ID : 1352210  [1624 / 20]    HINT : AMS_APP_LAUNCH    list :
07-28 18:56:33.282  1090  1150 I HYPER-HAL: [RequestManager.cpp]acquire(): Acquired ID : 13637267  [5208 / 14]    HINT : APP_START    list :
07-28 18:56:33.282  1093  1167 I libPowerHal: [perfLockAcq] idx:0 hdl:81848 hint:-1 pid:1090 duration:0 lock_user:vendor.samsung. => ret_hdl:81848
07-28 18:56:33.282  1093  1167 I libPowerHal: [PE] vendor.samsung. update cmd:1000000, param:0
07-28 18:56:33.282  1093  1167 I libPowerHal: [PE] vendor.samsung. update cmd:1000000 param:0
07-28 18:56:33.286  1624  3704 D InputDispatcher: Focused application(0): ActivityRecord{498cf85 u0 com.example.dogglers/androidx.test.core.app.InstrumentationActivityInvoker$BootstrapActivity} t30332}
07-28 18:56:33.291  3393  3393 I TopTaskTracker: onTaskMovedToFront : taskId = 30332
07-28 18:56:33.292  1624  5216 D InputTransport: Input channel constructed: 'd500f7e', fd=1080
07-28 18:56:33.292  1624  5216 D InputTransport: Input channel constructed: 'd500f7e', fd=1082
07-28 18:56:33.292  1624  5216 D InputTransport: Input channel constructed: 'd500f7e', fd=1083
07-28 18:56:33.292  1127  1177 I SurfaceFlinger: id=178940 createSurf flag=80004, d500f7e Splash Screen com.example.dogglers#178940
07-28 18:56:33.293  1624  1688 W libprocessgroup: Failed to open /dev/blkio//cgroup.procs: No such file or directory
07-28 18:56:33.294  1624  5216 D InputTransport: Input channel destroyed: 'd500f7e', fd=1083
07-28 18:56:33.294  1624  1688 W libprocessgroup: Failed to open /dev/blkio//cgroup.procs: No such file or directory
07-28 18:56:33.295  1624  1668 I SemPersonaManager: SecureFolder personaId = 150
07-28 18:56:33.295  1624  1688 W libprocessgroup: Failed to open /dev/blkio//cgroup.procs: No such file or directory
07-28 18:56:33.295 17091 17121 D InsetsController: onStateChanged: InsetsState: {mDisplayFrame=Rect(0, 0 - 1080, 2400), mDisplayCutout=DisplayCutout{insets=Rect(0, 80 - 0, 0) waterfall=Insets{left=0, top=0, right=0, bottom=0} boundingRect={Bounds=[Rect(0, 0 - 0, 0), Rect(468, 0 - 612, 80), Rect(0, 0 - 0, 0), Rect(0, 0 - 0, 0)]} cutoutPathParserInfo={CutoutPathParserInfo{displayWidth=1080 displayHeight=2400 physicalDisplayWidth=1080 physicalDisplayHeight=2400 density={2.625} cutoutSpec={M 0,0 H -27.42857142857143 V 30.47619047619048 H 27.42857142857143 V 0 H 0 Z @dp} rotation={0} scale={1.0} physicalPixelDisplaySizeRatio={1.0}}}}, mRoundedCorners=RoundedCorners{[RoundedCorner{position=TopLeft, radius=90, center=Point(90, 90)}, RoundedCorner{position=TopRight, radius=90, center=Point(990, 90)}, RoundedCorner{position=BottomRight, radius=90, center=Point(990, 2310)}, RoundedCorner{position=BottomLeft, radius=90, center=Point(90, 2310)}]}  mRoundedCornerFrame=Rect(0, 0 - 1080, 2400), mPrivacyIndicatorBounds=PrivacyIndicatorBounds {static bounds=Rect(956, 0 - 1080, 80) rotation=0}, mSources= { InsetsSource: {mType=ITYPE_STATUS_BAR, mFrame=[0,0][1080,80], mVisible=true, mInsetsRoundedCornerFrame=false}, InsetsSource: {mType=ITYPE_NAVIGATION_BAR, mFrame=[0,2265][1080,2400], mVisible=true, mInsetsRoundedCornerFrame=false}, InsetsSource: {mType=ITYPE_LEFT_GESTURES, mFrame=[0,0][0,2400], mVisible=true, mInsetsRoundedCornerFrame=false}, InsetsSource: {mType=ITYPE_RIGHT_GESTURES, mFrame=[1080,0][1080,2400], mVisible=true, mInsetsRoundedCornerFrame=false}, InsetsSource: {mType=ITYPE_TOP_MANDATORY_GESTURES, mFrame=[0,0][1080,114], mVisible=true, mInsetsRoundedCornerFrame=false}, InsetsSource: {mType=ITYPE_BOTTOM_MANDATORY_GESTURES, mFrame=[0,2265][1080,2400], mVisible=true, mInsetsRoundedCornerFrame=false}, InsetsSource: {mType=ITYPE_LEFT_DISPLAY_CUTOUT, mFrame=[0,0][-100000,2400], mVisible=true, mInsetsRoundedCornerFrame=false}, InsetsSource: {mType=ITYPE_TOP_DISPLAY_CUTOUT, mFrame=[0,0][1080,80], mVisible=true, mInsetsRoundedCornerFrame=false}, InsetsSource: {mType=ITYPE_RIGHT_DISPLAY_CUTOUT, mFrame=[100000,0][1080,2400], mVisible=true, mInsetsRoundedCornerFrame=false}, InsetsSource: {mType=ITYPE_BOTTOM_DISPLAY_CUTOUT, mFrame=[0,100000][1080,2400], mVisible=true, mInsetsRoundedCornerFrame=false}, InsetsSource: {mType=ITYPE_TOP_TAPPABLE_ELEMENT, mFrame=[0,0][1080,80], mVisible=true, mInsetsRoundedCornerFrame=false}, InsetsSource: {mType=ITYPE_BOTTOM_TAPPABLE_ELEMENT, mFrame=[0,2265][1080,2400], mVisible=true, mInsetsRoundedCornerFrame=false}, InsetsSource: {mType=ITYPE_IME, mFrame=[0,0][0,0], mVisibleFrame=[0,1243][1080,2400], mVisible=false, mInsetsRoundedCornerFrame=false} } host=Splash Screen com.example.dogglers from=android.view.ViewRootImpl.setView:1732
07-28 18:56:33.297 17091 17121 I ViewRootImpl@2ebb777[dogglers]: setView = android.widget.FrameLayout@6da5413 TM=true
07-28 18:56:33.299 17091 17121 I ViewRootImpl@2ebb777[dogglers]: performTraversals params={(0,0)(fillxfill) sim={adjust=pan} ty=APPLICATION_STARTING fmt=TRANSLUCENT wanim=0x1030001
07-28 18:56:33.299 17091 17121 I ViewRootImpl@2ebb777[dogglers]:   fl=81030118
07-28 18:56:33.299 17091 17121 I ViewRootImpl@2ebb777[dogglers]:   pfl=16000010
07-28 18:56:33.299 17091 17121 I ViewRootImpl@2ebb777[dogglers]:   bhv=DEFAULT
07-28 18:56:33.299 17091 17121 I ViewRootImpl@2ebb777[dogglers]:   fitSides= naviIconColor=0}
07-28 18:56:33.299 17091 17121 I ViewRootImpl@2ebb777[dogglers]: performTraversals mFirst=true windowShouldResize=true viewVisibilityChanged=false mForceNextWindowRelayout=false params={(0,0)(fillxfill) sim={adjust=pan} ty=APPLICATION_STARTING fmt=TRANSLUCENT wanim=0x1030001
07-28 18:56:33.299 17091 17121 I ViewRootImpl@2ebb777[dogglers]:   fl=81030118
07-28 18:56:33.299 17091 17121 I ViewRootImpl@2ebb777[dogglers]:   pfl=16000010
07-28 18:56:33.299 17091 17121 I ViewRootImpl@2ebb777[dogglers]:   bhv=DEFAULT
07-28 18:56:33.299 17091 17121 I ViewRootImpl@2ebb777[dogglers]:   fitSides= naviIconColor=0}
07-28 18:56:33.300  1624  5216 V WindowManager: Relayout Window{d500f7e u0 Splash Screen com.example.dogglers}: viewVisibility=0 req=1080x2400 d0
07-28 18:56:33.301  1127  1177 I BufferQueueDebug: [Splash Screen com.example.dogglers$_17091#178941](this:0xb4000075f4bd4838,id:-1,api:0,p:-1,c:-1) BufferQueue core=(1127:/system/bin/surfaceflinger)
07-28 18:56:33.301  1127  1177 I SurfaceFlinger: id=178941 createSurf flag=40004, Splash Screen com.example.dogglers$_17091#178941
07-28 18:56:33.304  1127  1127 I SurfaceFlinger: [b2bc12 com.sec.android.app.launcher/com.sec.android.app.launcher.activities.LauncherActivity#131] FrameRatePriority: -1
07-28 18:56:33.305  1624  1668 D EnterpriseDeviceManagerService: isMdmAdminPresentInternal() : MDM Admin Found - com.samsung.knox.securefolder
07-28 18:56:33.306  9007  9007 D LifecycleMonitor: Lifecycle status change: androidx.test.core.app.InstrumentationActivityInvoker$BootstrapActivity@ae54c63 in: PRE_ON_CREATE
07-28 18:56:33.306  1624  3919 I MediaSessionMonitor: Media session stopped : not playing state
07-28 18:56:33.306  1624  5216 V WindowManager: Relayout hash=d500f7e, pid=17091, syncId=-1: mAttrs={(0,0)(fillxfill) sim={adjust=pan} ty=APPLICATION_STARTING fmt=TRANSLUCENT wanim=0x1030001
07-28 18:56:33.306  1624  5216 V WindowManager:   fl=81030118
07-28 18:56:33.306  1624  5216 V WindowManager:   pfl=16000010
07-28 18:56:33.306  1624  5216 V WindowManager:   bhv=DEFAULT
07-28 18:56:33.306  1624  5216 V WindowManager:   fitSides= naviIconColor=0}
07-28 18:56:33.307  9007  9007 V ActivityScenario: Activity lifecycle changed event received but ignored because the intent does not match. startActivityIntent=Intent { act=android.intent.action.MAIN cat=[android.intent.category.LAUNCHER] cmp=com.example.dogglers/.VerticalListActivity }, activity.getIntent()=Intent { act=android.intent.action.MAIN cat=[android.intent.category.LAUNCHER] flg=0x10008000 cmp=com.example.dogglers/androidx.test.core.app.InstrumentationActivityInvoker$BootstrapActivity (has extras) }, activity=androidx.test.core.app.InstrumentationActivityInvoker$BootstrapActivity@ae54c63
07-28 18:56:33.308 17091 17121 I ViewRootImpl@2ebb777[dogglers]: updateBlastSurfaceIfNeeded mBlastBufferQueue=null isSameSurfaceControl=false
07-28 18:56:33.308 17091 17121 D BufferQueueConsumer: [](id:42c30000005a,api:0,p:-1,c:17091) connect: controlledByApp=false
07-28 18:56:33.309 17091 17121 I BLASTBufferQueue: new BLASTBufferQueue, mName= ViewRootImpl@2ebb777[dogglers] mNativeObject= 0xb40000731648f380 sc.mNativeObject= 0xb40000731fbf2020 caller= android.view.ViewRootImpl.updateBlastSurfaceIfNeeded:2909 android.view.ViewRootImpl.relayoutWindow:9847 android.view.ViewRootImpl.performTraversals:3884 android.view.ViewRootImpl.doTraversal:3116 android.view.ViewRootImpl$TraversalRunnable.run:10885 android.view.Choreographer$CallbackRecord.run:1301 android.view.Choreographer$CallbackRecord.run:1309 android.view.Choreographer.doCallbacks:923 android.view.Choreographer.doFrame:852 android.view.Choreographer$FrameDisplayEventReceiver.run:1283
07-28 18:56:33.309 17091 17121 I BLASTBufferQueue: update, w= 1080 h= 2400 mName = ViewRootImpl@2ebb777[dogglers] mNativeObject= 0xb40000731648f380 sc.mNativeObject= 0xb40000731fbf2020 format= -3 caller= android.graphics.BLASTBufferQueue.<init>:84 android.view.ViewRootImpl.updateBlastSurfaceIfNeeded:2909 android.view.ViewRootImpl.relayoutWindow:9847 android.view.ViewRootImpl.performTraversals:3884 android.view.ViewRootImpl.doTraversal:3116 android.view.ViewRootImpl$TraversalRunnable.run:10885
07-28 18:56:33.309 17091 17121 I ViewRootImpl@2ebb777[dogglers]: Relayout returned: old=(0,0,1080,2400) new=(0,0,1080,2400) req=(1080,2400)0 dur=9 res=0x3 s={true 0xb4000072792ce000} ch=true seqId=0
07-28 18:56:33.310 17091 17121 I ViewRootImpl@2ebb777[dogglers]: mThreadedRenderer.initialize() mSurface={isValid=true 0xb4000072792ce000} hwInitialized=true
07-28 18:56:33.310 17091 17124 D OpenGLRenderer: eglCreateWindowSurface
07-28 18:56:33.311 17091 17121 I ViewRootImpl@2ebb777[dogglers]: reportNextDraw android.view.ViewRootImpl.performTraversals:4438 android.view.ViewRootImpl.doTraversal:3116 android.view.ViewRootImpl$TraversalRunnable.run:10885 android.view.Choreographer$CallbackRecord.run:1301 android.view.Choreographer$CallbackRecord.run:1309
07-28 18:56:33.311 17091 17121 I ViewRootImpl@2ebb777[dogglers]: Setup new sync id=0
07-28 18:56:33.311 17091 17121 I ViewRootImpl@2ebb777[dogglers]: Setting syncFrameCallback
07-28 18:56:33.311 17091 17121 I ViewRootImpl@2ebb777[dogglers]: registerCallbacksForSync syncBuffer=false
07-28 18:56:33.312 17091 17223 I ViewRootImpl@2ebb777[dogglers]: Received frameDrawingCallback syncResult=0 frameNum=1.
07-28 18:56:33.312 17091 17223 I ViewRootImpl@2ebb777[dogglers]: Setting up sync and frameCommitCallback
07-28 18:56:33.315  9007  9007 I DecorView: [INFO] isPopOver=false config=true
07-28 18:56:33.316  9007  9007 I DecorView: updateCaptionType: isFloating=false isApplication=true hasWindowDecorCaption=false this=DecorView@b92ddde[]
07-28 18:56:33.316  9007  9007 D DecorView: setCaptionType = 0, this = DecorView@b92ddde[]
07-28 18:56:33.318 17091 17124 I BLASTBufferQueue: [ViewRootImpl@2ebb777[dogglers]#90](f:0,a:0) onFrameAvailable the first frame is available
07-28 18:56:33.319 17091 17124 D BLASTBufferQueue: [ViewRootImpl@2ebb777[dogglers]#90](f:0,a:1) acquireNextBufferLocked size=1080x2400 mFrameNumber=1 applyTransaction=true mTimestamp=1010962117973718(auto) mPendingTransactions.size=0 graphicBufferId=73405286056565 transform=0
07-28 18:56:33.320 17091 17124 I ViewRootImpl@2ebb777[dogglers]: Received frameCommittedCallback lastAttemptedDrawFrameNum=1 didProduceBuffer=true
07-28 18:56:33.320  9007  9007 I DecorView: getCurrentDensityDpi: from real metrics. densityDpi=450 msg=resources_loaded
07-28 18:56:33.320  1127  1127 D SurfaceFlinger: [input] inputWindowCommands.focusRequests size is 1
07-28 18:56:33.321  1127  1127 D BufferStateLayer: Splash Screen com.example.dogglers$_17091#178941 setBuffer frameId=1, bufferId=73405286056565 fenceId=444, w= 1080, h=2400
07-28 18:56:33.321  9007  9007 I DecorView: setWindowBackground: isPopOver=false color=ff010101 d=android.graphics.drawable.StateListDrawable@4d64bbf
07-28 18:56:33.322  9007  9007 D LifecycleMonitor: Lifecycle status change: androidx.test.core.app.InstrumentationActivityInvoker$BootstrapActivity@ae54c63 in: CREATED
07-28 18:56:33.322  1127  1386 D SurfaceFlinger: [input] setFocusedWindow: <null>
07-28 18:56:33.322  1624  3704 D InputDispatcher: Focus left window (0): b2bc12 com.sec.android.app.launcher/com.sec.android.app.launcher.activities.LauncherActivity
07-28 18:56:33.322  9007  9007 V ActivityScenario: Activity lifecycle changed event received but ignored because the intent does not match. startActivityIntent=Intent { act=android.intent.action.MAIN cat=[android.intent.category.LAUNCHER] cmp=com.example.dogglers/.VerticalListActivity }, activity.getIntent()=Intent { act=android.intent.action.MAIN cat=[android.intent.category.LAUNCHER] flg=0x10008000 cmp=com.example.dogglers/androidx.test.core.app.InstrumentationActivityInvoker$BootstrapActivity (has extras) }, activity=androidx.test.core.app.InstrumentationActivityInvoker$BootstrapActivity@ae54c63
07-28 18:56:33.323  3393  3393 I ViewRootImpl@c6ee0f[LauncherActivity]: MSG_WINDOW_FOCUS_CHANGED 0 0
07-28 18:56:33.323 17091 17124 D OpenGLRenderer: CFMS:: SetUp Pid : 17091    Tid : 17124
07-28 18:56:33.323  3393  3393 I BaseActivity: removeActivityFlags, flags : 8
07-28 18:56:33.324 17091 17124 W Parcel  : Expecting binder but got null!
07-28 18:56:33.324  9007  9007 D LifecycleMonitor: Lifecycle status change: androidx.test.core.app.InstrumentationActivityInvoker$BootstrapActivity@ae54c63 in: STARTED
07-28 18:56:33.324 17091 17121 I ViewRootImpl@2ebb777[dogglers]: onSyncComplete
07-28 18:56:33.325  9007  9007 V ActivityScenario: Activity lifecycle changed event received but ignored because the intent does not match. startActivityIntent=Intent { act=android.intent.action.MAIN cat=[android.intent.category.LAUNCHER] cmp=com.example.dogglers/.VerticalListActivity }, activity.getIntent()=Intent { act=android.intent.action.MAIN cat=[android.intent.category.LAUNCHER] flg=0x10008000 cmp=com.example.dogglers/androidx.test.core.app.InstrumentationActivityInvoker$BootstrapActivity (has extras) }, activity=androidx.test.core.app.InstrumentationActivityInvoker$BootstrapActivity@ae54c63
07-28 18:56:33.325 17091 17121 I ViewRootImpl@2ebb777[dogglers]: setupSync seqId=0 mSyncId=0 fn=1 caller=android.view.ViewRootImpl$$ExternalSyntheticLambda11.accept:6 android.window.SurfaceSyncer.lambda$setupSync$1$android-window-SurfaceSyncer:128 android.window.SurfaceSyncer$$ExternalSyntheticLambda1.accept:8 android.window.SurfaceSyncer$SyncSet.checkIfSyncIsComplete:382 android.window.SurfaceSyncer$SyncSet.markSyncReady:359 android.window.SurfaceSyncer.markSyncReady:151 android.view.ViewRootImpl.performTraversals:4503
07-28 18:56:33.325 17091 17121 I ViewRootImpl@2ebb777[dogglers]: reportDrawFinished seqId=0 mSyncId=-1 fn=1 mSurfaceChangedTransaction=0xb400007315693a00
07-28 18:56:33.329  1127  2023 I SurfaceFlinger: id=178942 createSurf flag=24000, Surface(name=Task=1)/@0x5dd1774 - animation-leash of app_transition#178942
07-28 18:56:33.331  1127  2023 I SurfaceFlinger: id=178943 createSurf flag=24004, Surface(name=Task=30332)/@0xce3495c - animation-leash of app_transition#178943
07-28 18:56:33.333  1127  2023 I SurfaceFlinger: id=178944 createSurf flag=80000, 5d9cfc ActivityRecordInputSink com.example.dogglers/androidx.test.core.app.InstrumentationActivityInvoker$BootstrapActivity#178944
07-28 18:56:33.335 17091 17115 D Bubbles : onLocusVisibilityChanged: LocusId[17_chars] visible=false
07-28 18:56:33.336  3746  3746 E pageboostd: Received HALT command code 2
07-28 18:56:33.337  1127  1127 I Layer   : Layer [Splash Screen com.example.dogglers$_17091#178941] hidden!! flag(0)
07-28 18:56:33.339  1127  2023 I SurfaceFlinger: id=178945 createSurf flag=80004, ActivityRecord{3099f48 u0 com.example.dogglers/.VerticalListActivity} t30332}#178945
07-28 18:56:33.340  3393  3393 I BadgeRenderer: Invalid count : 0
07-28 18:56:33.340  3393  3393 I BadgeRenderer: Invalid count : 0
07-28 18:56:33.341  1624  1668 I SemPersonaManager: SecureFolder personaId = 150
07-28 18:56:33.344  1127  1127 I BufferQueueProducer: [FramebufferSurface](this:0xb40000762323cb60,id:-1,api:1,p:1127,c:1127) queueBuffer: fps=1.28 dur=2343.53 max=1398.21 min=11.85
07-28 18:56:33.345  1127  2023 I SurfaceFlinger: id=178946 createSurf flag=80000, b6e853a ActivityRecordInputSink com.example.dogglers/.VerticalListActivity#178946
07-28 18:56:33.347  1127  1127 D SurfaceFlinger: Display 0 HWC layers:
07-28 18:56:33.347  1127  1127 D SurfaceFlinger:      DEVICE | 0xb4000075f544b300 | 0100 | RGBx_8888    |    0.0    0.0 1080.0 2400.0 |    0    0 1080 2400 | Wallpaper BBQ wrapper#176353
07-28 18:56:33.347  1127  1127 D SurfaceFlinger:      DEVICE | 0xb4000075f544d580 | 0100 | RGBA_8888    |    0.0    0.0 1080.0 2400.0 |    0    0 1080 2400 | com.sec.android.app.launcher/com.sec[...]vities.LauncherActivity$_3393#178929
07-28 18:56:33.347  1127  1127 D SurfaceFlinger:      DEVICE | 0xb400007623229e80 | 0100 | RGBA_8888    |    0.0    0.0 1080.0 2400.0 |    0    0 1080 2400 | Splash Screen com.example.dogglers$_17091#178941
07-28 18:56:33.347  1127  1127 D SurfaceFlinger:      CLIENT | 0xb400007623228f80 | 0100 | RGBA_8888    |    0.0    0.0 1080.0   80.0 |    0    0 1080   80 | StatusBar$_17091#176350
07-28 18:56:33.347  1127  1127 D SurfaceFlinger:      CLIENT | 0xb400007621856a00 | 0100 | RGBA_8888    |    0.0    0.0 1080.0  135.0 |    0 2265 1080 2400 | NavigationBar0$_17091#176345
07-28 18:56:33.347  1127  1127 D SurfaceFlinger:      CLIENT | 0xb4000076232f1a80 | 0140 | RGBA_8888    |    0.0    0.0 1080.0  150.0 |    0    0 1080  150 | ScreenDecorOverlay$_17091#176358
07-28 18:56:33.347  1127  1127 D SurfaceFlinger:      CLIENT | 0xb400007621856400 | 0140 | RGBA_8888    |    0.0    0.0 1080.0  150.0 |    0 2250 1080 240
07-28 18:56:33.347  1127  1127 D SurfaceFlinger: 0 | ScreenDecorOverlayBottom$_17091#176359
07-28 18:56:33.347  1127  1127 D SurfaceFlinger:
07-28 18:56:33.347 17091 18912 I ViewRootImpl@2ebb777[dogglers]: Resizing android.view.ViewRootImpl@a45c650: frame = [0,0][1080,2400] reportDraw = false forceLayout = false syncSeqId = 0
07-28 18:56:33.347 17091 17121 I ViewRootImpl@2ebb777[dogglers]: handleResized, msg = 4 frames=ClientWindowFrames{frame=[0,0][1080,2400] display=[0,0][1080,2400] parentFrame=[0,0][0,0] parentClippedByDisplayCutout=false} forceNextWindowRelayout=false displayId=0 resizeMode=-1 frameChanged=false displayFrameChanged=false configChanged=false displayChanged=false
07-28 18:56:33.348  9007  9007 D LifecycleMonitor: Lifecycle status change: androidx.test.core.app.InstrumentationActivityInvoker$BootstrapActivity@ae54c63 in: RESUMED
07-28 18:56:33.348  9007  9007 V ActivityScenario: Activity lifecycle changed event received but ignored because the intent does not match. startActivityIntent=Intent { act=android.intent.action.MAIN cat=[android.intent.category.LAUNCHER] cmp=com.example.dogglers/.VerticalListActivity }, activity.getIntent()=Intent { act=android.intent.action.MAIN cat=[android.intent.category.LAUNCHER] flg=0x10008000 cmp=com.example.dogglers/androidx.test.core.app.InstrumentationActivityInvoker$BootstrapActivity (has extras) }, activity=androidx.test.core.app.InstrumentationActivityInvoker$BootstrapActivity@ae54c63
07-28 18:56:33.348  1434  1434 D connsyslogger: Open FIFO for close
07-28 18:56:33.349  3393  3393 I ViewRootImpl@c6ee0f[LauncherActivity]: handleAppVisibility mAppVisible = true visible = false
07-28 18:56:33.351 17091 23739 D WallpaperService: dispatchAppVisibility onVisibilityChanged(): false
07-28 18:56:33.351 17091 17091 D WallpaperService: reportVisibility onVisibilityChanged visible: false
07-28 18:56:33.351 17091 17218 I ImageWallpaper[GLEngine]:  onVisibilityChanged false , 0
07-28 18:56:33.354  1127  1127 I Layer   : id=178942 removeFromCurrentState Surface(name=Task=1)/@0x5dd1774 - animation-leash of app_transition#178942 (119)
07-28 18:56:33.354  1127  1127 I Layer   : id=178943 removeFromCurrentState Surface(name=Task=30332)/@0xce3495c - animation-leash of app_transition#178943 (119)
07-28 18:56:33.354  1127  1127 I Layer   : Layer [com.sec.android.app.launcher/com.sec.android.app.launcher.activities.LauncherActivity$_3393#178929] hidden!! flag(1)
07-28 18:56:33.354  1127  1127 I SurfaceFlinger: id=178943 Removed Surface(name=Task=30332)/@0xce3495c - animation-leash of app_transition#178943 (119)
07-28 18:56:33.354  1127  1127 I SurfaceFlinger: id=178942 Removed Surface(name=Task=1)/@0x5dd1774 - animation-leash of app_transition#178942 (119)
07-28 18:56:33.354  1127  1127 I Layer   : id=178942 Destroyed Surface(name=Task=1)/@0x5dd1774 - animation-leash of app_transition#178942
07-28 18:56:33.354  1127  1127 I Layer   : id=178943 Destroyed Surface(name=Task=30332)/@0xce3495c - animation-leash of app_transition#178943
07-28 18:56:33.358  3393  3393 I ViewRootImpl@c6ee0f[LauncherActivity]: performTraversals mFirst=false windowShouldResize=false viewVisibilityChanged=true mForceNextWindowRelayout=false params=null
07-28 18:56:33.359  1127  1127 D SurfaceFlinger: Display 0 HWC layers:
07-28 18:56:33.359  1127  1127 D SurfaceFlinger:      DEVICE | 0xb400007623229e80 | 0100 | RGBA_8888    |    0.0    0.0 1080.0 2400.0 |    0    0 1080 2400 | Splash Screen com.example.dogglers$_17091#178941
07-28 18:56:33.359  1127  1127 D SurfaceFlinger:      DEVICE | 0xb400007623228f80 | 0100 | RGBA_8888    |    0.0    0.0 1080.0   80.0 |    0    0 1080   80 | StatusBar$_17091#176350
07-28 18:56:33.359  1127  1127 D SurfaceFlinger:      DEVICE | 0xb400007621856a00 | 0100 | RGBA_8888    |    0.0    0.0 1080.0  135.0 |    0 2265 1080 2400 | NavigationBar0$_17091#176345
07-28 18:56:33.359  1127  1127 D SurfaceFlinger:      DEVICE | 0xb4000076232f1a80 | 0140 | RGBA_8888    |    0.0    0.0 1080.0  150.0 |    0    0 1080  150 | ScreenDecorOverlay$_17091#176358
07-28 18:56:33.359  1127  1127 D SurfaceFlinger:      DEVICE | 0xb400007621856400 | 0140 | RGBA_8888    |    0.0    0.0 1080.0  150.0 |    0 2250 1080 2400 | ScreenDecorOverlayBottom$_17091#176359
07-28 18:56:33.359  1127  1127 D SurfaceFlinger:
07-28 18:56:33.360  9007  9007 D LifecycleMonitor: Lifecycle status change: androidx.test.core.app.InstrumentationActivityInvoker$BootstrapActivity@ae54c63 in: PAUSED
07-28 18:56:33.360  1624  2705 V WindowManager: Relayout Window{b2bc12 u0 com.sec.android.app.launcher/com.sec.android.app.launcher.activities.LauncherActivity}: viewVisibility=8 req=1080x2400 d0
07-28 18:56:33.361  9007  9007 V ActivityScenario: Activity lifecycle changed event received but ignored because the intent does not match. startActivityIntent=Intent { act=android.intent.action.MAIN cat=[android.intent.category.LAUNCHER] cmp=com.example.dogglers/.VerticalListActivity }, activity.getIntent()=Intent { act=android.intent.action.MAIN cat=[android.intent.category.LAUNCHER] flg=0x10008000 cmp=com.example.dogglers/androidx.test.core.app.InstrumentationActivityInvoker$BootstrapActivity (has extras) }, activity=androidx.test.core.app.InstrumentationActivityInvoker$BootstrapActivity@ae54c63
07-28 18:56:33.363  1624  2705 V WindowManager: Relayout hash=b2bc12, pid=3393, syncId=-1: mAttrs={(0,0)(fillxfill) sim={adjust=nothing forwardNavigation} layoutInDisplayCutoutMode=shortEdges ty=BASE_APPLICATION fmt=TRANSPARENT wanim=0x10302f4
07-28 18:56:33.363  1624  2705 V WindowManager:   fl=81910100
07-28 18:56:33.363  1624  2705 V WindowManager:   pfl=1e020040
07-28 18:56:33.363  1624  2705 V WindowManager:   vsysui=1700
07-28 18:56:33.363  1624  2705 V WindowManager:   bhv=SHOW_TRANSIENT_BARS_BY_SWIPE
07-28 18:56:33.363  1624  2705 V WindowManager:   fitSides= naviIconColor=0}
07-28 18:56:33.366  3393  3393 I ViewRootImpl@c6ee0f[LauncherActivity]: Relayout returned: old=(0,0,1080,2400) new=(0,0,1080,2400) req=(1080,2400)8 dur=7 res=0x2 s={false 0x0} ch=true seqId=0
07-28 18:56:33.368  1624  3704 D InputDispatcher: Focused application(0): ActivityRecord{3099f48 u0 com.example.dogglers/.VerticalListActivity} t30332}
07-28 18:56:33.376  3393  3393 I ViewRootImpl@c6ee0f[LauncherActivity]: stopped(true) old = false
07-28 18:56:33.376  3393  3393 I ViewRootImpl@c6ee0f[LauncherActivity]: WindowStopped on com.sec.android.app.launcher/com.sec.android.app.launcher.activities.LauncherActivity set to true
07-28 18:56:33.377  1624  1668 I SemPersonaManager: SecureFolder personaId = 150
07-28 18:56:33.377  3393  3393 I Launcher: !@Boot_DEBUG: Launcher.onStop()
07-28 18:56:33.377  3393  3393 I Launcher: !@Boot_EBS_D: Launcher.onStop()
07-28 18:56:33.377  3393  3393 I BaseActivity: removeActivityFlags, flags : 17
07-28 18:56:33.377  3393  3393 I StateManager: goToState isInState Normal
07-28 18:56:33.377  3393  3756 I IMM_LC  : hsifw() - flag : 0
07-28 18:56:33.377  3393  3756 I IMM_LC  : hsifw() - mService.hideSoftInput
07-28 18:56:33.378  3393  3393 W LauncherAppWidgetHost: setShouldListenFlag, mFlags:7 flag:start on:false isFront:false
07-28 18:56:33.378  1624  2705 I AppWidgetServiceImpl: stopListening callbacks : null
07-28 18:56:33.379  3393  3393 W LauncherAppWidgetHost: stopListening, mFlags:2 isFront:false
07-28 18:56:33.379  3393  3393 W Launcher.NotificationListener: removeNotificationsChangedListener
07-28 18:56:33.379  3393  3393 I Launcher.NotificationListener: unregisterObserver, this is not notificationService!!
07-28 18:56:33.379  3393  3393 I BadgeCountUpdaterImpl: onNotificationsChangedDisConnected
07-28 18:56:33.380  3393  3393 I MSHandlerLifeCycle: removeMultiSplitHandler: no exist. decor=DecorView@4f24386[LauncherActivity]
07-28 18:56:33.381  3393  3758 I LiveIconUpdateEventHandler: cancelMinuteChangeAlarm
07-28 18:56:33.383  9007  9007 D LifecycleMonitor: Lifecycle status change: com.example.dogglers.VerticalListActivity@d9bf3b7 in: PRE_ON_CREATE
07-28 18:56:33.383  9007  9007 V ActivityScenario: Activity lifecycle changed event received but ignored because the reported transition was not ON_CREATE while the last known transition was PRE_ON_CREATE
07-28 18:56:33.388  1624  1668 D EnterpriseDeviceManagerService: isMdmAdminPresentInternal() : MDM Admin Found - com.samsung.knox.securefolder
07-28 18:56:33.391  1624  3919 I MediaSessionMonitor: Media session stopped : not playing state
07-28 18:56:33.395  9007  9007 I DecorView: [INFO] isPopOver=false config=true
07-28 18:56:33.395  9007  9007 I DecorView: updateCaptionType: isFloating=false isApplication=true hasWindowDecorCaption=false this=DecorView@dd11645[]
07-28 18:56:33.395  9007  9007 D DecorView: setCaptionType = 0, this = DecorView@dd11645[]
07-28 18:56:33.397  9007  9007 I DecorView: getCurrentDensityDpi: from real metrics. densityDpi=450 msg=resources_loaded
07-28 18:56:33.397  9007  9007 I DecorView: setWindowBackground: isPopOver=false color=ffffffff d=android.graphics.drawable.ColorDrawable@7adbacb
07-28 18:56:33.403  1127  1127 I Layer   : id=178929 removeFromCurrentState com.sec.android.app.launcher/com.sec.android.app.launcher.activities.LauncherActivity$_3393#178929 (117)
07-28 18:56:33.403  1127  1127 I SurfaceFlinger: id=178929 Removed com.sec.android.app.launcher/com.sec.android.app.launcher.activities.LauncherActivity$_3393#178929 (117)
07-28 18:56:33.404  1127  1127 I BufferQueueDebug: [com.sec.android.app.launcher/com.sec.android.app.launcher.activities.LauncherActivity$_3393#178929](this:0xb4000075f0892838,id:-1,api:0,p:-1,c:1127) onDestructor()
07-28 18:56:33.404  1127  1127 I Layer   : id=178929 Destroyed com.sec.android.app.launcher/com.sec.android.app.launcher.activities.LauncherActivity$_3393#178929
07-28 18:56:33.411  9007  9007 D LifecycleMonitor: Lifecycle status change: com.example.dogglers.VerticalListActivity@d9bf3b7 in: CREATED
07-28 18:56:33.411  9007  9007 V ActivityScenario: Update currentActivityStage to CREATED, currentActivity=com.example.dogglers.VerticalListActivity@d9bf3b7
07-28 18:56:33.412  1624  2791 D SemNscXgbMsL1: Probability - Cloud gaming: [0.106778905]
07-28 18:56:33.412  1624  2791 D SemNscXgbMsL1: Probability - Real time: [0.17874153]
07-28 18:56:33.413  1624  2791 D SemNscXgbMsL1: Probability - Non real time: [0.51793814]
07-28 18:56:33.413  1624  2791 D SemNscXgbMsL1: 1 sample inference time: 0.722077 msecs
07-28 18:56:33.413  9007  9007 D LifecycleMonitor: Lifecycle status change: com.example.dogglers.VerticalListActivity@d9bf3b7 in: STARTED
07-28 18:56:33.414  9007  9007 V ActivityScenario: Update currentActivityStage to STARTED, currentActivity=com.example.dogglers.VerticalListActivity@d9bf3b7
07-28 18:56:33.414  1624  2791 D SemNscXgbL2Rt: L2 RT 1 sample inference time: 1.132077 msecs
07-28 18:56:33.415  1624  2791 D SemNscXgbL2Nrt: L2 NRT 1 sample inference time: 0.900077 msecs
07-28 18:56:33.415  9007  9007 D LifecycleMonitor: Lifecycle status change: com.example.dogglers.VerticalListActivity@d9bf3b7 in: RESUMED
07-28 18:56:33.415  9007  9007 V ActivityScenario: Update currentActivityStage to RESUMED, currentActivity=com.example.dogglers.VerticalListActivity@d9bf3b7
07-28 18:56:33.416  9007  9007 I MSHandlerLifeCycle: check: return. pkg=com.example.dogglers parent=null callers=com.android.internal.policy.DecorView.setVisibility:4411 android.app.ActivityThread.handleResumeActivity:5476 android.app.servertransaction.ResumeActivityItem.execute:54 android.app.servertransaction.ActivityTransactionItem.execute:45 android.app.servertransaction.TransactionExecutor.executeLifecycleState:176
07-28 18:56:33.416  9007  9007 I MSHandlerLifeCycle: removeMultiSplitHandler: no exist. decor=DecorView@dd11645[]
07-28 18:56:33.417  1127  2023 D SurfaceFlinger: [SF client] NEW(0xb40000762185d640) for (9007:com.example.dogglers)
07-28 18:56:33.419  9007  9037 D NativeCustomFrequencyManager: [NativeCFMS] BpCustomFrequencyManager::BpCustomFrequencyManager()
07-28 18:56:33.421  1624  2705 D InputTransport: Input channel constructed: '7a47342', fd=1100
07-28 18:56:33.421  1624  2705 D InputTransport: Input channel constructed: '7a47342', fd=1102
07-28 18:56:33.421  1624  2705 D InputTransport: Input channel constructed: '7a47342', fd=1103
07-28 18:56:33.422  1127  1177 I SurfaceFlinger: id=178947 createSurf flag=80004, 7a47342 com.example.dogglers/com.example.dogglers.VerticalListActivity#178947
07-28 18:56:33.423  1624  2705 D InputTransport: Input channel destroyed: '7a47342', fd=1103
07-28 18:56:33.425  9007  9007 D InsetsController: onStateChanged: InsetsState: {mDisplayFrame=Rect(0, 0 - 1080, 2400), mDisplayCutout=DisplayCutout{insets=Rect(0, 80 - 0, 0) waterfall=Insets{left=0, top=0, right=0, bottom=0} boundingRect={Bounds=[Rect(0, 0 - 0, 0), Rect(468, 0 - 612, 80), Rect(0, 0 - 0, 0), Rect(0, 0 - 0, 0)]} cutoutPathParserInfo={CutoutPathParserInfo{displayWidth=1080 displayHeight=2400 physicalDisplayWidth=1080 physicalDisplayHeight=2400 density={2.625} cutoutSpec={M 0,0 H -27.42857142857143 V 30.47619047619048 H 27.42857142857143 V 0 H 0 Z @dp} rotation={0} scale={1.0} physicalPixelDisplaySizeRatio={1.0}}}}, mRoundedCorners=RoundedCorners{[RoundedCorner{position=TopLeft, radius=90, center=Point(90, 90)}, RoundedCorner{position=TopRight, radius=90, center=Point(990, 90)}, RoundedCorner{position=BottomRight, radius=90, center=Point(990, 2310)}, RoundedCorner{position=BottomLeft, radius=90, center=Point(90, 2310)}]}  mRoundedCornerFrame=Rect(0, 0 - 1080, 2400), mPrivacyIndicatorBounds=PrivacyIndicatorBounds {static bounds=Rect(956, 0 - 1080, 80) rotation=0}, mSources= { InsetsSource: {mType=ITYPE_STATUS_BAR, mFrame=[0,0][1080,80], mVisible=true, mInsetsRoundedCornerFrame=false}, InsetsSource: {mType=ITYPE_NAVIGATION_BAR, mFrame=[0,2265][1080,2400], mVisible=true, mInsetsRoundedCornerFrame=false}, InsetsSource: {mType=ITYPE_LEFT_GESTURES, mFrame=[0,0][0,2400], mVisible=true, mInsetsRoundedCornerFrame=false}, InsetsSource: {mType=ITYPE_RIGHT_GESTURES, mFrame=[1080,0][1080,2400], mVisible=true, mInsetsRoundedCornerFrame=false}, InsetsSource: {mType=ITYPE_TOP_MANDATORY_GESTURES, mFrame=[0,0][1080,114], mVisible=true, mInsetsRoundedCornerFrame=false}, InsetsSource: {mType=ITYPE_BOTTOM_MANDATORY_GESTURES, mFrame=[0,2265][1080,2400], mVisible=true, mInsetsRoundedCornerFrame=false}, InsetsSource: {mType=ITYPE_LEFT_DISPLAY_CUTOUT, mFrame=[0,0][-100000,2400], mVisible=true, mInsetsRoundedCornerFrame=false}, InsetsSource: {mType=ITYPE_TOP_DISPLAY_CUTOUT, mFrame=[0,0][1080,80], mVisible=true, mInsetsRoundedCornerFrame=false}, InsetsSource: {mType=ITYPE_RIGHT_DISPLAY_CUTOUT, mFrame=[100000,0][1080,2400], mVisible=true, mInsetsRoundedCornerFrame=false}, InsetsSource: {mType=ITYPE_BOTTOM_DISPLAY_CUTOUT, mFrame=[0,100000][1080,2400], mVisible=true, mInsetsRoundedCornerFrame=false}, InsetsSource: {mType=ITYPE_TOP_TAPPABLE_ELEMENT, mFrame=[0,0][1080,80], mVisible=true, mInsetsRoundedCornerFrame=false}, InsetsSource: {mType=ITYPE_BOTTOM_TAPPABLE_ELEMENT, mFrame=[0,2265][1080,2400], mVisible=true, mInsetsRoundedCornerFrame=false} } host=com.example.dogglers/com.example.dogglers.VerticalListActivity from=android.view.ViewRootImpl.setView:1732
07-28 18:56:33.427  9007  9007 I ViewRootImpl@6bd1ab5[VerticalListActivity]: setView = com.android.internal.policy.DecorView@dd11645 TM=true
07-28 18:56:33.428  9007  9007 I MSHandlerLifeCycle: removeMultiSplitHandler: no exist. decor=DecorView@dd11645[VerticalListActivity]
07-28 18:56:33.428  1624  1745 D AnalyticsContainerHandler: handleMessage : { when=0 what=1 target=com.android.server.knox.KnoxAnalyticsContainer$AnalyticsHandler }
07-28 18:56:33.428  9007  9007 D LifecycleMonitor: Lifecycle status change: androidx.test.core.app.InstrumentationActivityInvoker$BootstrapActivity@ae54c63 in: STOPPED
07-28 18:56:33.429  9007  9007 V ActivityScenario: Activity lifecycle changed event received but ignored because the intent does not match. startActivityIntent=Intent { act=android.intent.action.MAIN cat=[android.intent.category.LAUNCHER] cmp=com.example.dogglers/.VerticalListActivity }, activity.getIntent()=Intent { act=android.intent.action.MAIN cat=[android.intent.category.LAUNCHER] flg=0x10008000 cmp=com.example.dogglers/androidx.test.core.app.InstrumentationActivityInvoker$BootstrapActivity (has extras) }, activity=androidx.test.core.app.InstrumentationActivityInvoker$BootstrapActivity@ae54c63
07-28 18:56:33.443  9007  9007 I ViewRootImpl@6bd1ab5[VerticalListActivity]: performTraversals params={(0,0)(fillxfill) sim={adjust=resize forwardNavigation} ty=BASE_APPLICATION wanim=0x1030309
07-28 18:56:33.443  9007  9007 I ViewRootImpl@6bd1ab5[VerticalListActivity]:   fl=81810100
07-28 18:56:33.443  9007  9007 I ViewRootImpl@6bd1ab5[VerticalListActivity]:   pfl=12020040
07-28 18:56:33.443  9007  9007 I ViewRootImpl@6bd1ab5[VerticalListActivity]:   bhv=DEFAULT
07-28 18:56:33.443  9007  9007 I ViewRootImpl@6bd1ab5[VerticalListActivity]:   fitSides= naviIconColor=0
07-28 18:56:33.443  9007  9007 I ViewRootImpl@6bd1ab5[VerticalListActivity]:   sfl=100000}
07-28 18:56:33.444  9007  9007 I ViewRootImpl@6bd1ab5[VerticalListActivity]: performTraversals mFirst=true windowShouldResize=true viewVisibilityChanged=false mForceNextWindowRelayout=false params={(0,0)(fillxfill) sim={adjust=resize forwardNavigation} ty=BASE_APPLICATION wanim=0x1030309
07-28 18:56:33.444  9007  9007 I ViewRootImpl@6bd1ab5[VerticalListActivity]:   fl=81810100
07-28 18:56:33.444  9007  9007 I ViewRootImpl@6bd1ab5[VerticalListActivity]:   pfl=12020040
07-28 18:56:33.444  9007  9007 I ViewRootImpl@6bd1ab5[VerticalListActivity]:   bhv=DEFAULT
07-28 18:56:33.444  9007  9007 I ViewRootImpl@6bd1ab5[VerticalListActivity]:   fitSides= naviIconColor=0
07-28 18:56:33.444  9007  9007 I ViewRootImpl@6bd1ab5[VerticalListActivity]:   sfl=100000}
07-28 18:56:33.445  1624  2705 V WindowManager: Relayout Window{7a47342 u0 com.example.dogglers/com.example.dogglers.VerticalListActivity}: viewVisibility=0 req=1080x2400 d0
07-28 18:56:33.446  1127  1177 I BufferQueueDebug: [com.example.dogglers/com.example.dogglers.VerticalListActivity$_9007#178948](this:0xb4000075f4c10838,id:-1,api:0,p:-1,c:-1) BufferQueue core=(1127:/system/bin/surfaceflinger)
07-28 18:56:33.446  1127  1177 I SurfaceFlinger: id=178948 createSurf flag=40004, com.example.dogglers/com.example.dogglers.VerticalListActivity$_9007#178948
07-28 18:56:33.448  1127  1177 I SurfaceFlinger: id=178949 createSurf flag=24000, Surface(name=f59a3f7 StatusBar)/@0xc90eccd - animation-leash of insets_animation#178949
07-28 18:56:33.450  1127  1177 I SurfaceFlinger: id=178950 createSurf flag=24000, Surface(name=3aacd27 NavigationBar0)/@0x501b17d - animation-leash of insets_animation#178950
07-28 18:56:33.451  3393 16210 I TouchInteractionService: onSystemUiStateChanged, stateFlags : 131072 |allow_gesture|
07-28 18:56:33.451  3393  3393 I RecentsAnimationDeviceState: setSystemUiFlags, stateFlags : 131072
07-28 18:56:33.451  3393  3393 I TouchInteractionService: onSystemUiFlagsChanged, lastSysUIFlags : 0
07-28 18:56:33.452  1624  2705 V WindowManager: Relayout hash=7a47342, pid=9007, syncId=-1: mAttrs={(0,0)(fillxfill) sim={adjust=resize forwardNavigation} ty=BASE_APPLICATION wanim=0x1030309
07-28 18:56:33.452  1624  2705 V WindowManager:   fl=81810100
07-28 18:56:33.452  1624  2705 V WindowManager:   pfl=12020040
07-28 18:56:33.452  1624  2705 V WindowManager:   apr=LIGHT_NAVIGATION_BARS
07-28 18:56:33.452  1624  2705 V WindowManager:   bhv=DEFAULT
07-28 18:56:33.452  1624  2705 V WindowManager:   fitSides= naviIconColor=0
07-28 18:56:33.452  1624  2705 V WindowManager:   sfl=100000}
07-28 18:56:33.455  9007  9007 I ViewRootImpl@6bd1ab5[VerticalListActivity]: updateBlastSurfaceIfNeeded mBlastBufferQueue=null isSameSurfaceControl=false
07-28 18:56:33.455  9007  9007 D BufferQueueConsumer: [](id:232f00000009,api:0,p:-1,c:9007) connect: controlledByApp=false
