07-28 17:18:53.021  8684  8761 I TestRunner: started: vertical_scroll_content_at_first_position(com.example.dogglers.VerticalListTests)
07-28 17:18:53.023  8684  8684 D LifecycleMonitor: Lifecycle status change: androidx.test.core.app.InstrumentationActivityInvoker$EmptyActivity@20486c4 in: DESTROYED
07-28 17:18:53.024  8684  8684 I MSHandlerLifeCycle: removeMultiSplitHandler: no exist. decor=DecorView@4e36073[InstrumentationActivityInvoker$EmptyActivity]
07-28 17:18:53.025  8684  8768 D OpenGLRenderer: setSurface called with nullptr
07-28 17:18:53.025  8684  8684 I ViewRootImpl@be9d3a9[InstrumentationActivityInvoker$EmptyActivity]: dispatchDetachedFromWindow
07-28 17:18:53.026  1624  2462 D InputTransport: Input channel destroyed: 'adc9529', fd=862
07-28 17:18:53.026  1624  2462 W InputManager-JNI: Input channel object 'adc9529 com.example.dogglers/androidx.test.core.app.InstrumentationActivityInvoker$EmptyActivity (client)' was disposed without first being removed with the input manager!
07-28 17:18:53.026  1624  2462 D InputTransport: Input channel destroyed: 'adc9529', fd=876
07-28 17:18:53.026  1127  1127 I Layer   : id=175945 removeFromCurrentState Surface(name=d8adfc2 InputMethod)/@0xc2b360e - animation-leash of insets_animation#175945 (121)
07-28 17:18:53.031  8684  8684 D InputTransport: Input channel destroyed: 'adc9529', fd=122
07-28 17:18:53.032  1127  2095 I SurfaceFlinger: id=175945 Removed Surface(name=d8adfc2 InputMethod)/@0xc2b360e - animation-leash of insets_animation#175945 (121)
07-28 17:18:53.033  1127  2095 I SurfaceFlinger: id=175944 Removed 3e4f65a ActivityRecordInputSink com.example.dogglers/androidx.test.core.app.InstrumentationActivityInvoker$EmptyActivity#175944 (121)
07-28 17:18:53.034  1127  3782 I SurfaceFlinger: id=175954 createSurf flag=24004, Task=30272#175954
07-28 17:18:53.034  8684  8684 D InputTransport: Input channel destroyed: 'ClientS', fd=138
07-28 17:18:53.036  3393  3393 I RecentsView: onTaskRemoved() taskId : 30272
07-28 17:18:53.036  3393  3393 I TopTaskTracker: onTaskRemoved : taskId = 30272
07-28 17:18:53.037  3393  3393 I RecentsView: onTaskRemoved() taskId : 30272
07-28 17:18:53.037  3393  3393 I TopTaskTracker: onTaskRemoved : taskId = 30272
07-28 17:18:53.043  1127  1127 I Layer   : id=175941 removeFromCurrentState com.example.dogglers/androidx.test.core.app.InstrumentationActivityInvoker$EmptyActivity$_8684#175941 (122)
07-28 17:18:53.043  1127  1127 I Layer   : id=175940 removeFromCurrentState adc9529 com.example.dogglers/androidx.test.core.app.InstrumentationActivityInvoker$EmptyActivity#175940 (122)
07-28 17:18:53.043  1127  1127 I SurfaceFlinger: id=175941 Removed com.example.dogglers/androidx.test.core.app.InstrumentationActivityInvoker$EmptyActivity$_8684#175941 (122)
07-28 17:18:53.043  1127  1127 I SurfaceFlinger: id=175940 Removed adc9529 com.example.dogglers/androidx.test.core.app.InstrumentationActivityInvoker$EmptyActivity#175940 (122)
07-28 17:18:53.043  8684  8761 W Settings: Setting always_finish_activities has moved from android.provider.Settings.System to android.provider.Settings.Global, returning read-only value.
07-28 17:18:53.044  1127  1127 I Layer   : id=175945 Destroyed Surface(name=d8adfc2 InputMethod)/@0xc2b360e - animation-leash of insets_animation#175945
07-28 17:18:53.044  1127  1127 I Layer   : id=175940 Destroyed adc9529 com.example.dogglers/androidx.test.core.app.InstrumentationActivityInvoker$EmptyActivity#175940
07-28 17:18:53.044  1127  1127 I BufferQueueDebug: [com.example.dogglers/androidx.test.core.app.InstrumentationActivityInvoker$EmptyActivity$_8684#175941](this:0xb4000075f0aa9838,id:-1,api:0,p:-1,c:1127) onDestructor()
07-28 17:18:53.044  1127  1127 I Layer   : id=175941 Destroyed com.example.dogglers/androidx.test.core.app.InstrumentationActivityInvoker$EmptyActivity$_8684#175941
07-28 17:18:53.054  1624  1668 I ChimeraSystemEventListener: appLaunchIntent package name is: com.example.dogglers
07-28 17:18:53.054  3746  3746 E pageboostd: Received HALT command code 2
07-28 17:18:53.057  1624  5932 D PkgPredictorService-IpmAdcpController: create a new DexPreloadTask pkg:com.example.dogglers  path:/data/app/~~KwWEaLvC3N8lGKrKk0eQLw==/com.example.dogglers-qTYCQ1SZN0zaUgqutcjCEg==
07-28 17:18:53.057  1624  3610 I SemDvfsHyPerManager: acquire hyper - AMS_APP_SWITCH/1624@32, type = -999
07-28 17:18:53.058  1127  3782 I SurfaceFlinger: id=175955 createSurf flag=24004, Task=30273#175955
07-28 17:18:53.059  1090  1150 I HYPER-HAL: [RequestManager.cpp]acquire(): Acquired ID : 1372028  [1624 / 32]    HINT : AMS_ACT_SWITCH    list :
07-28 17:18:53.059  1090  1150 I mtkpower_client: perf_lock_rel, hdl:80062, tid:1150
07-28 17:18:53.059  1127  1127 I Layer   : id=175937 removeFromCurrentState ActivityRecord{f28808b u0 com.example.dogglers/androidx.test.core.app.InstrumentationActivityInvoker$EmptyActivity} t30272}#175937 (120)
07-28 17:18:53.059  1127  1127 I Layer   : id=175944 removeFromCurrentState 3e4f65a ActivityRecordInputSink com.example.dogglers/androidx.test.core.app.InstrumentationActivityInvoker$EmptyActivity#175944 (120)
07-28 17:18:53.059  1127  1127 I Layer   : id=175916 removeFromCurrentState Task=30272#175916 (120)
07-28 17:18:53.059  1127  1127 I Layer   : id=175954 removeFromCurrentState Task=30272#175954 (120)
07-28 17:18:53.059  1127  1127 I SurfaceFlinger: id=175937 Removed ActivityRecord{f28808b u0 com.example.dogglers/androidx.test.core.app.InstrumentationActivityInvoker$EmptyActivity} t30272}#175937 (120)
07-28 17:18:53.059  1127  1127 I SurfaceFlinger: id=175954 Removed Task=30272#175954 (120)
07-28 17:18:53.060  1127  1127 I Layer   : id=175937 Destroyed ActivityRecord{f28808b u0 com.example.dogglers/androidx.test.core.app.InstrumentationActivityInvoker$EmptyActivity} t30272}#175937
07-28 17:18:53.060  1127  1127 I Layer   : id=175944 Destroyed 3e4f65a ActivityRecordInputSink com.example.dogglers/androidx.test.core.app.InstrumentationActivityInvoker$EmptyActivity#175944
07-28 17:18:53.060  1093  1167 I libPowerHal: [perfLockRel] hdl:80062, idx:2
07-28 17:18:53.060  1127  1127 I Layer   : id=175954 Destroyed Task=30272#175954
07-28 17:18:53.060  1090  1150 I mtkpower_client: perf_lock_acq, hdl:0, dur:0, num:2, tid:1150
07-28 17:18:53.060  1093  1167 I libPowerHal: [PD] vendor.samsung. update cmd:1c3c000, param:1
07-28 17:18:53.060  1093  1167 I libPowerHal: [PD] (less) /proc/mcdi/state set +prefix:enable 1;
07-28 17:18:53.062  5208  5208 I SemDvfsHyPerManager: acquire hyper - APP_START_SHORT/5208@12, type = -999
07-28 17:18:53.062  1093  1167 I libPowerHal: [perfLockAcq] idx:0 hdl:80064 hint:-1 pid:1090 duration:0 lock_user:vendor.samsung. => ret_hdl:80064
07-28 17:18:53.063  1093  1167 I libPowerHal: [PE] (less) /proc/mcdi/state set +prefix:enable 0;
07-28 17:18:53.063  1624  3610 E libprocessgroup: Failed to find cgroup for tid 3610
07-28 17:18:53.063  1624  3610 W libprocessgroup: Failed to apply DoSomethingOlaf task profile: Try again
07-28 17:18:53.063  1090  1150 I mtkpower_client: ret_hdl:80064
07-28 17:18:53.063  1090  1150 I mtkpower_client: perf_lock_rel, hdl:80063, tid:1150
07-28 17:18:53.063  1090  1150 I mtkpower_client: perf_lock_acq, hdl:0, dur:0, num:2, tid:1150
07-28 17:18:53.064  1093  1167 I libPowerHal: [perfLockRel] hdl:80063, idx:3
07-28 17:18:53.064  1093  1167 I libPowerHal: vendor.samsung.: cpu_ctrl set cpu freq: -1 -1 -1 -1
07-28 17:18:53.064  1090  1150 I mtkpower_client: ret_hdl:80065
07-28 17:18:53.064  1090  1150 I mtkpower_client: perf_lock_rel, hdl:80061, tid:1150
07-28 17:18:53.064  1093  1167 I libPowerHal: [perfLockAcq] idx:2 hdl:80065 hint:-1 pid:1090 duration:0 lock_user:vendor.samsung. => ret_hdl:80065
07-28 17:18:53.065  1093  1167 I libPowerHal: vendor.samsung.: cpu_ctrl set cpu freq: 1800000 -1 -1 -1
07-28 17:18:53.066  1090  1150 I mtkpower_client: perf_lock_acq, hdl:0, dur:0, num:2, tid:1150
07-28 17:18:53.066  1093  1167 I libPowerHal: [perfLockRel] hdl:80061, idx:1
07-28 17:18:53.066  1093  1167 I libPowerHal: [PD] vendor.samsung. update cmd:1000000, param:-1
07-28 17:18:53.067  1093  1167 I libPowerHal: [PD] vendor.samsung. update cmd:1000000 param:-1
07-28 17:18:53.067  1090  1150 I mtkpower_client: ret_hdl:80066
07-28 17:18:53.067  1090  1150 I HYPER-HAL: [RequestManager.cpp]acquire(): Acquired ID : 13626822  [5208 / 12]    HINT : APP_START    list : [TIMEOUT / 1500]
07-28 17:18:53.068  1090  8943 I mtkpower_client: perf_lock_rel, hdl:80064, tid:8943
07-28 17:18:53.068  1093  1167 I libPowerHal: [perfLockAcq] idx:3 hdl:80066 hint:-1 pid:1090 duration:0 lock_user:vendor.samsung. => ret_hdl:80066
07-28 17:18:53.068  1093  1167 I libPowerHal: [PE] vendor.samsung. update cmd:1000000, param:0
07-28 17:18:53.068  1093  1167 I libPowerHal: [PE] vendor.samsung. update cmd:1000000 param:0
07-28 17:18:53.068  1127  3782 I SurfaceFlinger: id=175956 createSurf flag=80004, ActivityRecord{6a95c1e u0 com.example.dogglers/androidx.test.core.app.InstrumentationActivityInvoker$BootstrapActivity} t30273}#175956
07-28 17:18:53.069  1090  8943 I mtkpower_client: perf_lock_acq, hdl:0, dur:0, num:2, tid:8943
07-28 17:18:53.069  1093  1167 I libPowerHal: [perfLockRel] hdl:80064, idx:0
07-28 17:18:53.069  1093  1167 I libPowerHal: [PD] vendor.samsung. update cmd:1c3c000, param:1
07-28 17:18:53.069  1093  1167 I libPowerHal: [PD] (less) /proc/mcdi/state set +prefix:enable 1;
07-28 17:18:53.070  1090  8943 I mtkpower_client: ret_hdl:80067
07-28 17:18:53.070  1090  8943 I mtkpower_client: perf_lock_rel, hdl:80066, tid:8943
07-28 17:18:53.070  1093  1167 I libPowerHal: [perfLockAcq] idx:0 hdl:80067 hint:-1 pid:1090 duration:0 lock_user:vendor.samsung. => ret_hdl:80067
07-28 17:18:53.071  1093  1167 I libPowerHal: [PE] (less) /proc/mcdi/state set +prefix:enable 0;
07-28 17:18:53.071  1090  8943 I mtkpower_client: perf_lock_acq, hdl:0, dur:0, num:2, tid:8943
07-28 17:18:53.072  1093  1167 I libPowerHal: [perfLockRel] hdl:80066, idx:3
07-28 17:18:53.072  1093  1167 I libPowerHal: [PD] vendor.samsung. update cmd:1000000, param:-1
07-28 17:18:53.073  1093  1167 I libPowerHal: [PD] vendor.samsung. update cmd:1000000 param:-1
07-28 17:18:53.075  1090  8943 I mtkpower_client: ret_hdl:80068
07-28 17:18:53.075  1090  8943 I HYPER-HAL: [RequestManager.cpp]releaseLocked(): Released ID : 1353856
07-28 17:18:53.076  1093  1167 I libPowerHal: [perfLockAcq] idx:1 hdl:80068 hint:-1 pid:1090 duration:0 lock_user:vendor.samsung. => ret_hdl:80068
07-28 17:18:53.076  1127  3782 D SurfaceFlinger: [SF client] NEW(0xb40000762185ad20) for (2897:com.android.systemui)
07-28 17:18:53.076  1093  1167 I libPowerHal: [PE] vendor.samsung. update cmd:1000000, param:0
07-28 17:18:53.076  1093  1167 I libPowerHal: [PE] vendor.samsung. update cmd:1000000 param:0
07-28 17:18:53.077  1624  2791 D SemNscXgbMsL1: Probability - Cloud gaming: [0.059970215]
07-28 17:18:53.077  1624  2791 D SemNscXgbMsL1: Probability - Real time: [0.08046466]
07-28 17:18:53.078  1624  2791 D SemNscXgbMsL1: Probability - Non real time: [0.16605362]
07-28 17:18:53.078  1624  2791 D SemNscXgbMsL1: 1 sample inference time: 0.454847 msecs
07-28 17:18:53.078  1233  9321 I CameraService: onUidStateChanged: uid=10063, procState is changed. (0 -> 1)
07-28 17:18:53.078  1624  2791 D SemNscXgbL2Rt: L2 RT 1 sample inference time: 0.708923 msecs
07-28 17:18:53.079  1624  2791 D SemNscXgbL2Nrt: L2 NRT 1 sample inference time: 0.642385 msecs
07-28 17:18:53.079  2897  2960 D NativeCustomFrequencyManager: [NativeCFMS] BpCustomFrequencyManager::BpCustomFrequencyManager()
07-28 17:18:53.080  1624  1688 W libprocessgroup: Failed to open /dev/blkio//cgroup.procs: No such file or directory
07-28 17:18:53.083  1624  5715 I SemDvfsHyPerManager: acquire hyper - AMS_APP_LAUNCH/1624@20, type = -999
07-28 17:18:53.083  1090  1150 I HYPER-HAL: [RequestManager.cpp]acquire(): Acquired ID : 1352210  [1624 / 20]    HINT : AMS_APP_LAUNCH    list :
07-28 17:18:53.085  5208  5208 I SemDvfsHyPerManager: acquire hyper - APP_START/5208@14, type = -999
07-28 17:18:53.086  1090  1150 I HYPER-HAL: [RequestManager.cpp]acquire(): Acquired ID : 13637267  [5208 / 14]    HINT : APP_START    list :
07-28 17:18:53.087  3393  3393 I BaseActivity: removeActivityFlags, flags : 16
07-28 17:18:53.087  3393  3393 I BaseActivity: removeActivityFlags, flags : 6
07-28 17:18:53.087  1624  5212 D InputTransport: Input channel constructed: '9a61cf7', fd=862
07-28 17:18:53.088  1624  5212 D InputTransport: Input channel constructed: '9a61cf7', fd=876
07-28 17:18:53.088  3393  3393 I DragController: endDrag
07-28 17:18:53.088  3393  3393 W LauncherAppWidgetHost: setShouldListenFlag, mFlags:15 flag:resume on:false isFront:false
07-28 17:18:53.088  1624  5212 D InputTransport: Input channel constructed: '9a61cf7', fd=880
07-28 17:18:53.088  3393  3393 I SPayUpdater: updateSpayHandler launcher activity is paused false
07-28 17:18:53.088  1127  3782 I SurfaceFlinger: id=175957 createSurf flag=80004, 9a61cf7 Splash Screen com.example.dogglers#175957
07-28 17:18:53.089  1624  5212 D InputTransport: Input channel destroyed: '9a61cf7', fd=880
07-28 17:18:53.091  2897  2945 D InsetsController: onStateChanged: InsetsState: {mDisplayFrame=Rect(0, 0 - 1080, 2400), mDisplayCutout=DisplayCutout{insets=Rect(0, 80 - 0, 0) waterfall=Insets{left=0, top=0, right=0, bottom=0} boundingRect={Bounds=[Rect(0, 0 - 0, 0), Rect(468, 0 - 612, 80), Rect(0, 0 - 0, 0), Rect(0, 0 - 0, 0)]} cutoutPathParserInfo={CutoutPathParserInfo{displayWidth=1080 displayHeight=2400 physicalDisplayWidth=1080 physicalDisplayHeight=2400 density={2.625} cutoutSpec={M 0,0 H -27.42857142857143 V 30.47619047619048 H 27.42857142857143 V 0 H 0 Z @dp} rotation={0} scale={1.0} physicalPixelDisplaySizeRatio={1.0}}}}, mRoundedCorners=RoundedCorners{[RoundedCorner{position=TopLeft, radius=90, center=Point(90, 90)}, RoundedCorner{position=TopRight, radius=90, center=Point(990, 90)}, RoundedCorner{position=BottomRight, radius=90, center=Point(990, 2310)}, RoundedCorner{position=BottomLeft, radius=90, center=Point(90, 2310)}]}  mRoundedCornerFrame=Rect(0, 0 - 1080, 2400), mPrivacyIndicatorBounds=PrivacyIndicatorBounds {static bounds=Rect(956, 0 - 1080, 80) rotation=0}, mSources= { InsetsSource: {mType=ITYPE_STATUS_BAR, mFrame=[0,0][1080,80], mVisible=true, mInsetsRoundedCornerFrame=false}, InsetsSource: {mType=ITYPE_NAVIGATION_BAR, mFrame=[0,2265][1080,2400], mVisible=true, mInsetsRoundedCornerFrame=false}, InsetsSource: {mType=ITYPE_LEFT_GESTURES, mFrame=[0,0][0,2400], mVisible=true, mInsetsRoundedCornerFrame=false}, InsetsSource: {mType=ITYPE_RIGHT_GESTURES, mFrame=[1080,0][1080,2400], mVisible=true, mInsetsRoundedCornerFrame=false}, InsetsSource: {mType=ITYPE_TOP_MANDATORY_GESTURES, mFrame=[0,0][1080,114], mVisible=true, mInsetsRoundedCornerFrame=false}, InsetsSource: {mType=ITYPE_BOTTOM_MANDATORY_GESTURES, mFrame=[0,2265][1080,2400], mVisible=true, mInsetsRoundedCornerFrame=false}, InsetsSource: {mType=ITYPE_LEFT_DISPLAY_CUTOUT, mFrame=[0,0][-100000,2400], mVisible=true, mInsetsRoundedCornerFrame=false}, InsetsSource: {mType=ITYPE_TOP_DISPLAY_CUTOUT, mFrame=[0,0][1080,80], mVisible=true, mInsetsRoundedCornerFrame=false}, InsetsSource: {mType=ITYPE_RIGHT_DISPLAY_CUTOUT, mFrame=[100000,0][1080,2400], mVisible=true, mInsetsRoundedCornerFrame=false}, InsetsSource: {mType=ITYPE_BOTTOM_DISPLAY_CUTOUT, mFrame=[0,100000][1080,2400], mVisible=true, mInsetsRoundedCornerFrame=false}, InsetsSource: {mType=ITYPE_TOP_TAPPABLE_ELEMENT, mFrame=[0,0][1080,80], mVisible=true, mInsetsRoundedCornerFrame=false}, InsetsSource: {mType=ITYPE_BOTTOM_TAPPABLE_ELEMENT, mFrame=[0,2265][1080,2400], mVisible=true, mInsetsRoundedCornerFrame=false} } host=Splash Screen com.example.dogglers from=android.view.ViewRootImpl.setView:1732
07-28 17:18:53.092  2897  2945 I ViewRootImpl@f78fbe7[dogglers]: setView = android.widget.FrameLayout@bcf6f83 TM=true
07-28 17:18:53.094  2897  2945 I ViewRootImpl@f78fbe7[dogglers]: performTraversals params={(0,0)(fillxfill) sim={adjust=pan} ty=APPLICATION_STARTING fmt=TRANSLUCENT wanim=0x1030001
07-28 17:18:53.094  2897  2945 I ViewRootImpl@f78fbe7[dogglers]:   fl=81030118
07-28 17:18:53.094  2897  2945 I ViewRootImpl@f78fbe7[dogglers]:   pfl=16000010
07-28 17:18:53.094  2897  2945 I ViewRootImpl@f78fbe7[dogglers]:   bhv=DEFAULT
07-28 17:18:53.094  2897  2945 I ViewRootImpl@f78fbe7[dogglers]:   fitSides= naviIconColor=0}
07-28 17:18:53.094  2897  2945 I ViewRootImpl@f78fbe7[dogglers]: performTraversals mFirst=true windowShouldResize=true viewVisibilityChanged=false mForceNextWindowRelayout=false params={(0,0)(fillxfill) sim={adjust=pan} ty=APPLICATION_STARTING fmt=TRANSLUCENT wanim=0x1030001
07-28 17:18:53.094  2897  2945 I ViewRootImpl@f78fbe7[dogglers]:   fl=81030118
07-28 17:18:53.094  2897  2945 I ViewRootImpl@f78fbe7[dogglers]:   pfl=16000010
07-28 17:18:53.094  2897  2945 I ViewRootImpl@f78fbe7[dogglers]:   bhv=DEFAULT
07-28 17:18:53.094  2897  2945 I ViewRootImpl@f78fbe7[dogglers]:   fitSides= naviIconColor=0}
07-28 17:18:53.099  1624  5715 D InputDispatcher: Focused application(0): ActivityRecord{6a95c1e u0 com.example.dogglers/androidx.test.core.app.InstrumentationActivityInvoker$BootstrapActivity} t30273}
07-28 17:18:53.107  3393  3393 I TopTaskTracker: onTaskMovedToFront : taskId = 30273
07-28 17:18:53.108  1624  5212 V WindowManager: Relayout Window{9a61cf7 u0 Splash Screen com.example.dogglers}: viewVisibility=0 req=1080x2400 d0
07-28 17:18:53.109  1127  1127 I SurfaceFlinger: [b2bc12 com.sec.android.app.launcher/com.sec.android.app.launcher.activities.LauncherActivity#131] FrameRatePriority: -1
07-28 17:18:53.110  1127  2095 I BufferQueueDebug: [Splash Screen com.example.dogglers$_2897#175958](this:0xb4000075f4c42838,id:-1,api:0,p:-1,c:-1) BufferQueue core=(1127:/system/bin/surfaceflinger)
07-28 17:18:53.111  1127  2095 I SurfaceFlinger: id=175958 createSurf flag=40004, Splash Screen com.example.dogglers$_2897#175958
07-28 17:18:53.113  1624  1688 W libprocessgroup: Failed to open /dev/blkio//cgroup.procs: No such file or directory
07-28 17:18:53.113  1624  1643 D ConnectivityService: ConnectivityService NetworkRequestInfo binderDied(uid/pid:10221/3816, [NetworkRequest [ REQUEST id=98448, [ Capabilities: INTERNET&NOT_RESTRICTED&TRUSTED&NOT_VCN_MANAGED Uid: 10221 RequestorUid: 10221 RequestorPkg: com.android.vending UnderlyingNetworks: Null] ]], android.os.BinderProxy@ab29efc)
07-28 17:18:53.114  1624  1688 W libprocessgroup: Failed to open /dev/blkio//cgroup.procs: No such file or directory
07-28 17:18:53.114  1624  5742 D ConnectivityService: ConnectivityService NetworkRequestInfo binderDied(uid/pid:10221/3816, [NetworkRequest [ LISTEN id=98449, [ Capabilities: INTERNET&NOT_RESTRICTED&TRUSTED&NOT_VCN_MANAGED Uid: 10221 RequestorUid: 10221 RequestorPkg: com.android.vending UnderlyingNetworks: Null] ]], android.os.BinderProxy@8fdb3ef)
07-28 17:18:53.114  1624  1688 W libprocessgroup: Failed to open /dev/blkio//cgroup.procs: No such file or directory
07-28 17:18:53.116  1064  1064 I Zygote  : Process 3816 exited due to signal 9 (Killed)
07-28 17:18:53.116  1624  2735 D ConnectivityService: releasing NetworkRequest [ REQUEST id=98448, [ Capabilities: INTERNET&NOT_RESTRICTED&TRUSTED&NOT_VCN_MANAGED Uid: 10221 RequestorUid: 10221 RequestorPkg: com.android.vending UnderlyingNetworks: Null] ] (release request)
07-28 17:18:53.116  1624  5212 V WindowManager: Relayout hash=9a61cf7, pid=2897, syncId=-1: mAttrs={(0,0)(fillxfill) sim={adjust=pan} ty=APPLICATION_STARTING fmt=TRANSLUCENT wanim=0x1030001
07-28 17:18:53.116  1624  5212 V WindowManager:   fl=81030118
07-28 17:18:53.116  1624  5212 V WindowManager:   pfl=16000010
07-28 17:18:53.116  1624  5212 V WindowManager:   bhv=DEFAULT
07-28 17:18:53.116  1624  5212 V WindowManager:   fitSides= naviIconColor=0}
07-28 17:18:53.116  1624  2735 D ConnectivityService:  Removing from current network [184 WIFI], leaving 166 requests.
07-28 17:18:53.118  2897  2945 D InsetsController: onStateChanged: InsetsState: {mDisplayFrame=Rect(0, 0 - 1080, 2400), mDisplayCutout=DisplayCutout{insets=Rect(0, 80 - 0, 0) waterfall=Insets{left=0, top=0, right=0, bottom=0} boundingRect={Bounds=[Rect(0, 0 - 0, 0), Rect(468, 0 - 612, 80), Rect(0, 0 - 0, 0), Rect(0, 0 - 0, 0)]} cutoutPathParserInfo={CutoutPathParserInfo{displayWidth=1080 displayHeight=2400 physicalDisplayWidth=1080 physicalDisplayHeight=2400 density={2.625} cutoutSpec={M 0,0 H -27.42857142857143 V 30.47619047619048 H 27.42857142857143 V 0 H 0 Z @dp} rotation={0} scale={1.0} physicalPixelDisplaySizeRatio={1.0}}}}, mRoundedCorners=RoundedCorners{[RoundedCorner{position=TopLeft, radius=90, center=Point(90, 90)}, RoundedCorner{position=TopRight, radius=90, center=Point(990, 90)}, RoundedCorner{position=BottomRight, radius=90, center=Point(990, 2310)}, RoundedCorner{position=BottomLeft, radius=90, center=Point(90, 2310)}]}  mRoundedCornerFrame=Rect(0, 0 - 1080, 2400), mPrivacyIndicatorBounds=PrivacyIndicatorBounds {static bounds=Rect(956, 0 - 1080, 80) rotation=0}, mSources= { InsetsSource: {mType=ITYPE_STATUS_BAR, mFrame=[0,0][1080,80], mVisible=true, mInsetsRoundedCornerFrame=false}, InsetsSource: {mType=ITYPE_NAVIGATION_BAR, mFrame=[0,2265][1080,2400], mVisible=true, mInsetsRoundedCornerFrame=false}, InsetsSource: {mType=ITYPE_LEFT_GESTURES, mFrame=[0,0][0,2400], mVisible=true, mInsetsRoundedCornerFrame=false}, InsetsSource: {mType=ITYPE_RIGHT_GESTURES, mFrame=[1080,0][1080,2400], mVisible=true, mInsetsRoundedCornerFrame=false}, InsetsSource: {mType=ITYPE_TOP_MANDATORY_GESTURES, mFrame=[0,0][1080,114], mVisible=true, mInsetsRoundedCornerFrame=false}, InsetsSource: {mType=ITYPE_BOTTOM_MANDATORY_GESTURES, mFrame=[0,2265][1080,2400], mVisible=true, mInsetsRoundedCornerFrame=false}, InsetsSource: {mType=ITYPE_LEFT_DISPLAY_CUTOUT, mFrame=[0,0][-100000,2400], mVisible=true, mInsetsRoundedCornerFrame=false}, InsetsSource: {mType=ITYPE_TOP_DISPLAY_CUTOUT, mFrame=[0,0][1080,80], mVisible=true, mInsetsRoundedCornerFrame=false}, InsetsSource: {mType=ITYPE_RIGHT_DISPLAY_CUTOUT, mFrame=[100000,0][1080,2400], mVisible=true, mInsetsRoundedCornerFrame=false}, InsetsSource: {mType=ITYPE_BOTTOM_DISPLAY_CUTOUT, mFrame=[0,100000][1080,2400], mVisible=true, mInsetsRoundedCornerFrame=false}, InsetsSource: {mType=ITYPE_TOP_TAPPABLE_ELEMENT, mFrame=[0,0][1080,80], mVisible=true, mInsetsRoundedCornerFrame=false}, InsetsSource: {mType=ITYPE_BOTTOM_TAPPABLE_ELEMENT, mFrame=[0,2265][1080,2400], mVisible=true, mInsetsRoundedCornerFrame=false}, InsetsSource: {mType=ITYPE_IME, mFrame=[0,0][0,0], mVisibleFrame=[0,1243][1080,2400], mVisible=false, mInsetsRoundedCornerFrame=false} } host=Splash Screen com.example.dogglers from=android.view.ViewRootImpl.relayoutWindow:9802
07-28 17:18:53.120  2897  2945 I ViewRootImpl@f78fbe7[dogglers]: updateBlastSurfaceIfNeeded mBlastBufferQueue=null isSameSurfaceControl=false
07-28 17:18:53.120  2897  2945 D BufferQueueConsumer: [](id:b5100001ea4,api:0,p:-1,c:2897) connect: controlledByApp=false
07-28 17:18:53.120  2897  2945 I BLASTBufferQueue: new BLASTBufferQueue, mName= ViewRootImpl@f78fbe7[dogglers] mNativeObject= 0xb40000726e7d3280 sc.mNativeObject= 0xb40000729331bee0 caller= android.view.ViewRootImpl.updateBlastSurfaceIfNeeded:2909 android.view.ViewRootImpl.relayoutWindow:9847 android.view.ViewRootImpl.performTraversals:3884 android.view.ViewRootImpl.doTraversal:3116 android.view.ViewRootImpl$TraversalRunnable.run:10885 android.view.Choreographer$CallbackRecord.run:1301 android.view.Choreographer$CallbackRecord.run:1309 android.view.Choreographer.doCallbacks:923 android.view.Choreographer.doFrame:852 android.view.Choreographer$FrameDisplayEventReceiver.run:1283
07-28 17:18:53.121  2897  2945 I BLASTBufferQueue: update, w= 1080 h= 2400 mName = ViewRootImpl@f78fbe7[dogglers] mNativeObject= 0xb40000726e7d3280 sc.mNativeObject= 0xb40000729331bee0 format= -3 caller= android.graphics.BLASTBufferQueue.<init>:84 android.view.ViewRootImpl.updateBlastSurfaceIfNeeded:2909 android.view.ViewRootImpl.relayoutWindow:9847 android.view.ViewRootImpl.performTraversals:3884 android.view.ViewRootImpl.doTraversal:3116 android.view.ViewRootImpl$TraversalRunnable.run:10885
07-28 17:18:53.121  2897  2945 I ViewRootImpl@f78fbe7[dogglers]: Relayout returned: old=(0,0,1080,2400) new=(0,0,1080,2400) req=(1080,2400)0 dur=26 res=0x3 s={true 0xb400007244881800} ch=true seqId=0
07-28 17:18:53.122  2897  2960 D OpenGLRenderer: eglCreateWindowSurface
07-28 17:18:53.122  1624  1682 I libprocessgroup: Successfully killed process cgroup uid 10221 pid 3816 in 1ms
07-28 17:18:53.123  2897  2945 I ViewRootImpl@f78fbe7[dogglers]: mThreadedRenderer.initialize() mSurface={isValid=true 0xb400007244881800} hwInitialized=true
07-28 17:18:53.126  1127  1127 D SurfaceFlinger: [input] inputWindowCommands.focusRequests size is 1
07-28 17:18:53.127 11697 11697 I ContactsProvider: onTrimMemory-success
07-28 17:18:53.127  1127  1386 D SurfaceFlinger: [input] setFocusedWindow: <null>
07-28 17:18:53.128  8787  8787 I SCS@AiSearch user 0: (SearchProvider) onTrimMemory(): 80
07-28 17:18:53.128  1624  5212 D InputDispatcher: Focus left window (0): b2bc12 com.sec.android.app.launcher/com.sec.android.app.launcher.activities.LauncherActivity
07-28 17:18:53.129  2897  2945 I ViewRootImpl@f78fbe7[dogglers]: reportNextDraw android.view.ViewRootImpl.performTraversals:4438 android.view.ViewRootImpl.doTraversal:3116 android.view.ViewRootImpl$TraversalRunnable.run:10885 android.view.Choreographer$CallbackRecord.run:1301 android.view.Choreographer$CallbackRecord.run:1309
07-28 17:18:53.129  2897  2945 I ViewRootImpl@f78fbe7[dogglers]: Setup new sync id=0
07-28 17:18:53.129  2897  2945 I ViewRootImpl@f78fbe7[dogglers]: Setting syncFrameCallback
07-28 17:18:53.129  2897  2945 I ViewRootImpl@f78fbe7[dogglers]: registerCallbacksForSync syncBuffer=false
07-28 17:18:53.130  3393  3393 I ViewRootImpl@c6ee0f[LauncherActivity]: MSG_WINDOW_FOCUS_CHANGED 0 0
07-28 17:18:53.130  3393  3393 I BaseActivity: removeActivityFlags, flags : 8
07-28 17:18:53.130  2897  2986 I ViewRootImpl@f78fbe7[dogglers]: Received frameDrawingCallback syncResult=0 frameNum=1.
07-28 17:18:53.130  2897  2986 I ViewRootImpl@f78fbe7[dogglers]: Setting up sync and frameCommitCallback
07-28 17:18:53.131  8684  8684 D LifecycleMonitor: Lifecycle status change: androidx.test.core.app.InstrumentationActivityInvoker$BootstrapActivity@17928f4 in: PRE_ON_CREATE
07-28 17:18:53.131  8684  8684 V ActivityScenario: Activity lifecycle changed event received but ignored because the intent does not match. startActivityIntent=Intent { act=android.intent.action.MAIN cat=[android.intent.category.LAUNCHER] cmp=com.example.dogglers/.VerticalListActivity }, activity.getIntent()=Intent { act=android.intent.action.MAIN cat=[android.intent.category.LAUNCHER] flg=0x10008000 cmp=com.example.dogglers/androidx.test.core.app.InstrumentationActivityInvoker$BootstrapActivity (has extras) }, activity=androidx.test.core.app.InstrumentationActivityInvoker$BootstrapActivity@17928f4
07-28 17:18:53.135  1624  1668 I SemPersonaManager: SecureFolder personaId = 150
07-28 17:18:53.140  2897  2960 I BLASTBufferQueue: [ViewRootImpl@f78fbe7[dogglers]#7844](f:0,a:0) onFrameAvailable the first frame is available
07-28 17:18:53.145  2897  2960 D BLASTBufferQueue: [ViewRootImpl@f78fbe7[dogglers]#7844](f:0,a:1) acquireNextBufferLocked size=1080x2400 mFrameNumber=1 applyTransaction=true mTimestamp=1006962695166557(auto) mPendingTransactions.size=0 graphicBufferId=12442520341814 transform=0
07-28 17:18:53.146  2897  2960 I ViewRootImpl@f78fbe7[dogglers]: Received frameCommittedCallback lastAttemptedDrawFrameNum=1 didProduceBuffer=true
07-28 17:18:53.147  8684  8684 I DecorView: [INFO] isPopOver=false config=true
07-28 17:18:53.147  2897  2960 D OpenGLRenderer: CFMS:: SetUp Pid : 2897    Tid : 2960
07-28 17:18:53.147  8684  8684 I DecorView: updateCaptionType: isFloating=false isApplication=true hasWindowDecorCaption=false this=DecorView@ae54c63[]
07-28 17:18:53.148  8684  8684 D DecorView: setCaptionType = 0, this = DecorView@ae54c63[]
07-28 17:18:53.148  2897  2960 W Parcel  : Expecting binder but got null!
07-28 17:18:53.148  2897  2945 I ViewRootImpl@f78fbe7[dogglers]: onSyncComplete
07-28 17:18:53.149  2897  2945 I ViewRootImpl@f78fbe7[dogglers]: setupSync seqId=0 mSyncId=0 fn=1 caller=android.view.ViewRootImpl$$ExternalSyntheticLambda11.accept:6 android.window.SurfaceSyncer.lambda$setupSync$1$android-window-SurfaceSyncer:128 android.window.SurfaceSyncer$$ExternalSyntheticLambda1.accept:8 android.window.SurfaceSyncer$SyncSet.checkIfSyncIsComplete:382 android.window.SurfaceSyncer$SyncSet.markSyncReady:359 android.window.SurfaceSyncer.markSyncReady:151 android.view.ViewRootImpl.performTraversals:4503
07-28 17:18:53.149  2897  2945 I ViewRootImpl@f78fbe7[dogglers]: reportDrawFinished seqId=0 mSyncId=-1 fn=1 mSurfaceChangedTransaction=0xb400007292878700
07-28 17:18:53.149  3393  3393 I BadgeRenderer: Invalid count : 0
07-28 17:18:53.151  3393  3393 I BadgeRenderer: Invalid count : 0
07-28 17:18:53.153  1624  1668 D EnterpriseDeviceManagerService: isMdmAdminPresentInternal() : MDM Admin Found - com.samsung.knox.securefolder
07-28 17:18:53.156  1127  2095 I SurfaceFlinger: id=175959 createSurf flag=24000, Surface(name=Task=1)/@0x652d09a - animation-leash of app_transition#175959
07-28 17:18:53.156  3393  3393 I BadgeRenderer: Invalid count : 0
07-28 17:18:53.156  3393  3393 I BadgeRenderer: Invalid count : 0
07-28 17:18:53.157  1127  2095 I SurfaceFlinger: id=175960 createSurf flag=24004, Surface(name=Task=30273)/@0xc2976df - animation-leash of app_transition#175960
07-28 17:18:53.158  8684  8684 I DecorView: getCurrentDensityDpi: from real metrics. densityDpi=450 msg=resources_loaded
07-28 17:18:53.158  8684  8684 I DecorView: setWindowBackground: isPopOver=false color=ff010101 d=android.graphics.drawable.StateListDrawable@879e060
07-28 17:18:53.159  3393  3393 I BadgeRenderer: Invalid count : 0
07-28 17:18:53.159  3393  3393 I BadgeRenderer: Invalid count : 0
07-28 17:18:53.159  3393  3393 I BadgeRenderer: Invalid count : 0
07-28 17:18:53.159  1127  1127 D BufferStateLayer: Splash Screen com.example.dogglers$_2897#175958 setBuffer frameId=1, bufferId=12442520341814 fenceId=588, w= 1080, h=2400
07-28 17:18:53.160  8684  8684 D LifecycleMonitor: Lifecycle status change: androidx.test.core.app.InstrumentationActivityInvoker$BootstrapActivity@17928f4 in: CREATED
07-28 17:18:53.161  8684  8684 V ActivityScenario: Activity lifecycle changed event received but ignored because the intent does not match. startActivityIntent=Intent { act=android.intent.action.MAIN cat=[android.intent.category.LAUNCHER] cmp=com.example.dogglers/.VerticalListActivity }, activity.getIntent()=Intent { act=android.intent.action.MAIN cat=[android.intent.category.LAUNCHER] flg=0x10008000 cmp=com.example.dogglers/androidx.test.core.app.InstrumentationActivityInvoker$BootstrapActivity (has extras) }, activity=androidx.test.core.app.InstrumentationActivityInvoker$BootstrapActivity@17928f4
07-28 17:18:53.161  1127  3782 I SurfaceFlinger: id=175961 createSurf flag=80000, a868859 ActivityRecordInputSink com.example.dogglers/androidx.test.core.app.InstrumentationActivityInvoker$BootstrapActivity#175961
07-28 17:18:53.165  8684  8684 D LifecycleMonitor: Lifecycle status change: androidx.test.core.app.InstrumentationActivityInvoker$BootstrapActivity@17928f4 in: STARTED
07-28 17:18:53.165  8684  8684 V ActivityScenario: Activity lifecycle changed event received but ignored because the intent does not match. startActivityIntent=Intent { act=android.intent.action.MAIN cat=[android.intent.category.LAUNCHER] cmp=com.example.dogglers/.VerticalListActivity }, activity.getIntent()=Intent { act=android.intent.action.MAIN cat=[android.intent.category.LAUNCHER] flg=0x10008000 cmp=com.example.dogglers/androidx.test.core.app.InstrumentationActivityInvoker$BootstrapActivity (has extras) }, activity=androidx.test.core.app.InstrumentationActivityInvoker$BootstrapActivity@17928f4
07-28 17:18:53.166  1624  5706 D SyncManager: userId - 0 auto - true
07-28 17:18:53.166  1624  5706 D SyncManager: userId - 0 auto - true
07-28 17:18:53.167  2897  2939 D Bubbles : onLocusVisibilityChanged: LocusId[17_chars] visible=false
07-28 17:18:53.168  5125  5786 I MediaProvider: Deleted 1 0 0 0 0 0 0 items on external_primary due to org.telegram.messenger
07-28 17:18:53.171  3393  3393 I BadgeRenderer: Invalid count : 0
07-28 17:18:53.173  1624  3919 I MediaSessionMonitor: Media session stopped : not playing state
07-28 17:18:53.176  1127  1127 I Layer   : Layer [Splash Screen com.example.dogglers$_2897#175958] hidden!! flag(0)
07-28 17:18:53.179  1127  3782 I SurfaceFlinger: id=175962 createSurf flag=80004, ActivityRecord{439a218 u0 com.example.dogglers/.VerticalListActivity} t30273}#175962
07-28 17:18:53.181  3746  3746 E pageboostd: Received HALT command code 2
07-28 17:18:53.182  1127  1127 I BufferQueueProducer: [FramebufferSurface](this:0xb40000762323cb60,id:-1,api:1,p:1127,c:1127) queueBuffer: fps=0.78 dur=1275.98 max=1275.98 min=1275.98
07-28 17:18:53.186  1127  1127 D SurfaceFlinger: Display 0 HWC layers:
07-28 17:18:53.186  1127  1127 D SurfaceFlinger:      DEVICE | 0xb4000076232f1480 | 0100 | RGBx_8888    |    0.0    0.0 1080.0 2400.0 |    0    0 1080 2400 | Wallpaper BBQ wrapper#95
07-28 17:18:53.186  1127  1127 D SurfaceFlinger:      DEVICE | 0xb400007623228c80 | 0100 | RGBA_8888    |    0.0    0.0 1080.0 2400.0 |    0    0 1080 2400 | com.sec.android.app.launcher/com.sec[...]vities.LauncherActivity$_3393#175946
07-28 17:18:53.186  1127  1127 D SurfaceFlinger:      DEVICE | 0xb400007623229400 | 0100 | RGBA_8888    |    0.0    0.0 1080.0 2400.0 |    0    0 1080 2400 | Splash Screen com.example.dogglers$_2897#175958
07-28 17:18:53.186  1127  1127 D SurfaceFlinger:      CLIENT | 0xb4000075f544c980 | 0100 | RGBA_8888    |    0.0    0.0 1080.0   80.0 |    0    0 1080   80 | StatusBar$_2897#91
07-28 17:18:53.186  1127  1127 D SurfaceFlinger:      CLIENT | 0xb400007623228f80 | 0100 | RGBA_8888    |    0.0    0.0 1080.0  135.0 |    0 2265 1080 2400 | NavigationBar0$_2897#86
07-28 17:18:53.186  1127  1127 D SurfaceFlinger:      CLIENT | 0xb4000075f544b300 | 0140 | RGBA_8888    |    0.0    0.0 1080.0  150.0 |    0    0 1080  150 | ScreenDecorOverlay$_2897#100
07-28 17:18:53.186  1127  1127 D SurfaceFlinger:      CLIENT | 0xb400007621856700 | 0140 | RGBA_8888    |    0.0    0.0 1080.0  150.0 |    0 2250 1080 2400 | ScreenDecorOver
07-28 17:18:53.186  1127  1127 D SurfaceFlinger: layBottom$_2897#101
07-28 17:18:53.186  1127  1127 D SurfaceFlinger:
07-28 17:18:53.187  1127  3782 I SurfaceFlinger: id=175963 createSurf flag=80000, 258a1fb ActivityRecordInputSink com.example.dogglers/.VerticalListActivity#175963
07-28 17:18:53.190  8684  8684 D LifecycleMonitor: Lifecycle status change: androidx.test.core.app.InstrumentationActivityInvoker$BootstrapActivity@17928f4 in: RESUMED
07-28 17:18:53.190  2897  2932 I ViewRootImpl@f78fbe7[dogglers]: Resizing android.view.ViewRootImpl@d9e9500: frame = [0,0][1080,2400] reportDraw = false forceLayout = false syncSeqId = 0
07-28 17:18:53.190  2897  2945 I ViewRootImpl@f78fbe7[dogglers]: handleResized, msg = 4 frames=ClientWindowFrames{frame=[0,0][1080,2400] display=[0,0][1080,2400] parentFrame=[0,0][0,0] parentClippedByDisplayCutout=false} forceNextWindowRelayout=false displayId=0 resizeMode=-1 frameChanged=false displayFrameChanged=false configChanged=false displayChanged=false
07-28 17:18:53.190  8684  8684 V ActivityScenario: Activity lifecycle changed event received but ignored because the intent does not match. startActivityIntent=Intent { act=android.intent.action.MAIN cat=[android.intent.category.LAUNCHER] cmp=com.example.dogglers/.VerticalListActivity }, activity.getIntent()=Intent { act=android.intent.action.MAIN cat=[android.intent.category.LAUNCHER] flg=0x10008000 cmp=com.example.dogglers/androidx.test.core.app.InstrumentationActivityInvoker$BootstrapActivity (has extras) }, activity=androidx.test.core.app.InstrumentationActivityInvoker$BootstrapActivity@17928f4
07-28 17:18:53.191  3393  3393 I ViewRootImpl@c6ee0f[LauncherActivity]: handleAppVisibility mAppVisible = true visible = false
07-28 17:18:53.196  2897  2932 D WallpaperService: dispatchAppVisibility onVisibilityChanged(): false
07-28 17:18:53.196  2897  2897 D WallpaperService: reportVisibility onVisibilityChanged visible: false
07-28 17:18:53.196  2897  3005 I ImageWallpaper[GLEngine]:  onVisibilityChanged false , 0
07-28 17:18:53.199  8869  8930 V ActivityThread: Recovering failed rename /storage/emulated/0/Android/data/org.telegram.messenger/cache/000000000_999999_temp.f to /storage/emulated/0/Android/media/org.telegram.messenger/Telegram/Telegram Video/000000000_999999.f
07-28 17:18:53.204  8684  8684 D LifecycleMonitor: Lifecycle status change: androidx.test.core.app.InstrumentationActivityInvoker$BootstrapActivity@17928f4 in: PAUSED
07-28 17:18:53.204  8684  8684 V ActivityScenario: Activity lifecycle changed event received but ignored because the intent does not match. startActivityIntent=Intent { act=android.intent.action.MAIN cat=[android.intent.category.LAUNCHER] cmp=com.example.dogglers/.VerticalListActivity }, activity.getIntent()=Intent { act=android.intent.action.MAIN cat=[android.intent.category.LAUNCHER] flg=0x10008000 cmp=com.example.dogglers/androidx.test.core.app.InstrumentationActivityInvoker$BootstrapActivity (has extras) }, activity=androidx.test.core.app.InstrumentationActivityInvoker$BootstrapActivity@17928f4
07-28 17:18:53.207  5125 17428 W MediaProvider: isAppCloneUserPair for user 0: false
07-28 17:18:53.209  1127  1127 I Layer   : id=175959 removeFromCurrentState Surface(name=Task=1)/@0x652d09a - animation-leash of app_transition#175959 (125)
07-28 17:18:53.210  1127  1127 I Layer   : Layer [com.sec.android.app.launcher/com.sec.android.app.launcher.activities.LauncherActivity$_3393#175946] hidden!! flag(1)
07-28 17:18:53.210  1127  1127 I Layer   : id=175960 removeFromCurrentState Surface(name=Task=30273)/@0xc2976df - animation-leash of app_transition#175960 (125)
07-28 17:18:53.210  1127  1127 I Layer   : id=175955 removeFromCurrentState Task=30273#175955 (125)
07-28 17:18:53.210  1127  1127 I Layer   : id=175956 removeFromCurrentState ActivityRecord{6a95c1e u0 com.example.dogglers/androidx.test.core.app.InstrumentationActivityInvoker$BootstrapActivity} t30273}#175956 (125)
07-28 17:18:53.210  1127  1127 I Layer   : id=175961 removeFromCurrentState a868859 ActivityRecordInputSink com.example.dogglers/androidx.test.core.app.InstrumentationActivityInvoker$BootstrapActivity#175961 (125)
07-28 17:18:53.210  1127  1127 I Layer   : id=175962 removeFromCurrentState ActivityRecord{439a218 u0 com.example.dogglers/.VerticalListActivity} t30273}#175962 (125)
07-28 17:18:53.210  1127  1127 I Layer   : id=175963 removeFromCurrentState 258a1fb ActivityRecordInputSink com.example.dogglers/.VerticalListActivity#175963 (125)
07-28 17:18:53.210  1127  1127 I Layer   : id=175957 removeFromCurrentState 9a61cf7 Splash Screen com.example.dogglers#175957 (125)
07-28 17:18:53.210  1127  1127 I Layer   : id=175958 removeFromCurrentState Splash Screen com.example.dogglers$_2897#175958 (125)
07-28 17:18:53.210  1127  1127 I Layer   : id=175955 addToCurrentState Task=30273#175955 (125)
07-28 17:18:53.210  1127  1127 I Layer   : id=175956 addToCurrentState ActivityRecord{6a95c1e u0 com.example.dogglers/androidx.test.core.app.InstrumentationActivityInvoker$BootstrapActivity} t30273}#175956 (125)
07-28 17:18:53.210  1127  1127 I Layer   : id=175961 addToCurrentState a868859 ActivityRecordInputSink com.example.dogglers/androidx.test.core.app.InstrumentationActivityInvoker$BootstrapActivity#175961 (125)
07-28 17:18:53.210  1127  1127 I Layer   : id=175962 addToCurrentState ActivityRecord{439a218 u0 com.example.dogglers/.VerticalListActivity} t30273}#175962 (125)
07-28 17:18:53.210  1127  1127 I Layer   : id=175963 addToCurrentState 258a1fb ActivityRecordInputSink com.example.dogglers/.VerticalListActivity#175963 (125)
07-28 17:18:53.210  1127  1127 I Layer   : id=175957 addToCurrentState 9a61cf7 Splash Screen com.example.dogglers#175957 (125)
07-28 17:18:53.210  1127  1127 I Layer   : id=175958 addToCurrentState Splash Screen com.example.dogglers$_2897#175958 (125)
07-28 17:18:53.210  1127  1127 I SurfaceFlinger: id=175959 Removed Surface(name=Task=1)/@0x652d09a - animation-leash of app_transition#175959 (125)
07-28 17:18:53.211  1127  1127 I SurfaceFlinger: id=175960 Removed Surface(name=Task=30273)/@0xc2976df - animation-leash of app_transition#175960 (125)
07-28 17:18:53.211  1127  1127 I Layer   : id=175959 Destroyed Surface(name=Task=1)/@0x652d09a - animation-leash of app_transition#175959
07-28 17:18:53.211  1127  1127 I Layer   : id=175960 Destroyed Surface(name=Task=30273)/@0xc2976df - animation-leash of app_transition#175960
07-28 17:18:53.213  1624  2024 D InputDispatcher: Focused application(0): ActivityRecord{439a218 u0 com.example.dogglers/.VerticalListActivity} t30273}
07-28 17:18:53.218  1127  1127 D SurfaceFlinger: Display 0 HWC layers:
07-28 17:18:53.218  1127  1127 D SurfaceFlinger:      DEVICE | 0xb400007623229400 | 0100 | RGBA_8888    |    0.0    0.0 1080.0 2400.0 |    0    0 1080 2400 | Splash Screen com.example.dogglers$_2897#175958
07-28 17:18:53.218  1127  1127 D SurfaceFlinger:      DEVICE | 0xb4000075f544c980 | 0100 | RGBA_8888    |    0.0    0.0 1080.0   80.0 |    0    0 1080   80 | StatusBar$_2897#91
07-28 17:18:53.218  1127  1127 D SurfaceFlinger:      DEVICE | 0xb400007623228f80 | 0100 | RGBA_8888    |    0.0    0.0 1080.0  135.0 |    0 2265 1080 2400 | NavigationBar0$_2897#86
07-28 17:18:53.218  1127  1127 D SurfaceFlinger:      DEVICE | 0xb4000075f544b300 | 0140 | RGBA_8888    |    0.0    0.0 1080.0  150.0 |    0    0 1080  150 | ScreenDecorOverlay$_2897#100
07-28 17:18:53.218  1127  1127 D SurfaceFlinger:      DEVICE | 0xb400007621856700 | 0140 | RGBA_8888    |    0.0    0.0 1080.0  150.0 |    0 2250 1080 2400 | ScreenDecorOverlayBottom$_2897#101
07-28 17:18:53.218  1127  1127 D SurfaceFlinger:
07-28 17:18:53.221  3393  3393 I ViewRootImpl@c6ee0f[LauncherActivity]: performTraversals mFirst=false windowShouldResize=false viewVisibilityChanged=true mForceNextWindowRelayout=false params=null
07-28 17:18:53.223  1624  2024 V WindowManager: Relayout Window{b2bc12 u0 com.sec.android.app.launcher/com.sec.android.app.launcher.activities.LauncherActivity}: viewVisibility=8 req=1080x2400 d0
07-28 17:18:53.227  1624  2024 V WindowManager: Relayout hash=b2bc12, pid=3393, syncId=-1: mAttrs={(0,0)(fillxfill) sim={adjust=nothing forwardNavigation} layoutInDisplayCutoutMode=shortEdges ty=BASE_APPLICATION fmt=TRANSPARENT wanim=0x10302f4
07-28 17:18:53.227  1624  2024 V WindowManager:   fl=81910100
07-28 17:18:53.227  1624  2024 V WindowManager:   pfl=1e020040
07-28 17:18:53.227  1624  2024 V WindowManager:   vsysui=1700
07-28 17:18:53.227  1624  2024 V WindowManager:   bhv=SHOW_TRANSIENT_BARS_BY_SWIPE
07-28 17:18:53.227  1624  2024 V WindowManager:   fitSides= naviIconColor=0}
07-28 17:18:53.239  1624  5706 D SyncManager: userId - 0 auto - true
07-28 17:18:53.240  3393  3393 I ViewRootImpl@c6ee0f[LauncherActivity]: Relayout returned: old=(0,0,1080,2400) new=(0,0,1080,2400) req=(1080,2400)8 dur=17 res=0x2 s={false 0x0} ch=true seqId=0
07-28 17:18:53.240  1624  5706 D SyncManager: userId - 0 auto - true
07-28 17:18:53.241  3393  3393 I ViewRootImpl@c6ee0f[LauncherActivity]: stopped(true) old = false
07-28 17:18:53.241  3393  3393 I ViewRootImpl@c6ee0f[LauncherActivity]: WindowStopped on com.sec.android.app.launcher/com.sec.android.app.launcher.activities.LauncherActivity set to true
07-28 17:18:53.241  1624  1668 I SemPersonaManager: SecureFolder personaId = 150
07-28 17:18:53.242  8684  8684 D LifecycleMonitor: Lifecycle status change: com.example.dogglers.VerticalListActivity@2275b78 in: PRE_ON_CREATE
07-28 17:18:53.243  8684  8684 V ActivityScenario: Activity lifecycle changed event received but ignored because the reported transition was not ON_CREATE while the last known transition was PRE_ON_CREATE
07-28 17:18:53.244 19079  6991 I NetworkScheduler.Stats: (REDACTED) Task %s/%s started execution. cause:%s exec_start_elapsed_seconds: %s
07-28 17:18:53.249  3393  3393 I Launcher: !@Boot_DEBUG: Launcher.onStop()
07-28 17:18:53.250  3393  3393 I Launcher: !@Boot_EBS_D: Launcher.onStop()
07-28 17:18:53.250  3393  3393 I BaseActivity: removeActivityFlags, flags : 17
07-28 17:18:53.250  3393  3756 I IMM_LC  : hsifw() - flag : 0
07-28 17:18:53.250  3393  3756 I IMM_LC  : hsifw() - mService.hideSoftInput
07-28 17:18:53.250  3393  3393 W LauncherAppWidgetHost: setShouldListenFlag, mFlags:7 flag:start on:false isFront:false
07-28 17:18:53.251  1624  5706 I AppWidgetServiceImpl: stopListening callbacks : null
07-28 17:18:53.251  3393  3393 W LauncherAppWidgetHost: stopListening, mFlags:2 isFront:false
07-28 17:18:53.251  3393  3393 W Launcher.NotificationListener: removeNotificationsChangedListener
07-28 17:18:53.251  3393  3393 I Launcher.NotificationListener: unregisterObserver, this is not notificationService!!
07-28 17:18:53.251  3393  3393 I BadgeCountUpdaterImpl: onNotificationsChangedDisConnected
07-28 17:18:53.254  3393  3758 I LiveIconUpdateEventHandler: cancelMinuteChangeAlarm
07-28 17:18:53.254  3393  3393 I MSHandlerLifeCycle: removeMultiSplitHandler: no exist. decor=DecorView@4f24386[LauncherActivity]
07-28 17:18:53.260  1624  1668 D EnterpriseDeviceManagerService: isMdmAdminPresentInternal() : MDM Admin Found - com.samsung.knox.securefolder
07-28 17:18:53.262  1624  3919 I MediaSessionMonitor: Media session stopped : not playing state
07-28 17:18:53.266  8684  8684 I DecorView: [INFO] isPopOver=false config=true
07-28 17:18:53.267  8684  8684 I DecorView: updateCaptionType: isFloating=false isApplication=true hasWindowDecorCaption=false this=DecorView@4a07a8e[]
07-28 17:18:53.267  8684  8684 D DecorView: setCaptionType = 0, this = DecorView@4a07a8e[]
07-28 17:18:53.275  1127  1127 I Layer   : id=175946 removeFromCurrentState com.sec.android.app.launcher/com.sec.android.app.launcher.activities.LauncherActivity$_3393#175946 (123)
07-28 17:18:53.275  1127  1127 I SurfaceFlinger: id=175946 Removed com.sec.android.app.launcher/com.sec.android.app.launcher.activities.LauncherActivity$_3393#175946 (123)
07-28 17:18:53.276  1127  1127 I BufferQueueDebug: [com.sec.android.app.launcher/com.sec.android.app.launcher.activities.LauncherActivity$_3393#175946](this:0xb4000075f0aac838,id:-1,api:0,p:-1,c:1127) onDestructor()
07-28 17:18:53.276  1127  1127 I Layer   : id=175946 Destroyed com.sec.android.app.launcher/com.sec.android.app.launcher.activities.LauncherActivity$_3393#175946
07-28 17:18:53.278  8684  8684 I DecorView: getCurrentDensityDpi: from real metrics. densityDpi=450 msg=resources_loaded
07-28 17:18:53.278  8684  8684 I DecorView: setWindowBackground: isPopOver=false color=ffffffff d=android.graphics.drawable.ColorDrawable@d43c6bc
07-28 17:18:53.287  1624  2024 D SyncManager: userId - 0 auto - true
07-28 17:18:53.287  5125 30477 I MediaProvider: Deleted 1 0 0 0 0 0 0 items on external_primary due to org.telegram.messenger
07-28 17:18:53.287  1624  2024 D SyncManager: userId - 0 auto - true
07-28 17:18:53.290  3393  3393 W FrameTracker: Missing SF jank callback for vsyncId: 155944050, CUJ=J<LAUNCHER_APP_CLOSE_TO_HOME>
07-28 17:18:53.290  3393  3393 W FrameTracker: Missing SF jank callback for vsyncId: 155944127, CUJ=J<LAUNCHER_APP_CLOSE_TO_HOME>
07-28 17:18:53.302  5125 13756 I MediaProvider: Deleted 0 0 0 0 0 0 0 items on external_primary due to org.telegram.messenger
07-28 17:18:53.315  5125  5789 I MediaProvider: Deleted 0 0 0 0 0 0 0 items on external_primary due to org.telegram.messenger
07-28 17:18:53.316  8684  8684 D LifecycleMonitor: Lifecycle status change: com.example.dogglers.VerticalListActivity@2275b78 in: CREATED
07-28 17:18:53.316  3393 16210 I RecentModel: onTaskStackChangedBackground
07-28 17:18:53.317  8684  8684 V ActivityScenario: Update currentActivityStage to CREATED, currentActivity=com.example.dogglers.VerticalListActivity@2275b78
07-28 17:18:53.318 19079  6991 I NetworkScheduler.Stats: (REDACTED) Task %s/%s finished executing. cause:%s result: %s elapsed_millis: %s uptime_millis: %s exec_start_elapsed_seconds: %s
07-28 17:18:53.322  8684  8684 D LifecycleMonitor: Lifecycle status change: com.example.dogglers.VerticalListActivity@2275b78 in: STARTED
07-28 17:18:53.322  8684  8684 V ActivityScenario: Update currentActivityStage to STARTED, currentActivity=com.example.dogglers.VerticalListActivity@2275b78
07-28 17:18:53.325  8684  8684 D LifecycleMonitor: Lifecycle status change: com.example.dogglers.VerticalListActivity@2275b78 in: RESUMED
07-28 17:18:53.327  8684  8684 V ActivityScenario: Update currentActivityStage to RESUMED, currentActivity=com.example.dogglers.VerticalListActivity@2275b78
07-28 17:18:53.328  8684  8684 I MSHandlerLifeCycle: check: return. pkg=com.example.dogglers parent=null callers=com.android.internal.policy.DecorView.setVisibility:4411 android.app.ActivityThread.handleResumeActivity:5476 android.app.servertransaction.ResumeActivityItem.execute:54 android.app.servertransaction.ActivityTransactionItem.execute:45 android.app.servertransaction.TransactionExecutor.executeLifecycleState:176
07-28 17:18:53.328  8684  8684 I MSHandlerLifeCycle: removeMultiSplitHandler: no exist. decor=DecorView@4a07a8e[]
07-28 17:18:53.330  1127  3782 D SurfaceFlinger: [SF client] NEW(0xb40000762185f860) for (8684:com.example.dogglers)
07-28 17:18:53.334  5125  5361 W MediaProvider: Failed to update quota for uri: content://media/external_primary/file/1000009032
07-28 17:18:53.334  5125  5361 W MediaProvider: java.io.FileNotFoundException: No item at content://media/external_primary/file/1000009032
