07-28 17:18:50.866  8787  8852 I SCS@AiSearch user 0: (m) Schema: name: com.samsung.android.apps , Major version: 31 , Minor version: 0
07-28 17:18:50.867  1624  1745 D AnalyticsContainerHandler: handleMessage : { when=0 what=1 target=com.android.server.knox.KnoxAnalyticsContainer$AnalyticsHandler }
07-28 17:18:50.867  8684  8684 D LifecycleMonitor: Lifecycle status change: androidx.test.core.app.InstrumentationActivityInvoker$BootstrapActivity@54ef850 in: STOPPED
07-28 17:18:50.868  8684  8684 V ActivityScenario: Activity lifecycle changed event received but ignored because the intent does not match. startActivityIntent=Intent { act=android.intent.action.MAIN cat=[android.intent.category.LAUNCHER] cmp=com.example.dogglers/.VerticalListActivity }, activity.getIntent()=Intent { act=android.intent.action.MAIN cat=[android.intent.category.LAUNCHER] flg=0x10008000 cmp=com.example.dogglers/androidx.test.core.app.InstrumentationActivityInvoker$BootstrapActivity (has extras) }, activity=androidx.test.core.app.InstrumentationActivityInvoker$BootstrapActivity@54ef850
07-28 17:18:50.874  8787  8852 I SCS@AiSearch user 0: (m) Schema: name: com.samsung.android.calendar , Major version: 22 , Minor version: 0
07-28 17:18:50.876  8684  8684 I ViewRootImpl@2c185ba[VerticalListActivity]: performTraversals params={(0,0)(fillxfill) sim={adjust=resize forwardNavigation} ty=BASE_APPLICATION wanim=0x1030309
07-28 17:18:50.876  8684  8684 I ViewRootImpl@2c185ba[VerticalListActivity]:   fl=81810100
07-28 17:18:50.876  8684  8684 I ViewRootImpl@2c185ba[VerticalListActivity]:   pfl=12020040
07-28 17:18:50.876  8684  8684 I ViewRootImpl@2c185ba[VerticalListActivity]:   bhv=DEFAULT
07-28 17:18:50.876  8684  8684 I ViewRootImpl@2c185ba[VerticalListActivity]:   fitSides= naviIconColor=0
07-28 17:18:50.876  8684  8684 I ViewRootImpl@2c185ba[VerticalListActivity]:   sfl=100000}
07-28 17:18:50.877  8684  8684 I ViewRootImpl@2c185ba[VerticalListActivity]: performTraversals mFirst=true windowShouldResize=true viewVisibilityChanged=false mForceNextWindowRelayout=false params={(0,0)(fillxfill) sim={adjust=resize forwardNavigation} ty=BASE_APPLICATION wanim=0x1030309
07-28 17:18:50.877  8684  8684 I ViewRootImpl@2c185ba[VerticalListActivity]:   fl=81810100
07-28 17:18:50.877  8684  8684 I ViewRootImpl@2c185ba[VerticalListActivity]:   pfl=12020040
07-28 17:18:50.877  8684  8684 I ViewRootImpl@2c185ba[VerticalListActivity]:   bhv=DEFAULT
07-28 17:18:50.877  8684  8684 I ViewRootImpl@2c185ba[VerticalListActivity]:   fitSides= naviIconColor=0
07-28 17:18:50.877  8684  8684 I ViewRootImpl@2c185ba[VerticalListActivity]:   sfl=100000}
07-28 17:18:50.878  1624  5216 V WindowManager: Relayout Window{2c335f u0 com.example.dogglers/com.example.dogglers.VerticalListActivity}: viewVisibility=0 req=1080x2400 d0
07-28 17:18:50.879  1127  3782 I BufferQueueDebug: [com.example.dogglers/com.example.dogglers.VerticalListActivity$_8684#175887](this:0xb4000075f0845838,id:-1,api:0,p:-1,c:-1) BufferQueue core=(1127:/system/bin/surfaceflinger)
07-28 17:18:50.879  8787  8852 I SCS@AiSearch user 0: (m) Schema: name: com.samsung.android.calendar.synctasks , Major version: 5 , Minor version: 0
07-28 17:18:50.879  1127  3782 I SurfaceFlinger: id=175887 createSurf flag=40004, com.example.dogglers/com.example.dogglers.VerticalListActivity$_8684#175887
07-28 17:18:50.883  1127  3782 I SurfaceFlinger: id=175888 createSurf flag=24000, Surface(name=7ae696d StatusBar)/@0x546cfe9 - animation-leash of insets_animation#175888
07-28 17:18:50.884  1127  3782 I SurfaceFlinger: id=175889 createSurf flag=24000, Surface(name=57253a2 NavigationBar0)/@0x6398367 - animation-leash of insets_animation#175889
07-28 17:18:50.886  3393 16210 I TouchInteractionService: onSystemUiStateChanged, stateFlags : 131072 |allow_gesture|
07-28 17:18:50.886  3393  3393 I RecentsAnimationDeviceState: setSystemUiFlags, stateFlags : 131072
07-28 17:18:50.886  3393  3393 I TouchInteractionService: onSystemUiFlagsChanged, lastSysUIFlags : 0
07-28 17:18:50.887  1624  5216 V WindowManager: Relayout hash=2c335f, pid=8684, syncId=-1: mAttrs={(0,0)(fillxfill) sim={adjust=resize forwardNavigation} ty=BASE_APPLICATION wanim=0x1030309
07-28 17:18:50.887  1624  5216 V WindowManager:   fl=81810100
07-28 17:18:50.887  1624  5216 V WindowManager:   pfl=12020040
07-28 17:18:50.887  1624  5216 V WindowManager:   apr=LIGHT_NAVIGATION_BARS
07-28 17:18:50.887  1624  5216 V WindowManager:   bhv=DEFAULT
07-28 17:18:50.887  1624  5216 V WindowManager:   fitSides= naviIconColor=0
07-28 17:18:50.887  1624  5216 V WindowManager:   sfl=100000}
07-28 17:18:50.888  8787  8852 I SCS@AiSearch user 0: (m) Schema: name: com.samsung.android.app.reminder , Major version: 4 , Minor version: 0
07-28 17:18:50.890  8684  8684 I ViewRootImpl@2c185ba[VerticalListActivity]: updateBlastSurfaceIfNeeded mBlastBufferQueue=null isSameSurfaceControl=false
07-28 17:18:50.890  8684  8684 D BufferQueueConsumer: [](id:21ec00000003,api:0,p:-1,c:8684) connect: controlledByApp=false
07-28 17:18:50.891  8684  8684 I BLASTBufferQueue: new BLASTBufferQueue, mName= ViewRootImpl@2c185ba[VerticalListActivity] mNativeObject= 0xb400007297a2fa00 sc.mNativeObject= 0xb40000731fc31460 caller= android.view.ViewRootImpl.updateBlastSurfaceIfNeeded:2909 android.view.ViewRootImpl.relayoutWindow:9847 android.view.ViewRootImpl.performTraversals:3884 android.view.ViewRootImpl.doTraversal:3116 android.view.ViewRootImpl$TraversalRunnable.run:10885 android.view.Choreographer$CallbackRecord.run:1301 android.view.Choreographer$CallbackRecord.run:1309 android.view.Choreographer.doCallbacks:923 android.view.Choreographer.doFrame:852 android.view.Choreographer$FrameDisplayEventReceiver.run:1283
07-28 17:18:50.891  8684  8684 I BLASTBufferQueue: update, w= 1080 h= 2400 mName = ViewRootImpl@2c185ba[VerticalListActivity] mNativeObject= 0xb400007297a2fa00 sc.mNativeObject= 0xb40000731fc31460 format= -1 caller= android.graphics.BLASTBufferQueue.<init>:84 android.view.ViewRootImpl.updateBlastSurfaceIfNeeded:2909 android.view.ViewRootImpl.relayoutWindow:9847 android.view.ViewRootImpl.performTraversals:3884 android.view.ViewRootImpl.doTraversal:3116 android.view.ViewRootImpl$TraversalRunnable.run:10885
07-28 17:18:50.891  8684  8684 I ViewRootImpl@2c185ba[VerticalListActivity]: Relayout returned: old=(0,0,1080,2400) new=(0,0,1080,2400) req=(1080,2400)0 dur=13 res=0x3 s={true 0xb40000728f700800} ch=true seqId=0
07-28 17:18:50.893  8684  8684 I ViewRootImpl@2c185ba[VerticalListActivity]: mThreadedRenderer.initialize() mSurface={isValid=true 0xb40000728f700800} hwInitialized=true
07-28 17:18:50.893  8684  8768 D OpenGLRenderer: eglCreateWindowSurface
07-28 17:18:50.896  8787  8852 I SCS@AiSearch user 0: (m) Schema: name: logs.call , Major version: 17 , Minor version: 0
07-28 17:18:50.899  3393 16210 I RecentModel: onTaskStackChangedBackground
07-28 17:18:50.912  1127  1127 I Layer   : id=175870 removeFromCurrentState Surface(name=57253a2 NavigationBar0)/@0x6398367 - animation-leash of insets_animation#175870 (116)
07-28 17:18:50.912  1127  1127 I Layer   : id=75 removeFromCurrentState 57253a2 NavigationBar0#75 (116)
07-28 17:18:50.912  1127  1127 I Layer   : id=86 removeFromCurrentState NavigationBar0$_2897#86 (116)
07-28 17:18:50.912  1127  1127 I Layer   : id=175869 removeFromCurrentState Surface(name=7ae696d StatusBar)/@0x546cfe9 - animation-leash of insets_animation#175869 (116)
07-28 17:18:50.912  1127  1127 I Layer   : id=75 addToCurrentState 57253a2 NavigationBar0#75 (116)
07-28 17:18:50.912  1127  1127 I Layer   : id=86 addToCurrentState NavigationBar0$_2897#86 (116)
07-28 17:18:50.912  1127  1127 I SurfaceFlinger: [2c335f com.example.dogglers/com.example.dogglers.VerticalListActivity#175886] FrameRatePriority: 1
07-28 17:18:50.912  1127  1127 D SurfaceFlinger: [input] inputWindowCommands.focusRequests size is 1
07-28 17:18:50.912  1127  1127 I SurfaceFlinger: id=175870 Removed Surface(name=57253a2 NavigationBar0)/@0x6398367 - animation-leash of insets_animation#175870 (116)
07-28 17:18:50.912  1127  1127 I SurfaceFlinger: id=175869 Removed Surface(name=7ae696d StatusBar)/@0x546cfe9 - animation-leash of insets_animation#175869 (116)
07-28 17:18:50.913  1127  1127 I Layer   : id=175869 Destroyed Surface(name=7ae696d StatusBar)/@0x546cfe9 - animation-leash of insets_animation#175869
07-28 17:18:50.913  1127  1127 I Layer   : id=175870 Destroyed Surface(name=57253a2 NavigationBar0)/@0x6398367 - animation-leash of insets_animation#175870
07-28 17:18:50.914  1127  1386 D SurfaceFlinger: [input] setFocusedWindow: 2c335f com.example.dogglers/com.example.dogglers.VerticalListActivity
07-28 17:18:50.914  1624  5715 D InputDispatcher: Focus request (0): 2c335f com.example.dogglers/com.example.dogglers.VerticalListActivity but waiting because NOT_VISIBLE
07-28 17:18:50.921  8787  8852 I SCS@AiSearch user 0: (m) Schema: name: com.google.android.providers.media , Major version: 0 , Minor version: 0
07-28 17:18:50.924  8787  8852 I SCS@AiSearch user 0: (m) Schema: name: analogy , Major version: 12 , Minor version: 0
07-28 17:18:50.927  8787  8852 I SCS@AiSearch user 0: (m) Schema: name: synonym , Major version: 4 , Minor version: 0
07-28 17:18:50.928  8787  8852 I SCS@AiSearch user 0: (m) Schema: name: correlated , Major version: 4 , Minor version: 0
07-28 17:18:50.930  8787  8852 I SCS@AiSearch user 0: (m) Schema: name: ranking , Major version: 1 , Minor version: 0
07-28 17:18:50.952  8684  8684 I ViewRootImpl@2c185ba[VerticalListActivity]: reportNextDraw android.view.ViewRootImpl.performTraversals:4438 android.view.ViewRootImpl.doTraversal:3116 android.view.ViewRootImpl$TraversalRunnable.run:10885 android.view.Choreographer$CallbackRecord.run:1301 android.view.Choreographer$CallbackRecord.run:1309
07-28 17:18:50.952  8684  8684 I ViewRootImpl@2c185ba[VerticalListActivity]: Setup new sync id=0
07-28 17:18:50.952  8684  8684 I ViewRootImpl@2c185ba[VerticalListActivity]: Setting syncFrameCallback
07-28 17:18:50.953  8684  8684 I ViewRootImpl@2c185ba[VerticalListActivity]: registerCallbacksForSync syncBuffer=false
07-28 17:18:50.959  8684  8697 I xample.dogglers: Compiler allocated 4177KB to compile void android.widget.TextView.<init>(android.content.Context, android.util.AttributeSet, int, int)
07-28 17:18:50.966  8684  8828 I ViewRootImpl@2c185ba[VerticalListActivity]: Received frameDrawingCallback syncResult=0 frameNum=1.
07-28 17:18:50.966  8684  8828 I ViewRootImpl@2c185ba[VerticalListActivity]: Setting up sync and frameCommitCallback
07-28 17:18:50.970  8684  8768 I BLASTBufferQueue: [ViewRootImpl@2c185ba[VerticalListActivity]#3](f:0,a:0) onFrameAvailable the first frame is available
07-28 17:18:50.971  8684  8768 D BLASTBufferQueue: [ViewRootImpl@2c185ba[VerticalListActivity]#3](f:0,a:1) acquireNextBufferLocked size=1080x2400 mFrameNumber=1 applyTransaction=true mTimestamp=1006960525349711(auto) mPendingTransactions.size=0 graphicBufferId=37297495998475 transform=0
07-28 17:18:50.971  8684  8768 I ViewRootImpl@2c185ba[VerticalListActivity]: Received frameCommittedCallback lastAttemptedDrawFrameNum=1 didProduceBuffer=true
07-28 17:18:50.972  8684  8768 D OpenGLRenderer: CFMS:: SetUp Pid : 8684    Tid : 8768
07-28 17:18:50.972  8684  8768 W Parcel  : Expecting binder but got null!
07-28 17:18:50.973  8684  8684 I ViewRootImpl@2c185ba[VerticalListActivity]: onSyncComplete
07-28 17:18:50.973  8684  8684 I ViewRootImpl@2c185ba[VerticalListActivity]: setupSync seqId=0 mSyncId=0 fn=1 caller=android.view.ViewRootImpl$$ExternalSyntheticLambda11.accept:6 android.window.SurfaceSyncer.lambda$setupSync$1$android-window-SurfaceSyncer:128 android.window.SurfaceSyncer$$ExternalSyntheticLambda1.accept:8 android.window.SurfaceSyncer$SyncSet.checkIfSyncIsComplete:382 android.window.SurfaceSyncer$SyncSet.markSyncReady:359 android.window.SurfaceSyncer.markSyncReady:151 android.view.ViewRootImpl.performTraversals:4503
07-28 17:18:50.974  8684  8684 I ViewRootImpl@2c185ba[VerticalListActivity]: reportDrawFinished seqId=0 mSyncId=-1 fn=1 mSurfaceChangedTransaction=0xb400007316029c00
07-28 17:18:50.978  1624  1669 I SemDvfsHyPerManager: acquire hyper - AMS_RESUME_TAIL/1624@21, type = -999
07-28 17:18:50.978  1127  1127 D BufferStateLayer: com.example.dogglers/com.example.dogglers.VerticalListActivity$_8684#175887 setBuffer frameId=1, bufferId=37297495998475 fenceId=572, w= 1080, h=2400
07-28 17:18:50.978  1624  1669 I SemDvfsHyPerManager: acquire hyper - AMS_ACT_LAZY/1624@22, type = -999
07-28 17:18:50.979  1624  1665 W ziparchive: Unable to open '/data/app/~~KwWEaLvC3N8lGKrKk0eQLw==/com.example.dogglers-qTYCQ1SZN0zaUgqutcjCEg==/base.dm': No such file or directory
07-28 17:18:50.979  1624  3610 E libprocessgroup: Failed to find cgroup for tid 3610
07-28 17:18:50.979  1624  3610 W libprocessgroup: Failed to apply DoNothingOlaf task profile: Try again
07-28 17:18:50.980  1090  1150 I HYPER-HAL: [RequestManager.cpp]acquire(): Acquired ID : 1353856  [1624 / 21]    HINT : AMS_RESUME_TAIL    list :
07-28 17:18:50.980  1624  1665 I PkgPredictorService-SecIpmManagerServiceImpl: reportToNAP uid:10520 com.example.dogglers/com.example.dogglers.VerticalListActivity thisTime:301
07-28 17:18:50.980  8684  8703 W libc    : Access denied finding property "sys.perf.boostopt"
07-28 17:18:50.980  1090  1150 I mtkpower_client: perf_lock_rel, hdl:80007, tid:1150
07-28 17:18:50.981  1042  1042 E audit   : type=1400 audit(1690553930.976:543262): avc:  denied  { read } for  pid=8684 comm="binder:8684_1" name="u:object_r:perf_prop:s0" dev="tmpfs" ino=2289 scontext=u:r:untrusted_app:s0:c8,c258,c512,c768 tcontext=u:object_r:perf_prop:s0 tclass=file permissive=0 SEPF_SM-A325F_12_0001 audit_filtered
07-28 17:18:50.981  1042  1042 E audit   : type=1300 audit(1690553930.976:543262): arch=c00000b7 syscall=56 success=no exit=-13 a0=ffffff9c a1=7309a722d8 a2=88000 a3=0 items=0 ppid=1064 pid=8684 auid=4294967295 uid=10520 gid=10520 euid=10520 suid=10520 fsuid=10520 egid=10520 sgid=10520 fsgid=10520 tty=(none) ses=4294967295 comm="binder:8684_1" exe="/system/bin/app_process64" subj=u:r:untrusted_app:s0:c8,c258,c512,c768 key=(null)
07-28 17:18:50.981  1042  1042 E audit   : type=1327 audit(1690553930.976:543262): proctitle="zygote64"
07-28 17:18:50.983  1624  1665 I ActivityTaskManager: Displayed com.example.dogglers/.VerticalListActivity: +301ms
07-28 17:18:50.984  3746  3746 E pageboostd: Received HALT command code 2
07-28 17:18:50.984  1127  2095 I SurfaceFlinger: id=175890 createSurf flag=24000, Surface(name=2c335f com.example.dogglers/com.example.dogglers.VerticalListActivity)/@0x461da44 - animation-leash of starting_reveal#175890
07-28 17:18:50.984  8684  8684 D RootViewPicker: Root not ready - waiting: 10ms for one to appear.
07-28 17:18:50.985  1090  1150 I mtkpower_client: perf_lock_acq, hdl:0, dur:0, num:2, tid:1150
07-28 17:18:50.986  1093  1167 I libPowerHal: [perfLockRel] hdl:80007, idx:2
07-28 17:18:50.986  1093  1167 I libPowerHal: [PD] vendor.samsung. update cmd:1c3c000, param:1
07-28 17:18:50.986  1093  1167 I libPowerHal: [PD] (less) /proc/mcdi/state set +prefix:enable 1;
07-28 17:18:50.987  1090  1150 I mtkpower_client: ret_hdl:80009
07-28 17:18:50.987  1090  1150 I mtkpower_client: perf_lock_rel, hdl:80008, tid:1150
07-28 17:18:50.987  1093  1167 I libPowerHal: [perfLockAcq] idx:3 hdl:80009 hint:-1 pid:1090 duration:0 lock_user:vendor.samsung. => ret_hdl:80009
07-28 17:18:50.987  1093  1167 I libPowerHal: [PE] (less) /proc/mcdi/state set +prefix:enable 0;
07-28 17:18:50.988  1090  1150 I mtkpower_client: perf_lock_acq, hdl:0, dur:0, num:2, tid:1150
07-28 17:18:50.988  1093  1141 I mtkpower@impl: [setMode] type:5, enabled:0
07-28 17:18:50.988  1093  1167 I libPowerHal: [perfLockRel] hdl:80008, idx:1
07-28 17:18:50.988  1093  1167 I libPowerHal: [PD] vendor.samsung. update cmd:1000000, param:-1
07-28 17:18:50.988  1093  1167 I libPowerHal: [PD] vendor.samsung. update cmd:1000000 param:-1
07-28 17:18:50.989  1090  1150 I mtkpower_client: ret_hdl:80010
07-28 17:18:50.989  1093  1167 I libPowerHal: [perfLockAcq] idx:1 hdl:80010 hint:-1 pid:1090 duration:0 lock_user:vendor.samsung. => ret_hdl:80010
07-28 17:18:50.990  1093  1167 I libPowerHal: [PE] vendor.samsung. update cmd:1000000, param:0
07-28 17:18:50.990  1093  1167 I libPowerHal: [PE] vendor.samsung. update cmd:1000000 param:0
07-28 17:18:50.990  1090  1150 I mtkpower_client: perf_lock_rel, hdl:80009, tid:1150
07-28 17:18:50.990  1090  1150 I mtkpower_client: perf_lock_acq, hdl:0, dur:0, num:2, tid:1150
07-28 17:18:50.990  1093  1167 I libPowerHal: [perfLockRel] hdl:80009, idx:3
07-28 17:18:50.990  1093  1167 I libPowerHal: [PD] vendor.samsung. update cmd:1c3c000, param:1
07-28 17:18:50.990  1093  1167 I libPowerHal: [PD] (less) /proc/mcdi/state set +prefix:enable 1;
07-28 17:18:50.992  1090  1150 I mtkpower_client: ret_hdl:80011
07-28 17:18:50.992  1090  1150 I mtkpower_client: perf_lock_rel, hdl:80005, tid:1150
07-28 17:18:50.992  1093  1167 I libPowerHal: [perfLockAcq] idx:2 hdl:80011 hint:-1 pid:1090 duration:0 lock_user:vendor.samsung. => ret_hdl:80011
07-28 17:18:50.992  1093  1167 I libPowerHal: [PE] (less) /proc/mcdi/state set +prefix:enable 0;
07-28 17:18:50.993  1090  1150 I mtkpower_client: perf_lock_acq, hdl:0, dur:0, num:2, tid:1150
07-28 17:18:50.993  1093  1167 I libPowerHal: [perfLockRel] hdl:80005, idx:0
07-28 17:18:50.993  1093  1167 I libPowerHal: vendor.samsung.: cpu_ctrl set cpu freq: -1 -1 -1 -1
07-28 17:18:50.994  1090  1150 I mtkpower_client: ret_hdl:80012
07-28 17:18:50.994  1090  1150 I mtkpower_client: perf_lock_rel, hdl:80010, tid:1150
07-28 17:18:50.994  1093  1167 I libPowerHal: [perfLockAcq] idx:3 hdl:80012 hint:-1 pid:1090 duration:0 lock_user:vendor.samsung. => ret_hdl:80012
07-28 17:18:50.994  1093  1167 I libPowerHal: vendor.samsung.: cpu_ctrl set cpu freq: 1800000 -1 -1 -1
07-28 17:18:50.995  1090  1150 I mtkpower_client: perf_lock_acq, hdl:0, dur:0, num:2, tid:1150
07-28 17:18:50.995  1093  1167 I libPowerHal: [perfLockRel] hdl:80010, idx:1
07-28 17:18:50.995  1093  1167 I libPowerHal: [PD] vendor.samsung. update cmd:1000000, param:-1
07-28 17:18:50.995  1127  1127 I Layer   : Layer [com.example.dogglers/com.example.dogglers.VerticalListActivity$_8684#175887] hidden!! flag(0)
07-28 17:18:50.995  8684  8684 D RootViewPicker: Root not ready - waiting: 25ms for one to appear.
07-28 17:18:50.995  1093  1167 I libPowerHal: [PD] vendor.samsung. update cmd:1000000 param:-1
07-28 17:18:50.996  2897  2960 D OpenGLRenderer: setSurface called with nullptr
07-28 17:18:50.996  2897  2960 D OpenGLRenderer: setSurface() destroyed EGLSurface
07-28 17:18:50.996  2897  2960 D OpenGLRenderer: destroyEglSurface
07-28 17:18:50.997  1233  9413 I CameraService: onUidStateChanged: uid=10063, procState is changed. (1 -> 0)
07-28 17:18:50.997  1624  5256 D InputDispatcher: Focus entered window (0): 2c335f com.example.dogglers/com.example.dogglers.VerticalListActivity
07-28 17:18:50.998  1624  1688 W libprocessgroup: Failed to open /dev/blkio//cgroup.procs: No such file or directory
07-28 17:18:50.998  1090  1150 I mtkpower_client: ret_hdl:80013
07-28 17:18:50.998  1090  1150 I HYPER-HAL: [RequestManager.cpp]releaseLocked(): Released ID : 1372028
07-28 17:18:50.998  8684  8684 I ViewRootImpl@2c185ba[VerticalListActivity]: MSG_WINDOW_FOCUS_CHANGED 1 0
07-28 17:18:50.999  8684  8684 I ViewRootImpl@2c185ba[VerticalListActivity]: mThreadedRenderer.initializeIfNeeded()#2 mSurface={isValid=true 0xb40000728f700800}
07-28 17:18:50.999  2897  2945 I ViewRootImpl@bdf63a3[dogglers]: performTraversals params={(0,0)(fillxfill) sim={adjust=pan} ty=APPLICATION_STARTING fmt=TRANSLUCENT wanim=0x1030001 alpha=0.0
07-28 17:18:50.999  2897  2945 I ViewRootImpl@bdf63a3[dogglers]:   fl=81030118
07-28 17:18:50.999  2897  2945 I ViewRootImpl@bdf63a3[dogglers]:   pfl=16000010
07-28 17:18:50.999  2897  2945 I ViewRootImpl@bdf63a3[dogglers]:   bhv=DEFAULT
07-28 17:18:50.999  2897  2945 I ViewRootImpl@bdf63a3[dogglers]:   fitSides= naviIconColor=0}
07-28 17:18:50.999  2897  2945 I ViewRootImpl@bdf63a3[dogglers]: performTraversals mFirst=false windowShouldResize=false viewVisibilityChanged=true mForceNextWindowRelayout=false params={(0,0)(fillxfill) sim={adjust=pan} ty=APPLICATION_STARTING fmt=TRANSLUCENT wanim=0x1030001 alpha=0.0
07-28 17:18:50.999  2897  2945 I ViewRootImpl@bdf63a3[dogglers]:   fl=81030118
07-28 17:18:50.999  2897  2945 I ViewRootImpl@bdf63a3[dogglers]:   pfl=16000010
07-28 17:18:50.999  2897  2945 I ViewRootImpl@bdf63a3[dogglers]:   bhv=DEFAULT
07-28 17:18:50.999  2897  2945 I ViewRootImpl@bdf63a3[dogglers]:   fitSides= naviIconColor=0}
07-28 17:18:51.000  1624  5216 V WindowManager: Relayout Window{a44d233 u0 Splash Screen com.example.dogglers}: viewVisibility=8 req=1080x2400 d0
07-28 17:18:51.000  8684  8684 D InputMethodManager: startInputInner - Id : 0
07-28 17:18:51.000  8684  8684 I InputMethodManager: startInputInner - mService.startInputOrWindowGainedFocus
07-28 17:18:51.001  1093  1167 I libPowerHal: [perfLockAcq] idx:0 hdl:80013 hint:-1 pid:1090 duration:0 lock_user:vendor.samsung. => ret_hdl:80013
07-28 17:18:51.001  1093  1167 I libPowerHal: [PE] vendor.samsung. update cmd:1000000, param:0
07-28 17:18:51.002  1127  1127 D SurfaceFlinger: Display 0 HWC layers:
07-28 17:18:51.002  1127  1127 D SurfaceFlinger:      DEVICE | 0xb400007623229580 | 0102 | RGBA_8888    |    0.0    0.0 1080.0 2400.0 |    0    0 1080 2400 | com.example.dogglers/com.example.dogglers.VerticalListActivity$_8684#175887
07-28 17:18:51.002  1127  1127 D SurfaceFlinger:      DEVICE | 0xb400007623229400 | 0100 | RGBA_8888    |    0.0    0.0 1080.0 2400.0 |    0    0 1080 2400 | Splash Screen com.example.dogglers$_2897#175880
07-28 17:18:51.002  1127  1127 D SurfaceFlinger:      DEVICE | 0xb4000075f544c980 | 0100 | RGBA_8888    |    0.0    0.0 1080.0   80.0 |    0    0 1080   80 | StatusBar$_2897#91
07-28 17:18:51.002  1127  1127 D SurfaceFlinger:      DEVICE | 0xb4000075f544c800 | 0100 | RGBA_8888    |    0.0    0.0 1080.0  135.0 |    0 2265 1080 2400 | NavigationBar0$_2897#86
07-28 17:18:51.002  1127  1127 D SurfaceFlinger:      DEVICE | 0xb4000075f544b300 | 0140 | RGBA_8888    |    0.0    0.0 1080.0  150.0 |    0    0 1080  150 | ScreenDecorOverlay$_2897#100
07-28 17:18:51.002  1127  1127 D SurfaceFlinger:      DEVICE | 0xb400007621856700 | 0140 | RGBA_8888    |    0.0    0.0 1080.0  150.0 |    0 2250 1080 2400 | ScreenDecorOverlayBottom$_2897#101
07-28 17:18:51.002  1127  1127 D SurfaceFlinger:
07-28 17:18:51.002  1093  1167 I libPowerHal: [PE] vendor.samsung. update cmd:1000000 param:0
07-28 17:18:51.002  2897  2897 D NavigationBar: onSystemBarAttributesChanged() -  displayId:0, appearance:16, packageName: com.example.dogglers (APPEARANCE_LIGHT_NAVIGATION_BARS ), navbarColorManagedByIme:false
07-28 17:18:51.003  2897  2897 D SamsungLightBarControlHelper: updateNavigation(Black button) isLightBar:false, hasLightBarNavigationBarFlag:true, packageName:com.example.dogglers, DirectReplying:false, NavBarColorManagerdByIme:false, ForceDarkForScrim:false, QsCustomizing:false, PanelHasWhiteBg:true
07-28 17:18:51.003  1624  5216 V WindowManager: Relayout hash=a44d233, pid=2897, syncId=-1: mAttrs={(0,0)(fillxfill) sim={adjust=pan} ty=APPLICATION_STARTING fmt=TRANSLUCENT wanim=0x1030001 alpha=0.0
07-28 17:18:51.003  1624  5216 V WindowManager:   fl=81030118
07-28 17:18:51.003  1624  5216 V WindowManager:   pfl=16000010
07-28 17:18:51.003  1624  5216 V WindowManager:   bhv=DEFAULT
07-28 17:18:51.003  1624  5216 V WindowManager:   fitSides= naviIconColor=0}
07-28 17:18:51.004  1624  5256 D InputMethodManagerService: mDesktopModeManager null!
07-28 17:18:51.004  1624  5256 V InputMethodManagerService: getDisplayIdOfInputMethodWindowToBeAdded: displayId=0
07-28 17:18:51.005  2897  2945 D InsetsController: onStateChanged: InsetsState: {mDisplayFrame=Rect(0, 0 - 1080, 2400), mDisplayCutout=DisplayCutout{insets=Rect(0, 80 - 0, 0) waterfall=Insets{left=0, top=0, right=0, bottom=0} boundingRect={Bounds=[Rect(0, 0 - 0, 0), Rect(468, 0 - 612, 80), Rect(0, 0 - 0, 0), Rect(0, 0 - 0, 0)]} cutoutPathParserInfo={CutoutPathParserInfo{displayWidth=1080 displayHeight=2400 physicalDisplayWidth=1080 physicalDisplayHeight=2400 density={2.625} cutoutSpec={M 0,0 H -27.42857142857143 V 30.47619047619048 H 27.42857142857143 V 0 H 0 Z @dp} rotation={0} scale={1.0} physicalPixelDisplaySizeRatio={1.0}}}}, mRoundedCorners=RoundedCorners{[RoundedCorner{position=TopLeft, radius=90, center=Point(90, 90)}, RoundedCorner{position=TopRight, radius=90, center=Point(990, 90)}, RoundedCorner{position=BottomRight, radius=90, center=Point(990, 2310)}, RoundedCorner{position=BottomLeft, radius=90, center=Point(90, 2310)}]}  mRoundedCornerFrame=Rect(0, 0 - 1080, 2400), mPrivacyIndicatorBounds=PrivacyIndicatorBounds {static bounds=Rect(956, 0 - 1080, 80) rotation=0}, mSources= { InsetsSource: {mType=ITYPE_STATUS_BAR, mFrame=[0,0][1080,80], mVisible=true, mInsetsRoundedCornerFrame=false}, InsetsSource: {mType=ITYPE_NAVIGATION_BAR, mFrame=[0,2265][1080,2400], mVisible=true, mInsetsRoundedCornerFrame=false}, InsetsSource: {mType=ITYPE_LEFT_GESTURES, mFrame=[0,0][0,2400], mVisible=true, mInsetsRoundedCornerFrame=false}, InsetsSource: {mType=ITYPE_RIGHT_GESTURES, mFrame=[1080,0][1080,2400], mVisible=true, mInsetsRoundedCornerFrame=false}, InsetsSource: {mType=ITYPE_TOP_MANDATORY_GESTURES, mFrame=[0,0][1080,114], mVisible=true, mInsetsRoundedCornerFrame=false}, InsetsSource: {mType=ITYPE_BOTTOM_MANDATORY_GESTURES, mFrame=[0,2265][1080,2400], mVisible=true, mInsetsRoundedCornerFrame=false}, InsetsSource: {mType=ITYPE_LEFT_DISPLAY_CUTOUT, mFrame=[0,0][-100000,2400], mVisible=true, mInsetsRoundedCornerFrame=false}, InsetsSource: {mType=ITYPE_TOP_DISPLAY_CUTOUT, mFrame=[0,0][1080,80], mVisible=true, mInsetsRoundedCornerFrame=false}, InsetsSource: {mType=ITYPE_RIGHT_DISPLAY_CUTOUT, mFrame=[100000,0][1080,2400], mVisible=true, mInsetsRoundedCornerFrame=false}, InsetsSource: {mType=ITYPE_BOTTOM_DISPLAY_CUTOUT, mFrame=[0,100000][1080,2400], mVisible=true, mInsetsRoundedCornerFrame=false}, InsetsSource: {mType=ITYPE_TOP_TAPPABLE_ELEMENT, mFrame=[0,0][1080,80], mVisible=true, mInsetsRoundedCornerFrame=false}, InsetsSource: {mType=ITYPE_BOTTOM_TAPPABLE_ELEMENT, mFrame=[0,2265][1080,2400], mVisible=true, mInsetsRoundedCornerFrame=false} } host=Splash Screen com.example.dogglers from=android.view.ViewRootImpl.relayoutWindow:9802
07-28 17:18:51.005  1624  5256 D InputMethodManagerService: isImeSwitcherDisabledPackage : false
07-28 17:18:51.006  2897  2945 D BLASTBufferQueue: [ViewRootImpl@bdf63a3[dogglers]#7842](f:0,a:1) destructor()
07-28 17:18:51.006  2897  2945 D BufferQueueConsumer: [ViewRootImpl@bdf63a3[dogglers]#7842(BLAST Consumer)7842](id:b5100001ea2,api:0,p:-1,c:2897) disconnect
07-28 17:18:51.006  2897  2945 I ViewRootImpl@bdf63a3[dogglers]: Relayout returned: old=(0,0,1080,2400) new=(0,0,1080,2400) req=(1080,2400)8 dur=7 res=0x2 s={false 0x0} ch=true seqId=0
07-28 17:18:51.007  2897  2945 I ViewRootImpl@bdf63a3[dogglers]: dispatchDetachedFromWindow
07-28 17:18:51.008  1624  5256 D InputMethodManagerService: checkDisplayOfStartInputAndUpdateKeyboard: displayId=0, mFocusedDisplayId=0
07-28 17:18:51.008  1624  5256 D InputTransport: Input channel constructed: 'ClientS', fd=1345
07-28 17:18:51.008  1624  5256 D InputTransport: Input channel destroyed: 'ClientS', fd=1345
07-28 17:18:51.008  1624  5212 D InputTransport: Input channel destroyed: 'a44d233', fd=1334
07-28 17:18:51.008  1624  5212 W InputManager-JNI: Input channel object 'a44d233 Splash Screen com.example.dogglers (client)' was disposed without first being removed with the input manager!
07-28 17:18:51.008  1624  5212 D InputTransport: Input channel destroyed: 'a44d233', fd=1336
07-28 17:18:51.009  5607  5607 I HBD     : HoneyBoardService onFinishInput
07-28 17:18:51.009  5607  5607 I HBD     : a IC have been unbinding,  RemoteInputConnection{idHash=#1acd27}
07-28 17:18:51.009  5607  5607 I HBD     : HoneyBoardService [PF_CL][onFinishInput]  0 ms
07-28 17:18:51.009  5607  5607 I HBD     : HoneyBoardService [IMI] onStartInput - caller pid : 8684 , caller uid : 10520
07-28 17:18:51.009  5607  5607 I HBD     : j updateConfigs
07-28 17:18:51.010  5607  5607 I HBD     : j isEnabledNightMode : false
07-28 17:18:51.010  5607  5607 I HBD     : a IC have been binding, RemoteInputConnection{idHash=#9156bd4}
07-28 17:18:51.010  5607  5607 I HBD     : h [EditorInputType]setPrivateImeOptionsToTable privateImeOptions ( null )
07-28 17:18:51.010  5607  5607 I HBD     : b incognitoMode : false
07-28 17:18:51.010  5607  5607 I HBD     : a needOff = true , isForceOff = false, isNullInputClass : true
07-28 17:18:51.010  5607  5607 I HBD     : h getDefaultInputRange : UNKNOWN
07-28 17:18:51.010  5607  5607 I HBD     : h getDefaultInputRange : UNKNOWN
07-28 17:18:51.010  5607  5607 I HBD     : h getDefaultInputRange : UNKNOWN
07-28 17:18:51.011  5607  5607 I HBD     : a needOff = true , isForceOff = false, isNullInputClass : true
07-28 17:18:51.011  5607  5607 I HBD     : a update cached prediction status : false
07-28 17:18:51.011  1127  1127 I Layer   : Layer [Splash Screen com.example.dogglers$_2897#175880] hidden!! flag(1)
07-28 17:18:51.012  5607  5607 I HBD     : h getDefaultInputRange : UNKNOWN
07-28 17:18:51.012  5607  5607 I HBD     : a currentState : 0
07-28 17:18:51.012  5607  5607 I HBD     : a [UpdatePolicy] [post] a: 0 cl: 3342336 kit: [0/0] vt: 0 ir: 1
07-28 17:18:51.012  5607  5607 I HBD     : a [NRIC] resetNoResponseState
07-28 17:18:51.013  5607  5607 I HBD     : a needOff = true , isForceOff = false, isNullInputClass : true
07-28 17:18:51.013  5607  5607 I HBD     : a update cached prediction status : false
07-28 17:18:51.013  2897  2945 D InputTransport: Input channel destroyed: 'a44d233', fd=323
07-28 17:18:51.014  5607  5607 I HBD     : HoneyBoardService [PF_OP][onStartInput]  5 ms
07-28 17:18:51.015  1127  2095 I SurfaceFlinger: id=175891 createSurf flag=24004, Surface(name=d8adfc2 InputMethod)/@0xc2b360e - animation-leash of insets_animation#175891
07-28 17:18:51.016  1127  1127 D SurfaceFlinger: Display 0 HWC layers:
07-28 17:18:51.016  1127  1127 D SurfaceFlinger:      DEVICE | 0xb400007623229580 | 0102 | RGBA_8888    |    0.0    0.0 1080.0 2400.0 |    0    0 1080 2400 | com.example.dogglers/com.example.dogglers.VerticalListActivity$_8684#175887
07-28 17:18:51.016  1127  1127 D SurfaceFlinger:      DEVICE | 0xb4000075f544c980 | 0100 | RGBA_8888    |    0.0    0.0 1080.0   80.0 |    0    0 1080   80 | StatusBar$_2897#91
07-28 17:18:51.016  1127  1127 D SurfaceFlinger:      DEVICE | 0xb4000075f544c800 | 0100 | RGBA_8888    |    0.0    0.0 1080.0  135.0 |    0 2265 1080 2400 | NavigationBar0$_2897#86
07-28 17:18:51.016  1127  1127 D SurfaceFlinger:      DEVICE | 0xb4000075f544b300 | 0140 | RGBA_8888    |    0.0    0.0 1080.0  150.0 |    0    0 1080  150 | ScreenDecorOverlay$_2897#100
07-28 17:18:51.016  1127  1127 D SurfaceFlinger:      DEVICE | 0xb400007621856700 | 0140 | RGBA_8888    |    0.0    0.0 1080.0  150.0 |    0 2250 1080 2400 | ScreenDecorOverlayBottom$_2897#101
07-28 17:18:51.016  1127  1127 D SurfaceFlinger:
07-28 17:18:51.022  8684  8684 D InsetsController: onStateChanged: InsetsState: {mDisplayFrame=Rect(0, 0 - 1080, 2400), mDisplayCutout=DisplayCutout{insets=Rect(0, 80 - 0, 0) waterfall=Insets{left=0, top=0, right=0, bottom=0} boundingRect={Bounds=[Rect(0, 0 - 0, 0), Rect(468, 0 - 612, 80), Rect(0, 0 - 0, 0), Rect(0, 0 - 0, 0)]} cutoutPathParserInfo={CutoutPathParserInfo{displayWidth=1080 displayHeight=2400 physicalDisplayWidth=1080 physicalDisplayHeight=2400 density={2.625} cutoutSpec={M 0,0 H -27.42857142857143 V 30.47619047619048 H 27.42857142857143 V 0 H 0 Z @dp} rotation={0} scale={1.0} physicalPixelDisplaySizeRatio={1.0}}}}, mRoundedCorners=RoundedCorners{[RoundedCorner{position=TopLeft, radius=90, center=Point(90, 90)}, RoundedCorner{position=TopRight, radius=90, center=Point(990, 90)}, RoundedCorner{position=BottomRight, radius=90, center=Point(990, 2310)}, RoundedCorner{position=BottomLeft, radius=90, center=Point(90, 2310)}]}  mRoundedCornerFrame=Rect(0, 0 - 1080, 2400), mPrivacyIndicatorBounds=PrivacyIndicatorBounds {static bounds=Rect(956, 0 - 1080, 80) rotation=0}, mSources= { InsetsSource: {mType=ITYPE_STATUS_BAR, mFrame=[0,0][1080,80], mVisible=true, mInsetsRoundedCornerFrame=false}, InsetsSource: {mType=ITYPE_NAVIGATION_BAR, mFrame=[0,2265][1080,2400], mVisible=true, mInsetsRoundedCornerFrame=false}, InsetsSource: {mType=ITYPE_LEFT_GESTURES, mFrame=[0,0][0,2400], mVisible=true, mInsetsRoundedCornerFrame=false}, InsetsSource: {mType=ITYPE_RIGHT_GESTURES, mFrame=[1080,0][1080,2400], mVisible=true, mInsetsRoundedCornerFrame=false}, InsetsSource: {mType=ITYPE_TOP_MANDATORY_GESTURES, mFrame=[0,0][1080,114], mVisible=true, mInsetsRoundedCornerFrame=false}, InsetsSource: {mType=ITYPE_BOTTOM_MANDATORY_GESTURES, mFrame=[0,2265][1080,2400], mVisible=true, mInsetsRoundedCornerFrame=false}, InsetsSource: {mType=ITYPE_LEFT_DISPLAY_CUTOUT, mFrame=[0,0][-100000,2400], mVisible=true, mInsetsRoundedCornerFrame=false}, InsetsSource: {mType=ITYPE_TOP_DISPLAY_CUTOUT, mFrame=[0,0][1080,80], mVisible=true, mInsetsRoundedCornerFrame=false}, InsetsSource: {mType=ITYPE_RIGHT_DISPLAY_CUTOUT, mFrame=[100000,0][1080,2400], mVisible=true, mInsetsRoundedCornerFrame=false}, InsetsSource: {mType=ITYPE_BOTTOM_DISPLAY_CUTOUT, mFrame=[0,100000][1080,2400], mVisible=true, mInsetsRoundedCornerFrame=false}, InsetsSource: {mType=ITYPE_TOP_TAPPABLE_ELEMENT, mFrame=[0,0][1080,80], mVisible=true, mInsetsRoundedCornerFrame=false}, InsetsSource: {mType=ITYPE_BOTTOM_TAPPABLE_ELEMENT, mFrame=[0,2265][1080,2400], mVisible=true, mInsetsRoundedCornerFrame=false}, InsetsSource: {mType=ITYPE_IME, mFrame=[0,0][0,0], mVisibleFrame=[0,1243][1080,2400], mVisible=false, mInsetsRoundedCornerFrame=false} } host=com.example.dogglers/com.example.dogglers.VerticalListActivity from=android.view.ViewRootImpl$ViewRootHandler.handleMessageImpl:6740
07-28 17:18:51.023  1624  5256 D InputMethodManagerService: isImeSwitcherDisabledPackage : false
07-28 17:18:51.024  5607  5607 I InputMethodService: removeImeSurface
07-28 17:18:51.025  5607  5607 I MSHandlerLifeCycle: check: return. pkg=com.samsung.android.honeyboard isActivity=false callers=com.android.internal.policy.DecorView.setVisibility:4411 android.app.Dialog.hide:767 android.inputmethodservice.InputMethodService.removeImeSurface:1290 android.inputmethodservice.InputMethodService.scheduleImeSurfaceRemoval:1279 android.inputmethodservice.InputMethodService.-$$Nest$mscheduleImeSurfaceRemoval:0
07-28 17:18:51.025  5607  5607 I MSHandlerLifeCycle: removeMultiSplitHandler: no exist. decor=DecorView@4ed7bdc[InputMethod]
07-28 17:18:51.028  1127  1127 I Layer   : id=175879 removeFromCurrentState a44d233 Splash Screen com.example.dogglers#175879 (116)
07-28 17:18:51.028  1127  1127 I Layer   : id=175880 removeFromCurrentState Splash Screen com.example.dogglers$_2897#175880 (116)
07-28 17:18:51.028  1127  1127 I Layer   : id=175890 removeFromCurrentState Surface(name=2c335f com.example.dogglers/com.example.dogglers.VerticalListActivity)/@0x461da44 - animation-leash of starting_reveal#175890 (116)
07-28 17:18:51.028  1127  1127 I Layer   : id=175880 removeFromCurrentState Splash Screen com.example.dogglers$_2897#175880 (116)
07-28 17:18:51.028  1127  1127 I Layer   : id=175875 removeFromCurrentState Surface(name=d8adfc2 InputMethod)/@0xc2b360e - animation-leash of insets_animation#175875 (116)
07-28 17:18:51.029  1127  1127 I SurfaceFlinger: id=175875 Removed Surface(name=d8adfc2 InputMethod)/@0xc2b360e - animation-leash of insets_animation#175875 (116)
07-28 17:18:51.029  1127  1127 I SurfaceFlinger: id=175879 Removed a44d233 Splash Screen com.example.dogglers#175879 (116)
07-28 17:18:51.029  1127  1127 I SurfaceFlinger: id=175880 Removed Splash Screen com.example.dogglers$_2897#175880 (116)
07-28 17:18:51.029  1127  1127 I Layer   : id=175875 Destroyed Surface(name=d8adfc2 InputMethod)/@0xc2b360e - animation-leash of insets_animation#175875
07-28 17:18:51.029  1127  1127 I Layer   : id=175879 Destroyed a44d233 Splash Screen com.example.dogglers#175879
07-28 17:18:51.029  1127  1127 I BufferQueueDebug: [Splash Screen com.example.dogglers$_2897#175880](this:0xb4000075f0842838,id:-1,api:0,p:-1,c:1127) onDestructor()
07-28 17:18:51.029  1127  1127 I Layer   : id=175880 Destroyed Splash Screen com.example.dogglers$_2897#175880
07-28 17:18:51.032  8684  8684 I ViewInteraction: Performing 'scroll RecyclerView to position: 5' action on view view.getId() is <2131231207/com.example.dogglers:id/vertical_recycler_view>
07-28 17:18:51.046  1624  2805 W SemWifiTransportLayerUtils: getApplicationCategory - IOException com.example.dogglers
07-28 17:18:51.046  1624  2805 W System.err: java.net.SocketTimeoutException: Read timed out
07-28 17:18:51.047  1624  2805 W System.err: 	at java.net.SocketInputStream.socketRead0(Native Method)
07-28 17:18:51.047  1624  2805 W System.err: 	at java.net.SocketInputStream.socketRead(SocketInputStream.java:118)
07-28 17:18:51.047  1624  2805 W System.err: 	at java.net.SocketInputStream.read(SocketInputStream.java:173)
07-28 17:18:51.047  1624  2805 W System.err: 	at java.net.SocketInputStream.read(SocketInputStream.java:143)
07-28 17:18:51.047  1624  2805 W System.err: 	at com.android.org.conscrypt.ConscryptEngineSocket$SSLInputStream.readFromSocket(ConscryptEngineSocket.java:945)
07-28 17:18:51.047  1624  2805 W System.err: 	at com.android.org.conscrypt.ConscryptEngineSocket$SSLInputStream.processDataFromSocket(ConscryptEngineSocket.java:909)
07-28 17:18:51.047  1624  2805 W System.err: 	at com.android.org.conscrypt.ConscryptEngineSocket$SSLInputStream.-$$Nest$mprocessDataFromSocket(Unknown Source:0)
07-28 17:18:51.047  1624  2805 W System.err: 	at com.android.org.conscrypt.ConscryptEngineSocket.doHandshake(ConscryptEngineSocket.java:241)
07-28 17:18:51.047  1624  2805 W System.err: 	at com.android.org.conscrypt.ConscryptEngineSocket.startHandshake(ConscryptEngineSocket.java:220)
07-28 17:18:51.047  1624  2805 W System.err: 	at com.android.okhttp.internal.io.RealConnection.connectTls(RealConnection.java:196)
07-28 17:18:51.047  1624  2805 W System.err: 	at com.android.okhttp.internal.io.RealConnection.connectSocket(RealConnection.java:153)
07-28 17:18:51.047  1624  2805 W System.err: 	at com.android.okhttp.internal.io.RealConnection.connect(RealConnection.java:116)
07-28 17:18:51.047  1624  2805 W System.err: 	at com.android.okhttp.internal.http.StreamAllocation.findConnection(StreamAllocation.java:186)
07-28 17:18:51.047  1624  2805 W System.err: 	at com.android.okhttp.internal.http.StreamAllocation.findHealthyConnection(StreamAllocation.java:128)
07-28 17:18:51.047  1624  2805 W System.err: 	at com.android.okhttp.internal.http.StreamAllocation.newStream(StreamAllocation.java:97)
07-28 17:18:51.047  1624  2805 W System.err: 	at com.android.okhttp.internal.http.HttpEngine.connect(HttpEngine.java:289)
07-28 17:18:51.047  1624  2805 W System.err: 	at com.android.okhttp.internal.http.HttpEngine.sendRequest(HttpEngine.java:232)
07-28 17:18:51.047  1624  2805 W System.err: 	at com.android.okhttp.internal.huc.HttpURLConnectionImpl.execute(HttpURLConnectionImpl.java:465)
07-28 17:18:51.047  1624  2805 W System.err: 	at com.android.okhttp.internal.huc.HttpURLConnectionImpl.getResponse(HttpURLConnectionImpl.java:411)
07-28 17:18:51.047  1624  2805 W System.err: 	at com.android.okhttp.internal.huc.HttpURLConnectionImpl.getInputStream(HttpURLConnectionImpl.java:248)
07-28 17:18:51.047  1624  2805 W System.err: 	at com.android.okhttp.internal.huc.DelegatingHttpsURLConnection.getInputStream(DelegatingHttpsURLConnection.java:211)
07-28 17:18:51.047  1624  2805 W System.err: 	at com.android.okhttp.internal.huc.HttpsURLConnectionImpl.getInputStream(HttpsURLConnectionImpl.java:30)
07-28 17:18:51.047  1624  2805 W System.err: 	at com.samsung.android.server.wifi.tcp.SemWifiTransportLayerUtils.getApplicationCategory(SemWifiTransportLayerUtils.java:104)
07-28 17:18:51.048  1624  2805 W System.err: 	at com.samsung.android.server.wifi.tcp.SemWifiTransportLayerMonitor$TcpMonitorHandler.handleMessage(SemWifiTransportLayerMonitor.java:244)
07-28 17:18:51.048  1624  2805 W System.err: 	at android.os.Handler.dispatchMessage(Handler.java:106)
07-28 17:18:51.048  1624  2805 W System.err: 	at android.os.Looper.loopOnce(Looper.java:226)
07-28 17:18:51.048  1624  2805 W System.err: 	at android.os.Looper.loop(Looper.java:313)
07-28 17:18:51.048  1624  2805 W System.err: 	at android.os.HandlerThread.run(HandlerThread.java:67)
07-28 17:18:51.048  1624  2805 D SemWifiTransportLayerMonitor.TcpMonitorHandler: MSG_SAVE_PACKAGE_INFO
07-28 17:18:51.048  1624  2805 D SemWifiTransportLayerFileManager: saveWifiPackageInfoToFile
07-28 17:18:51.048  1624  2805 D SemWifiTransportLayerFileManager: writeWifiPackageInfoList
07-28 17:18:51.059  8684  8684 D skia    : SkJpegCodec::onGetPixels +
07-28 17:18:51.061  1624  2805 D SemWifiTransportLayerMonitor.TcpMonitorHandler: MSG_SAVE_PACKAGE_INFO
07-28 17:18:51.061  1624  2805 D SemWifiTransportLayerFileManager: saveWifiPackageInfoToFile
07-28 17:18:51.061  1624  2805 D SemWifiTransportLayerFileManager: writeWifiPackageInfoList
07-28 17:18:51.064  8684  8684 D skia    : SkJpegCodec::onGetPixels -
07-28 17:18:51.078  1624  2826 D NetdEventListenerService: DNS Requested by : 184, 1000
07-28 17:18:51.079  1624  2805 D TrafficStats: tagSocket(1106) with statsTag=0xffffffff, statsUid=-1
07-28 17:18:51.084  8684  8684 D skia    : SkJpegCodec::onGetPixels +
07-28 17:18:51.088  1624  2791 D SemNscXgbMsL1: Probability - Cloud gaming: [0.0343966]
07-28 17:18:51.089  1624  2791 D SemNscXgbMsL1: Probability - Real time: [0.32287064]
07-28 17:18:51.089  1624  2791 D SemNscXgbMsL1: Probability - Non real time: [0.5109639]
07-28 17:18:51.089  1624  2791 D SemNscXgbMsL1: 1 sample inference time: 0.758769 msecs
07-28 17:18:51.090  1624  2791 D SemNscXgbL2Rt: L2 RT 1 sample inference time: 1.058231 msecs
07-28 17:18:51.090  8684  8684 D skia    : SkJpegCodec::onGetPixels -
07-28 17:18:51.091  1624  2791 D SemNscXgbL2Nrt: L2 NRT 1 sample inference time: 0.931461 msecs
07-28 17:18:51.110  8684  8684 D skia    : SkJpegCodec::onGetPixels +
07-28 17:18:51.112  8684  8684 D skia    : SkJpegCodec::onGetPixels -
07-28 17:18:51.142  8684  8684 I ViewInteraction: Checking 'MatchesViewAssertion{viewMatcher=(view has effective visibility <VISIBLE> and view.getGlobalVisibleRect() to return non-empty rectangle)}' assertion on view an instance of android.widget.TextView and view.getText() with or without transformation to match: is "Bella"
07-28 17:18:51.151  1624  1668 I ChimeraSystemEventListener: appLaunchIntent package name is: com.example.dogglers
07-28 17:18:51.152  3746  3746 E pageboostd: Received HALT command code 2
07-28 17:18:51.155  1624  5715 I SemDvfsHyPerManager: acquire hyper - AMS_ACT_START/1624@19, type = -999
07-28 17:18:51.155  1090  1150 I HYPER-HAL: [RequestManager.cpp]acquire(): Acquired ID : 1350565  [1624 / 19]    HINT : AMS_ACT_START    list :
07-28 17:18:51.156  1090  1150 I mtkpower_client: perf_lock_rel, hdl:80012, tid:1150
07-28 17:18:51.156  1090  1150 I mtkpower_client: perf_lock_acq, hdl:0, dur:0, num:2, tid:1150
07-28 17:18:51.156  1093  1167 I libPowerHal: [perfLockRel] hdl:80012, idx:3
07-28 17:18:51.157  1127  3782 I SurfaceFlinger: id=175892 createSurf flag=80004, ActivityRecord{d34e59d u0 com.example.dogglers/androidx.test.core.app.InstrumentationActivityInvoker$EmptyActivity} t30271}#175892
07-28 17:18:51.157  1093  1167 I libPowerHal: vendor.samsung.: cpu_ctrl set cpu freq: -1 -1 -1 -1
07-28 17:18:51.158  1093  1167 I libPowerHal: [perfLockAcq] idx:1 hdl:80014 hint:-1 pid:1090 duration:0 lock_user:vendor.samsung. => ret_hdl:80014
07-28 17:18:51.158  1090  1150 I mtkpower_client: ret_hdl:80014
07-28 17:18:51.158  1090  1150 I mtkpower_client: perf_lock_rel, hdl:80011, tid:1150
07-28 17:18:51.159  1093  1167 I libPowerHal: vendor.samsung.: cpu_ctrl set cpu freq: 1800000 -1 -1 -1
07-28 17:18:51.159  1090  1150 I mtkpower_client: perf_lock_acq, hdl:0, dur:0, num:2, tid:1150
07-28 17:18:51.159  1093  1167 I libPowerHal: [perfLockRel] hdl:80011, idx:2
07-28 17:18:51.159  1093  1167 I libPowerHal: [PD] vendor.samsung. update cmd:1c3c000, param:1
07-28 17:18:51.160  1093  1167 I libPowerHal: [PD] (less) /proc/mcdi/state set +prefix:enable 1;
07-28 17:18:51.160  1090  1150 I mtkpower_client: ret_hdl:80015
07-28 17:18:51.161  1090  1150 I mtkpower_client: perf_lock_rel, hdl:80013, tid:1150
07-28 17:18:51.161  1624  1668 I SemPersonaManager: SecureFolder personaId = 150
07-28 17:18:51.162  1093  1167 I libPowerHal: [perfLockAcq] idx:2 hdl:80015 hint:-1 pid:1090 duration:0 lock_user:vendor.samsung. => ret_hdl:80015
07-28 17:18:51.162  1093  1167 I libPowerHal: [PE] (less) /proc/mcdi/state set +prefix:enable 0;
07-28 17:18:51.163  1093  1167 I libPowerHal: [perfLockRel] hdl:80013, idx:0
07-28 17:18:51.163  1093  1167 I libPowerHal: [PD] vendor.samsung. update cmd:1000000, param:-1
07-28 17:18:51.163  1090  1150 I mtkpower_client: perf_lock_acq, hdl:0, dur:0, num:2, tid:1150
07-28 17:18:51.163  1093  1167 I libPowerHal: [PD] vendor.samsung. update cmd:1000000 param:-1
07-28 17:18:51.167  1090  1150 I mtkpower_client: ret_hdl:80016
07-28 17:18:51.168  1093  1167 I libPowerHal: [perfLockAcq] idx:0 hdl:80016 hint:-1 pid:1090 duration:0 lock_user:vendor.samsung. => ret_hdl:80016
07-28 17:18:51.168  1093  1167 I libPowerHal: [PE] vendor.samsung. update cmd:1000000, param:0
07-28 17:18:51.168  1093  1167 I libPowerHal: [PE] vendor.samsung. update cmd:1000000 param:0
07-28 17:18:51.170  8684  8684 D LifecycleMonitor: Lifecycle status change: com.example.dogglers.VerticalListActivity@4494c14 in: PAUSED
07-28 17:18:51.170  8684  8684 V ActivityScenario: Update currentActivityStage to PAUSED, currentActivity=com.example.dogglers.VerticalListActivity@4494c14
07-28 17:18:51.182  1624  5212 D InputDispatcher: Focused application(0): ActivityRecord{d34e59d u0 com.example.dogglers/androidx.test.core.app.InstrumentationActivityInvoker$EmptyActivity} t30271}
07-28 17:18:51.190  1624  1668 I SemPersonaManager: SecureFolder personaId = 150
07-28 17:18:51.190  8787  8852 I SCS@AiSearch user 0: (IndexSearcherManager) Searcher created successfully for com.samsung.android.apps
07-28 17:18:51.194  1127  1127 I SurfaceFlinger: [2c335f com.example.dogglers/com.example.dogglers.VerticalListActivity#175886] FrameRatePriority: -1
07-28 17:18:51.197  8684  8684 D LifecycleMonitor: Lifecycle status change: androidx.test.core.app.InstrumentationActivityInvoker$EmptyActivity@e1bbcbf in: PRE_ON_CREATE
07-28 17:18:51.198  8684  8684 V ActivityScenario: Activity lifecycle changed event received but ignored because the intent does not match. startActivityIntent=Intent { act=android.intent.action.MAIN cat=[android.intent.category.LAUNCHER] cmp=com.example.dogglers/.VerticalListActivity }, activity.getIntent()=Intent { act=android.intent.action.MAIN cat=[android.intent.category.LAUNCHER] flg=0x10000000 cmp=com.example.dogglers/androidx.test.core.app.InstrumentationActivityInvoker$EmptyActivity }, activity=androidx.test.core.app.InstrumentationActivityInvoker$EmptyActivity@e1bbcbf
07-28 17:18:51.198  4741  4741 I A       : onPause
07-28 17:18:51.206  8684  8684 I DecorView: [INFO] isPopOver=false config=true
07-28 17:18:51.206  8684  8684 I DecorView: updateCaptionType: isFloating=false isApplication=true hasWindowDecorCaption=false this=DecorView@87fdeea[]
07-28 17:18:51.206  8684  8684 D DecorView: setCaptionType = 0, this = DecorView@87fdeea[]
07-28 17:18:51.208  1624  1668 D EnterpriseDeviceManagerService: isMdmAdminPresentInternal() : MDM Admin Found - com.samsung.knox.securefolder
07-28 17:18:51.209  1624  3919 I MediaSessionMonitor: Media session stopped : not playing state
07-28 17:18:51.210  8684  8684 I DecorView: getCurrentDensityDpi: from real metrics. densityDpi=450 msg=resources_loaded
07-28 17:18:51.210  8684  8684 I DecorView: setWindowBackground: isPopOver=false color=ff010101 d=android.graphics.drawable.StateListDrawable@75965db
07-28 17:18:51.211  8684  8684 D LifecycleMonitor: Lifecycle status change: androidx.test.core.app.InstrumentationActivityInvoker$EmptyActivity@e1bbcbf in: CREATED
07-28 17:18:51.211  1127  1127 D SurfaceFlinger: [input] inputWindowCommands.focusRequests size is 1
07-28 17:18:51.211  8684  8684 V ActivityScenario: Activity lifecycle changed event received but ignored because the intent does not match. startActivityIntent=Intent { act=android.intent.action.MAIN cat=[android.intent.category.LAUNCHER] cmp=com.example.dogglers/.VerticalListActivity }, activity.getIntent()=Intent { act=android.intent.action.MAIN cat=[android.intent.category.LAUNCHER] flg=0x10000000 cmp=com.example.dogglers/androidx.test.core.app.InstrumentationActivityInvoker$EmptyActivity }, activity=androidx.test.core.app.InstrumentationActivityInvoker$EmptyActivity@e1bbcbf
07-28 17:18:51.212  1127  1386 D SurfaceFlinger: [input] setFocusedWindow: <null>
07-28 17:18:51.213  1624  5715 D InputDispatcher: Focus left window (0): 2c335f com.example.dogglers/com.example.dogglers.VerticalListActivity
07-28 17:18:51.213  8684  8684 D LifecycleMonitor: Lifecycle status change: androidx.test.core.app.InstrumentationActivityInvoker$EmptyActivity@e1bbcbf in: STARTED
