07-28 17:18:50.167  1127  3782 I SurfaceFlinger: id=175854 createSurf flag=80004, 7ec7f1b com.example.dogglers/androidx.test.core.app.InstrumentationActivityInvoker$EmptyActivity#175854
07-28 17:18:50.168  1624  5212 D InputTransport: Input channel destroyed: '7ec7f1b', fd=1333
07-28 17:18:50.171  8684  8684 D InsetsController: onStateChanged: InsetsState: {mDisplayFrame=Rect(0, 0 - 1080, 2400), mDisplayCutout=DisplayCutout{insets=Rect(0, 80 - 0, 0) waterfall=Insets{left=0, top=0, right=0, bottom=0} boundingRect={Bounds=[Rect(0, 0 - 0, 0), Rect(468, 0 - 612, 80), Rect(0, 0 - 0, 0), Rect(0, 0 - 0, 0)]} cutoutPathParserInfo={CutoutPathParserInfo{displayWidth=1080 displayHeight=2400 physicalDisplayWidth=1080 physicalDisplayHeight=2400 density={2.625} cutoutSpec={M 0,0 H -27.42857142857143 V 30.47619047619048 H 27.42857142857143 V 0 H 0 Z @dp} rotation={0} scale={1.0} physicalPixelDisplaySizeRatio={1.0}}}}, mRoundedCorners=RoundedCorners{[RoundedCorner{position=TopLeft, radius=90, center=Point(90, 90)}, RoundedCorner{position=TopRight, radius=90, center=Point(990, 90)}, RoundedCorner{position=BottomRight, radius=90, center=Point(990, 2310)}, RoundedCorner{position=BottomLeft, radius=90, center=Point(90, 2310)}]}  mRoundedCornerFrame=Rect(0, 0 - 1080, 2400), mPrivacyIndicatorBounds=PrivacyIndicatorBounds {static bounds=Rect(956, 0 - 1080, 80) rotation=0}, mSources= { InsetsSource: {mType=ITYPE_STATUS_BAR, mFrame=[0,0][1080,80], mVisible=true, mInsetsRoundedCornerFrame=false}, InsetsSource: {mType=ITYPE_NAVIGATION_BAR, mFrame=[0,2265][1080,2400], mVisible=true, mInsetsRoundedCornerFrame=false}, InsetsSource: {mType=ITYPE_LEFT_GESTURES, mFrame=[0,0][0,2400], mVisible=true, mInsetsRoundedCornerFrame=false}, InsetsSource: {mType=ITYPE_RIGHT_GESTURES, mFrame=[1080,0][1080,2400], mVisible=true, mInsetsRoundedCornerFrame=false}, InsetsSource: {mType=ITYPE_TOP_MANDATORY_GESTURES, mFrame=[0,0][1080,114], mVisible=true, mInsetsRoundedCornerFrame=false}, InsetsSource: {mType=ITYPE_BOTTOM_MANDATORY_GESTURES, mFrame=[0,2265][1080,2400], mVisible=true, mInsetsRoundedCornerFrame=false}, InsetsSource: {mType=ITYPE_LEFT_DISPLAY_CUTOUT, mFrame=[0,0][-100000,2400], mVisible=true, mInsetsRoundedCornerFrame=false}, InsetsSource: {mType=ITYPE_TOP_DISPLAY_CUTOUT, mFrame=[0,0][1080,80], mVisible=true, mInsetsRoundedCornerFrame=false}, InsetsSource: {mType=ITYPE_RIGHT_DISPLAY_CUTOUT, mFrame=[100000,0][1080,2400], mVisible=true, mInsetsRoundedCornerFrame=false}, InsetsSource: {mType=ITYPE_BOTTOM_DISPLAY_CUTOUT, mFrame=[0,100000][1080,2400], mVisible=true, mInsetsRoundedCornerFrame=false}, InsetsSource: {mType=ITYPE_TOP_TAPPABLE_ELEMENT, mFrame=[0,0][1080,80], mVisible=true, mInsetsRoundedCornerFrame=false}, InsetsSource: {mType=ITYPE_BOTTOM_TAPPABLE_ELEMENT, mFrame=[0,2265][1080,2400], mVisible=true, mInsetsRoundedCornerFrame=false} } host=com.example.dogglers/androidx.test.core.app.InstrumentationActivityInvoker$EmptyActivity from=android.view.ViewRootImpl.setView:1732
07-28 17:18:50.174  8684  8684 I ViewRootImpl@5f30d1c[InstrumentationActivityInvoker$EmptyActivity]: setView = com.android.internal.policy.DecorView@5a901ee TM=true
07-28 17:18:50.175  8684  8684 I MSHandlerLifeCycle: removeMultiSplitHandler: no exist. decor=DecorView@5a901ee[InstrumentationActivityInvoker$EmptyActivity]
07-28 17:18:50.175  1624  1745 D AnalyticsContainerHandler: handleMessage : { when=0 what=1 target=com.android.server.knox.KnoxAnalyticsContainer$AnalyticsHandler }
07-28 17:18:50.187  8684  8684 I ViewRootImpl@5f30d1c[InstrumentationActivityInvoker$EmptyActivity]: performTraversals params={(0,0)(fillxfill) sim={adjust=pan forwardNavigation} ty=BASE_APPLICATION wanim=0x1030001
07-28 17:18:50.187  8684  8684 I ViewRootImpl@5f30d1c[InstrumentationActivityInvoker$EmptyActivity]:   fl=1810100
07-28 17:18:50.187  8684  8684 I ViewRootImpl@5f30d1c[InstrumentationActivityInvoker$EmptyActivity]:   pfl=12020040
07-28 17:18:50.187  8684  8684 I ViewRootImpl@5f30d1c[InstrumentationActivityInvoker$EmptyActivity]:   bhv=DEFAULT
07-28 17:18:50.187  8684  8684 I ViewRootImpl@5f30d1c[InstrumentationActivityInvoker$EmptyActivity]:   fitSides= naviIconColor=0
07-28 17:18:50.187  8684  8684 I ViewRootImpl@5f30d1c[InstrumentationActivityInvoker$EmptyActivity]:   sfl=100000}
07-28 17:18:50.188  8684  8684 I ViewRootImpl@5f30d1c[InstrumentationActivityInvoker$EmptyActivity]: performTraversals mFirst=true windowShouldResize=true viewVisibilityChanged=false mForceNextWindowRelayout=false params={(0,0)(fillxfill) sim={adjust=pan forwardNavigation} ty=BASE_APPLICATION wanim=0x1030001
07-28 17:18:50.188  8684  8684 I ViewRootImpl@5f30d1c[InstrumentationActivityInvoker$EmptyActivity]:   fl=1810100
07-28 17:18:50.188  8684  8684 I ViewRootImpl@5f30d1c[InstrumentationActivityInvoker$EmptyActivity]:   pfl=12020040
07-28 17:18:50.188  8684  8684 I ViewRootImpl@5f30d1c[InstrumentationActivityInvoker$EmptyActivity]:   bhv=DEFAULT
07-28 17:18:50.188  8684  8684 I ViewRootImpl@5f30d1c[InstrumentationActivityInvoker$EmptyActivity]:   fitSides= naviIconColor=0
07-28 17:18:50.188  8684  8684 I ViewRootImpl@5f30d1c[InstrumentationActivityInvoker$EmptyActivity]:   sfl=100000}
07-28 17:18:50.189  1624  5212 V WindowManager: Relayout Window{7ec7f1b u0 com.example.dogglers/androidx.test.core.app.InstrumentationActivityInvoker$EmptyActivity}: viewVisibility=0 req=1080x2400 d0
07-28 17:18:50.190  1127  3782 I BufferQueueDebug: [com.example.dogglers/androidx.test.core.app.InstrumentationActivityInvoker$EmptyActivity$_8684#175855](this:0xb4000075f54b2838,id:-1,api:0,p:-1,c:-1) BufferQueue core=(1127:/system/bin/surfaceflinger)
07-28 17:18:50.190  1127  3782 I SurfaceFlinger: id=175855 createSurf flag=40004, com.example.dogglers/androidx.test.core.app.InstrumentationActivityInvoker$EmptyActivity$_8684#175855
07-28 17:18:50.194  1127  3782 I SurfaceFlinger: id=175856 createSurf flag=24000, Surface(name=7ae696d StatusBar)/@0x546cfe9 - animation-leash of insets_animation#175856
07-28 17:18:50.195  1127  3782 I SurfaceFlinger: id=175857 createSurf flag=24000, Surface(name=57253a2 NavigationBar0)/@0x6398367 - animation-leash of insets_animation#175857
07-28 17:18:50.198  1624  5212 V WindowManager: Relayout hash=7ec7f1b, pid=8684, syncId=-1: mAttrs={(0,0)(fillxfill) sim={adjust=pan forwardNavigation} ty=BASE_APPLICATION wanim=0x1030001
07-28 17:18:50.198  1624  5212 V WindowManager:   fl=1810100
07-28 17:18:50.198  1624  5212 V WindowManager:   pfl=12020040
07-28 17:18:50.198  1624  5212 V WindowManager:   apr=LIGHT_NAVIGATION_BARS
07-28 17:18:50.198  1624  5212 V WindowManager:   bhv=DEFAULT
07-28 17:18:50.198  1624  5212 V WindowManager:   fitSides= naviIconColor=0
07-28 17:18:50.198  1624  5212 V WindowManager:   sfl=100000}
07-28 17:18:50.200  8684  8684 D InsetsController: onStateChanged: InsetsState: {mDisplayFrame=Rect(0, 0 - 1080, 2400), mDisplayCutout=DisplayCutout{insets=Rect(0, 80 - 0, 0) waterfall=Insets{left=0, top=0, right=0, bottom=0} boundingRect={Bounds=[Rect(0, 0 - 0, 0), Rect(468, 0 - 612, 80), Rect(0, 0 - 0, 0), Rect(0, 0 - 0, 0)]} cutoutPathParserInfo={CutoutPathParserInfo{displayWidth=1080 displayHeight=2400 physicalDisplayWidth=1080 physicalDisplayHeight=2400 density={2.625} cutoutSpec={M 0,0 H -27.42857142857143 V 30.47619047619048 H 27.42857142857143 V 0 H 0 Z @dp} rotation={0} scale={1.0} physicalPixelDisplaySizeRatio={1.0}}}}, mRoundedCorners=RoundedCorners{[RoundedCorner{position=TopLeft, radius=90, center=Point(90, 90)}, RoundedCorner{position=TopRight, radius=90, center=Point(990, 90)}, RoundedCorner{position=BottomRight, radius=90, center=Point(990, 2310)}, RoundedCorner{position=BottomLeft, radius=90, center=Point(90, 2310)}]}  mRoundedCornerFrame=Rect(0, 0 - 1080, 2400), mPrivacyIndicatorBounds=PrivacyIndicatorBounds {static bounds=Rect(956, 0 - 1080, 80) rotation=0}, mSources= { InsetsSource: {mType=ITYPE_STATUS_BAR, mFrame=[0,0][1080,80], mVisible=true, mInsetsRoundedCornerFrame=false}, InsetsSource: {mType=ITYPE_NAVIGATION_BAR, mFrame=[0,2265][1080,2400], mVisible=true, mInsetsRoundedCornerFrame=false}, InsetsSource: {mType=ITYPE_LEFT_GESTURES, mFrame=[0,0][0,2400], mVisible=true, mInsetsRoundedCornerFrame=false}, InsetsSource: {mType=ITYPE_RIGHT_GESTURES, mFrame=[1080,0][1080,2400], mVisible=true, mInsetsRoundedCornerFrame=false}, InsetsSource: {mType=ITYPE_TOP_MANDATORY_GESTURES, mFrame=[0,0][1080,114], mVisible=true, mInsetsRoundedCornerFrame=false}, InsetsSource: {mType=ITYPE_BOTTOM_MANDATORY_GESTURES, mFrame=[0,2265][1080,2400], mVisible=true, mInsetsRoundedCornerFrame=false}, InsetsSource: {mType=ITYPE_LEFT_DISPLAY_CUTOUT, mFrame=[0,0][-100000,2400], mVisible=true, mInsetsRoundedCornerFrame=false}, InsetsSource: {mType=ITYPE_TOP_DISPLAY_CUTOUT, mFrame=[0,0][1080,80], mVisible=true, mInsetsRoundedCornerFrame=false}, InsetsSource: {mType=ITYPE_RIGHT_DISPLAY_CUTOUT, mFrame=[100000,0][1080,2400], mVisible=true, mInsetsRoundedCornerFrame=false}, InsetsSource: {mType=ITYPE_BOTTOM_DISPLAY_CUTOUT, mFrame=[0,100000][1080,2400], mVisible=true, mInsetsRoundedCornerFrame=false}, InsetsSource: {mType=ITYPE_TOP_TAPPABLE_ELEMENT, mFrame=[0,0][1080,80], mVisible=true, mInsetsRoundedCornerFrame=false}, InsetsSource: {mType=ITYPE_BOTTOM_TAPPABLE_ELEMENT, mFrame=[0,2265][1080,2400], mVisible=true, mInsetsRoundedCornerFrame=false}, InsetsSource: {mType=ITYPE_IME, mFrame=[0,0][0,0], mVisibleFrame=[0,1243][1080,2400], mVisible=false, mInsetsRoundedCornerFrame=false} } host=com.example.dogglers/androidx.test.core.app.InstrumentationActivityInvoker$EmptyActivity from=android.view.ViewRootImpl.relayoutWindow:9802
07-28 17:18:50.202  8684  8684 I ViewRootImpl@5f30d1c[InstrumentationActivityInvoker$EmptyActivity]: updateBlastSurfaceIfNeeded mBlastBufferQueue=null isSameSurfaceControl=false
07-28 17:18:50.202  8684  8684 D BufferQueueConsumer: [](id:21ec00000001,api:0,p:-1,c:8684) connect: controlledByApp=false
07-28 17:18:50.203  8684  8684 I BLASTBufferQueue: new BLASTBufferQueue, mName= ViewRootImpl@5f30d1c[InstrumentationActivityInvoker$EmptyActivity] mNativeObject= 0xb400007297a2f680 sc.mNativeObject= 0xb400007297b32c60 caller= android.view.ViewRootImpl.updateBlastSurfaceIfNeeded:2909 android.view.ViewRootImpl.relayoutWindow:9847 android.view.ViewRootImpl.performTraversals:3884 android.view.ViewRootImpl.doTraversal:3116 android.view.ViewRootImpl$TraversalRunnable.run:10885 android.view.Choreographer$CallbackRecord.run:1301 android.view.Choreographer$CallbackRecord.run:1309 android.view.Choreographer.doCallbacks:923 android.view.Choreographer.doFrame:852 android.view.Choreographer$FrameDisplayEventReceiver.run:1283
07-28 17:18:50.203  8684  8684 I BLASTBufferQueue: update, w= 1080 h= 2400 mName = ViewRootImpl@5f30d1c[InstrumentationActivityInvoker$EmptyActivity] mNativeObject= 0xb400007297a2f680 sc.mNativeObject= 0xb400007297b32c60 format= -1 caller= android.graphics.BLASTBufferQueue.<init>:84 android.view.ViewRootImpl.updateBlastSurfaceIfNeeded:2909 android.view.ViewRootImpl.relayoutWindow:9847 android.view.ViewRootImpl.performTraversals:3884 android.view.ViewRootImpl.doTraversal:3116 android.view.ViewRootImpl$TraversalRunnable.run:10885
07-28 17:18:50.204  8684  8684 I ViewRootImpl@5f30d1c[InstrumentationActivityInvoker$EmptyActivity]: Relayout returned: old=(0,0,1080,2400) new=(0,0,1080,2400) req=(1080,2400)0 dur=14 res=0x3 s={true 0xb400007297b59800} ch=true seqId=0
07-28 17:18:50.206  8684  8684 I ViewRootImpl@5f30d1c[InstrumentationActivityInvoker$EmptyActivity]: mThreadedRenderer.initialize() mSurface={isValid=true 0xb400007297b59800} hwInitialized=true
07-28 17:18:50.206  8684  8768 D OpenGLRenderer: eglCreateWindowSurface
07-28 17:18:50.208  8684  8684 I ViewRootImpl@5f30d1c[InstrumentationActivityInvoker$EmptyActivity]: reportNextDraw android.view.ViewRootImpl.performTraversals:4438 android.view.ViewRootImpl.doTraversal:3116 android.view.ViewRootImpl$TraversalRunnable.run:10885 android.view.Choreographer$CallbackRecord.run:1301 android.view.Choreographer$CallbackRecord.run:1309
07-28 17:18:50.208  8684  8684 I ViewRootImpl@5f30d1c[InstrumentationActivityInvoker$EmptyActivity]: Setup new sync id=0
07-28 17:18:50.208  8684  8684 I ViewRootImpl@5f30d1c[InstrumentationActivityInvoker$EmptyActivity]: Setting syncFrameCallback
07-28 17:18:50.208  8684  8684 I ViewRootImpl@5f30d1c[InstrumentationActivityInvoker$EmptyActivity]: registerCallbacksForSync syncBuffer=false
07-28 17:18:50.211  8684  8828 I ViewRootImpl@5f30d1c[InstrumentationActivityInvoker$EmptyActivity]: Received frameDrawingCallback syncResult=0 frameNum=1.
07-28 17:18:50.211  8684  8828 I ViewRootImpl@5f30d1c[InstrumentationActivityInvoker$EmptyActivity]: Setting up sync and frameCommitCallback
07-28 17:18:50.212  1127  1127 I Layer   : id=175849 removeFromCurrentState Surface(name=7ae696d StatusBar)/@0x546cfe9 - animation-leash of insets_animation#175849 (113)
07-28 17:18:50.212  1127  1127 I Layer   : id=175850 removeFromCurrentState Surface(name=57253a2 NavigationBar0)/@0x6398367 - animation-leash of insets_animation#175850 (113)
07-28 17:18:50.212  1127  1127 I SurfaceFlinger: [7ec7f1b com.example.dogglers/androidx.test.core.app.InstrumentationActivityInvoker$EmptyActivity#175854] FrameRatePriority: 1
07-28 17:18:50.212  1127  1127 D SurfaceFlinger: [input] inputWindowCommands.focusRequests size is 1
07-28 17:18:50.214  1127  1386 D SurfaceFlinger: [input] setFocusedWindow: 7ec7f1b com.example.dogglers/androidx.test.core.app.InstrumentationActivityInvoker$EmptyActivity
07-28 17:18:50.214  1624  4999 D InputDispatcher: Focus request (0): 7ec7f1b com.example.dogglers/androidx.test.core.app.InstrumentationActivityInvoker$EmptyActivity but waiting because NO_WINDOW
07-28 17:18:50.228  3393  3762 I RecentModel: onTaskStackChangedBackground
07-28 17:18:50.256  8684  8768 I BLASTBufferQueue: [ViewRootImpl@5f30d1c[InstrumentationActivityInvoker$EmptyActivity]#1](f:0,a:0) onFrameAvailable the first frame is available
07-28 17:18:50.256  8684  8768 D BLASTBufferQueue: [ViewRootImpl@5f30d1c[InstrumentationActivityInvoker$EmptyActivity]#1](f:0,a:1) acquireNextBufferLocked size=1080x2400 mFrameNumber=1 applyTransaction=true mTimestamp=1006959811000480(auto) mPendingTransactions.size=0 graphicBufferId=37297495998467 transform=0
07-28 17:18:50.257  8684  8768 I ViewRootImpl@5f30d1c[InstrumentationActivityInvoker$EmptyActivity]: Received frameCommittedCallback lastAttemptedDrawFrameNum=1 didProduceBuffer=true
07-28 17:18:50.257  8684  8768 D OpenGLRenderer: CFMS:: SetUp Pid : 8684    Tid : 8768
07-28 17:18:50.258  8684  8768 W Parcel  : Expecting binder but got null!
07-28 17:18:50.258  8684  8684 I ViewRootImpl@5f30d1c[InstrumentationActivityInvoker$EmptyActivity]: onSyncComplete
07-28 17:18:50.259  8684  8684 I ViewRootImpl@5f30d1c[InstrumentationActivityInvoker$EmptyActivity]: setupSync seqId=0 mSyncId=0 fn=1 caller=android.view.ViewRootImpl$$ExternalSyntheticLambda11.accept:6 android.window.SurfaceSyncer.lambda$setupSync$1$android-window-SurfaceSyncer:128 android.window.SurfaceSyncer$$ExternalSyntheticLambda1.accept:8 android.window.SurfaceSyncer$SyncSet.checkIfSyncIsComplete:382 android.window.SurfaceSyncer$SyncSet.markSyncReady:359 android.window.SurfaceSyncer.markSyncReady:151 android.view.ViewRootImpl.performTraversals:4503
07-28 17:18:50.259  8684  8684 I ViewRootImpl@5f30d1c[InstrumentationActivityInvoker$EmptyActivity]: reportDrawFinished seqId=0 mSyncId=-1 fn=1 mSurfaceChangedTransaction=0xb40000731602b000
07-28 17:18:50.259  8684  8684 I ViewRootImpl@fa02096[VerticalListActivity]: MSG_WINDOW_FOCUS_CHANGED 0 0
07-28 17:18:50.262  1127  1127 D BufferStateLayer: com.example.dogglers/androidx.test.core.app.InstrumentationActivityInvoker$EmptyActivity$_8684#175855 setBuffer frameId=1, bufferId=37297495998467 fenceId=557, w= 1080, h=2400
07-28 17:18:50.264  1624  1669 I SemDvfsHyPerManager: acquire hyper - AMS_RESUME_TAIL/1624@21, type = -999
07-28 17:18:50.264  1624  1665 I ActivityTaskManager: Displayed com.example.dogglers/androidx.test.core.app.InstrumentationActivityInvoker$EmptyActivity: +157ms
07-28 17:18:50.264  1624  1669 I SemDvfsHyPerManager: acquire hyper - AMS_ACT_LAZY/1624@22, type = -999
07-28 17:18:50.264  3746  3746 E pageboostd: Received HALT command code 2
07-28 17:18:50.264  1090  1150 I HYPER-HAL: [RequestManager.cpp]acquire(): Acquired ID : 1353856  [1624 / 21]    HINT : AMS_RESUME_TAIL    list :
07-28 17:18:50.265  1090  1150 I mtkpower_client: perf_lock_rel, hdl:79990, tid:1150
07-28 17:18:50.265  1090  1150 I mtkpower_client: perf_lock_acq, hdl:0, dur:0, num:2, tid:1150
07-28 17:18:50.265  1093  1167 I libPowerHal: [perfLockRel] hdl:79990, idx:1
07-28 17:18:50.266  1093  1167 I libPowerHal: vendor.samsung.: cpu_ctrl set cpu freq: -1 -1 -1 -1
07-28 17:18:50.266  1127  3782 I SurfaceFlinger: id=175858 createSurf flag=80000, e80f70f ActivityRecordInputSink com.example.dogglers/androidx.test.core.app.InstrumentationActivityInvoker$EmptyActivity#175858
07-28 17:18:50.267  1090  1150 I mtkpower_client: ret_hdl:79993
07-28 17:18:50.267  1090  1150 I mtkpower_client: perf_lock_rel, hdl:79991, tid:1150
07-28 17:18:50.267  1093  1167 I libPowerHal: [perfLockAcq] idx:0 hdl:79993 hint:-1 pid:1090 duration:0 lock_user:vendor.samsung. => ret_hdl:79993
07-28 17:18:50.267  1093  1167 I libPowerHal: vendor.samsung.: cpu_ctrl set cpu freq: 1800000 -1 -1 -1
07-28 17:18:50.267  1090  1150 I mtkpower_client: perf_lock_acq, hdl:0, dur:0, num:2, tid:1150
07-28 17:18:50.267  1093  1167 I libPowerHal: [perfLockRel] hdl:79991, idx:2
07-28 17:18:50.268  1093  1167 I libPowerHal: [PD] vendor.samsung. update cmd:1c3c000, param:1
07-28 17:18:50.268  1093  1167 I libPowerHal: [PD] (less) /proc/mcdi/state set +prefix:enable 1;
07-28 17:18:50.268  1090  1150 I mtkpower_client: ret_hdl:79994
07-28 17:18:50.268  1090  1150 I mtkpower_client: perf_lock_rel, hdl:79992, tid:1150
07-28 17:18:50.268  1093  1167 I libPowerHal: [perfLockAcq] idx:1 hdl:79994 hint:-1 pid:1090 duration:0 lock_user:vendor.samsung. => ret_hdl:79994
07-28 17:18:50.269  1093  1167 I libPowerHal: [PE] (less) /proc/mcdi/state set +prefix:enable 0;
07-28 17:18:50.269  1090  1150 I mtkpower_client: perf_lock_acq, hdl:0, dur:0, num:2, tid:1150
07-28 17:18:50.269  1093  1167 I libPowerHal: [perfLockRel] hdl:79992, idx:3
07-28 17:18:50.269  1093  1167 I libPowerHal: [PD] vendor.samsung. update cmd:1000000, param:-1
07-28 17:18:50.270  1093  1167 I libPowerHal: [PD] vendor.samsung. update cmd:1000000 param:-1
07-28 17:18:50.270  1127  3782 I SurfaceFlinger: id=175850 Removed Surface(name=57253a2 NavigationBar0)/@0x6398367 - animation-leash of insets_animation#175850 (114)
07-28 17:18:50.270  1127  1177 I SurfaceFlinger: id=175849 Removed Surface(name=7ae696d StatusBar)/@0x546cfe9 - animation-leash of insets_animation#175849 (114)
07-28 17:18:50.271  1090  1150 I mtkpower_client: ret_hdl:79995
07-28 17:18:50.271  1090  1150 I HYPER-HAL: [RequestManager.cpp]releaseLocked(): Released ID : 1350565
07-28 17:18:50.272  1093  1167 I libPowerHal: [perfLockAcq] idx:2 hdl:79995 hint:-1 pid:1090 duration:0 lock_user:vendor.samsung. => ret_hdl:79995
07-28 17:18:50.272  1093  1167 I libPowerHal: [PE] vendor.samsung. update cmd:1000000, param:0
07-28 17:18:50.272  1093  1167 I libPowerHal: [PE] vendor.samsung. update cmd:1000000 param:0
07-28 17:18:50.276  8684  8684 I ViewRootImpl@fa02096[VerticalListActivity]: handleAppVisibility mAppVisible = true visible = false
07-28 17:18:50.276  1624  1668 I ChimeraSystemEventListener: appLaunchIntent package name is: com.example.dogglers
07-28 17:18:50.276  8684  8684 I ViewRootImpl@fa02096[VerticalListActivity]: stopped(true) old = false
07-28 17:18:50.277  8684  8684 I ViewRootImpl@fa02096[VerticalListActivity]: WindowStopped on com.example.dogglers/com.example.dogglers.VerticalListActivity set to true
07-28 17:18:50.277  3746  3746 E pageboostd: Received HALT command code 2
07-28 17:18:50.278  1624  4999 I SemDvfsHyPerManager: acquire hyper - AMS_ACT_START/1624@19, type = -999
07-28 17:18:50.279  1090  1150 I HYPER-HAL: [RequestManager.cpp]acquire(): Acquired ID : 1350565  [1624 / 19]    HINT : AMS_ACT_START    list :
07-28 17:18:50.279  1127  1127 I Layer   : Layer [com.example.dogglers/androidx.test.core.app.InstrumentationActivityInvoker$EmptyActivity$_8684#175855] hidden!! flag(0)
07-28 17:18:50.279  1127  1127 I Layer   : Layer [com.example.dogglers/com.example.dogglers.VerticalListActivity$_8684#175848] hidden!! flag(1)
07-28 17:18:50.279  1090  1150 I mtkpower_client: perf_lock_rel, hdl:79993, tid:1150
07-28 17:18:50.279  1090  1150 I mtkpower_client: perf_lock_acq, hdl:0, dur:0, num:2, tid:1150
07-28 17:18:50.280  1093  1167 I libPowerHal: [perfLockRel] hdl:79993, idx:0
07-28 17:18:50.280  1127  1127 I Layer   : id=175849 Destroyed Surface(name=7ae696d StatusBar)/@0x546cfe9 - animation-leash of insets_animation#175849
07-28 17:18:50.280  1127  1177 I SurfaceFlinger: id=175859 createSurf flag=80004, ActivityRecord{53531ce u0 com.example.dogglers/androidx.test.core.app.InstrumentationActivityInvoker$EmptyActivity} t30270}#175859
07-28 17:18:50.280  1127  1127 I Layer   : id=175850 Destroyed Surface(name=57253a2 NavigationBar0)/@0x6398367 - animation-leash of insets_animation#175850
07-28 17:18:50.280  1093  1167 I libPowerHal: vendor.samsung.: cpu_ctrl set cpu freq: -1 -1 -1 -1
07-28 17:18:50.280  1090  1150 I mtkpower_client: ret_hdl:79996
07-28 17:18:50.280  1090  1150 I mtkpower_client: perf_lock_rel, hdl:79994, tid:1150
07-28 17:18:50.280  1093  1167 I libPowerHal: [perfLockAcq] idx:3 hdl:79996 hint:-1 pid:1090 duration:0 lock_user:vendor.samsung. => ret_hdl:79996
07-28 17:18:50.281  8684  8684 D LifecycleMonitor: Lifecycle status change: com.example.dogglers.VerticalListActivity@928cf36 in: STOPPED
07-28 17:18:50.281  1093  1167 I libPowerHal: vendor.samsung.: cpu_ctrl set cpu freq: 1800000 -1 -1 -1
07-28 17:18:50.281  1624  5212 D InputDispatcher: Focus entered window (0): 7ec7f1b com.example.dogglers/androidx.test.core.app.InstrumentationActivityInvoker$EmptyActivity
07-28 17:18:50.281  8684  8684 V ActivityScenario: Update currentActivityStage to STOPPED, currentActivity=com.example.dogglers.VerticalListActivity@928cf36
07-28 17:18:50.283  1090  1150 I mtkpower_client: perf_lock_acq, hdl:0, dur:0, num:2, tid:1150
07-28 17:18:50.283  1093  1167 I libPowerHal: [perfLockRel] hdl:79994, idx:1
07-28 17:18:50.283  1093  1167 I libPowerHal: [PD] vendor.samsung. update cmd:1c3c000, param:1
07-28 17:18:50.284  1093  1167 I libPowerHal: [PD] (less) /proc/mcdi/state set +prefix:enable 1;
07-28 17:18:50.284  1090  1150 I mtkpower_client: ret_hdl:79997
07-28 17:18:50.284  1093  1167 I libPowerHal: [perfLockAcq] idx:0 hdl:79997 hint:-1 pid:1090 duration:0 lock_user:vendor.samsung. => ret_hdl:79997
07-28 17:18:50.284  1090  1150 I mtkpower_client: perf_lock_rel, hdl:79995, tid:1150
07-28 17:18:50.284  1093  1167 I libPowerHal: [PE] (less) /proc/mcdi/state set +prefix:enable 0;
07-28 17:18:50.285  1090  1150 I mtkpower_client: perf_lock_acq, hdl:0, dur:0, num:2, tid:1150
07-28 17:18:50.285  1093  1167 I libPowerHal: [perfLockRel] hdl:79995, idx:2
07-28 17:18:50.285  1093  1167 I libPowerHal: [PD] vendor.samsung. update cmd:1000000, param:-1
07-28 17:18:50.285  1093  1167 I libPowerHal: [PD] vendor.samsung. update cmd:1000000 param:-1
07-28 17:18:50.285  1090  1150 I mtkpower_client: ret_hdl:79998
07-28 17:18:50.286  1093  1167 I libPowerHal: [perfLockAcq] idx:1 hdl:79998 hint:-1 pid:1090 duration:0 lock_user:vendor.samsung. => ret_hdl:79998
07-28 17:18:50.286  1127  1127 D SurfaceFlinger: Display 0 HWC layers:
07-28 17:18:50.286  1127  1127 D SurfaceFlinger:      DEVICE | 0xb4000075f544cf80 | 0102 | RGBA_8888    |    0.0    0.0 1080.0 2400.0 |    0    0 1080 2400 | com.example.dogglers/androidx.test.c[...]tyInvoker$EmptyActivity$_8684#175855
07-28 17:18:50.286  1127  1127 D SurfaceFlinger:      DEVICE | 0xb4000075f544c980 | 0100 | RGBA_8888    |    0.0    0.0 1080.0   80.0 |    0    0 1080   80 | StatusBar$_2897#91
07-28 17:18:50.286  1127  1127 D SurfaceFlinger:      DEVICE | 0xb400007621854780 | 0100 | RGBA_8888    |    0.0    0.0 1080.0  135.0 |    0 2265 1080 2400 | NavigationBar0$_2897#86
07-28 17:18:50.286  1127  1127 D SurfaceFlinger:      DEVICE | 0xb4000075f544b300 | 0140 | RGBA_8888    |    0.0    0.0 1080.0  150.0 |    0    0 1080  150 | ScreenDecorOverlay$_2897#100
07-28 17:18:50.286  1127  1127 D SurfaceFlinger:      DEVICE | 0xb400007621856700 | 0140 | RGBA_8888    |    0.0    0.0 1080.0  150.0 |    0 2250 1080 2400 | ScreenDecorOverlayBottom$_2897#101
07-28 17:18:50.286  1127  1127 D SurfaceFlinger:
07-28 17:18:50.286  1093  1167 I libPowerHal: [PE] vendor.samsung. update cmd:1000000, param:0
07-28 17:18:50.286  1093  1167 I libPowerHal: [PE] vendor.samsung. update cmd:1000000 param:0
07-28 17:18:50.291  1624  1668 D PersonaActivityHelper: Activity not in resumed state, do not run immediate lock
07-28 17:18:50.291  8684  8684 I MSHandlerLifeCycle: removeMultiSplitHandler: no exist. decor=DecorView@9188e1a[VerticalListActivity]
07-28 17:18:50.292  8684  8684 D LifecycleMonitor: Lifecycle status change: com.example.dogglers.VerticalListActivity@928cf36 in: DESTROYED
07-28 17:18:50.292  8684  8684 V ActivityScenario: Update currentActivityStage to DESTROYED, currentActivity=null
07-28 17:18:50.295  8684  8684 I MSHandlerLifeCycle: removeMultiSplitHandler: no exist. decor=DecorView@9188e1a[VerticalListActivity]
07-28 17:18:50.295  8684  8768 D OpenGLRenderer: setSurface called with nullptr
07-28 17:18:50.295  8684  8768 D OpenGLRenderer: setSurface() destroyed EGLSurface
07-28 17:18:50.295  8684  8768 D OpenGLRenderer: destroyEglSurface
07-28 17:18:50.298  8684  8768 D BLASTBufferQueue: [ViewRootImpl@fa02096[VerticalListActivity]#0](f:0,a:1) destructor()
07-28 17:18:50.298  8684  8768 D BufferQueueConsumer: [ViewRootImpl@fa02096[VerticalListActivity]#0(BLAST Consumer)0](id:21ec00000000,api:0,p:-1,c:8684) disconnect
07-28 17:18:50.299  8684  8684 I ViewRootImpl@fa02096[VerticalListActivity]: dispatchDetachedFromWindow
07-28 17:18:50.299  1624  5212 D InputTransport: Input channel destroyed: 'e200909', fd=1328
07-28 17:18:50.299  1624  5212 W InputManager-JNI: Input channel object 'e200909 com.example.dogglers/com.example.dogglers.VerticalListActivity (client)' was disposed without first being removed with the input manager!
07-28 17:18:50.299  1624  5212 D InputTransport: Input channel destroyed: 'e200909', fd=1329
07-28 17:18:50.301  1127  1177 I SurfaceFlinger: id=175860 createSurf flag=24004, Surface(name=d8adfc2 InputMethod)/@0xc2b360e - animation-leash of insets_animation#175860
07-28 17:18:50.304  8684  8684 D InputTransport: Input channel destroyed: 'e200909', fd=106
07-28 17:18:50.305  1127  3782 I SurfaceFlinger: id=175831 Removed Surface(name=d8adfc2 InputMethod)/@0xc2b360e - animation-leash of insets_animation#175831 (114)
07-28 17:18:50.305  5607  5607 I InputMethodService: removeImeSurface
07-28 17:18:50.306  5607  5607 I MSHandlerLifeCycle: check: return. pkg=com.samsung.android.honeyboard isActivity=false callers=com.android.internal.policy.DecorView.setVisibility:4411 android.app.Dialog.hide:767 android.inputmethodservice.InputMethodService.removeImeSurface:1290 android.inputmethodservice.InputMethodService.scheduleImeSurfaceRemoval:1279 android.inputmethodservice.InputMethodService.-$$Nest$mscheduleImeSurfaceRemoval:0
07-28 17:18:50.306  5607  5607 I MSHandlerLifeCycle: removeMultiSplitHandler: no exist. decor=DecorView@4ed7bdc[InputMethod]
07-28 17:18:50.306  1127  3782 I SurfaceFlinger: id=175846 Removed 9af245f ActivityRecordInputSink com.example.dogglers/.VerticalListActivity#175846 (114)
07-28 17:18:50.310  8684  8684 D LifecycleMonitor: Lifecycle status change: androidx.test.core.app.InstrumentationActivityInvoker$EmptyActivity@7427a33 in: PAUSED
07-28 17:18:50.311  8684  8684 V ActivityScenario: Activity lifecycle changed event received but ignored because the intent does not match. startActivityIntent=Intent { act=android.intent.action.MAIN cat=[android.intent.category.LAUNCHER] cmp=com.example.dogglers/.VerticalListActivity }, activity.getIntent()=Intent { act=android.intent.action.MAIN cat=[android.intent.category.LAUNCHER] flg=0x10000000 cmp=com.example.dogglers/androidx.test.core.app.InstrumentationActivityInvoker$EmptyActivity }, activity=androidx.test.core.app.InstrumentationActivityInvoker$EmptyActivity@7427a33
07-28 17:18:50.312  1127  1127 I Layer   : id=175848 removeFromCurrentState com.example.dogglers/com.example.dogglers.VerticalListActivity$_8684#175848 (114)
07-28 17:18:50.312  1127  1127 I Layer   : id=175847 removeFromCurrentState e200909 com.example.dogglers/com.example.dogglers.VerticalListActivity#175847 (114)
07-28 17:18:50.312  1127  1127 I Layer   : id=175852 removeFromCurrentState Surface(name=d8adfc2 InputMethod)/@0xc2b360e - animation-leash of insets_animation#175852 (114)
07-28 17:18:50.312  1127  1127 I SurfaceFlinger: id=175848 Removed com.example.dogglers/com.example.dogglers.VerticalListActivity$_8684#175848 (114)
07-28 17:18:50.312  1127  1127 I SurfaceFlinger: id=175847 Removed e200909 com.example.dogglers/com.example.dogglers.VerticalListActivity#175847 (114)
07-28 17:18:50.312  1127  1127 I SurfaceFlinger: id=175852 Removed Surface(name=d8adfc2 InputMethod)/@0xc2b360e - animation-leash of insets_animation#175852 (114)
07-28 17:18:50.313  1127  1127 I Layer   : id=175831 Destroyed Surface(name=d8adfc2 InputMethod)/@0xc2b360e - animation-leash of insets_animation#175831
07-28 17:18:50.313  1127  1127 I Layer   : id=175847 Destroyed e200909 com.example.dogglers/com.example.dogglers.VerticalListActivity#175847
07-28 17:18:50.313  1127  1127 I BufferQueueDebug: [com.example.dogglers/com.example.dogglers.VerticalListActivity$_8684#175848](this:0xb4000075f5396838,id:-1,api:0,p:-1,c:1127) onDestructor()
07-28 17:18:50.313  1127  1127 I Layer   : id=175848 Destroyed com.example.dogglers/com.example.dogglers.VerticalListActivity$_8684#175848
07-28 17:18:50.314  1127  1127 I Layer   : id=175852 Destroyed Surface(name=d8adfc2 InputMethod)/@0xc2b360e - animation-leash of insets_animation#175852
07-28 17:18:50.317  1624  4999 D InputDispatcher: Focused application(0): ActivityRecord{53531ce u0 com.example.dogglers/androidx.test.core.app.InstrumentationActivityInvoker$EmptyActivity} t30270}
07-28 17:18:50.323  8684  8684 I ViewRootImpl@5f30d1c[InstrumentationActivityInvoker$EmptyActivity]: MSG_WINDOW_FOCUS_CHANGED 1 0
07-28 17:18:50.323  8684  8684 I ViewRootImpl@5f30d1c[InstrumentationActivityInvoker$EmptyActivity]: mThreadedRenderer.initializeIfNeeded()#2 mSurface={isValid=true 0xb400007297b59800}
07-28 17:18:50.324  8684  8684 D InputMethodManager: startInputInner - Id : 0
07-28 17:18:50.324  8684  8684 I InputMethodManager: startInputInner - mService.startInputOrWindowGainedFocus
07-28 17:18:50.325  1624  1668 I SemPersonaManager: SecureFolder personaId = 150
07-28 17:18:50.325  1624  4999 D InputMethodManagerService: mDesktopModeManager null!
07-28 17:18:50.325  1624  4999 V InputMethodManagerService: getDisplayIdOfInputMethodWindowToBeAdded: displayId=0
07-28 17:18:50.325  1624  4999 D InputMethodManagerService: isImeSwitcherDisabledPackage : false
07-28 17:18:50.326  1624  4999 D InputMethodManagerService: checkDisplayOfStartInputAndUpdateKeyboard: displayId=0, mFocusedDisplayId=0
07-28 17:18:50.326  1624  4999 D InputTransport: Input channel constructed: 'ClientS', fd=1328
07-28 17:18:50.326  1624  4999 D InputTransport: Input channel destroyed: 'ClientS', fd=1328
07-28 17:18:50.327  5607  5607 I HBD     : HoneyBoardService onFinishInput
07-28 17:18:50.327  5607  5607 I HBD     : a IC have been unbinding,  RemoteInputConnection{idHash=#48c63e6}
07-28 17:18:50.327  5607  5607 I HBD     : HoneyBoardService [PF_CL][onFinishInput]  0 ms
07-28 17:18:50.328  5607  5607 I HBD     : HoneyBoardService [IMI] onStartInput - caller pid : 8684 , caller uid : 10520
07-28 17:18:50.328  5607  5607 I HBD     : j updateConfigs
07-28 17:18:50.328  5607  5607 I HBD     : j isEnabledNightMode : false
07-28 17:18:50.328  5607  5607 I HBD     : a IC have been binding, RemoteInputConnection{idHash=#48c63e6}
07-28 17:18:50.328  5607  5607 I HBD     : h [EditorInputType]setPrivateImeOptionsToTable privateImeOptions ( null )
07-28 17:18:50.328  5607  5607 I HBD     : b incognitoMode : false
07-28 17:18:50.328  5607  5607 I HBD     : a needOff = true , isForceOff = false, isNullInputClass : true
07-28 17:18:50.328  5607  5607 I HBD     : h getDefaultInputRange : UNKNOWN
07-28 17:18:50.328  5607  5607 I HBD     : h getDefaultInputRange : UNKNOWN
07-28 17:18:50.328  8684  8684 D LifecycleMonitor: Lifecycle status change: androidx.test.core.app.InstrumentationActivityInvoker$BootstrapActivity@7952aba in: DESTROYED
07-28 17:18:50.328  5607  5607 I HBD     : h getDefaultInputRange : UNKNOWN
07-28 17:18:50.328  1127  3782 I SurfaceFlinger: id=175861 createSurf flag=24004, Surface(name=d8adfc2 InputMethod)/@0xc2b360e - animation-leash of insets_animation#175861
07-28 17:18:50.329  1127  1127 I Layer   : id=175845 removeFromCurrentState ActivityRecord{d219eac u0 com.example.dogglers/.VerticalListActivity} t30270}#175845 (111)
07-28 17:18:50.329  1127  1127 I Layer   : id=175846 removeFromCurrentState 9af245f ActivityRecordInputSink com.example.dogglers/.VerticalListActivity#175846 (111)
07-28 17:18:50.329  1127  1127 I SurfaceFlinger: [7ec7f1b com.example.dogglers/androidx.test.core.app.InstrumentationActivityInvoker$EmptyActivity#175854] FrameRatePriority: -1
07-28 17:18:50.329  8684  8684 V ActivityScenario: Activity lifecycle changed event received but ignored because the intent does not match. startActivityIntent=Intent { act=android.intent.action.MAIN cat=[android.intent.category.LAUNCHER] cmp=com.example.dogglers/.VerticalListActivity }, activity.getIntent()=Intent { act=android.intent.action.MAIN cat=[android.intent.category.LAUNCHER] flg=0x10008000 cmp=com.example.dogglers/androidx.test.core.app.InstrumentationActivityInvoker$BootstrapActivity (has extras) }, activity=androidx.test.core.app.InstrumentationActivityInvoker$BootstrapActivity@7952aba
07-28 17:18:50.329  1127  1127 I SurfaceFlinger: id=175845 Removed ActivityRecord{d219eac u0 com.example.dogglers/.VerticalListActivity} t30270}#175845 (111)
07-28 17:18:50.330  1127  1127 I Layer   : id=175845 Destroyed ActivityRecord{d219eac u0 com.example.dogglers/.VerticalListActivity} t30270}#175845
07-28 17:18:50.330  1127  1127 I Layer   : id=175846 Destroyed 9af245f ActivityRecordInputSink com.example.dogglers/.VerticalListActivity#175846
07-28 17:18:50.332  5607  5607 I HBD     : a needOff = true , isForceOff = false, isNullInputClass : true
07-28 17:18:50.332  5607  5607 I HBD     : a update cached prediction status : false
07-28 17:18:50.332  5607  5607 I HBD     : h getDefaultInputRange : UNKNOWN
07-28 17:18:50.332  5607  5607 I HBD     : a currentState : 0
07-28 17:18:50.333  5607  5607 I HBD     : a [UpdatePolicy] [post] a: 0 cl: 3342336 kit: [0/0] vt: 0 ir: 1
07-28 17:18:50.333  5607  5607 I HBD     : a [NRIC] resetNoResponseState
07-28 17:18:50.333  5607  5607 I HBD     : a needOff = true , isForceOff = false, isNullInputClass : true
07-28 17:18:50.333  5607  5607 I HBD     : a update cached prediction status : false
07-28 17:18:50.334  1127  3782 I SurfaceFlinger: id=175844 Removed 7ae8dc6 ActivityRecordInputSink com.example.dogglers/androidx.test.core.app.InstrumentationActivityInvoker$BootstrapActivity#175844 (109)
07-28 17:18:50.334  5607  5607 I HBD     : HoneyBoardService [PF_OP][onStartInput]  7 ms
07-28 17:18:50.335  1624  1668 D EnterpriseDeviceManagerService: isMdmAdminPresentInternal() : MDM Admin Found - com.samsung.knox.securefolder
07-28 17:18:50.338  1624  3919 I MediaSessionMonitor: Media session stopped : not playing state
07-28 17:18:50.338   539   539 I lmkd    : cached 0, sandbox(not0) 0
07-28 17:18:50.339  8684  8684 D LifecycleMonitor: Lifecycle status change: androidx.test.core.app.InstrumentationActivityInvoker$EmptyActivity@b4478d9 in: PRE_ON_CREATE
07-28 17:18:50.339  8684  8684 V ActivityScenario: Activity lifecycle changed event received but ignored because the intent does not match. startActivityIntent=Intent { act=android.intent.action.MAIN cat=[android.intent.category.LAUNCHER] cmp=com.example.dogglers/.VerticalListActivity }, activity.getIntent()=Intent { act=android.intent.action.MAIN cat=[android.intent.category.LAUNCHER] flg=0x10000000 cmp=com.example.dogglers/androidx.test.core.app.InstrumentationActivityInvoker$EmptyActivity }, activity=androidx.test.core.app.InstrumentationActivityInvoker$EmptyActivity@b4478d9
07-28 17:18:50.340   539   539 I lmkd    : Reclaim 'com.samsung.android.provider.filterprovider' (8597), uid 1000, oom_score_adj 935, state 19 to free 72260kB rss, 43484kB swap; reason: low watermark is breached and swap is low (2233760kB < 2348808kB)
07-28 17:18:50.346  1127  1127 I Layer   : id=175860 removeFromCurrentState Surface(name=d8adfc2 InputMethod)/@0xc2b360e - animation-leash of insets_animation#175860 (109)
07-28 17:18:50.346  1127  1127 D SurfaceFlinger: [input] inputWindowCommands.focusRequests size is 1
07-28 17:18:50.346  1127  1127 I Layer   : id=175839 removeFromCurrentState ActivityRecord{1a8e187 u0 com.example.dogglers/androidx.test.core.app.InstrumentationActivityInvoker$BootstrapActivity} t30270}#175839 (109)
07-28 17:18:50.346  1127  1127 I Layer   : id=175844 removeFromCurrentState 7ae8dc6 ActivityRecordInputSink com.example.dogglers/androidx.test.core.app.InstrumentationActivityInvoker$BootstrapActivity#175844 (109)
07-28 17:18:50.346  1127  1127 I SurfaceFlinger: id=175839 Removed ActivityRecord{1a8e187 u0 com.example.dogglers/androidx.test.core.app.InstrumentationActivityInvoker$BootstrapActivity} t30270}#175839 (109)
07-28 17:18:50.347  1127  1127 I Layer   : id=175839 Destroyed ActivityRecord{1a8e187 u0 com.example.dogglers/androidx.test.core.app.InstrumentationActivityInvoker$BootstrapActivity} t30270}#175839
07-28 17:18:50.347  1127  1127 I Layer   : id=175844 Destroyed 7ae8dc6 ActivityRecordInputSink com.example.dogglers/androidx.test.core.app.InstrumentationActivityInvoker$BootstrapActivity#175844
07-28 17:18:50.348  1127  1386 D SurfaceFlinger: [input] setFocusedWindow: <null>
07-28 17:18:50.348  1624  4999 D InputDispatcher: Focus request (0): <null> but waiting because NOT_FOCUSABLE
07-28 17:18:50.349  1624  4999 D InputDispatcher: Focus left window (0): 7ec7f1b com.example.dogglers/androidx.test.core.app.InstrumentationActivityInvoker$EmptyActivity
07-28 17:18:50.349  8684  8684 I DecorView: [INFO] isPopOver=false config=true
07-28 17:18:50.349  8684  8684 I DecorView: updateCaptionType: isFloating=false isApplication=true hasWindowDecorCaption=false this=DecorView@921f54c[]
07-28 17:18:50.349  8684  8684 D DecorView: setCaptionType = 0, this = DecorView@921f54c[]
07-28 17:18:50.349  1080  1169 I hwcomposer: [HWCDisplay] [Display_0 (type:1)] fps:31.475000,dur:1016.68,max:284.21,min:10.56
07-28 17:18:50.353  8684  8684 I DecorView: getCurrentDensityDpi: from real metrics. densityDpi=450 msg=resources_loaded
07-28 17:18:50.353  8684  8684 I DecorView: setWindowBackground: isPopOver=false color=ff010101 d=android.graphics.drawable.StateListDrawable@fac995
07-28 17:18:50.353  1064  1064 I Zygote  : Process 8597 exited due to signal 9 (Killed)
07-28 17:18:50.354   539   539 I lmkd    : cached 0, sandbox(not0) 0
07-28 17:18:50.354  8684  8684 D LifecycleMonitor: Lifecycle status change: androidx.test.core.app.InstrumentationActivityInvoker$EmptyActivity@b4478d9 in: CREATED
07-28 17:18:50.354  8684  8684 V ActivityScenario: Activity lifecycle changed event received but ignored because the intent does not match. startActivityIntent=Intent { act=android.intent.action.MAIN cat=[android.intent.category.LAUNCHER] cmp=com.example.dogglers/.VerticalListActivity }, activity.getIntent()=Intent { act=android.intent.action.MAIN cat=[android.intent.category.LAUNCHER] flg=0x10000000 cmp=com.example.dogglers/androidx.test.core.app.InstrumentationActivityInvoker$EmptyActivity }, activity=androidx.test.core.app.InstrumentationActivityInvoker$EmptyActivity@b4478d9
07-28 17:18:50.355  1624  1682 I libprocessgroup: Successfully killed process cgroup uid 1000 pid 8597 in 0ms
07-28 17:18:50.356   539   539 I lmkd    : Reclaim 'com.samsung.android.lool' (8722), uid 1000, oom_score_adj 925, state 19 to free 76484kB rss, 43176kB swap; reason: low watermark is breached and swap is low (2233692kB < 2348808kB)
07-28 17:18:50.356  8684  8684 D LifecycleMonitor: Lifecycle status change: androidx.test.core.app.InstrumentationActivityInvoker$EmptyActivity@b4478d9 in: STARTED
07-28 17:18:50.357  8684  8684 V ActivityScenario: Activity lifecycle changed event received but ignored because the intent does not match. startActivityIntent=Intent { act=android.intent.action.MAIN cat=[android.intent.category.LAUNCHER] cmp=com.example.dogglers/.VerticalListActivity }, activity.getIntent()=Intent { act=android.intent.action.MAIN cat=[android.intent.category.LAUNCHER] flg=0x10000000 cmp=com.example.dogglers/androidx.test.core.app.InstrumentationActivityInvoker$EmptyActivity }, activity=androidx.test.core.app.InstrumentationActivityInvoker$EmptyActivity@b4478d9
07-28 17:18:50.359  8684  8684 D LifecycleMonitor: Lifecycle status change: androidx.test.core.app.InstrumentationActivityInvoker$EmptyActivity@b4478d9 in: RESUMED
07-28 17:18:50.359  8684  8684 V ActivityScenario: Activity lifecycle changed event received but ignored because the intent does not match. startActivityIntent=Intent { act=android.intent.action.MAIN cat=[android.intent.category.LAUNCHER] cmp=com.example.dogglers/.VerticalListActivity }, activity.getIntent()=Intent { act=android.intent.action.MAIN cat=[android.intent.category.LAUNCHER] flg=0x10000000 cmp=com.example.dogglers/androidx.test.core.app.InstrumentationActivityInvoker$EmptyActivity }, activity=androidx.test.core.app.InstrumentationActivityInvoker$EmptyActivity@b4478d9
07-28 17:18:50.360  8684  8684 I MSHandlerLifeCycle: check: return. pkg=com.example.dogglers parent=null callers=com.android.internal.policy.DecorView.setVisibility:4411 android.app.ActivityThread.handleResumeActivity:5476 android.app.servertransaction.ResumeActivityItem.execute:54 android.app.servertransaction.ActivityTransactionItem.execute:45 android.app.servertransaction.TransactionExecutor.executeLifecycleState:176
07-28 17:18:50.360  8684  8684 I MSHandlerLifeCycle: removeMultiSplitHandler: no exist. decor=DecorView@921f54c[]
07-28 17:18:50.360  1127  3782 D SurfaceFlinger: [SF client] NEW(0xb40000762185ed00) for (8684:com.example.dogglers)
07-28 17:18:50.363  8684  8768 D NativeCustomFrequencyManager: [NativeCFMS] BpCustomFrequencyManager::BpCustomFrequencyManager()
07-28 17:18:50.366  1624  5212 D InputTransport: Input channel constructed: '506f8c4', fd=1333
07-28 17:18:50.366  1624  5212 D InputTransport: Input channel constructed: '506f8c4', fd=1334
07-28 17:18:50.366  1624  5212 D InputTransport: Input channel constructed: '506f8c4', fd=1335
07-28 17:18:50.367  1127  3782 I SurfaceFlinger: id=175862 createSurf flag=80004, 506f8c4 com.example.dogglers/androidx.test.core.app.InstrumentationActivityInvoker$EmptyActivity#175862
07-28 17:18:50.368  1624  5212 D InputTransport: Input channel destroyed: '506f8c4', fd=1335
07-28 17:18:50.369  8684  8684 D InsetsController: onStateChanged: InsetsState: {mDisplayFrame=Rect(0, 0 - 1080, 2400), mDisplayCutout=DisplayCutout{insets=Rect(0, 80 - 0, 0) waterfall=Insets{left=0, top=0, right=0, bottom=0} boundingRect={Bounds=[Rect(0, 0 - 0, 0), Rect(468, 0 - 612, 80), Rect(0, 0 - 0, 0), Rect(0, 0 - 0, 0)]} cutoutPathParserInfo={CutoutPathParserInfo{displayWidth=1080 displayHeight=2400 physicalDisplayWidth=1080 physicalDisplayHeight=2400 density={2.625} cutoutSpec={M 0,0 H -27.42857142857143 V 30.47619047619048 H 27.42857142857143 V 0 H 0 Z @dp} rotation={0} scale={1.0} physicalPixelDisplaySizeRatio={1.0}}}}, mRoundedCorners=RoundedCorners{[RoundedCorner{position=TopLeft, radius=90, center=Point(90, 90)}, RoundedCorner{position=TopRight, radius=90, center=Point(990, 90)}, RoundedCorner{position=BottomRight, radius=90, center=Point(990, 2310)}, RoundedCorner{position=BottomLeft, radius=90, center=Point(90, 2310)}]}  mRoundedCornerFrame=Rect(0, 0 - 1080, 2400), mPrivacyIndicatorBounds=PrivacyIndicatorBounds {static bounds=Rect(956, 0 - 1080, 80) rotation=0}, mSources= { InsetsSource: {mType=ITYPE_STATUS_BAR, mFrame=[0,0][1080,80], mVisible=true, mInsetsRoundedCornerFrame=false}, InsetsSource: {mType=ITYPE_NAVIGATION_BAR, mFrame=[0,2265][1080,2400], mVisible=true, mInsetsRoundedCornerFrame=false}, InsetsSource: {mType=ITYPE_LEFT_GESTURES, mFrame=[0,0][0,2400], mVisible=true, mInsetsRoundedCornerFrame=false}, InsetsSource: {mType=ITYPE_RIGHT_GESTURES, mFrame=[1080,0][1080,2400], mVisible=true, mInsetsRoundedCornerFrame=false}, InsetsSource: {mType=ITYPE_TOP_MANDATORY_GESTURES, mFrame=[0,0][1080,114], mVisible=true, mInsetsRoundedCornerFrame=false}, InsetsSource: {mType=ITYPE_BOTTOM_MANDATORY_GESTURES, mFrame=[0,2265][1080,2400], mVisible=true, mInsetsRoundedCornerFrame=false}, InsetsSource: {mType=ITYPE_LEFT_DISPLAY_CUTOUT, mFrame=[0,0][-100000,2400], mVisible=true, mInsetsRoundedCornerFrame=false}, InsetsSource: {mType=ITYPE_TOP_DISPLAY_CUTOUT, mFrame=[0,0][1080,80], mVisible=true, mInsetsRoundedCornerFrame=false}, InsetsSource: {mType=ITYPE_RIGHT_DISPLAY_CUTOUT, mFrame=[100000,0][1080,2400], mVisible=true, mInsetsRoundedCornerFrame=false}, InsetsSource: {mType=ITYPE_BOTTOM_DISPLAY_CUTOUT, mFrame=[0,100000][1080,2400], mVisible=true, mInsetsRoundedCornerFrame=false}, InsetsSource: {mType=ITYPE_TOP_TAPPABLE_ELEMENT, mFrame=[0,0][1080,80], mVisible=true, mInsetsRoundedCornerFrame=false}, InsetsSource: {mType=ITYPE_BOTTOM_TAPPABLE_ELEMENT, mFrame=[0,2265][1080,2400], mVisible=true, mInsetsRoundedCornerFrame=false} } host=com.example.dogglers/androidx.test.core.app.InstrumentationActivityInvoker$EmptyActivity from=android.view.ViewRootImpl.setView:1732
07-28 17:18:50.372  8684  8684 I ViewRootImpl@2716aaa[InstrumentationActivityInvoker$EmptyActivity]: setView = com.android.internal.policy.DecorView@921f54c TM=true
07-28 17:18:50.373  8684  8684 I MSHandlerLifeCycle: removeMultiSplitHandler: no exist. decor=DecorView@921f54c[InstrumentationActivityInvoker$EmptyActivity]
07-28 17:18:50.374  1624  1745 D AnalyticsContainerHandler: handleMessage : { when=-1ms what=1 target=com.android.server.knox.KnoxAnalyticsContainer$AnalyticsHandler }
07-28 17:18:50.375  1624  5212 D InputMethodManagerService: isImeSwitcherDisabledPackage : false
07-28 17:18:50.376  5607  5607 I InputMethodService: removeImeSurface
07-28 17:18:50.376  5607  5607 I MSHandlerLifeCycle: check: return. pkg=com.samsung.android.honeyboard isActivity=false callers=com.android.internal.policy.DecorView.setVisibility:4411 android.app.Dialog.hide:767 android.inputmethodservice.InputMethodService.removeImeSurface:1290 android.inputmethodservice.InputMethodService.scheduleImeSurfaceRemoval:1279 android.inputmethodservice.InputMethodService.-$$Nest$mscheduleImeSurfaceRemoval:0
07-28 17:18:50.377  5607  5607 I MSHandlerLifeCycle: removeMultiSplitHandler: no exist. decor=DecorView@4ed7bdc[InputMethod]
07-28 17:18:50.378  1624  1682 I libprocessgroup: Successfully killed process cgroup uid 1000 pid 8722 in 0ms
07-28 17:18:50.378  1064  1064 I Zygote  : Process 8722 exited due to signal 9 (Killed)
07-28 17:18:50.378   539   539 I lmkd    : cached 0, sandbox(not0) 0
07-28 17:18:50.385   539   539 I lmkd    : Reclaim 'org.telegram.messenger' (5364), uid 10283, oom_score_adj 800, state 10 to free 205504kB rss, 62736kB swap; reason: low watermark is breached and swap is low (2233420kB < 2348808kB)
07-28 17:18:50.387  8684  8684 I ViewRootImpl@2716aaa[InstrumentationActivityInvoker$EmptyActivity]: performTraversals params={(0,0)(fillxfill) sim={adjust=pan forwardNavigation} ty=BASE_APPLICATION wanim=0x1030001
07-28 17:18:50.387  8684  8684 I ViewRootImpl@2716aaa[InstrumentationActivityInvoker$EmptyActivity]:   fl=1810100
07-28 17:18:50.387  8684  8684 I ViewRootImpl@2716aaa[InstrumentationActivityInvoker$EmptyActivity]:   pfl=12020040
07-28 17:18:50.387  8684  8684 I ViewRootImpl@2716aaa[InstrumentationActivityInvoker$EmptyActivity]:   bhv=DEFAULT
07-28 17:18:50.387  8684  8684 I ViewRootImpl@2716aaa[InstrumentationActivityInvoker$EmptyActivity]:   fitSides= naviIconColor=0
07-28 17:18:50.387  8684  8684 I ViewRootImpl@2716aaa[InstrumentationActivityInvoker$EmptyActivity]:   sfl=100000}
07-28 17:18:50.388  8684  8684 I ViewRootImpl@2716aaa[InstrumentationActivityInvoker$EmptyActivity]: performTraversals mFirst=true windowShouldResize=true viewVisibilityChanged=false mForceNextWindowRelayout=false params={(0,0)(fillxfill) sim={adjust=pan forwardNavigation} ty=BASE_APPLICATION wanim=0x1030001
07-28 17:18:50.388  8684  8684 I ViewRootImpl@2716aaa[InstrumentationActivityInvoker$EmptyActivity]:   fl=1810100
07-28 17:18:50.388  8684  8684 I ViewRootImpl@2716aaa[InstrumentationActivityInvoker$EmptyActivity]:   pfl=12020040
07-28 17:18:50.388  8684  8684 I ViewRootImpl@2716aaa[InstrumentationActivityInvoker$EmptyActivity]:   bhv=DEFAULT
07-28 17:18:50.388  8684  8684 I ViewRootImpl@2716aaa[InstrumentationActivityInvoker$EmptyActivity]:   fitSides= naviIconColor=0
07-28 17:18:50.388  8684  8684 I ViewRootImpl@2716aaa[InstrumentationActivityInvoker$EmptyActivity]:   sfl=100000}
07-28 17:18:50.389  1624  4999 V WindowManager: Relayout Window{506f8c4 u0 com.example.dogglers/androidx.test.core.app.InstrumentationActivityInvoker$EmptyActivity}: viewVisibility=0 req=1080x2400 d0
