07-28 18:56:30.614  9007  9063 I ViewRootImpl@21f1a38[InstrumentationActivityInvoker$EmptyActivity]: Setting up sync and frameCommitCallback
07-28 18:56:30.618  9007  9037 I BLASTBufferQueue: [ViewRootImpl@21f1a38[InstrumentationActivityInvoker$EmptyActivity]#2](f:0,a:0) onFrameAvailable the first frame is available
07-28 18:56:30.619  9007  9037 D BLASTBufferQueue: [ViewRootImpl@21f1a38[InstrumentationActivityInvoker$EmptyActivity]#2](f:0,a:1) acquireNextBufferLocked size=1080x2400 mFrameNumber=1 applyTransaction=true mTimestamp=1010959418106949(auto) mPendingTransactions.size=0 graphicBufferId=38684770435078 transform=0
07-28 18:56:30.620  9007  9037 I ViewRootImpl@21f1a38[InstrumentationActivityInvoker$EmptyActivity]: Received frameCommittedCallback lastAttemptedDrawFrameNum=1 didProduceBuffer=true
07-28 18:56:30.621  9007  9037 D OpenGLRenderer: CFMS:: SetUp Pid : 9007    Tid : 9037
07-28 18:56:30.622  9007  9037 W Parcel  : Expecting binder but got null!
07-28 18:56:30.622  9007  9007 I ViewRootImpl@21f1a38[InstrumentationActivityInvoker$EmptyActivity]: onSyncComplete
07-28 18:56:30.622  9007  9007 I ViewRootImpl@21f1a38[InstrumentationActivityInvoker$EmptyActivity]: setupSync seqId=0 mSyncId=0 fn=1 caller=android.view.ViewRootImpl$$ExternalSyntheticLambda11.accept:6 android.window.SurfaceSyncer.lambda$setupSync$1$android-window-SurfaceSyncer:128 android.window.SurfaceSyncer$$ExternalSyntheticLambda1.accept:8 android.window.SurfaceSyncer$SyncSet.checkIfSyncIsComplete:382 android.window.SurfaceSyncer$SyncSet.markSyncReady:359 android.window.SurfaceSyncer.markSyncReady:151 android.view.ViewRootImpl.performTraversals:4503
07-28 18:56:30.623  9007  9007 I ViewRootImpl@21f1a38[InstrumentationActivityInvoker$EmptyActivity]: reportDrawFinished seqId=0 mSyncId=-1 fn=1 mSurfaceChangedTransaction=0xb400007297bb7100
07-28 18:56:30.623  9007  9007 I ViewRootImpl@e274efa[InstrumentationActivityInvoker$EmptyActivity]: MSG_WINDOW_FOCUS_CHANGED 0 0
07-28 18:56:30.624  1127  1127 D SurfaceFlinger: [input] inputWindowCommands.focusRequests size is 1
07-28 18:56:30.624  1127  1127 D BufferStateLayer: com.example.dogglers/androidx.test.core.app.InstrumentationActivityInvoker$EmptyActivity$_9007#178846 setBuffer frameId=1, bufferId=38684770435078 fenceId=449, w= 1080, h=2400
07-28 18:56:30.625  1127  1386 D SurfaceFlinger: [input] setFocusedWindow: 405cf3a com.example.dogglers/androidx.test.core.app.InstrumentationActivityInvoker$EmptyActivity
07-28 18:56:30.626  1624  5212 D InputDispatcher: Focus request (0): 405cf3a com.example.dogglers/androidx.test.core.app.InstrumentationActivityInvoker$EmptyActivity but waiting because NOT_VISIBLE
07-28 18:56:30.627  1624  1665 I ActivityTaskManager: Displayed com.example.dogglers/androidx.test.core.app.InstrumentationActivityInvoker$EmptyActivity: +150ms
07-28 18:56:30.627  1624  1669 I SemDvfsHyPerManager: acquire hyper - AMS_RESUME_TAIL/1624@21, type = -999
07-28 18:56:30.627  1624  1669 I SemDvfsHyPerManager: acquire hyper - AMS_ACT_LAZY/1624@22, type = -999
07-28 18:56:30.628  3746  3746 E pageboostd: Received HALT command code 2
07-28 18:56:30.628  1090  1150 I HYPER-HAL: [RequestManager.cpp]acquire(): Acquired ID : 1353856  [1624 / 21]    HINT : AMS_RESUME_TAIL    list :
07-28 18:56:30.628  1090  1150 I mtkpower_client: perf_lock_rel, hdl:81780, tid:1150
07-28 18:56:30.628  1090  1150 I mtkpower_client: perf_lock_acq, hdl:0, dur:0, num:2, tid:1150
07-28 18:56:30.629  1093  1167 I libPowerHal: [perfLockRel] hdl:81780, idx:1
07-28 18:56:30.629  1093  1167 I libPowerHal: vendor.samsung.: cpu_ctrl set cpu freq: -1 -1 -1 -1
07-28 18:56:30.630  1090  1150 I mtkpower_client: ret_hdl:81783
07-28 18:56:30.630  1090  1150 I mtkpower_client: perf_lock_rel, hdl:81781, tid:1150
07-28 18:56:30.630  1127  3782 I SurfaceFlinger: id=178849 createSurf flag=80000, af6c9e7 ActivityRecordInputSink com.example.dogglers/androidx.test.core.app.InstrumentationActivityInvoker$EmptyActivity#178849
07-28 18:56:30.630  1090  1150 I mtkpower_client: perf_lock_acq, hdl:0, dur:0, num:2, tid:1150
07-28 18:56:30.630  1093  1167 I libPowerHal: [perfLockAcq] idx:1 hdl:81783 hint:-1 pid:1090 duration:0 lock_user:vendor.samsung. => ret_hdl:81783
07-28 18:56:30.630  1093  1167 I libPowerHal: vendor.samsung.: cpu_ctrl set cpu freq: 1800000 -1 -1 -1
07-28 18:56:30.631  1093  1167 I libPowerHal: [perfLockRel] hdl:81781, idx:0
07-28 18:56:30.631  1093  1167 I libPowerHal: [PD] vendor.samsung. update cmd:1c3c000, param:1
07-28 18:56:30.631  1093  1167 I libPowerHal: [PD] (less) /proc/mcdi/state set +prefix:enable 1;
07-28 18:56:30.631  1090  1150 I mtkpower_client: ret_hdl:81784
07-28 18:56:30.631  1093  1167 I libPowerHal: [perfLockAcq] idx:3 hdl:81784 hint:-1 pid:1090 duration:0 lock_user:vendor.samsung. => ret_hdl:81784
07-28 18:56:30.631  1093  1167 I libPowerHal: [PE] (less) /proc/mcdi/state set +prefix:enable 0;
07-28 18:56:30.631  1090  1150 I mtkpower_client: perf_lock_rel, hdl:81782, tid:1150
07-28 18:56:30.632  1090  1150 I mtkpower_client: perf_lock_acq, hdl:0, dur:0, num:2, tid:1150
07-28 18:56:30.632  1093  1167 I libPowerHal: [perfLockRel] hdl:81782, idx:2
07-28 18:56:30.632  1093  1167 I libPowerHal: [PD] vendor.samsung. update cmd:1000000, param:-1
07-28 18:56:30.632  1093  1167 I libPowerHal: [PD] vendor.samsung. update cmd:1000000 param:-1
07-28 18:56:30.633  1093  1167 I libPowerHal: [perfLockAcq] idx:0 hdl:81785 hint:-1 pid:1090 duration:0 lock_user:vendor.samsung. => ret_hdl:81785
07-28 18:56:30.633  3393 10716 I RecentModel: onTaskStackChangedBackground
07-28 18:56:30.633  1093  1167 I libPowerHal: [PE] vendor.samsung. update cmd:1000000, param:0
07-28 18:56:30.633  1093  1167 I libPowerHal: [PE] vendor.samsung. update cmd:1000000 param:0
07-28 18:56:30.633  1090  1150 I mtkpower_client: ret_hdl:81785
07-28 18:56:30.633  1127  3782 I SurfaceFlinger: id=178840 Removed Surface(name=3aacd27 NavigationBar0)/@0x501b17d - animation-leash of insets_animation#178840 (115)
07-28 18:56:30.634  1127  3782 I SurfaceFlinger: id=178839 Removed Surface(name=f59a3f7 StatusBar)/@0xc90eccd - animation-leash of insets_animation#178839 (115)
07-28 18:56:30.634  1090  1150 I HYPER-HAL: [RequestManager.cpp]releaseLocked(): Released ID : 1350565
07-28 18:56:30.636  9007  9007 I ViewRootImpl@e274efa[InstrumentationActivityInvoker$EmptyActivity]: handleAppVisibility mAppVisible = true visible = false
07-28 18:56:30.636  9007  9007 I ViewRootImpl@e274efa[InstrumentationActivityInvoker$EmptyActivity]: stopped(true) old = false
07-28 18:56:30.636  9007  9007 I ViewRootImpl@e274efa[InstrumentationActivityInvoker$EmptyActivity]: WindowStopped on com.example.dogglers/androidx.test.core.app.InstrumentationActivityInvoker$EmptyActivity set to true
07-28 18:56:30.638  9007  9007 D LifecycleMonitor: Lifecycle status change: androidx.test.core.app.InstrumentationActivityInvoker$EmptyActivity@5e8e369 in: STOPPED
07-28 18:56:30.639  9007  9007 V ActivityScenario: Activity lifecycle changed event received but ignored because the intent does not match. startActivityIntent=Intent { act=android.intent.action.MAIN cat=[android.intent.category.LAUNCHER] cmp=com.example.dogglers/.VerticalListActivity }, activity.getIntent()=Intent { act=android.intent.action.MAIN cat=[android.intent.category.LAUNCHER] flg=0x10000000 cmp=com.example.dogglers/androidx.test.core.app.InstrumentationActivityInvoker$EmptyActivity }, activity=androidx.test.core.app.InstrumentationActivityInvoker$EmptyActivity@5e8e369
07-28 18:56:30.640  9007  9007 I MSHandlerLifeCycle: removeMultiSplitHandler: no exist. decor=DecorView@5f30d1c[InstrumentationActivityInvoker$EmptyActivity]
07-28 18:56:30.641  1127  1127 I Layer   : Layer [com.example.dogglers/androidx.test.core.app.InstrumentationActivityInvoker$EmptyActivity$_9007#178846] hidden!! flag(0)
07-28 18:56:30.641  1127  1127 I Layer   : Layer [com.example.dogglers/androidx.test.core.app.InstrumentationActivityInvoker$EmptyActivity$_9007#178838] hidden!! flag(1)
07-28 18:56:30.641  1127  1127 I Layer   : id=178839 Destroyed Surface(name=f59a3f7 StatusBar)/@0xc90eccd - animation-leash of insets_animation#178839
07-28 18:56:30.641  1127  1127 I Layer   : id=178840 Destroyed Surface(name=3aacd27 NavigationBar0)/@0x501b17d - animation-leash of insets_animation#178840
07-28 18:56:30.643  1624  5302 D InputDispatcher: Focus entered window (0): 405cf3a com.example.dogglers/androidx.test.core.app.InstrumentationActivityInvoker$EmptyActivity
07-28 18:56:30.646  1624  5212 D InputDispatcher: Focused application(0): ActivityRecord{e1dc2e0 u0 com.sec.android.app.launcher/.activities.LauncherActivity} t7}
07-28 18:56:30.647  1127  1127 D SurfaceFlinger: Display 0 HWC layers:
07-28 18:56:30.647  1127  1127 D SurfaceFlinger:      DEVICE | 0xb400007621854780 | 0102 | RGBA_8888    |    0.0    0.0 1080.0 2400.0 |    0    0 1080 2400 | com.example.dogglers/androidx.test.c[...]tyInvoker$EmptyActivity$_9007#178846
07-28 18:56:30.647  1127  1127 D SurfaceFlinger:      DEVICE | 0xb400007623228f80 | 0100 | RGBA_8888    |    0.0    0.0 1080.0   80.0 |    0    0 1080   80 | StatusBar$_17091#176350
07-28 18:56:30.647  1127  1127 D SurfaceFlinger:      DEVICE | 0xb4000075f544cb00 | 0100 | RGBA_8888    |    0.0    0.0 1080.0  135.0 |    0 2265 1080 2400 | NavigationBar0$_17091#176345
07-28 18:56:30.647  1127  1127 D SurfaceFlinger:      DEVICE | 0xb4000076232f1a80 | 0140 | RGBA_8888    |    0.0    0.0 1080.0  150.0 |    0    0 1080  150 | ScreenDecorOverlay$_17091#176358
07-28 18:56:30.647  1127  1127 D SurfaceFlinger:      DEVICE | 0xb400007621856400 | 0140 | RGBA_8888    |    0.0    0.0 1080.0  150.0 |    0 2250 1080 2400 | ScreenDecorOverlayBottom$_17091#176359
07-28 18:56:30.647  1127  1127 D SurfaceFlinger:
07-28 18:56:30.652  9007  9037 D OpenGLRenderer: setSurface called with nullptr
07-28 18:56:30.653  9007  9037 D OpenGLRenderer: setSurface() destroyed EGLSurface
07-28 18:56:30.653  9007  9037 D OpenGLRenderer: destroyEglSurface
07-28 18:56:30.653  3393  3393 I TopTaskTracker: onTaskMovedToFront : taskId = 7
07-28 18:56:30.654  1624  1668 D PersonaActivityHelper: Activity not in resumed state, do not run immediate lock
07-28 18:56:30.654  9007  9037 D BLASTBufferQueue: [ViewRootImpl@e274efa[InstrumentationActivityInvoker$EmptyActivity]#1](f:0,a:1) destructor()
07-28 18:56:30.655  9007  9037 D BufferQueueConsumer: [ViewRootImpl@e274efa[InstrumentationActivityInvoker$EmptyActivity]#1(BLAST Consumer)1](id:232f00000001,api:0,p:-1,c:9007) disconnect
07-28 18:56:30.656  9007  9007 I ViewRootImpl@e274efa[InstrumentationActivityInvoker$EmptyActivity]: performTraversals mFirst=false windowShouldResize=false viewVisibilityChanged=true mForceNextWindowRelayout=false params=null
07-28 18:56:30.657  1624  5212 V WindowManager: Relayout Window{a5711c9 u0 com.example.dogglers/androidx.test.core.app.InstrumentationActivityInvoker$EmptyActivity}: viewVisibility=8 req=1080x2400 d0
07-28 18:56:30.658  1127  1127 I SurfaceFlinger: [405cf3a com.example.dogglers/androidx.test.core.app.InstrumentationActivityInvoker$EmptyActivity#178845] FrameRatePriority: -1
07-28 18:56:30.660  1624  5212 V WindowManager: Relayout hash=a5711c9, pid=9007, syncId=-1: mAttrs={(0,0)(fillxfill) sim={adjust=pan forwardNavigation} ty=BASE_APPLICATION wanim=0x1030001
07-28 18:56:30.660  1624  5212 V WindowManager:   fl=1810100
07-28 18:56:30.660  1624  5212 V WindowManager:   pfl=12020040
07-28 18:56:30.660  1624  5212 V WindowManager:   apr=LIGHT_NAVIGATION_BARS
07-28 18:56:30.660  1624  5212 V WindowManager:   bhv=DEFAULT
07-28 18:56:30.660  1624  5212 V WindowManager:   fitSides= naviIconColor=0
07-28 18:56:30.660  1624  5212 V WindowManager:   sfl=100000}
07-28 18:56:30.664  9007  9007 I ViewRootImpl@e274efa[InstrumentationActivityInvoker$EmptyActivity]: Relayout returned: old=(0,0,1080,2400) new=(0,0,1080,2400) req=(1080,2400)8 dur=8 res=0x2 s={false 0x0} ch=false seqId=0
07-28 18:56:30.666  1624  1688 W libprocessgroup: Failed to open /dev/blkio//cgroup.procs: No such file or directory
07-28 18:56:30.667  1624  1688 W libprocessgroup: Failed to open /dev/blkio//cgroup.procs: No such file or directory
07-28 18:56:30.668  9007  9007 D LifecycleMonitor: Lifecycle status change: androidx.test.core.app.InstrumentationActivityInvoker$EmptyActivity@5e8e369 in: DESTROYED
07-28 18:56:30.668  9007  9007 V ActivityScenario: Activity lifecycle changed event received but ignored because the intent does not match. startActivityIntent=Intent { act=android.intent.action.MAIN cat=[android.intent.category.LAUNCHER] cmp=com.example.dogglers/.VerticalListActivity }, activity.getIntent()=Intent { act=android.intent.action.MAIN cat=[android.intent.category.LAUNCHER] flg=0x10000000 cmp=com.example.dogglers/androidx.test.core.app.InstrumentationActivityInvoker$EmptyActivity }, activity=androidx.test.core.app.InstrumentationActivityInvoker$EmptyActivity@5e8e369
07-28 18:56:30.670  9007  9007 I MSHandlerLifeCycle: removeMultiSplitHandler: no exist. decor=DecorView@5f30d1c[InstrumentationActivityInvoker$EmptyActivity]
07-28 18:56:30.670  9007  9037 D OpenGLRenderer: setSurface called with nullptr
07-28 18:56:30.670  9007  9007 I ViewRootImpl@e274efa[InstrumentationActivityInvoker$EmptyActivity]: dispatchDetachedFromWindow
07-28 18:56:30.671  1624  5302 D InputTransport: Input channel destroyed: 'a5711c9', fd=1041
07-28 18:56:30.671  1624  5302 W InputManager-JNI: Input channel object 'a5711c9 com.example.dogglers/androidx.test.core.app.InstrumentationActivityInvoker$EmptyActivity (client)' was disposed without first being removed with the input manager!
07-28 18:56:30.671  1624  5302 D InputTransport: Input channel destroyed: 'a5711c9', fd=1042
07-28 18:56:30.673  1127  1176 I SurfaceFlinger: id=178850 createSurf flag=24004, Surface(name=d8adfc2 InputMethod)/@0xc2b360e - animation-leash of insets_animation#178850
07-28 18:56:30.674  1127  1127 D SurfaceFlinger: [input] inputWindowCommands.focusRequests size is 1
07-28 18:56:30.675  1127  1386 D SurfaceFlinger: [input] setFocusedWindow: <null>
07-28 18:56:30.675  1624  2705 D InputDispatcher: Focus request (0): <null> but waiting because NOT_FOCUSABLE
07-28 18:56:30.676  1624  2705 D InputDispatcher: Focus left window (0): 405cf3a com.example.dogglers/androidx.test.core.app.InstrumentationActivityInvoker$EmptyActivity
07-28 18:56:30.676  9007  9007 D InputTransport: Input channel destroyed: 'a5711c9', fd=134
07-28 18:56:30.677  1127  1176 I SurfaceFlinger: id=178843 Removed Surface(name=d8adfc2 InputMethod)/@0xc2b360e - animation-leash of insets_animation#178843 (114)
07-28 18:56:30.678  9007  9007 I ViewRootImpl@21f1a38[InstrumentationActivityInvoker$EmptyActivity]: MSG_WINDOW_FOCUS_CHANGED 0 0
07-28 18:56:30.679  5607  5607 I InputMethodService: removeImeSurface
07-28 18:56:30.679  1127  1176 I SurfaceFlinger: id=178841 Removed 1bd6b5d ActivityRecordInputSink com.example.dogglers/androidx.test.core.app.InstrumentationActivityInvoker$EmptyActivity#178841 (114)
07-28 18:56:30.679  5607  5607 I MSHandlerLifeCycle: check: return. pkg=com.samsung.android.honeyboard isActivity=false callers=com.android.internal.policy.DecorView.setVisibility:4411 android.app.Dialog.hide:767 android.inputmethodservice.InputMethodService.removeImeSurface:1290 android.inputmethodservice.InputMethodService.scheduleImeSurfaceRemoval:1279 android.inputmethodservice.InputMethodService.-$$Nest$mscheduleImeSurfaceRemoval:0
07-28 18:56:30.679  5607  5607 I MSHandlerLifeCycle: removeMultiSplitHandler: no exist. decor=DecorView@4ed7bdc[InputMethod]
07-28 18:56:30.682  9007  9007 D LifecycleMonitor: Lifecycle status change: androidx.test.core.app.InstrumentationActivityInvoker$EmptyActivity@ef6317f in: PAUSED
07-28 18:56:30.683  9007  9007 V ActivityScenario: Activity lifecycle changed event received but ignored because the intent does not match. startActivityIntent=Intent { act=android.intent.action.MAIN cat=[android.intent.category.LAUNCHER] cmp=com.example.dogglers/.VerticalListActivity }, activity.getIntent()=Intent { act=android.intent.action.MAIN cat=[android.intent.category.LAUNCHER] flg=0x10000000 cmp=com.example.dogglers/androidx.test.core.app.InstrumentationActivityInvoker$EmptyActivity }, activity=androidx.test.core.app.InstrumentationActivityInvoker$EmptyActivity@ef6317f
07-28 18:56:30.684  1624  5212 I SemDvfsHyPerManager: acquire hyper - AMS_APP_HOME/1624@31, type = -999
07-28 18:56:30.684  1090  1150 I HYPER-HAL: [RequestManager.cpp]acquire(): Acquired ID : 1370371  [1624 / 31]    HINT : AMS_APP_HOME    list :
07-28 18:56:30.685  1090  1150 I mtkpower_client: perf_lock_rel, hdl:81784, tid:1150
07-28 18:56:30.685  1093  1167 I libPowerHal: [perfLockRel] hdl:81784, idx:3
07-28 18:56:30.685  1090  1150 I mtkpower_client: perf_lock_acq, hdl:0, dur:0, num:2, tid:1150
07-28 18:56:30.685  1093  1167 I libPowerHal: [PD] vendor.samsung. update cmd:1c3c000, param:1
07-28 18:56:30.685  5208  5208 I SemDvfsHyPerManager: acquire hyper - APP_START_HOME/5208@13, type = -999
07-28 18:56:30.686  1093  1167 I libPowerHal: [PD] (less) /proc/mcdi/state set +prefix:enable 1;
07-28 18:56:30.686  3393  3393 I ViewRootImpl@c6ee0f[LauncherActivity]: handleAppVisibility mAppVisible = false visible = true
07-28 18:56:30.686  1090  1150 I mtkpower_client: ret_hdl:81786
07-28 18:56:30.686  1093  1167 I libPowerHal: [perfLockAcq] idx:2 hdl:81786 hint:-1 pid:1090 duration:0 lock_user:vendor.samsung. => ret_hdl:81786
07-28 18:56:30.687  1090  1150 I mtkpower_client: perf_lock_rel, hdl:81783, tid:1150
07-28 18:56:30.687  1093  1167 I libPowerHal: [PE] (less) /proc/mcdi/state set +prefix:enable 0;
07-28 18:56:30.687  1090  1150 I mtkpower_client: perf_lock_acq, hdl:0, dur:0, num:2, tid:1150
07-28 18:56:30.687  1093  1167 I libPowerHal: [perfLockRel] hdl:81783, idx:1
07-28 18:56:30.687  1093  1167 I libPowerHal: vendor.samsung.: cpu_ctrl set cpu freq: -1 -1 -1 -1
07-28 18:56:30.688  1090  1150 I mtkpower_client: ret_hdl:81787
07-28 18:56:30.688  1093  1167 I libPowerHal: [perfLockAcq] idx:1 hdl:81787 hint:-1 pid:1090 duration:0 lock_user:vendor.samsung. => ret_hdl:81787
07-28 18:56:30.688  1093  1167 I libPowerHal: vendor.samsung.: cpu_ctrl set cpu freq: 1800000 -1 -1 -1
07-28 18:56:30.688  1090  1150 I HYPER-HAL: [RequestManager.cpp]acquire(): Acquired ID : 13632044  [5208 / 13]    HINT : APP_START    list : [KERNEL_APP_START_NOTIFY / 0] [TIMEOUT / 1500]
07-28 18:56:30.690  3393  3393 I ViewRootImpl@c6ee0f[LauncherActivity]: stopped(false) old = true
07-28 18:56:30.690  3393  3393 I ViewRootImpl@c6ee0f[LauncherActivity]: WindowStopped on com.sec.android.app.launcher/com.sec.android.app.launcher.activities.LauncherActivity set to false
07-28 18:56:30.691  3393  3393 I Launcher: !@Boot_DEBUG: Launcher.onStart()
07-28 18:56:30.691  3393  3393 I Launcher: !@Boot_EBS_D: Launcher.onStart()
07-28 18:56:30.691  1127  1127 I Layer   : id=178838 removeFromCurrentState com.example.dogglers/androidx.test.core.app.InstrumentationActivityInvoker$EmptyActivity$_9007#178838 (114)
07-28 18:56:30.691  1127  1127 I Layer   : id=178837 removeFromCurrentState a5711c9 com.example.dogglers/androidx.test.core.app.InstrumentationActivityInvoker$EmptyActivity#178837 (114)
07-28 18:56:30.691  3393  3393 I BaseActivity: addActivityFlags, flags : 1
07-28 18:56:30.691  1127  1127 I Layer   : id=178844 removeFromCurrentState Surface(name=d8adfc2 InputMethod)/@0xc2b360e - animation-leash of insets_animation#178844 (114)
07-28 18:56:30.691  1127  1127 I Layer   : id=178836 removeFromCurrentState ActivityRecord{b4b3cd2 u0 com.example.dogglers/androidx.test.core.app.InstrumentationActivityInvoker$EmptyActivity} t30329}#178836 (114)
07-28 18:56:30.691  3393  3393 W LauncherAppWidgetHost: setShouldListenFlag, mFlags:2 flag:start on:true isFront:false
07-28 18:56:30.691  1127  1127 I Layer   : id=178841 removeFromCurrentState 1bd6b5d ActivityRecordInputSink com.example.dogglers/androidx.test.core.app.InstrumentationActivityInvoker$EmptyActivity#178841 (114)
07-28 18:56:30.691  3393  3393 W Launcher: onStart isListening : false isLoading false
07-28 18:56:30.691  1127  1127 I SurfaceFlinger: id=178836 Removed ActivityRecord{b4b3cd2 u0 com.example.dogglers/androidx.test.core.app.InstrumentationActivityInvoker$EmptyActivity} t30329}#178836 (114)
07-28 18:56:30.692  1127  1127 I SurfaceFlinger: id=178838 Removed com.example.dogglers/androidx.test.core.app.InstrumentationActivityInvoker$EmptyActivity$_9007#178838 (114)
07-28 18:56:30.692  1127  1127 I SurfaceFlinger: id=178837 Removed a5711c9 com.example.dogglers/androidx.test.core.app.InstrumentationActivityInvoker$EmptyActivity#178837 (114)
07-28 18:56:30.692  1127  1127 I SurfaceFlinger: id=178844 Removed Surface(name=d8adfc2 InputMethod)/@0xc2b360e - animation-leash of insets_animation#178844 (114)
07-28 18:56:30.692  1127  1127 I Layer   : id=178843 Destroyed Surface(name=d8adfc2 InputMethod)/@0xc2b360e - animation-leash of insets_animation#178843
07-28 18:56:30.692  1127  1127 I Layer   : id=178836 Destroyed ActivityRecord{b4b3cd2 u0 com.example.dogglers/androidx.test.core.app.InstrumentationActivityInvoker$EmptyActivity} t30329}#178836
07-28 18:56:30.692  1127  1127 I Layer   : id=178837 Destroyed a5711c9 com.example.dogglers/androidx.test.core.app.InstrumentationActivityInvoker$EmptyActivity#178837
07-28 18:56:30.692  1127  1127 I BufferQueueDebug: [com.example.dogglers/androidx.test.core.app.InstrumentationActivityInvoker$EmptyActivity$_9007#178838](this:0xb4000075f536a838,id:-1,api:0,p:-1,c:1127) onDestructor()
07-28 18:56:30.692  1127  1127 I Layer   : id=178838 Destroyed com.example.dogglers/androidx.test.core.app.InstrumentationActivityInvoker$EmptyActivity$_9007#178838
07-28 18:56:30.693  3393  3393 I MSHandlerLifeCycle: removeMultiSplitHandler: no exist. decor=DecorView@4f24386[LauncherActivity]
07-28 18:56:30.693  1127  1127 I Layer   : id=178841 Destroyed 1bd6b5d ActivityRecordInputSink com.example.dogglers/androidx.test.core.app.InstrumentationActivityInvoker$EmptyActivity#178841
07-28 18:56:30.693  3393  3393 I ViewRootImpl@c6ee0f[LauncherActivity]: stopped(false) old = false
07-28 18:56:30.693  9007  9007 I ViewRootImpl@21f1a38[InstrumentationActivityInvoker$EmptyActivity]: MSG_WINDOW_FOCUS_CHANGED 0 0
07-28 18:56:30.693  3393  3393 I Launcher: !@Boot_DEBUG: Launcher.onResume()
07-28 18:56:30.693  1127  1127 I Layer   : id=178844 Destroyed Surface(name=d8adfc2 InputMethod)/@0xc2b360e - animation-leash of insets_animation#178844
07-28 18:56:30.694  3393  3393 I Launcher: !@Boot_EBS_D: Launcher.onResume()
07-28 18:56:30.694  9007  9030 I TestRunner: finished: recycler_view_item_count(com.example.dogglers.VerticalListTests)
