07-28 18:56:34.247  9007  9007 I ViewRootImpl@c3aa45b[InstrumentationActivityInvoker$EmptyActivity]: Setup new sync id=0
07-28 18:56:34.247  9007  9007 I ViewRootImpl@c3aa45b[InstrumentationActivityInvoker$EmptyActivity]: Setting syncFrameCallback
07-28 18:56:34.247  9007  9007 I ViewRootImpl@c3aa45b[InstrumentationActivityInvoker$EmptyActivity]: registerCallbacksForSync syncBuffer=false
07-28 18:56:34.250  9007  9062 I ViewRootImpl@c3aa45b[InstrumentationActivityInvoker$EmptyActivity]: Received frameDrawingCallback syncResult=0 frameNum=1.
07-28 18:56:34.250  9007  9062 I ViewRootImpl@c3aa45b[InstrumentationActivityInvoker$EmptyActivity]: Setting up sync and frameCommitCallback
07-28 18:56:34.252  1127  1127 I Layer   : id=178956 removeFromCurrentState Surface(name=f59a3f7 StatusBar)/@0xc90eccd - animation-leash of insets_animation#178956 (120)
07-28 18:56:34.252  1127  1127 I Layer   : id=178957 removeFromCurrentState Surface(name=3aacd27 NavigationBar0)/@0x501b17d - animation-leash of insets_animation#178957 (120)
07-28 18:56:34.252  1127  1127 I SurfaceFlinger: [a732a80 com.example.dogglers/androidx.test.core.app.InstrumentationActivityInvoker$EmptyActivity#178962] FrameRatePriority: 1
07-28 18:56:34.253  1127  1127 D SurfaceFlinger: [input] inputWindowCommands.focusRequests size is 1
07-28 18:56:34.254  9007  9037 I BLASTBufferQueue: [ViewRootImpl@c3aa45b[InstrumentationActivityInvoker$EmptyActivity]#11](f:0,a:0) onFrameAvailable the first frame is available
07-28 18:56:34.254  1127  1386 D SurfaceFlinger: [input] setFocusedWindow: a732a80 com.example.dogglers/androidx.test.core.app.InstrumentationActivityInvoker$EmptyActivity
07-28 18:56:34.255  9007  9037 D BLASTBufferQueue: [ViewRootImpl@c3aa45b[InstrumentationActivityInvoker$EmptyActivity]#11](f:0,a:1) acquireNextBufferLocked size=1080x2400 mFrameNumber=1 applyTransaction=true mTimestamp=1010963053589103(auto) mPendingTransactions.size=0 graphicBufferId=38684770435107 transform=0
07-28 18:56:34.255  9007  9037 I ViewRootImpl@c3aa45b[InstrumentationActivityInvoker$EmptyActivity]: Received frameCommittedCallback lastAttemptedDrawFrameNum=1 didProduceBuffer=true
07-28 18:56:34.255  1624  2705 D InputDispatcher: Focus request (0): a732a80 com.example.dogglers/androidx.test.core.app.InstrumentationActivityInvoker$EmptyActivity but waiting because NOT_VISIBLE
07-28 18:56:34.257  9007  9037 D OpenGLRenderer: CFMS:: SetUp Pid : 9007    Tid : 9037
07-28 18:56:34.257  9007  9037 W Parcel  : Expecting binder but got null!
07-28 18:56:34.258  9007  9007 I ViewRootImpl@c3aa45b[InstrumentationActivityInvoker$EmptyActivity]: onSyncComplete
07-28 18:56:34.258  9007  9007 I ViewRootImpl@c3aa45b[InstrumentationActivityInvoker$EmptyActivity]: setupSync seqId=0 mSyncId=0 fn=1 caller=android.view.ViewRootImpl$$ExternalSyntheticLambda11.accept:6 android.window.SurfaceSyncer.lambda$setupSync$1$android-window-SurfaceSyncer:128 android.window.SurfaceSyncer$$ExternalSyntheticLambda1.accept:8 android.window.SurfaceSyncer$SyncSet.checkIfSyncIsComplete:382 android.window.SurfaceSyncer$SyncSet.markSyncReady:359 android.window.SurfaceSyncer.markSyncReady:151 android.view.ViewRootImpl.performTraversals:4503
07-28 18:56:34.258  9007  9007 I ViewRootImpl@c3aa45b[InstrumentationActivityInvoker$EmptyActivity]: reportDrawFinished seqId=0 mSyncId=-1 fn=1 mSurfaceChangedTransaction=0xb40000728f86e300
07-28 18:56:34.259  9007  9007 I ViewRootImpl@d02f4e5[InstrumentationActivityInvoker$EmptyActivity]: MSG_WINDOW_FOCUS_CHANGED 0 0
07-28 18:56:34.265  1624  1665 I ActivityTaskManager: Displayed com.example.dogglers/androidx.test.core.app.InstrumentationActivityInvoker$EmptyActivity: +174ms
07-28 18:56:34.265  1624  1669 I SemDvfsHyPerManager: acquire hyper - AMS_RESUME_TAIL/1624@21, type = -999
07-28 18:56:34.265  1624  1669 I SemDvfsHyPerManager: acquire hyper - AMS_ACT_LAZY/1624@22, type = -999
07-28 18:56:34.265  3746  3746 E pageboostd: Received HALT command code 2
07-28 18:56:34.265  1090  1150 I HYPER-HAL: [RequestManager.cpp]acquire(): Acquired ID : 1353856  [1624 / 21]    HINT : AMS_RESUME_TAIL    list :
07-28 18:56:34.266  1090  1150 I mtkpower_client: perf_lock_rel, hdl:81866, tid:1150
07-28 18:56:34.266  1093  1167 I libPowerHal: [perfLockRel] hdl:81866, idx:1
07-28 18:56:34.266  1090  1150 I mtkpower_client: perf_lock_acq, hdl:0, dur:0, num:2, tid:1150
07-28 18:56:34.267  1093  1167 I libPowerHal: vendor.samsung.: cpu_ctrl set cpu freq: -1 -1 -1 -1
07-28 18:56:34.267  1127  3782 I SurfaceFlinger: id=178966 createSurf flag=80000, b254a95 ActivityRecordInputSink com.example.dogglers/androidx.test.core.app.InstrumentationActivityInvoker$EmptyActivity#178966
07-28 18:56:34.268  1090  1150 I mtkpower_client: ret_hdl:81869
07-28 18:56:34.268  1093  1167 I libPowerHal: [perfLockAcq] idx:1 hdl:81869 hint:-1 pid:1090 duration:0 lock_user:vendor.samsung. => ret_hdl:81869
07-28 18:56:34.268  1090  1150 I mtkpower_client: perf_lock_rel, hdl:81867, tid:1150
07-28 18:56:34.268  1093  1167 I libPowerHal: vendor.samsung.: cpu_ctrl set cpu freq: 1800000 -1 -1 -1
07-28 18:56:34.268  1090  1150 I mtkpower_client: perf_lock_acq, hdl:0, dur:0, num:2, tid:1150
07-28 18:56:34.269  1093  1167 I libPowerHal: [perfLockRel] hdl:81867, idx:2
07-28 18:56:34.269  1093  1167 I libPowerHal: [PD] vendor.samsung. update cmd:1c3c000, param:1
07-28 18:56:34.269  1127  1127 D BufferStateLayer: com.example.dogglers/androidx.test.core.app.InstrumentationActivityInvoker$EmptyActivity$_9007#178963 setBuffer frameId=1, bufferId=38684770435107 fenceId=243, w= 1080, h=2400
07-28 18:56:34.269  1093  1167 I libPowerHal: [PD] (less) /proc/mcdi/state set +prefix:enable 1;
07-28 18:56:34.271  1093  1167 I libPowerHal: [perfLockAcq] idx:2 hdl:81870 hint:-1 pid:1090 duration:0 lock_user:vendor.samsung. => ret_hdl:81870
07-28 18:56:34.271  1090  1150 I mtkpower_client: ret_hdl:81870
07-28 18:56:34.271  1093  1167 I libPowerHal: [PE] (less) /proc/mcdi/state set +prefix:enable 0;
07-28 18:56:34.271  1090  1150 I mtkpower_client: perf_lock_rel, hdl:81868, tid:1150
07-28 18:56:34.274  1090  1150 I mtkpower_client: perf_lock_acq, hdl:0, dur:0, num:2, tid:1150
07-28 18:56:34.274  1127  2023 I SurfaceFlinger: id=178957 Removed Surface(name=3aacd27 NavigationBar0)/@0x501b17d - animation-leash of insets_animation#178957 (121)
07-28 18:56:34.274  1127  2023 I SurfaceFlinger: id=178956 Removed Surface(name=f59a3f7 StatusBar)/@0xc90eccd - animation-leash of insets_animation#178956 (121)
07-28 18:56:34.275  1093  1167 I libPowerHal: [perfLockRel] hdl:81868, idx:0
07-28 18:56:34.275  1093  1167 I libPowerHal: [PD] vendor.samsung. update cmd:1000000, param:-1
07-28 18:56:34.276  9007  9007 I ViewRootImpl@d02f4e5[InstrumentationActivityInvoker$EmptyActivity]: handleAppVisibility mAppVisible = true visible = false
07-28 18:56:34.276  1093  1167 I libPowerHal: [PD] vendor.samsung. update cmd:1000000 param:-1
07-28 18:56:34.277  9007  9007 I ViewRootImpl@d02f4e5[InstrumentationActivityInvoker$EmptyActivity]: stopped(true) old = false
07-28 18:56:34.277  9007  9007 I ViewRootImpl@d02f4e5[InstrumentationActivityInvoker$EmptyActivity]: WindowStopped on com.example.dogglers/androidx.test.core.app.InstrumentationActivityInvoker$EmptyActivity set to true
07-28 18:56:34.278  1090  1150 I mtkpower_client: ret_hdl:81871
07-28 18:56:34.278  9007  9007 D LifecycleMonitor: Lifecycle status change: androidx.test.core.app.InstrumentationActivityInvoker$EmptyActivity@448c4b0 in: STOPPED
07-28 18:56:34.278  1093  1167 I libPowerHal: [perfLockAcq] idx:3 hdl:81871 hint:-1 pid:1090 duration:0 lock_user:vendor.samsung. => ret_hdl:81871
07-28 18:56:34.278  1090  1150 I HYPER-HAL: [RequestManager.cpp]releaseLocked(): Released ID : 1350565
07-28 18:56:34.279  1093  1167 I libPowerHal: [PE] vendor.samsung. update cmd:1000000, param:0
07-28 18:56:34.279  1093  1167 I libPowerHal: [PE] vendor.samsung. update cmd:1000000 param:0
07-28 18:56:34.279  9007  9007 V ActivityScenario: Activity lifecycle changed event received but ignored because the intent does not match. startActivityIntent=Intent { act=android.intent.action.MAIN cat=[android.intent.category.LAUNCHER] cmp=com.example.dogglers/.VerticalListActivity }, activity.getIntent()=Intent { act=android.intent.action.MAIN cat=[android.intent.category.LAUNCHER] flg=0x10000000 cmp=com.example.dogglers/androidx.test.core.app.InstrumentationActivityInvoker$EmptyActivity }, activity=androidx.test.core.app.InstrumentationActivityInvoker$EmptyActivity@448c4b0
07-28 18:56:34.283  9007  9007 I MSHandlerLifeCycle: removeMultiSplitHandler: no exist. decor=DecorView@8d8784f[InstrumentationActivityInvoker$EmptyActivity]
07-28 18:56:34.285  1127  1127 I Layer   : Layer [com.example.dogglers/androidx.test.core.app.InstrumentationActivityInvoker$EmptyActivity$_9007#178963] hidden!! flag(0)
07-28 18:56:34.285  1127  1127 I Layer   : Layer [com.example.dogglers/androidx.test.core.app.InstrumentationActivityInvoker$EmptyActivity$_9007#178955] hidden!! flag(1)
07-28 18:56:34.286  1127  1127 I Layer   : id=178956 Destroyed Surface(name=f59a3f7 StatusBar)/@0xc90eccd - animation-leash of insets_animation#178956
07-28 18:56:34.286  1127  1127 I Layer   : id=178957 Destroyed Surface(name=3aacd27 NavigationBar0)/@0x501b17d - animation-leash of insets_animation#178957
07-28 18:56:34.288  1624  2705 D InputDispatcher: Focus entered window (0): a732a80 com.example.dogglers/androidx.test.core.app.InstrumentationActivityInvoker$EmptyActivity
07-28 18:56:34.292  1127  1127 D SurfaceFlinger: Display 0 HWC layers:
07-28 18:56:34.292  1127  1127 D SurfaceFlinger:      DEVICE | 0xb4000075f544c500 | 0102 | RGBA_8888    |    0.0    0.0 1080.0 2400.0 |    0    0 1080 2400 | com.example.dogglers/androidx.test.c[...]tyInvoker$EmptyActivity$_9007#178963
07-28 18:56:34.292  1127  1127 D SurfaceFlinger:      DEVICE | 0xb400007623228f80 | 0100 | RGBA_8888    |    0.0    0.0 1080.0   80.0 |    0    0 1080   80 | StatusBar$_17091#176350
07-28 18:56:34.292  1127  1127 D SurfaceFlinger:      DEVICE | 0xb4000075f544cb00 | 0100 | RGBA_8888    |    0.0    0.0 1080.0  135.0 |    0 2265 1080 2400 | NavigationBar0$_17091#176345
07-28 18:56:34.292  1127  1127 D SurfaceFlinger:      DEVICE | 0xb4000076232f1a80 | 0140 | RGBA_8888    |    0.0    0.0 1080.0  150.0 |    0    0 1080  150 | ScreenDecorOverlay$_17091#176358
07-28 18:56:34.292  1127  1127 D SurfaceFlinger:      DEVICE | 0xb400007621856400 | 0140 | RGBA_8888    |    0.0    0.0 1080.0  150.0 |    0 2250 1080 2400 | ScreenDecorOverlayBottom$_17091#176359
07-28 18:56:34.292  1127  1127 D SurfaceFlinger:
07-28 18:56:34.293  1624  2705 D InputDispatcher: Focused application(0): ActivityRecord{e1dc2e0 u0 com.sec.android.app.launcher/.activities.LauncherActivity} t7}
07-28 18:56:34.302  1127  1127 I SurfaceFlinger: [a732a80 com.example.dogglers/androidx.test.core.app.InstrumentationActivityInvoker$EmptyActivity#178962] FrameRatePriority: -1
07-28 18:56:34.307  3393  3393 I TopTaskTracker: onTaskMovedToFront : taskId = 7
07-28 18:56:34.309  1624  1668 D PersonaActivityHelper: Activity not in resumed state, do not run immediate lock
07-28 18:56:34.309  9007  9037 D OpenGLRenderer: setSurface called with nullptr
07-28 18:56:34.309  9007  9037 D OpenGLRenderer: setSurface() destroyed EGLSurface
07-28 18:56:34.309  9007  9037 D OpenGLRenderer: destroyEglSurface
07-28 18:56:34.312  9007  9037 D BLASTBufferQueue: [ViewRootImpl@d02f4e5[InstrumentationActivityInvoker$EmptyActivity]#10](f:0,a:1) destructor()
07-28 18:56:34.312  9007  9037 D BufferQueueConsumer: [ViewRootImpl@d02f4e5[InstrumentationActivityInvoker$EmptyActivity]#10(BLAST Consumer)10](id:232f0000000a,api:0,p:-1,c:9007) disconnect
07-28 18:56:34.313  9007  9007 I ViewRootImpl@d02f4e5[InstrumentationActivityInvoker$EmptyActivity]: performTraversals mFirst=false windowShouldResize=false viewVisibilityChanged=true mForceNextWindowRelayout=false params=null
07-28 18:56:34.314  1624  2705 V WindowManager: Relayout Window{d26f187 u0 com.example.dogglers/androidx.test.core.app.InstrumentationActivityInvoker$EmptyActivity}: viewVisibility=8 req=1080x2400 d0
07-28 18:56:34.319  1127  1127 D SurfaceFlinger: [input] inputWindowCommands.focusRequests size is 1
07-28 18:56:34.319  1624  2705 V WindowManager: Relayout hash=d26f187, pid=9007, syncId=-1: mAttrs={(0,0)(fillxfill) sim={adjust=pan forwardNavigation} ty=BASE_APPLICATION wanim=0x1030001
07-28 18:56:34.319  1624  2705 V WindowManager:   fl=1810100
07-28 18:56:34.319  1624  2705 V WindowManager:   pfl=12020040
07-28 18:56:34.319  1624  2705 V WindowManager:   apr=LIGHT_NAVIGATION_BARS
07-28 18:56:34.319  1624  2705 V WindowManager:   bhv=DEFAULT
07-28 18:56:34.319  1624  2705 V WindowManager:   fitSides= naviIconColor=0
07-28 18:56:34.319  1624  2705 V WindowManager:   sfl=100000}
07-28 18:56:34.320  1127  1386 D SurfaceFlinger: [input] setFocusedWindow: <null>
07-28 18:56:34.320  1624  3704 D InputDispatcher: Focus left window (0): a732a80 com.example.dogglers/androidx.test.core.app.InstrumentationActivityInvoker$EmptyActivity
07-28 18:56:34.324  9007  9007 I ViewRootImpl@d02f4e5[InstrumentationActivityInvoker$EmptyActivity]: Relayout returned: old=(0,0,1080,2400) new=(0,0,1080,2400) req=(1080,2400)8 dur=11 res=0x2 s={false 0x0} ch=false seqId=0
07-28 18:56:34.328  1624  1688 W libprocessgroup: Failed to open /dev/blkio//cgroup.procs: No such file or directory
07-28 18:56:34.329  1624  1688 W libprocessgroup: Failed to open /dev/blkio//cgroup.procs: No such file or directory
07-28 18:56:34.329  9007  9007 D LifecycleMonitor: Lifecycle status change: androidx.test.core.app.InstrumentationActivityInvoker$EmptyActivity@448c4b0 in: DESTROYED
07-28 18:56:34.330  9007  9007 V ActivityScenario: Activity lifecycle changed event received but ignored because the intent does not match. startActivityIntent=Intent { act=android.intent.action.MAIN cat=[android.intent.category.LAUNCHER] cmp=com.example.dogglers/.VerticalListActivity }, activity.getIntent()=Intent { act=android.intent.action.MAIN cat=[android.intent.category.LAUNCHER] flg=0x10000000 cmp=com.example.dogglers/androidx.test.core.app.InstrumentationActivityInvoker$EmptyActivity }, activity=androidx.test.core.app.InstrumentationActivityInvoker$EmptyActivity@448c4b0
07-28 18:56:34.332  9007  9007 I MSHandlerLifeCycle: removeMultiSplitHandler: no exist. decor=DecorView@8d8784f[InstrumentationActivityInvoker$EmptyActivity]
07-28 18:56:34.333  9007  9037 D OpenGLRenderer: setSurface called with nullptr
07-28 18:56:34.333  9007  9007 I ViewRootImpl@d02f4e5[InstrumentationActivityInvoker$EmptyActivity]: dispatchDetachedFromWindow
07-28 18:56:34.334  1624  3704 D InputTransport: Input channel destroyed: 'd26f187', fd=1103
07-28 18:56:34.334  1624  3704 W InputManager-JNI: Input channel object 'd26f187 com.example.dogglers/androidx.test.core.app.InstrumentationActivityInvoker$EmptyActivity (client)' was disposed without first being removed with the input manager!
07-28 18:56:34.334  1624  3704 D InputTransport: Input channel destroyed: 'd26f187', fd=1104
07-28 18:56:34.337  1127  3782 I SurfaceFlinger: id=178967 createSurf flag=24004, Surface(name=d8adfc2 InputMethod)/@0xc2b360e - animation-leash of insets_animation#178967
07-28 18:56:34.342  9007  9007 D InputTransport: Input channel destroyed: 'd26f187', fd=146
07-28 18:56:34.343  1127  1177 I SurfaceFlinger: id=178960 Removed Surface(name=d8adfc2 InputMethod)/@0xc2b360e - animation-leash of insets_animation#178960 (120)
07-28 18:56:34.343  5607  5607 I InputMethodService: removeImeSurface
07-28 18:56:34.343  5607  5607 I MSHandlerLifeCycle: check: return. pkg=com.samsung.android.honeyboard isActivity=false callers=com.android.internal.policy.DecorView.setVisibility:4411 android.app.Dialog.hide:767 android.inputmethodservice.InputMethodService.removeImeSurface:1290 android.inputmethodservice.InputMethodService.scheduleImeSurfaceRemoval:1279 android.inputmethodservice.InputMethodService.-$$Nest$mscheduleImeSurfaceRemoval:0
07-28 18:56:34.344  5607  5607 I MSHandlerLifeCycle: removeMultiSplitHandler: no exist. decor=DecorView@4ed7bdc[InputMethod]
07-28 18:56:34.344  9007  9007 I ViewRootImpl@c3aa45b[InstrumentationActivityInvoker$EmptyActivity]: MSG_WINDOW_FOCUS_CHANGED 0 0
07-28 18:56:34.345  1127  2023 I SurfaceFlinger: id=178958 Removed c0357bb ActivityRecordInputSink com.example.dogglers/androidx.test.core.app.InstrumentationActivityInvoker$EmptyActivity#178958 (120)
07-28 18:56:34.348  9007  9007 D LifecycleMonitor: Lifecycle status change: androidx.test.core.app.InstrumentationActivityInvoker$EmptyActivity@997135e in: PAUSED
07-28 18:56:34.349  9007  9007 V ActivityScenario: Activity lifecycle changed event received but ignored because the intent does not match. startActivityIntent=Intent { act=android.intent.action.MAIN cat=[android.intent.category.LAUNCHER] cmp=com.example.dogglers/.VerticalListActivity }, activity.getIntent()=Intent { act=android.intent.action.MAIN cat=[android.intent.category.LAUNCHER] flg=0x10000000 cmp=com.example.dogglers/androidx.test.core.app.InstrumentationActivityInvoker$EmptyActivity }, activity=androidx.test.core.app.InstrumentationActivityInvoker$EmptyActivity@997135e
07-28 18:56:34.350  1624  2705 I SemDvfsHyPerManager: acquire hyper - AMS_APP_HOME/1624@31, type = -999
07-28 18:56:34.350  1090  1150 I HYPER-HAL: [RequestManager.cpp]acquire(): Acquired ID : 1370371  [1624 / 31]    HINT : AMS_APP_HOME    list :
07-28 18:56:34.351  1090  1150 I mtkpower_client: perf_lock_rel, hdl:81870, tid:1150
07-28 18:56:34.351  1090  1150 I mtkpower_client: perf_lock_acq, hdl:0, dur:0, num:2, tid:1150
07-28 18:56:34.351  1093  1167 I libPowerHal: [perfLockRel] hdl:81870, idx:2
07-28 18:56:34.351  1093  1167 I libPowerHal: [PD] vendor.samsung. update cmd:1c3c000, param:1
07-28 18:56:34.352  1093  1167 I libPowerHal: [PD] (less) /proc/mcdi/state set +prefix:enable 1;
07-28 18:56:34.352  1127  1127 I Layer   : id=178955 removeFromCurrentState com.example.dogglers/androidx.test.core.app.InstrumentationActivityInvoker$EmptyActivity$_9007#178955 (120)
07-28 18:56:34.352  1127  1127 I Layer   : id=178954 removeFromCurrentState d26f187 com.example.dogglers/androidx.test.core.app.InstrumentationActivityInvoker$EmptyActivity#178954 (120)
07-28 18:56:34.352  5208  5208 I SemDvfsHyPerManager: acquire hyper - APP_START_HOME/5208@13, type = -999
07-28 18:56:34.352  1127  1127 I Layer   : id=178961 removeFromCurrentState Surface(name=d8adfc2 InputMethod)/@0xc2b360e - animation-leash of insets_animation#178961 (120)
07-28 18:56:34.352  1127  1127 I SurfaceFlinger: id=178955 Removed com.example.dogglers/androidx.test.core.app.InstrumentationActivityInvoker$EmptyActivity$_9007#178955 (120)
07-28 18:56:34.352  1127  1127 I SurfaceFlinger: id=178954 Removed d26f187 com.example.dogglers/androidx.test.core.app.InstrumentationActivityInvoker$EmptyActivity#178954 (120)
07-28 18:56:34.352  1127  1127 I SurfaceFlinger: id=178961 Removed Surface(name=d8adfc2 InputMethod)/@0xc2b360e - animation-leash of insets_animation#178961 (120)
07-28 18:56:34.353  1127  1127 I Layer   : id=178960 Destroyed Surface(name=d8adfc2 InputMethod)/@0xc2b360e - animation-leash of insets_animation#178960
07-28 18:56:34.353  1127  1127 I Layer   : id=178954 Destroyed d26f187 com.example.dogglers/androidx.test.core.app.InstrumentationActivityInvoker$EmptyActivity#178954
07-28 18:56:34.353  1127  1127 I BufferQueueDebug: [com.example.dogglers/androidx.test.core.app.InstrumentationActivityInvoker$EmptyActivity$_9007#178955](this:0xb4000075f4c20838,id:-1,api:0,p:-1,c:1127) onDestructor()
07-28 18:56:34.353  1127  1127 I Layer   : id=178955 Destroyed com.example.dogglers/androidx.test.core.app.InstrumentationActivityInvoker$EmptyActivity$_9007#178955
07-28 18:56:34.353  1127  1127 I Layer   : id=178961 Destroyed Surface(name=d8adfc2 InputMethod)/@0xc2b360e - animation-leash of insets_animation#178961
07-28 18:56:34.353  3393  3393 I ViewRootImpl@c6ee0f[LauncherActivity]: handleAppVisibility mAppVisible = false visible = true
07-28 18:56:34.355  1090  1150 I mtkpower_client: ret_hdl:81872
07-28 18:56:34.356  1090  1150 I mtkpower_client: perf_lock_rel, hdl:81869, tid:1150
07-28 18:56:34.356  1093  1167 I libPowerHal: [perfLockAcq] idx:0 hdl:81872 hint:-1 pid:1090 duration:0 lock_user:vendor.samsung. => ret_hdl:81872
07-28 18:56:34.356  1093  1167 I libPowerHal: [PE] (less) /proc/mcdi/state set +prefix:enable 0;
07-28 18:56:34.357  1090  1150 I mtkpower_client: perf_lock_acq, hdl:0, dur:0, num:2, tid:1150
07-28 18:56:34.357  1093  1167 I libPowerHal: [perfLockRel] hdl:81869, idx:1
07-28 18:56:34.357  1093  1167 I libPowerHal: vendor.samsung.: cpu_ctrl set cpu freq: -1 -1 -1 -1
07-28 18:56:34.358  1090  1150 I mtkpower_client: ret_hdl:81873
07-28 18:56:34.358  1093  1167 I libPowerHal: [perfLockAcq] idx:1 hdl:81873 hint:-1 pid:1090 duration:0 lock_user:vendor.samsung. => ret_hdl:81873
07-28 18:56:34.358  1090  1150 I HYPER-HAL: [RequestManager.cpp]acquire(): Acquired ID : 13632044  [5208 / 13]    HINT : APP_START    list : [KERNEL_APP_START_NOTIFY / 0] [TIMEOUT / 1500]
07-28 18:56:34.358  1093  1167 I libPowerHal: vendor.samsung.: cpu_ctrl set cpu freq: 1800000 -1 -1 -1
07-28 18:56:34.361  3393  3393 I ViewRootImpl@c6ee0f[LauncherActivity]: stopped(false) old = true
07-28 18:56:34.361  3393  3393 I ViewRootImpl@c6ee0f[LauncherActivity]: WindowStopped on com.sec.android.app.launcher/com.sec.android.app.launcher.activities.LauncherActivity set to false
07-28 18:56:34.362  3393  3393 I Launcher: !@Boot_DEBUG: Launcher.onStart()
07-28 18:56:34.362  3393  3393 I Launcher: !@Boot_EBS_D: Launcher.onStart()
07-28 18:56:34.362  3393  3393 I BaseActivity: addActivityFlags, flags : 1
07-28 18:56:34.362  3393  3393 W LauncherAppWidgetHost: setShouldListenFlag, mFlags:2 flag:start on:true isFront:false
07-28 18:56:34.362  3393  3393 W Launcher: onStart isListening : false isLoading false
07-28 18:56:34.365  9007  9007 I ViewRootImpl@c3aa45b[InstrumentationActivityInvoker$EmptyActivity]: MSG_WINDOW_FOCUS_CHANGED 0 0
07-28 18:56:34.366  9007  9030 I TestRunner: finished: vertical_scroll_content_at_first_position(com.example.dogglers.VerticalListTests)
