07-28 17:18:51.426  1624  2462 D InputTransport: Input channel constructed: 'd39fd01', fd=1349
07-28 17:18:51.427  1127  2023 I SurfaceFlinger: id=175901 createSurf flag=80004, d39fd01 com.example.dogglers/androidx.test.core.app.InstrumentationActivityInvoker$EmptyActivity#175901
07-28 17:18:51.429  1624  2462 D InputTransport: Input channel destroyed: 'd39fd01', fd=1349
07-28 17:18:51.431  8684  8684 D InsetsController: onStateChanged: InsetsState: {mDisplayFrame=Rect(0, 0 - 1080, 2400), mDisplayCutout=DisplayCutout{insets=Rect(0, 80 - 0, 0) waterfall=Insets{left=0, top=0, right=0, bottom=0} boundingRect={Bounds=[Rect(0, 0 - 0, 0), Rect(468, 0 - 612, 80), Rect(0, 0 - 0, 0), Rect(0, 0 - 0, 0)]} cutoutPathParserInfo={CutoutPathParserInfo{displayWidth=1080 displayHeight=2400 physicalDisplayWidth=1080 physicalDisplayHeight=2400 density={2.625} cutoutSpec={M 0,0 H -27.42857142857143 V 30.47619047619048 H 27.42857142857143 V 0 H 0 Z @dp} rotation={0} scale={1.0} physicalPixelDisplaySizeRatio={1.0}}}}, mRoundedCorners=RoundedCorners{[RoundedCorner{position=TopLeft, radius=90, center=Point(90, 90)}, RoundedCorner{position=TopRight, radius=90, center=Point(990, 90)}, RoundedCorner{position=BottomRight, radius=90, center=Point(990, 2310)}, RoundedCorner{position=BottomLeft, radius=90, center=Point(90, 2310)}]}  mRoundedCornerFrame=Rect(0, 0 - 1080, 2400), mPrivacyIndicatorBounds=PrivacyIndicatorBounds {static bounds=Rect(956, 0 - 1080, 80) rotation=0}, mSources= { InsetsSource: {mType=ITYPE_STATUS_BAR, mFrame=[0,0][1080,80], mVisible=true, mInsetsRoundedCornerFrame=false}, InsetsSource: {mType=ITYPE_NAVIGATION_BAR, mFrame=[0,2265][1080,2400], mVisible=true, mInsetsRoundedCornerFrame=false}, InsetsSource: {mType=ITYPE_LEFT_GESTURES, mFrame=[0,0][0,2400], mVisible=true, mInsetsRoundedCornerFrame=false}, InsetsSource: {mType=ITYPE_RIGHT_GESTURES, mFrame=[1080,0][1080,2400], mVisible=true, mInsetsRoundedCornerFrame=false}, InsetsSource: {mType=ITYPE_TOP_MANDATORY_GESTURES, mFrame=[0,0][1080,114], mVisible=true, mInsetsRoundedCornerFrame=false}, InsetsSource: {mType=ITYPE_BOTTOM_MANDATORY_GESTURES, mFrame=[0,2265][1080,2400], mVisible=true, mInsetsRoundedCornerFrame=false}, InsetsSource: {mType=ITYPE_LEFT_DISPLAY_CUTOUT, mFrame=[0,0][-100000,2400], mVisible=true, mInsetsRoundedCornerFrame=false}, InsetsSource: {mType=ITYPE_TOP_DISPLAY_CUTOUT, mFrame=[0,0][1080,80], mVisible=true, mInsetsRoundedCornerFrame=false}, InsetsSource: {mType=ITYPE_RIGHT_DISPLAY_CUTOUT, mFrame=[100000,0][1080,2400], mVisible=true, mInsetsRoundedCornerFrame=false}, InsetsSource: {mType=ITYPE_BOTTOM_DISPLAY_CUTOUT, mFrame=[0,100000][1080,2400], mVisible=true, mInsetsRoundedCornerFrame=false}, InsetsSource: {mType=ITYPE_TOP_TAPPABLE_ELEMENT, mFrame=[0,0][1080,80], mVisible=true, mInsetsRoundedCornerFrame=false}, InsetsSource: {mType=ITYPE_BOTTOM_TAPPABLE_ELEMENT, mFrame=[0,2265][1080,2400], mVisible=true, mInsetsRoundedCornerFrame=false} } host=com.example.dogglers/androidx.test.core.app.InstrumentationActivityInvoker$EmptyActivity from=android.view.ViewRootImpl.setView:1732
07-28 17:18:51.433  8684  8684 I ViewRootImpl@9ac266[InstrumentationActivityInvoker$EmptyActivity]: setView = com.android.internal.policy.DecorView@d8dbfa8 TM=true
07-28 17:18:51.434  8684  8684 I MSHandlerLifeCycle: removeMultiSplitHandler: no exist. decor=DecorView@d8dbfa8[InstrumentationActivityInvoker$EmptyActivity]
07-28 17:18:51.435  1624  1745 D AnalyticsContainerHandler: handleMessage : { when=0 what=1 target=com.android.server.knox.KnoxAnalyticsContainer$AnalyticsHandler }
07-28 17:18:51.441  8684  8684 I ViewRootImpl@9ac266[InstrumentationActivityInvoker$EmptyActivity]: performTraversals params={(0,0)(fillxfill) sim={adjust=pan forwardNavigation} ty=BASE_APPLICATION wanim=0x1030001
07-28 17:18:51.441  8684  8684 I ViewRootImpl@9ac266[InstrumentationActivityInvoker$EmptyActivity]:   fl=1810100
07-28 17:18:51.441  8684  8684 I ViewRootImpl@9ac266[InstrumentationActivityInvoker$EmptyActivity]:   pfl=12020040
07-28 17:18:51.441  8684  8684 I ViewRootImpl@9ac266[InstrumentationActivityInvoker$EmptyActivity]:   bhv=DEFAULT
07-28 17:18:51.441  8684  8684 I ViewRootImpl@9ac266[InstrumentationActivityInvoker$EmptyActivity]:   fitSides= naviIconColor=0
07-28 17:18:51.441  8684  8684 I ViewRootImpl@9ac266[InstrumentationActivityInvoker$EmptyActivity]:   sfl=100000}
07-28 17:18:51.442  8684  8684 I ViewRootImpl@9ac266[InstrumentationActivityInvoker$EmptyActivity]: performTraversals mFirst=true windowShouldResize=true viewVisibilityChanged=false mForceNextWindowRelayout=false params={(0,0)(fillxfill) sim={adjust=pan forwardNavigation} ty=BASE_APPLICATION wanim=0x1030001
07-28 17:18:51.442  8684  8684 I ViewRootImpl@9ac266[InstrumentationActivityInvoker$EmptyActivity]:   fl=1810100
07-28 17:18:51.442  8684  8684 I ViewRootImpl@9ac266[InstrumentationActivityInvoker$EmptyActivity]:   pfl=12020040
07-28 17:18:51.442  8684  8684 I ViewRootImpl@9ac266[InstrumentationActivityInvoker$EmptyActivity]:   bhv=DEFAULT
07-28 17:18:51.442  8684  8684 I ViewRootImpl@9ac266[InstrumentationActivityInvoker$EmptyActivity]:   fitSides= naviIconColor=0
07-28 17:18:51.442  8684  8684 I ViewRootImpl@9ac266[InstrumentationActivityInvoker$EmptyActivity]:   sfl=100000}
07-28 17:18:51.443  1624  2462 V WindowManager: Relayout Window{d39fd01 u0 com.example.dogglers/androidx.test.core.app.InstrumentationActivityInvoker$EmptyActivity}: viewVisibility=0 req=1080x2400 d0
07-28 17:18:51.444  1127  2023 I BufferQueueDebug: [com.example.dogglers/androidx.test.core.app.InstrumentationActivityInvoker$EmptyActivity$_8684#175902](this:0xb4000075f53ab838,id:-1,api:0,p:-1,c:-1) BufferQueue core=(1127:/system/bin/surfaceflinger)
07-28 17:18:51.444  1127  2023 I SurfaceFlinger: id=175902 createSurf flag=40004, com.example.dogglers/androidx.test.core.app.InstrumentationActivityInvoker$EmptyActivity$_8684#175902
07-28 17:18:51.450  1127  2023 I SurfaceFlinger: id=175903 createSurf flag=24000, Surface(name=7ae696d StatusBar)/@0x546cfe9 - animation-leash of insets_animation#175903
07-28 17:18:51.451  1064  1064 D Zygote  : Forked child process 8869
07-28 17:18:51.451  1127  2023 I SurfaceFlinger: id=175904 createSurf flag=24000, Surface(name=57253a2 NavigationBar0)/@0x6398367 - animation-leash of insets_animation#175904
07-28 17:18:51.454  1624  2462 V WindowManager: Relayout hash=d39fd01, pid=8684, syncId=-1: mAttrs={(0,0)(fillxfill) sim={adjust=pan forwardNavigation} ty=BASE_APPLICATION wanim=0x1030001
07-28 17:18:51.454  1624  2462 V WindowManager:   fl=1810100
07-28 17:18:51.454  1624  2462 V WindowManager:   pfl=12020040
07-28 17:18:51.454  1624  2462 V WindowManager:   apr=LIGHT_NAVIGATION_BARS
07-28 17:18:51.454  1624  2462 V WindowManager:   bhv=DEFAULT
07-28 17:18:51.454  1624  2462 V WindowManager:   fitSides= naviIconColor=0
07-28 17:18:51.454  1624  2462 V WindowManager:   sfl=100000}
07-28 17:18:51.458  8684  8684 D InsetsController: onStateChanged: InsetsState: {mDisplayFrame=Rect(0, 0 - 1080, 2400), mDisplayCutout=DisplayCutout{insets=Rect(0, 80 - 0, 0) waterfall=Insets{left=0, top=0, right=0, bottom=0} boundingRect={Bounds=[Rect(0, 0 - 0, 0), Rect(468, 0 - 612, 80), Rect(0, 0 - 0, 0), Rect(0, 0 - 0, 0)]} cutoutPathParserInfo={CutoutPathParserInfo{displayWidth=1080 displayHeight=2400 physicalDisplayWidth=1080 physicalDisplayHeight=2400 density={2.625} cutoutSpec={M 0,0 H -27.42857142857143 V 30.47619047619048 H 27.42857142857143 V 0 H 0 Z @dp} rotation={0} scale={1.0} physicalPixelDisplaySizeRatio={1.0}}}}, mRoundedCorners=RoundedCorners{[RoundedCorner{position=TopLeft, radius=90, center=Point(90, 90)}, RoundedCorner{position=TopRight, radius=90, center=Point(990, 90)}, RoundedCorner{position=BottomRight, radius=90, center=Point(990, 2310)}, RoundedCorner{position=BottomLeft, radius=90, center=Point(90, 2310)}]}  mRoundedCornerFrame=Rect(0, 0 - 1080, 2400), mPrivacyIndicatorBounds=PrivacyIndicatorBounds {static bounds=Rect(956, 0 - 1080, 80) rotation=0}, mSources= { InsetsSource: {mType=ITYPE_STATUS_BAR, mFrame=[0,0][1080,80], mVisible=true, mInsetsRoundedCornerFrame=false}, InsetsSource: {mType=ITYPE_NAVIGATION_BAR, mFrame=[0,2265][1080,2400], mVisible=true, mInsetsRoundedCornerFrame=false}, InsetsSource: {mType=ITYPE_LEFT_GESTURES, mFrame=[0,0][0,2400], mVisible=true, mInsetsRoundedCornerFrame=false}, InsetsSource: {mType=ITYPE_RIGHT_GESTURES, mFrame=[1080,0][1080,2400], mVisible=true, mInsetsRoundedCornerFrame=false}, InsetsSource: {mType=ITYPE_TOP_MANDATORY_GESTURES, mFrame=[0,0][1080,114], mVisible=true, mInsetsRoundedCornerFrame=false}, InsetsSource: {mType=ITYPE_BOTTOM_MANDATORY_GESTURES, mFrame=[0,2265][1080,2400], mVisible=true, mInsetsRoundedCornerFrame=false}, InsetsSource: {mType=ITYPE_LEFT_DISPLAY_CUTOUT, mFrame=[0,0][-100000,2400], mVisible=true, mInsetsRoundedCornerFrame=false}, InsetsSource: {mType=ITYPE_TOP_DISPLAY_CUTOUT, mFrame=[0,0][1080,80], mVisible=true, mInsetsRoundedCornerFrame=false}, InsetsSource: {mType=ITYPE_RIGHT_DISPLAY_CUTOUT, mFrame=[100000,0][1080,2400], mVisible=true, mInsetsRoundedCornerFrame=false}, InsetsSource: {mType=ITYPE_BOTTOM_DISPLAY_CUTOUT, mFrame=[0,100000][1080,2400], mVisible=true, mInsetsRoundedCornerFrame=false}, InsetsSource: {mType=ITYPE_TOP_TAPPABLE_ELEMENT, mFrame=[0,0][1080,80], mVisible=true, mInsetsRoundedCornerFrame=false}, InsetsSource: {mType=ITYPE_BOTTOM_TAPPABLE_ELEMENT, mFrame=[0,2265][1080,2400], mVisible=true, mInsetsRoundedCornerFrame=false}, InsetsSource: {mType=ITYPE_IME, mFrame=[0,0][0,0], mVisibleFrame=[0,1243][1080,2400], mVisible=false, mInsetsRoundedCornerFrame=false} } host=com.example.dogglers/androidx.test.core.app.InstrumentationActivityInvoker$EmptyActivity from=android.view.ViewRootImpl.relayoutWindow:9802
07-28 17:18:51.460  8684  8684 I ViewRootImpl@9ac266[InstrumentationActivityInvoker$EmptyActivity]: updateBlastSurfaceIfNeeded mBlastBufferQueue=null isSameSurfaceControl=false
07-28 17:18:51.460  8684  8684 D BufferQueueConsumer: [](id:21ec00000005,api:0,p:-1,c:8684) connect: controlledByApp=false
07-28 17:18:51.461  1127  1127 I Layer   : id=175895 removeFromCurrentState Surface(name=7ae696d StatusBar)/@0x546cfe9 - animation-leash of insets_animation#175895 (118)
07-28 17:18:51.461  8684  8684 I BLASTBufferQueue: new BLASTBufferQueue, mName= ViewRootImpl@9ac266[InstrumentationActivityInvoker$EmptyActivity] mNativeObject= 0xb400007316150100 sc.mNativeObject= 0xb40000730f427780 caller= android.view.ViewRootImpl.updateBlastSurfaceIfNeeded:2909 android.view.ViewRootImpl.relayoutWindow:9847 android.view.ViewRootImpl.performTraversals:3884 android.view.ViewRootImpl.doTraversal:3116 android.view.ViewRootImpl$TraversalRunnable.run:10885 android.view.Choreographer$CallbackRecord.run:1301 android.view.Choreographer$CallbackRecord.run:1309 android.view.Choreographer.doCallbacks:923 android.view.Choreographer.doFrame:852 android.view.Choreographer$FrameDisplayEventReceiver.run:1283
07-28 17:18:51.461  1127  1127 I Layer   : id=175896 removeFromCurrentState Surface(name=57253a2 NavigationBar0)/@0x6398367 - animation-leash of insets_animation#175896 (118)
07-28 17:18:51.461  1127  1127 I SurfaceFlinger: [d39fd01 com.example.dogglers/androidx.test.core.app.InstrumentationActivityInvoker$EmptyActivity#175901] FrameRatePriority: 1
07-28 17:18:51.462  8684  8684 I BLASTBufferQueue: update, w= 1080 h= 2400 mName = ViewRootImpl@9ac266[InstrumentationActivityInvoker$EmptyActivity] mNativeObject= 0xb400007316150100 sc.mNativeObject= 0xb40000730f427780 format= -1 caller= android.graphics.BLASTBufferQueue.<init>:84 android.view.ViewRootImpl.updateBlastSurfaceIfNeeded:2909 android.view.ViewRootImpl.relayoutWindow:9847 android.view.ViewRootImpl.performTraversals:3884 android.view.ViewRootImpl.doTraversal:3116 android.view.ViewRootImpl$TraversalRunnable.run:10885
07-28 17:18:51.463  8684  8684 I ViewRootImpl@9ac266[InstrumentationActivityInvoker$EmptyActivity]: Relayout returned: old=(0,0,1080,2400) new=(0,0,1080,2400) req=(1080,2400)0 dur=18 res=0x3 s={true 0xb40000728f7af800} ch=true seqId=0
07-28 17:18:51.465  8684  8684 I ViewRootImpl@9ac266[InstrumentationActivityInvoker$EmptyActivity]: mThreadedRenderer.initialize() mSurface={isValid=true 0xb40000728f7af800} hwInitialized=true
07-28 17:18:51.466  8684  8768 D OpenGLRenderer: eglCreateWindowSurface
07-28 17:18:51.467  8684  8684 I ViewRootImpl@9ac266[InstrumentationActivityInvoker$EmptyActivity]: reportNextDraw android.view.ViewRootImpl.performTraversals:4438 android.view.ViewRootImpl.doTraversal:3116 android.view.ViewRootImpl$TraversalRunnable.run:10885 android.view.Choreographer$CallbackRecord.run:1301 android.view.Choreographer$CallbackRecord.run:1309
07-28 17:18:51.468  8684  8684 I ViewRootImpl@9ac266[InstrumentationActivityInvoker$EmptyActivity]: Setup new sync id=0
07-28 17:18:51.468  8684  8684 I ViewRootImpl@9ac266[InstrumentationActivityInvoker$EmptyActivity]: Setting syncFrameCallback
07-28 17:18:51.468  8684  8684 I ViewRootImpl@9ac266[InstrumentationActivityInvoker$EmptyActivity]: registerCallbacksForSync syncBuffer=false
07-28 17:18:51.473  8684  8828 I ViewRootImpl@9ac266[InstrumentationActivityInvoker$EmptyActivity]: Received frameDrawingCallback syncResult=0 frameNum=1.
07-28 17:18:51.473  8684  8828 I ViewRootImpl@9ac266[InstrumentationActivityInvoker$EmptyActivity]: Setting up sync and frameCommitCallback
07-28 17:18:51.476  8869  8869 I egram.messenger: Using CollectorTypeCC GC.
07-28 17:18:51.477  8684  8768 I BLASTBufferQueue: [ViewRootImpl@9ac266[InstrumentationActivityInvoker$EmptyActivity]#5](f:0,a:0) onFrameAvailable the first frame is available
07-28 17:18:51.478  1127  1127 D SurfaceFlinger: [input] inputWindowCommands.focusRequests size is 1
07-28 17:18:51.479  8684  8768 D BLASTBufferQueue: [ViewRootImpl@9ac266[InstrumentationActivityInvoker$EmptyActivity]#5](f:0,a:1) acquireNextBufferLocked size=1080x2400 mFrameNumber=1 applyTransaction=true mTimestamp=1006961032485634(auto) mPendingTransactions.size=0 graphicBufferId=37297495998481 transform=0
07-28 17:18:51.480  8684  8768 I ViewRootImpl@9ac266[InstrumentationActivityInvoker$EmptyActivity]: Received frameCommittedCallback lastAttemptedDrawFrameNum=1 didProduceBuffer=true
07-28 17:18:51.480  1127  1386 D SurfaceFlinger: [input] setFocusedWindow: d39fd01 com.example.dogglers/androidx.test.core.app.InstrumentationActivityInvoker$EmptyActivity
07-28 17:18:51.482  8869  8869 E egram.messenger: Not starting debugger since process cannot load the jdwp agent.
07-28 17:18:51.481  1624  5715 D InputDispatcher: Focus request (0): d39fd01 com.example.dogglers/androidx.test.core.app.InstrumentationActivityInvoker$EmptyActivity but waiting because NOT_VISIBLE
07-28 17:18:51.483  8684  8768 D OpenGLRenderer: CFMS:: SetUp Pid : 8684    Tid : 8768
07-28 17:18:51.483  8684  8768 W Parcel  : Expecting binder but got null!
07-28 17:18:51.484  8684  8684 I ViewRootImpl@9ac266[InstrumentationActivityInvoker$EmptyActivity]: onSyncComplete
07-28 17:18:51.485  8684  8684 I ViewRootImpl@9ac266[InstrumentationActivityInvoker$EmptyActivity]: setupSync seqId=0 mSyncId=0 fn=1 caller=android.view.ViewRootImpl$$ExternalSyntheticLambda11.accept:6 android.window.SurfaceSyncer.lambda$setupSync$1$android-window-SurfaceSyncer:128 android.window.SurfaceSyncer$$ExternalSyntheticLambda1.accept:8 android.window.SurfaceSyncer$SyncSet.checkIfSyncIsComplete:382 android.window.SurfaceSyncer$SyncSet.markSyncReady:359 android.window.SurfaceSyncer.markSyncReady:151 android.view.ViewRootImpl.performTraversals:4503
07-28 17:18:51.486  8684  8684 I ViewRootImpl@9ac266[InstrumentationActivityInvoker$EmptyActivity]: reportDrawFinished seqId=0 mSyncId=-1 fn=1 mSurfaceChangedTransaction=0xb400007297ad7a00
07-28 17:18:51.487  8684  8684 I ViewRootImpl@7b4878[InstrumentationActivityInvoker$EmptyActivity]: MSG_WINDOW_FOCUS_CHANGED 0 0
07-28 17:18:51.487  3393 16210 I RecentModel: onTaskStackChangedBackground
07-28 17:18:51.488  8869  8869 W libc    : Access denied finding property "sys.perf.boostopt"
07-28 17:18:51.489  8869  8883 W libc    : Access denied finding property "sys.perf.boostopt"
07-28 17:18:51.489  1042  1042 E audit   : type=1400 audit(1690553931.484:543263): avc:  denied  { read } for  pid=8869 comm="egram.messenger" name="u:object_r:perf_prop:s0" dev="tmpfs" ino=2289 scontext=u:r:untrusted_app_30:s0:c27,c257,c512,c768 tcontext=u:object_r:perf_prop:s0 tclass=file permissive=0 SEPF_SM-A325F_12_0001 audit_filtered
07-28 17:18:51.490  8869  8869 D ActivityThread: setConscryptValidator
07-28 17:18:51.490  8869  8869 D ActivityThread: setConscryptValidator - put
07-28 17:18:51.494  1127  1127 D BufferStateLayer: com.example.dogglers/androidx.test.core.app.InstrumentationActivityInvoker$EmptyActivity$_8684#175902 setBuffer frameId=1, bufferId=37297495998481 fenceId=48, w= 1080, h=2400
07-28 17:18:51.497  1127  2095 I SurfaceFlinger: id=175896 Removed Surface(name=57253a2 NavigationBar0)/@0x6398367 - animation-leash of insets_animation#175896 (118)
07-28 17:18:51.497  1127  2095 I SurfaceFlinger: id=175895 Removed Surface(name=7ae696d StatusBar)/@0x546cfe9 - animation-leash of insets_animation#175895 (118)
07-28 17:18:51.498  8684  8684 I ViewRootImpl@7b4878[InstrumentationActivityInvoker$EmptyActivity]: handleAppVisibility mAppVisible = true visible = false
07-28 17:18:51.498  1624  1665 I ActivityTaskManager: Displayed com.example.dogglers/androidx.test.core.app.InstrumentationActivityInvoker$EmptyActivity: +180ms
07-28 17:18:51.498  1624  1669 I SemDvfsHyPerManager: acquire hyper - AMS_RESUME_TAIL/1624@21, type = -999
07-28 17:18:51.499  1624  1669 I SemDvfsHyPerManager: acquire hyper - AMS_ACT_LAZY/1624@22, type = -999
07-28 17:18:51.499  1090  1150 I HYPER-HAL: [RequestManager.cpp]acquire(): Acquired ID : 1353856  [1624 / 21]    HINT : AMS_RESUME_TAIL    list :
07-28 17:18:51.499  1090  1150 I mtkpower_client: perf_lock_rel, hdl:80026, tid:1150
07-28 17:18:51.500  1090  1150 I mtkpower_client: perf_lock_acq, hdl:0, dur:0, num:2, tid:1150
07-28 17:18:51.500  1093  1167 I libPowerHal: [perfLockRel] hdl:80026, idx:1
07-28 17:18:51.501  1093  1167 I libPowerHal: vendor.samsung.: cpu_ctrl set cpu freq: -1 -1 -1 -1
07-28 17:18:51.501  3746  3746 E pageboostd: Received HALT command code 2
07-28 17:18:51.502  1090  1150 I mtkpower_client: ret_hdl:80029
07-28 17:18:51.502  1090  1150 I mtkpower_client: perf_lock_rel, hdl:80027, tid:1150
07-28 17:18:51.502  1127  3782 I SurfaceFlinger: id=175905 createSurf flag=80000, ca534e6 ActivityRecordInputSink com.example.dogglers/androidx.test.core.app.InstrumentationActivityInvoker$EmptyActivity#175905
07-28 17:18:51.502  1093  1167 I libPowerHal: [perfLockAcq] idx:1 hdl:80029 hint:-1 pid:1090 duration:0 lock_user:vendor.samsung. => ret_hdl:80029
07-28 17:18:51.502  1093  1167 I libPowerHal: vendor.samsung.: cpu_ctrl set cpu freq: 1800000 -1 -1 -1
07-28 17:18:51.502  1090  1150 I mtkpower_client: perf_lock_acq, hdl:0, dur:0, num:2, tid:1150
07-28 17:18:51.502  1093  1167 I libPowerHal: [perfLockRel] hdl:80027, idx:2
07-28 17:18:51.502  1093  1167 I libPowerHal: [PD] vendor.samsung. update cmd:1c3c000, param:1
07-28 17:18:51.503  1093  1167 I libPowerHal: [PD] (less) /proc/mcdi/state set +prefix:enable 1;
07-28 17:18:51.503  1090  1150 I mtkpower_client: ret_hdl:80030
07-28 17:18:51.504  1093  1167 I libPowerHal: [perfLockAcq] idx:2 hdl:80030 hint:-1 pid:1090 duration:0 lock_user:vendor.samsung. => ret_hdl:80030
07-28 17:18:51.504  1090  1150 I mtkpower_client: perf_lock_rel, hdl:80028, tid:1150
07-28 17:18:51.504  1093  1167 I libPowerHal: [PE] (less) /proc/mcdi/state set +prefix:enable 0;
07-28 17:18:51.504  1090  1150 I mtkpower_client: perf_lock_acq, hdl:0, dur:0, num:2, tid:1150
07-28 17:18:51.504  1093  1167 I libPowerHal: [perfLockRel] hdl:80028, idx:0
07-28 17:18:51.504  1093  1167 I libPowerHal: [PD] vendor.samsung. update cmd:1000000, param:-1
07-28 17:18:51.505  1093  1167 I libPowerHal: [PD] vendor.samsung. update cmd:1000000 param:-1
07-28 17:18:51.505  1090  1150 I mtkpower_client: ret_hdl:80031
07-28 17:18:51.505  1090  1150 I HYPER-HAL: [RequestManager.cpp]releaseLocked(): Released ID : 1350565
07-28 17:18:51.506  1093  1167 I libPowerHal: [perfLockAcq] idx:0 hdl:80031 hint:-1 pid:1090 duration:0 lock_user:vendor.samsung. => ret_hdl:80031
07-28 17:18:51.506  1093  1167 I libPowerHal: [PE] vendor.samsung. update cmd:1000000, param:0
07-28 17:18:51.506  1093  1167 I libPowerHal: [PE] vendor.samsung. update cmd:1000000 param:0
07-28 17:18:51.511  1127  1127 I Layer   : Layer [com.example.dogglers/androidx.test.core.app.InstrumentationActivityInvoker$EmptyActivity$_8684#175902] hidden!! flag(0)
07-28 17:18:51.511  1127  1127 I Layer   : Layer [com.example.dogglers/androidx.test.core.app.InstrumentationActivityInvoker$EmptyActivity$_8684#175894] hidden!! flag(1)
07-28 17:18:51.511  1127  1127 I Layer   : id=175895 Destroyed Surface(name=7ae696d StatusBar)/@0x546cfe9 - animation-leash of insets_animation#175895
07-28 17:18:51.511  1127  1127 I Layer   : id=175896 Destroyed Surface(name=57253a2 NavigationBar0)/@0x6398367 - animation-leash of insets_animation#175896
07-28 17:18:51.513  1624  5212 D InputDispatcher: Focus entered window (0): d39fd01 com.example.dogglers/androidx.test.core.app.InstrumentationActivityInvoker$EmptyActivity
07-28 17:18:51.513  8684  8768 D OpenGLRenderer: setSurface called with nullptr
07-28 17:18:51.513  8684  8768 D OpenGLRenderer: setSurface() destroyed EGLSurface
07-28 17:18:51.513  8684  8768 D OpenGLRenderer: destroyEglSurface
07-28 17:18:51.516  8684  8684 I ViewRootImpl@7b4878[InstrumentationActivityInvoker$EmptyActivity]: performTraversals mFirst=false windowShouldResize=false viewVisibilityChanged=true mForceNextWindowRelayout=false params=null
07-28 17:18:51.516  1127  1127 D SurfaceFlinger: Display 0 HWC layers:
07-28 17:18:51.516  1127  1127 D SurfaceFlinger:      DEVICE | 0xb4000075f544d100 | 0102 | RGBA_8888    |    0.0    0.0 1080.0 2400.0 |    0    0 1080 2400 | com.example.dogglers/androidx.test.c[...]tyInvoker$EmptyActivity$_8684#175902
07-28 17:18:51.516  1127  1127 D SurfaceFlinger:      DEVICE | 0xb4000075f544c980 | 0100 | RGBA_8888    |    0.0    0.0 1080.0   80.0 |    0    0 1080   80 | StatusBar$_2897#91
07-28 17:18:51.516  1127  1127 D SurfaceFlinger:      DEVICE | 0xb400007621854780 | 0100 | RGBA_8888    |    0.0    0.0 1080.0  135.0 |    0 2265 1080 2400 | NavigationBar0$_2897#86
07-28 17:18:51.516  1127  1127 D SurfaceFlinger:      DEVICE | 0xb4000075f544b300 | 0140 | RGBA_8888    |    0.0    0.0 1080.0  150.0 |    0    0 1080  150 | ScreenDecorOverlay$_2897#100
07-28 17:18:51.516  1127  1127 D SurfaceFlinger:      DEVICE | 0xb400007621856700 | 0140 | RGBA_8888    |    0.0    0.0 1080.0  150.0 |    0 2250 1080 2400 | ScreenDecorOverlayBottom$_2897#101
07-28 17:18:51.516  1127  1127 D SurfaceFlinger:
07-28 17:18:51.517  1624  5715 V WindowManager: Relayout Window{280ed10 u0 com.example.dogglers/androidx.test.core.app.InstrumentationActivityInvoker$EmptyActivity}: viewVisibility=8 req=1080x2400 d0
07-28 17:18:51.522  1624  5715 V WindowManager: Relayout hash=280ed10, pid=8684, syncId=-1: mAttrs={(0,0)(fillxfill) sim={adjust=pan forwardNavigation} ty=BASE_APPLICATION wanim=0x1030001
07-28 17:18:51.522  1624  5715 V WindowManager:   fl=1810100
07-28 17:18:51.522  1624  5715 V WindowManager:   pfl=12020040
07-28 17:18:51.522  1624  5715 V WindowManager:   apr=LIGHT_NAVIGATION_BARS
07-28 17:18:51.522  1624  5715 V WindowManager:   bhv=DEFAULT
07-28 17:18:51.522  1624  5715 V WindowManager:   fitSides= naviIconColor=0
07-28 17:18:51.522  1624  5715 V WindowManager:   sfl=100000}
07-28 17:18:51.525  8869  8883 W libc    : Access denied finding property "sys.perf.boostopt"
07-28 17:18:51.526  3393  3758 I QuickstepModelDelegate: Widget predictions updated
07-28 17:18:51.526  8684  8684 D BLASTBufferQueue: [ViewRootImpl@7b4878[InstrumentationActivityInvoker$EmptyActivity]#4](f:0,a:1) destructor()
07-28 17:18:51.526  8684  8684 D BufferQueueConsumer: [ViewRootImpl@7b4878[InstrumentationActivityInvoker$EmptyActivity]#4(BLAST Consumer)4](id:21ec00000004,api:0,p:-1,c:8684) disconnect
07-28 17:18:51.527  8869  8869 D CompatibilityChangeReporter: Compat change id reported: 171979766; UID 10283; state: ENABLED
07-28 17:18:51.528  8684  8684 I ViewRootImpl@7b4878[InstrumentationActivityInvoker$EmptyActivity]: Relayout returned: old=(0,0,1080,2400) new=(0,0,1080,2400) req=(1080,2400)8 dur=10 res=0x2 s={false 0x0} ch=true seqId=0
07-28 17:18:51.529  8684  8684 I ViewRootImpl@7b4878[InstrumentationActivityInvoker$EmptyActivity]: stopped(true) old = false
07-28 17:18:51.529  8684  8684 I ViewRootImpl@7b4878[InstrumentationActivityInvoker$EmptyActivity]: WindowStopped on com.example.dogglers/androidx.test.core.app.InstrumentationActivityInvoker$EmptyActivity set to true
07-28 17:18:51.530  8684  8684 D LifecycleMonitor: Lifecycle status change: androidx.test.core.app.InstrumentationActivityInvoker$EmptyActivity@e1bbcbf in: STOPPED
07-28 17:18:51.530  8684  8684 V ActivityScenario: Activity lifecycle changed event received but ignored because the intent does not match. startActivityIntent=Intent { act=android.intent.action.MAIN cat=[android.intent.category.LAUNCHER] cmp=com.example.dogglers/.VerticalListActivity }, activity.getIntent()=Intent { act=android.intent.action.MAIN cat=[android.intent.category.LAUNCHER] flg=0x10000000 cmp=com.example.dogglers/androidx.test.core.app.InstrumentationActivityInvoker$EmptyActivity }, activity=androidx.test.core.app.InstrumentationActivityInvoker$EmptyActivity@e1bbcbf
07-28 17:18:51.532  8684  8684 I MSHandlerLifeCycle: removeMultiSplitHandler: no exist. decor=DecorView@87fdeea[InstrumentationActivityInvoker$EmptyActivity]
07-28 17:18:51.536  1624  5212 D InputDispatcher: Focused application(0): ActivityRecord{e1dc2e0 u0 com.sec.android.app.launcher/.activities.LauncherActivity} t7}
07-28 17:18:51.543  3393  3393 I TopTaskTracker: onTaskMovedToFront : taskId = 7
07-28 17:18:51.543  8684  8684 I ViewRootImpl@9ac266[InstrumentationActivityInvoker$EmptyActivity]: MSG_WINDOW_FOCUS_CHANGED 1 0
07-28 17:18:51.544  8684  8684 I ViewRootImpl@9ac266[InstrumentationActivityInvoker$EmptyActivity]: mThreadedRenderer.initializeIfNeeded()#2 mSurface={isValid=true 0xb40000728f7af800}
07-28 17:18:51.544  1624  1668 D PersonaActivityHelper: Activity not in resumed state, do not run immediate lock
07-28 17:18:51.544  1127  1127 I SurfaceFlinger: [d39fd01 com.example.dogglers/androidx.test.core.app.InstrumentationActivityInvoker$EmptyActivity#175901] FrameRatePriority: -1
07-28 17:18:51.544  8684  8684 D InputMethodManager: startInputInner - Id : 0
07-28 17:18:51.544  8684  8684 I InputMethodManager: startInputInner - mService.startInputOrWindowGainedFocus
07-28 17:18:51.547  1624  5212 D InputMethodManagerService: mDesktopModeManager null!
07-28 17:18:51.547  1624  5212 V InputMethodManagerService: getDisplayIdOfInputMethodWindowToBeAdded: displayId=0
07-28 17:18:51.547  1624  5212 D InputMethodManagerService: isImeSwitcherDisabledPackage : false
07-28 17:18:51.549  1624  5212 D InputMethodManagerService: checkDisplayOfStartInputAndUpdateKeyboard: displayId=0, mFocusedDisplayId=0
07-28 17:18:51.549  1624  5212 D InputTransport: Input channel constructed: 'ClientS', fd=1349
07-28 17:18:51.549  1624  5212 D InputTransport: Input channel destroyed: 'ClientS', fd=1349
07-28 17:18:51.550  5607  5607 I HBD     : HoneyBoardService onFinishInput
07-28 17:18:51.550  5607  5607 I HBD     : a IC have been unbinding,  RemoteInputConnection{idHash=#9156bd4}
07-28 17:18:51.550  5607  5607 I HBD     : HoneyBoardService [PF_CL][onFinishInput]  0 ms
07-28 17:18:51.550  5607  5607 I HBD     : HoneyBoardService [IMI] onStartInput - caller pid : 8684 , caller uid : 10520
07-28 17:18:51.551  5607  5607 I HBD     : j updateConfigs
07-28 17:18:51.551  5607  5607 I HBD     : j isEnabledNightMode : false
07-28 17:18:51.551  1127  3782 I SurfaceFlinger: id=175906 createSurf flag=24004, Surface(name=d8adfc2 InputMethod)/@0xc2b360e - animation-leash of insets_animation#175906
07-28 17:18:51.551  5607  5607 I HBD     : a IC have been binding, RemoteInputConnection{idHash=#9156bd4}
07-28 17:18:51.551  5607  5607 I HBD     : h [EditorInputType]setPrivateImeOptionsToTable privateImeOptions ( null )
07-28 17:18:51.551  5607  5607 I HBD     : b incognitoMode : false
07-28 17:18:51.551  5607  5607 I HBD     : a needOff = true , isForceOff = false, isNullInputClass : true
07-28 17:18:51.551  5607  5607 I HBD     : h getDefaultInputRange : UNKNOWN
07-28 17:18:51.551  5607  5607 I HBD     : h getDefaultInputRange : UNKNOWN
07-28 17:18:51.551  5607  5607 I HBD     : h getDefaultInputRange : UNKNOWN
07-28 17:18:51.553  5607  5607 I HBD     : a needOff = true , isForceOff = false, isNullInputClass : true
07-28 17:18:51.553  5607  5607 I HBD     : a update cached prediction status : false
07-28 17:18:51.553  5607  5607 I HBD     : h getDefaultInputRange : UNKNOWN
07-28 17:18:51.553  8684  8684 D LifecycleMonitor: Lifecycle status change: androidx.test.core.app.InstrumentationActivityInvoker$EmptyActivity@e1bbcbf in: DESTROYED
07-28 17:18:51.554  5607  5607 I HBD     : a currentState : 0
07-28 17:18:51.554  8684  8684 V ActivityScenario: Activity lifecycle changed event received but ignored because the intent does not match. startActivityIntent=Intent { act=android.intent.action.MAIN cat=[android.intent.category.LAUNCHER] cmp=com.example.dogglers/.VerticalListActivity }, activity.getIntent()=Intent { act=android.intent.action.MAIN cat=[android.intent.category.LAUNCHER] flg=0x10000000 cmp=com.example.dogglers/androidx.test.core.app.InstrumentationActivityInvoker$EmptyActivity }, activity=androidx.test.core.app.InstrumentationActivityInvoker$EmptyActivity@e1bbcbf
07-28 17:18:51.554  5607  5607 I HBD     : a [UpdatePolicy] [post] a: 0 cl: 3342336 kit: [0/0] vt: 0 ir: 1
07-28 17:18:51.554  5607  5607 I HBD     : a [NRIC] resetNoResponseState
07-28 17:18:51.555  5607  5607 I HBD     : a needOff = true , isForceOff = false, isNullInputClass : true
07-28 17:18:51.555  5607  5607 I HBD     : a update cached prediction status : false
07-28 17:18:51.556  8684  8684 I MSHandlerLifeCycle: removeMultiSplitHandler: no exist. decor=DecorView@87fdeea[InstrumentationActivityInvoker$EmptyActivity]
07-28 17:18:51.556  5607  5607 I HBD     : HoneyBoardService [PF_OP][onStartInput]  6 ms
07-28 17:18:51.556  8684  8768 D OpenGLRenderer: setSurface called with nullptr
07-28 17:18:51.557  8684  8684 I ViewRootImpl@7b4878[InstrumentationActivityInvoker$EmptyActivity]: dispatchDetachedFromWindow
07-28 17:18:51.557  1624  5715 D InputTransport: Input channel destroyed: '280ed10', fd=1345
07-28 17:18:51.558  1624  5715 W InputManager-JNI: Input channel object '280ed10 com.example.dogglers/androidx.test.core.app.InstrumentationActivityInvoker$EmptyActivity (client)' was disposed without first being removed with the input manager!
07-28 17:18:51.558  1624  5715 D InputTransport: Input channel destroyed: '280ed10', fd=1346
07-28 17:18:51.558  1624  1688 W libprocessgroup: Failed to open /dev/blkio//cgroup.procs: No such file or directory
07-28 17:18:51.559  1624  1688 W libprocessgroup: Failed to open /dev/blkio//cgroup.procs: No such file or directory
07-28 17:18:51.561  1127  1127 D SurfaceFlinger: [input] inputWindowCommands.focusRequests size is 1
07-28 17:18:51.561  1127  1127 I Layer   : id=175900 removeFromCurrentState Surface(name=d8adfc2 InputMethod)/@0xc2b360e - animation-leash of insets_animation#175900 (118)
07-28 17:18:51.562  1127  1386 D SurfaceFlinger: [input] setFocusedWindow: <null>
07-28 17:18:51.562  1624  2462 D InputDispatcher: Focus left window (0): d39fd01 com.example.dogglers/androidx.test.core.app.InstrumentationActivityInvoker$EmptyActivity
07-28 17:18:51.563  8684  8684 D InputTransport: Input channel destroyed: '280ed10', fd=138
07-28 17:18:51.564  1127  2023 I SurfaceFlinger: id=175900 Removed Surface(name=d8adfc2 InputMethod)/@0xc2b360e - animation-leash of insets_animation#175900 (118)
07-28 17:18:51.566  1127  2095 I SurfaceFlinger: id=175897 Removed 5925c74 ActivityRecordInputSink com.example.dogglers/androidx.test.core.app.InstrumentationActivityInvoker$EmptyActivity#175897 (118)
07-28 17:18:51.569  8684  8684 D LifecycleMonitor: Lifecycle status change: androidx.test.core.app.InstrumentationActivityInvoker$EmptyActivity@bceaf45 in: PAUSED
07-28 17:18:51.570  8684  8684 V ActivityScenario: Activity lifecycle changed event received but ignored because the intent does not match. startActivityIntent=Intent { act=android.intent.action.MAIN cat=[android.intent.category.LAUNCHER] cmp=com.example.dogglers/.VerticalListActivity }, activity.getIntent()=Intent { act=android.intent.action.MAIN cat=[android.intent.category.LAUNCHER] flg=0x10000000 cmp=com.example.dogglers/androidx.test.core.app.InstrumentationActivityInvoker$EmptyActivity }, activity=androidx.test.core.app.InstrumentationActivityInvoker$EmptyActivity@bceaf45
07-28 17:18:51.571  1624  5715 I SemDvfsHyPerManager: acquire hyper - AMS_APP_HOME/1624@31, type = -999
07-28 17:18:51.571  1090  1150 I HYPER-HAL: [RequestManager.cpp]acquire(): Acquired ID : 1370371  [1624 / 31]    HINT : AMS_APP_HOME    list :
07-28 17:18:51.572  1090  1150 I mtkpower_client: perf_lock_rel, hdl:80030, tid:1150
07-28 17:18:51.572  1090  1150 I mtkpower_client: perf_lock_acq, hdl:0, dur:0, num:2, tid:1150
07-28 17:18:51.572  1093  1167 I libPowerHal: [perfLockRel] hdl:80030, idx:2
07-28 17:18:51.572  1093  1167 I libPowerHal: [PD] vendor.samsung. update cmd:1c3c000, param:1
07-28 17:18:51.572  1093  1167 I libPowerHal: [PD] (less) /proc/mcdi/state set +prefix:enable 1;
07-28 17:18:51.573  8869  8869 D nativeloader: Configuring classloader-namespace for other apk /system/framework/org.apache.http.legacy.jar. target_sdk_version=31, uses_libraries=ALL, library_path=/data/app/~~KahTvQhE7h0a0qciYo3MWw==/org.telegram.messenger-sOd1IHytVuq3yc7tr4t2-g==/lib/arm64:/data/app/~~KahTvQhE7h0a0qciYo3MWw==/org.telegram.messenger-sOd1IHytVuq3yc7tr4t2-g==/base.apk!/lib/arm64-v8a:/data/app/~~KahTvQhE7h0a0qciYo3MWw==/org.telegram.messenger-sOd1IHytVuq3yc7tr4t2-g==/split_config.arm64_v8a.apk!/lib/arm64-v8a:/data/app/~~KahTvQhE7h0a0qciYo3MWw==/org.telegram.messenger-sOd1IHytVuq3yc7tr4t2-g==/split_config.de.apk!/lib/arm64-v8a:/data/app/~~KahTvQhE7h0a0qciYo3MWw==/org.telegram.messenger-sOd1IHytVuq3yc7tr4t2-g==/split_config.en.apk!/lib/arm64-v8a:/data/app/~~KahTvQhE7h0a0qciYo3MWw==/org.telegram.messenger-sOd1IHytVuq3yc7tr4t2-g==/split_config.ru.apk!/lib/arm64-v8a:/data/app/~~KahTvQhE7h0a0qciYo3MWw==/org.telegram.messenger-sOd1IHytVuq3yc7tr4t2-g==/split_config.uk.apk!/lib/arm64-v8a:/data/app/~~KahTvQhE7h0a0qciYo3MWw==/org.telegram.messenger-sO
07-28 17:18:51.573  8869  8869 D nativeloader: Extending system_exposed_libraries: libFacialStickerEngine.arcsoft.so:liblow_light_hdr.arcsoft.so:libhigh_dynamic_range.arcsoft.so:libFacialAttributeDetection.arcsoft.so:libBeauty_v4.camera.samsung.so:libexifa.camera.samsung.so:libjpega.camera.samsung.so:libOpenCv.camera.samsung.so:libImageScreener.camera.samsung.so:libMyFilter.camera.samsung.so:libtensorflowLite.myfilter.camera.samsung.so:libtensorflowlite_inference_api.myfilter.camera.samsung.so:libHpr_RecGAE_cvFeature_v1.0.camera.samsung.so:libHprFace_GAE_api.camera.samsung.so:libFace_Landmark_API.camera.samsung.so:libHprFace_GAE_jni.camera.samsung.so:libcolor_engine.camera.samsung.so:libDLInterface_aidl.camera.samsung.so:libImageTagger.camera.samsung.so:libSceneDetector_v1.camera.samsung.so:libQREngine.camera.samsung.so:libEventDetector.camera.samsung.so:libFood.camera.samsung.so:libFoodDetector.camera.samsung.so:libPortraitSolution.camera.samsung.so:libsrib_CNNInterface.camera.samsung.so:libsrib_humanaware_engine.camera.samsung.so:libsupernight_wrapper_
07-28 17:18:51.573  5208  5208 I SemDvfsHyPerManager: acquire hyper - APP_START_HOME/5208@13, type = -999
07-28 17:18:51.575  3393  3393 I ViewRootImpl@c6ee0f[LauncherActivity]: handleAppVisibility mAppVisible = false visible = true
07-28 17:18:51.578  1127  1127 I Layer   : id=175894 removeFromCurrentState com.example.dogglers/androidx.test.core.app.InstrumentationActivityInvoker$EmptyActivity$_8684#175894 (118)
07-28 17:18:51.578  1127  1127 I Layer   : id=175893 removeFromCurrentState 280ed10 com.example.dogglers/androidx.test.core.app.InstrumentationActivityInvoker$EmptyActivity#175893 (118)
07-28 17:18:51.578  1090  1150 I mtkpower_client: ret_hdl:80032
07-28 17:18:51.578  1127  1127 I SurfaceFlinger: id=175894 Removed com.example.dogglers/androidx.test.core.app.InstrumentationActivityInvoker$EmptyActivity$_8684#175894 (118)
07-28 17:18:51.578  1127  1127 I SurfaceFlinger: id=175893 Removed 280ed10 com.example.dogglers/androidx.test.core.app.InstrumentationActivityInvoker$EmptyActivity#175893 (118)
07-28 17:18:51.578  1093  1167 I libPowerHal: [perfLockAcq] idx:2 hdl:80032 hint:-1 pid:1090 duration:0 lock_user:vendor.samsung. => ret_hdl:80032
07-28 17:18:51.578  1090  1150 I mtkpower_client: perf_lock_rel, hdl:80029, tid:1150
07-28 17:18:51.578  1093  1167 I libPowerHal: [PE] (less) /proc/mcdi/state set +prefix:enable 0;
07-28 17:18:51.578  1127  1127 I Layer   : id=175900 Destroyed Surface(name=d8adfc2 InputMethod)/@0xc2b360e - animation-leash of insets_animation#175900
07-28 17:18:51.578  1127  1127 I Layer   : id=175893 Destroyed 280ed10 com.example.dogglers/androidx.test.core.app.InstrumentationActivityInvoker$EmptyActivity#175893
07-28 17:18:51.579  1127  1127 I BufferQueueDebug: [com.example.dogglers/androidx.test.core.app.InstrumentationActivityInvoker$EmptyActivity$_8684#175894](this:0xb4000075f54ef838,id:-1,api:0,p:-1,c:1127) onDestructor()
07-28 17:18:51.579  1127  1127 I Layer   : id=175894 Destroyed com.example.dogglers/androidx.test.core.app.InstrumentationActivityInvoker$EmptyActivity$_8684#175894
07-28 17:18:51.579  1090  1150 I mtkpower_client: perf_lock_acq, hdl:0, dur:0, num:2, tid:1150
07-28 17:18:51.579  1093  1167 I libPowerHal: [perfLockRel] hdl:80029, idx:1
07-28 17:18:51.580  1093  1167 I libPowerHal: vendor.samsung.: cpu_ctrl set cpu freq: -1 -1 -1 -1
07-28 17:18:51.581  1090  1150 I mtkpower_client: ret_hdl:80033
07-28 17:18:51.582  1090  1150 I HYPER-HAL: [RequestManager.cpp]acquire(): Acquired ID : 13632044  [5208 / 13]    HINT : APP_START    list : [KERNEL_APP_START_NOTIFY / 0] [TIMEOUT / 1500]
07-28 17:18:51.582  3393  3393 I ViewRootImpl@c6ee0f[LauncherActivity]: stopped(false) old = true
07-28 17:18:51.582  3393  3393 I ViewRootImpl@c6ee0f[LauncherActivity]: WindowStopped on com.sec.android.app.launcher/com.sec.android.app.launcher.activities.LauncherActivity set to false
07-28 17:18:51.582  1093  1167 I libPowerHal: [perfLockAcq] idx:1 hdl:80033 hint:-1 pid:1090 duration:0 lock_user:vendor.samsung. => ret_hdl:80033
07-28 17:18:51.583  1093  1167 I libPowerHal: vendor.samsung.: cpu_ctrl set cpu freq: 1800000 -1 -1 -1
07-28 17:18:51.583  3393  3393 I Launcher: !@Boot_DEBUG: Launcher.onStart()
07-28 17:18:51.583  3393  3393 I Launcher: !@Boot_EBS_D: Launcher.onStart()
07-28 17:18:51.584  3393  3393 I BaseActivity: addActivityFlags, flags : 1
07-28 17:18:51.584  3393  3393 W LauncherAppWidgetHost: setShouldListenFlag, mFlags:2 flag:start on:true isFront:false
07-28 17:18:51.584  3393  3393 W Launcher: onStart isListening : false isLoading false
07-28 17:18:51.587  3393  3393 I MSHandlerLifeCycle: removeMultiSplitHandler: no exist. decor=DecorView@4f24386[LauncherActivity]
07-28 17:18:51.587  3393  3393 I ViewRootImpl@c6ee0f[LauncherActivity]: stopped(false) old = false
07-28 17:18:51.587  3393  3393 I Launcher: !@Boot_DEBUG: Launcher.onResume()
07-28 17:18:51.587  1624  1668 I SemPersonaManager: SecureFolder personaId = 150
07-28 17:18:51.587  3393  3393 I Launcher: !@Boot_EBS_D: Launcher.onResume()
07-28 17:18:51.587  8684  8684 I ViewRootImpl@9ac266[InstrumentationActivityInvoker$EmptyActivity]: MSG_WINDOW_FOCUS_CHANGED 0 0
07-28 17:18:51.587  3393  3393 I BaseActivity: addActivityFlags, flags : 18
07-28 17:18:51.587  1624  5216 D InputMethodManagerService: isImeSwitcherDisabledPackage : false
07-28 17:18:51.588  3393  3393 I BaseActivity: removeActivityFlags, flags : 32
07-28 17:18:51.588  3393  3393 I AppsSearchBar: restoreCurrentCellLayoutAlpha: null
07-28 17:18:51.588  3393  3393 W SearchLauncherServiceMover: isMoving : false
07-28 17:18:51.588  3393  3756 I IMM_LC  : hsifw() - flag : 0
07-28 17:18:51.588  3393  3756 I IMM_LC  : hsifw() - mService.hideSoftInput
07-28 17:18:51.588  3393  3393 I Launcher: setWallpaperOffsets
07-28 17:18:51.588  8684  8761 I TestRunner: finished: vertical_scroll_content_at_last_position(com.example.dogglers.VerticalListTests)
