07-28 17:18:49.269  8684  8761 I TestRunner: started: recycler_view_item_count(com.example.dogglers.VerticalListTests)
07-28 17:18:49.283  8684  8761 W Settings: Setting always_finish_activities has moved from android.provider.Settings.System to android.provider.Settings.Global, returning read-only value.
07-28 17:18:49.301  8684  8761 D CompatibilityChangeReporter: Compat change id reported: 160794467; UID 10520; state: ENABLED
07-28 17:18:49.304  1624  1668 I ChimeraSystemEventListener: appLaunchIntent package name is: com.example.dogglers
07-28 17:18:49.308  3746  3746 E pageboostd: Received HALT command code 2
07-28 17:18:49.313  1624  5932 D PkgPredictorService-IpmAdcpController: create a new DexPreloadTask pkg:com.example.dogglers  path:/data/app/~~KwWEaLvC3N8lGKrKk0eQLw==/com.example.dogglers-qTYCQ1SZN0zaUgqutcjCEg==
07-28 17:18:49.313  1624  3610 I SemDvfsHyPerManager: acquire hyper - AMS_APP_SWITCH/1624@32, type = -999
07-28 17:18:49.314  1090  1150 I HYPER-HAL: [RequestManager.cpp]acquire(): Acquired ID : 1372028  [1624 / 32]    HINT : AMS_ACT_SWITCH    list :
07-28 17:18:49.315  1090  1150 I mtkpower_client: perf_lock_acq, hdl:0, dur:0, num:2, tid:1150
07-28 17:18:49.315  1127  3782 I SurfaceFlinger: id=175838 createSurf flag=24004, Task=30270#175838
07-28 17:18:49.316  1090  1150 I mtkpower_client: ret_hdl:79979
07-28 17:18:49.316  5208  5208 I SemDvfsHyPerManager: acquire hyper - APP_START_SHORT/5208@12, type = -999
07-28 17:18:49.316  1093  1167 I libPowerHal: [perfLockAcq] idx:0 hdl:79979 hint:-1 pid:1090 duration:0 lock_user:vendor.samsung. => ret_hdl:79979
07-28 17:18:49.316  1090  1150 I mtkpower_client: perf_lock_acq, hdl:0, dur:0, num:2, tid:1150
07-28 17:18:49.316  1093  1167 I libPowerHal: [PE] (less) /proc/mcdi/state set +prefix:enable 0;
07-28 17:18:49.317  1090  1150 I mtkpower_client: ret_hdl:79980
07-28 17:18:49.317  1090  1150 I mtkpower_client: perf_lock_acq, hdl:0, dur:0, num:2, tid:1150
07-28 17:18:49.317  1093  1167 I libPowerHal: [perfLockAcq] idx:1 hdl:79980 hint:-1 pid:1090 duration:0 lock_user:vendor.samsung. => ret_hdl:79980
07-28 17:18:49.317  1093  1167 I libPowerHal: vendor.samsung.: cpu_ctrl set cpu freq: 1800000 -1 -1 -1
07-28 17:18:49.318  1090  1150 I mtkpower_client: ret_hdl:79981
07-28 17:18:49.318  1090  1150 I HYPER-HAL: [RequestManager.cpp]acquire(): Acquired ID : 13626822  [5208 / 12]    HINT : APP_START    list : [TIMEOUT / 1500]
07-28 17:18:49.318  1093  1167 I libPowerHal: [perfLockAcq] idx:2 hdl:79981 hint:-1 pid:1090 duration:0 lock_user:vendor.samsung. => ret_hdl:79981
07-28 17:18:49.319  1624  3610 E libprocessgroup: Failed to find cgroup for tid 3610
07-28 17:18:49.319  1624  3610 W libprocessgroup: Failed to apply DoSomethingOlaf task profile: Try again
07-28 17:18:49.319  1093  1167 I libPowerHal: [PE] vendor.samsung. update cmd:1000000, param:0
07-28 17:18:49.319  1093  1167 I libPowerHal: [PE] vendor.samsung. update cmd:1000000 param:0
07-28 17:18:49.320  1127  3782 I SurfaceFlinger: id=175839 createSurf flag=80004, ActivityRecord{1a8e187 u0 com.example.dogglers/androidx.test.core.app.InstrumentationActivityInvoker$BootstrapActivity} t30270}#175839
07-28 17:18:49.329  1624  4999 I SemDvfsHyPerManager: acquire hyper - AMS_APP_LAUNCH/1624@20, type = -999
07-28 17:18:49.329  1090  1150 I HYPER-HAL: [RequestManager.cpp]acquire(): Acquired ID : 1352210  [1624 / 20]    HINT : AMS_APP_LAUNCH    list :
07-28 17:18:49.330  1127  3782 D SurfaceFlinger: [SF client] NEW(0xb40000762185c760) for (2897:com.android.systemui)
07-28 17:18:49.330  1090  1150 I mtkpower_client: perf_lock_rel, hdl:79979, tid:1150
07-28 17:18:49.330  5208  5208 I SemDvfsHyPerManager: acquire hyper - APP_START/5208@14, type = -999
07-28 17:18:49.330  1090  1150 I mtkpower_client: perf_lock_acq, hdl:0, dur:0, num:2, tid:1150
07-28 17:18:49.332  1624  1688 W libprocessgroup: Failed to open /dev/blkio//cgroup.procs: No such file or directory
07-28 17:18:49.332  1080  1169 I hwcomposer: [HWCDisplay] [Display_0 (type:1)] fps:0.620190,dur:1612.41,max:1612.41,min:1612.41
07-28 17:18:49.332  1233  5009 I CameraService: onUidStateChanged: uid=10063, procState is changed. (0 -> 1)
07-28 17:18:49.333  1093  1167 I libPowerHal: [perfLockRel] hdl:79979, idx:0
07-28 17:18:49.333  1093  1167 I libPowerHal: [PD] vendor.samsung. update cmd:1c3c000, param:1
07-28 17:18:49.333  3393  3393 I BaseActivity: removeActivityFlags, flags : 16
07-28 17:18:49.334  3393  3393 I BaseActivity: removeActivityFlags, flags : 6
07-28 17:18:49.334  3393  3393 I DragController: endDrag
07-28 17:18:49.334  3393  3393 W LauncherAppWidgetHost: setShouldListenFlag, mFlags:7 flag:resume on:false isFront:false
07-28 17:18:49.334  1093  1167 I libPowerHal: [PD] (less) /proc/mcdi/state set +prefix:enable 1;
07-28 17:18:49.334  3393  3393 I SPayUpdater: updateSpayHandler launcher activity is paused false
07-28 17:18:49.335  2897  2960 D NativeCustomFrequencyManager: [NativeCFMS] BpCustomFrequencyManager::BpCustomFrequencyManager()
07-28 17:18:49.336  1090  1150 I mtkpower_client: ret_hdl:79982
07-28 17:18:49.336  1090  1150 I mtkpower_client: perf_lock_rel, hdl:79980, tid:1150
07-28 17:18:49.337  1093  1167 I libPowerHal: [perfLockAcq] idx:3 hdl:79982 hint:-1 pid:1090 duration:0 lock_user:vendor.samsung. => ret_hdl:79982
07-28 17:18:49.337  1093  1167 I libPowerHal: [PE] (less) /proc/mcdi/state set +prefix:enable 0;
07-28 17:18:49.338  1090  1150 I mtkpower_client: perf_lock_acq, hdl:0, dur:0, num:2, tid:1150
07-28 17:18:49.338  1093  1167 I libPowerHal: [perfLockRel] hdl:79980, idx:1
07-28 17:18:49.338  1093  1167 I libPowerHal: vendor.samsung.: cpu_ctrl set cpu freq: -1 -1 -1 -1
07-28 17:18:49.339  1090  1150 I mtkpower_client: ret_hdl:79983
07-28 17:18:49.339  1090  1150 I mtkpower_client: perf_lock_rel, hdl:79981, tid:1150
07-28 17:18:49.339  1093  1167 I libPowerHal: [perfLockAcq] idx:0 hdl:79983 hint:-1 pid:1090 duration:0 lock_user:vendor.samsung. => ret_hdl:79983
07-28 17:18:49.340  1093  1167 I libPowerHal: vendor.samsung.: cpu_ctrl set cpu freq: 1800000 -1 -1 -1
07-28 17:18:49.340  1090  1150 I mtkpower_client: perf_lock_acq, hdl:0, dur:0, num:2, tid:1150
07-28 17:18:49.340  1093  1167 I libPowerHal: [perfLockRel] hdl:79981, idx:2
07-28 17:18:49.340  1093  1167 I libPowerHal: [PD] vendor.samsung. update cmd:1000000, param:-1
07-28 17:18:49.340  1093  1167 I libPowerHal: [PD] vendor.samsung. update cmd:1000000 param:-1
07-28 17:18:49.341  1090  1150 I mtkpower_client: ret_hdl:79984
07-28 17:18:49.341  1090  1150 I HYPER-HAL: [RequestManager.cpp]acquire(): Acquired ID : 13637267  [5208 / 14]    HINT : APP_START    list :
07-28 17:18:49.341  1093  1167 I libPowerHal: [perfLockAcq] idx:1 hdl:79984 hint:-1 pid:1090 duration:0 lock_user:vendor.samsung. => ret_hdl:79984
07-28 17:18:49.342  1093  1167 I libPowerHal: [PE] vendor.samsung. update cmd:1000000, param:0
07-28 17:18:49.342  1093  1167 I libPowerHal: [PE] vendor.samsung. update cmd:1000000 param:0
07-28 17:18:49.345  1624  4999 D InputDispatcher: Focused application(0): ActivityRecord{1a8e187 u0 com.example.dogglers/androidx.test.core.app.InstrumentationActivityInvoker$BootstrapActivity} t30270}
07-28 17:18:49.347  8684  8704 W libc    : Access denied finding property "sys.perf.boostopt"
07-28 17:18:49.347  1042  1042 E audit   : type=1400 audit(1690553929.344:543258): avc:  denied  { read } for  pid=8684 comm="binder:8684_2" name="u:object_r:perf_prop:s0" dev="tmpfs" ino=2289 scontext=u:r:untrusted_app:s0:c8,c258,c512,c768 tcontext=u:object_r:perf_prop:s0 tclass=file permissive=0 SEPF_SM-A325F_12_0001 audit_filtered
07-28 17:18:49.347  1042  1042 E audit   : type=1300 audit(1690553929.344:543258): arch=c00000b7 syscall=56 success=no exit=-13 a0=ffffff9c a1=73099742d8 a2=88000 a3=0 items=0 ppid=1064 pid=8684 auid=4294967295 uid=10520 gid=10520 euid=10520 suid=10520 fsuid=10520 egid=10520 sgid=10520 fsgid=10520 tty=(none) ses=4294967295 comm="binder:8684_2" exe="/system/bin/app_process64" subj=u:r:untrusted_app:s0:c8,c258,c512,c768 key=(null)
07-28 17:18:49.347  1042  1042 E audit   : type=1327 audit(1690553929.344:543258): proctitle="com.example.dogglers"
07-28 17:18:49.350  3393  3393 I TopTaskTracker: onTaskMovedToFront : taskId = 30270
07-28 17:18:49.351  1624  5256 D InputTransport: Input channel constructed: 'aceba95', fd=1320
07-28 17:18:49.351  1624  5256 D InputTransport: Input channel constructed: 'aceba95', fd=1322
07-28 17:18:49.351  1624  5256 D InputTransport: Input channel constructed: 'aceba95', fd=1323
07-28 17:18:49.352  1127  1177 I SurfaceFlinger: id=175840 createSurf flag=80004, aceba95 Splash Screen com.example.dogglers#175840
07-28 17:18:49.352  1624  1688 W libprocessgroup: Failed to open /dev/blkio//cgroup.procs: No such file or directory
07-28 17:18:49.353  1624  1688 W libprocessgroup: Failed to open /dev/blkio//cgroup.procs: No such file or directory
07-28 17:18:49.354  1624  5256 D InputTransport: Input channel destroyed: 'aceba95', fd=1323
07-28 17:18:49.354  1624  1688 W libprocessgroup: Failed to open /dev/blkio//cgroup.procs: No such file or directory
07-28 17:18:49.356  2897  2945 D InsetsController: onStateChanged: InsetsState: {mDisplayFrame=Rect(0, 0 - 1080, 2400), mDisplayCutout=DisplayCutout{insets=Rect(0, 80 - 0, 0) waterfall=Insets{left=0, top=0, right=0, bottom=0} boundingRect={Bounds=[Rect(0, 0 - 0, 0), Rect(468, 0 - 612, 80), Rect(0, 0 - 0, 0), Rect(0, 0 - 0, 0)]} cutoutPathParserInfo={CutoutPathParserInfo{displayWidth=1080 displayHeight=2400 physicalDisplayWidth=1080 physicalDisplayHeight=2400 density={2.625} cutoutSpec={M 0,0 H -27.42857142857143 V 30.47619047619048 H 27.42857142857143 V 0 H 0 Z @dp} rotation={0} scale={1.0} physicalPixelDisplaySizeRatio={1.0}}}}, mRoundedCorners=RoundedCorners{[RoundedCorner{position=TopLeft, radius=90, center=Point(90, 90)}, RoundedCorner{position=TopRight, radius=90, center=Point(990, 90)}, RoundedCorner{position=BottomRight, radius=90, center=Point(990, 2310)}, RoundedCorner{position=BottomLeft, radius=90, center=Point(90, 2310)}]}  mRoundedCornerFrame=Rect(0, 0 - 1080, 2400), mPrivacyIndicatorBounds=PrivacyIndicatorBounds {static bounds=Rect(956, 0 - 1080, 80) rotation=0}, mSources= { InsetsSource: {mType=ITYPE_STATUS_BAR, mFrame=[0,0][1080,80], mVisible=true, mInsetsRoundedCornerFrame=false}, InsetsSource: {mType=ITYPE_NAVIGATION_BAR, mFrame=[0,2265][1080,2400], mVisible=true, mInsetsRoundedCornerFrame=false}, InsetsSource: {mType=ITYPE_LEFT_GESTURES, mFrame=[0,0][0,2400], mVisible=true, mInsetsRoundedCornerFrame=false}, InsetsSource: {mType=ITYPE_RIGHT_GESTURES, mFrame=[1080,0][1080,2400], mVisible=true, mInsetsRoundedCornerFrame=false}, InsetsSource: {mType=ITYPE_TOP_MANDATORY_GESTURES, mFrame=[0,0][1080,114], mVisible=true, mInsetsRoundedCornerFrame=false}, InsetsSource: {mType=ITYPE_BOTTOM_MANDATORY_GESTURES, mFrame=[0,2265][1080,2400], mVisible=true, mInsetsRoundedCornerFrame=false}, InsetsSource: {mType=ITYPE_LEFT_DISPLAY_CUTOUT, mFrame=[0,0][-100000,2400], mVisible=true, mInsetsRoundedCornerFrame=false}, InsetsSource: {mType=ITYPE_TOP_DISPLAY_CUTOUT, mFrame=[0,0][1080,80], mVisible=true, mInsetsRoundedCornerFrame=false}, InsetsSource: {mType=ITYPE_RIGHT_DISPLAY_CUTOUT, mFrame=[100000,0][1080,2400], mVisible=true, mInsetsRoundedCornerFrame=false}, InsetsSource: {mType=ITYPE_BOTTOM_DISPLAY_CUTOUT, mFrame=[0,100000][1080,2400], mVisible=true, mInsetsRoundedCornerFrame=false}, InsetsSource: {mType=ITYPE_TOP_TAPPABLE_ELEMENT, mFrame=[0,0][1080,80], mVisible=true, mInsetsRoundedCornerFrame=false}, InsetsSource: {mType=ITYPE_BOTTOM_TAPPABLE_ELEMENT, mFrame=[0,2265][1080,2400], mVisible=true, mInsetsRoundedCornerFrame=false}, InsetsSource: {mType=ITYPE_IME, mFrame=[0,0][0,0], mVisibleFrame=[0,1243][1080,2400], mVisible=false, mInsetsRoundedCornerFrame=false} } host=Splash Screen com.example.dogglers from=android.view.ViewRootImpl.setView:1732
07-28 17:18:49.357  8684  8768 D OpenGLRenderer: RenderThread::requireGlContext()
07-28 17:18:49.357  8684  8768 D libMEOW : meow new tls: 0xb400007315c8d0c0
07-28 17:18:49.358  8684  8768 D libMEOW : meow reload base cfg path: na
07-28 17:18:49.358  8684  8768 D libMEOW : meow reload overlay cfg path: na
07-28 17:18:49.358  2897  2945 I ViewRootImpl@694a170[dogglers]: setView = android.widget.FrameLayout@3ec8ea5 TM=true
07-28 17:18:49.359  1624  1668 I SemPersonaManager: SecureFolder personaId = 150
07-28 17:18:49.359  8684  8768 E QT      : [QT]file does not exist
07-28 17:18:49.360  2897  2945 I ViewRootImpl@694a170[dogglers]: performTraversals params={(0,0)(fillxfill) sim={adjust=pan} ty=APPLICATION_STARTING fmt=TRANSLUCENT wanim=0x1030001
07-28 17:18:49.360  2897  2945 I ViewRootImpl@694a170[dogglers]:   fl=81030118
07-28 17:18:49.360  2897  2945 I ViewRootImpl@694a170[dogglers]:   pfl=16000010
07-28 17:18:49.360  2897  2945 I ViewRootImpl@694a170[dogglers]:   bhv=DEFAULT
07-28 17:18:49.360  2897  2945 I ViewRootImpl@694a170[dogglers]:   fitSides= naviIconColor=0}
07-28 17:18:49.360  8684  8768 D libMEOW : applied 2 plugins for [com.example.dogglers]:
07-28 17:18:49.360  8684  8768 D libMEOW :   plugin 1: [libMEOW_gift.so]:
07-28 17:18:49.360  8684  8768 D libMEOW :   plugin 2: [libMEOW_semaphore]:
07-28 17:18:49.361  2897  2945 I ViewRootImpl@694a170[dogglers]: performTraversals mFirst=true windowShouldResize=true viewVisibilityChanged=false mForceNextWindowRelayout=false params={(0,0)(fillxfill) sim={adjust=pan} ty=APPLICATION_STARTING fmt=TRANSLUCENT wanim=0x1030001
07-28 17:18:49.361  2897  2945 I ViewRootImpl@694a170[dogglers]:   fl=81030118
07-28 17:18:49.361  2897  2945 I ViewRootImpl@694a170[dogglers]:   pfl=16000010
07-28 17:18:49.361  2897  2945 I ViewRootImpl@694a170[dogglers]:   bhv=DEFAULT
07-28 17:18:49.361  2897  2945 I ViewRootImpl@694a170[dogglers]:   fitSides= naviIconColor=0}
07-28 17:18:49.361  1624  2957 V WindowManager: Relayout Window{aceba95 u0 Splash Screen com.example.dogglers}: viewVisibility=0 req=1080x2400 d0
07-28 17:18:49.362  1127  1177 I BufferQueueDebug: [Splash Screen com.example.dogglers$_2897#175841](this:0xb4000075f4b65838,id:-1,api:0,p:-1,c:-1) BufferQueue core=(1127:/system/bin/surfaceflinger)
07-28 17:18:49.363  1127  1177 I SurfaceFlinger: id=175841 createSurf flag=40004, Splash Screen com.example.dogglers$_2897#175841
07-28 17:18:49.363  1127  1127 I SurfaceFlinger: [b2bc12 com.sec.android.app.launcher/com.sec.android.app.launcher.activities.LauncherActivity#131] FrameRatePriority: -1
07-28 17:18:49.364  1127  1127 D SurfaceFlinger: [input] inputWindowCommands.focusRequests size is 1
07-28 17:18:49.365  1127  1386 D SurfaceFlinger: [input] setFocusedWindow: <null>
07-28 17:18:49.366  1624  5256 D InputDispatcher: Focus left window (0): b2bc12 com.sec.android.app.launcher/com.sec.android.app.launcher.activities.LauncherActivity
07-28 17:18:49.367  3393  3393 I ViewRootImpl@c6ee0f[LauncherActivity]: MSG_WINDOW_FOCUS_CHANGED 0 0
07-28 17:18:49.367  3393  3393 I BaseActivity: removeActivityFlags, flags : 8
07-28 17:18:49.368   541   541 I hwservicemanager: getTransport: Cannot find entry android.hardware.configstore@1.0::ISurfaceFlingerConfigs/default in either framework or device VINTF manifest.
07-28 17:18:49.368  8684  8768 E OpenGLRenderer: Device claims wide gamut support, cannot find matching config, error = EGL_SUCCESS
07-28 17:18:49.368  8684  8768 W OpenGLRenderer: Failed to initialize 101010-2 format, error = EGL_SUCCESS
07-28 17:18:49.370  1624  2957 V WindowManager: Relayout hash=aceba95, pid=2897, syncId=-1: mAttrs={(0,0)(fillxfill) sim={adjust=pan} ty=APPLICATION_STARTING fmt=TRANSLUCENT wanim=0x1030001
07-28 17:18:49.370  1624  2957 V WindowManager:   fl=81030118
07-28 17:18:49.370  1624  2957 V WindowManager:   pfl=16000010
07-28 17:18:49.370  1624  2957 V WindowManager:   bhv=DEFAULT
07-28 17:18:49.370  1624  2957 V WindowManager:   fitSides= naviIconColor=0}
07-28 17:18:49.372  2897  2945 I ViewRootImpl@694a170[dogglers]: updateBlastSurfaceIfNeeded mBlastBufferQueue=null isSameSurfaceControl=false
07-28 17:18:49.372  2897  2945 D BufferQueueConsumer: [](id:b5100001ea1,api:0,p:-1,c:2897) connect: controlledByApp=false
07-28 17:18:49.373  2897  2945 I BLASTBufferQueue: new BLASTBufferQueue, mName= ViewRootImpl@694a170[dogglers] mNativeObject= 0xb40000726e7d3280 sc.mNativeObject= 0xb400007293200ae0 caller= android.view.ViewRootImpl.updateBlastSurfaceIfNeeded:2909 android.view.ViewRootImpl.relayoutWindow:9847 android.view.ViewRootImpl.performTraversals:3884 android.view.ViewRootImpl.doTraversal:3116 android.view.ViewRootImpl$TraversalRunnable.run:10885 android.view.Choreographer$CallbackRecord.run:1301 android.view.Choreographer$CallbackRecord.run:1309 android.view.Choreographer.doCallbacks:923 android.view.Choreographer.doFrame:852 android.view.Choreographer$FrameDisplayEventReceiver.run:1283
07-28 17:18:49.373  2897  2945 I BLASTBufferQueue: update, w= 1080 h= 2400 mName = ViewRootImpl@694a170[dogglers] mNativeObject= 0xb40000726e7d3280 sc.mNativeObject= 0xb400007293200ae0 format= -3 caller= android.graphics.BLASTBufferQueue.<init>:84 android.view.ViewRootImpl.updateBlastSurfaceIfNeeded:2909 android.view.ViewRootImpl.relayoutWindow:9847 android.view.ViewRootImpl.performTraversals:3884 android.view.ViewRootImpl.doTraversal:3116 android.view.ViewRootImpl$TraversalRunnable.run:10885
07-28 17:18:49.374  2897  2945 I ViewRootImpl@694a170[dogglers]: Relayout returned: old=(0,0,1080,2400) new=(0,0,1080,2400) req=(1080,2400)0 dur=11 res=0x3 s={true 0xb40000726e2c5800} ch=true seqId=0
07-28 17:18:49.375  1624  1668 D EnterpriseDeviceManagerService: isMdmAdminPresentInternal() : MDM Admin Found - com.samsung.knox.securefolder
07-28 17:18:49.375  2897  2945 I ViewRootImpl@694a170[dogglers]: mThreadedRenderer.initialize() mSurface={isValid=true 0xb40000726e2c5800} hwInitialized=true
07-28 17:18:49.375  8684  8768 D OpenGLRenderer: RenderThread::setGrContext()
07-28 17:18:49.376  2897  2960 D OpenGLRenderer: eglCreateWindowSurface
07-28 17:18:49.376  1624  3919 I MediaSessionMonitor: Media session stopped : not playing state
07-28 17:18:49.376  2897  2945 I ViewRootImpl@694a170[dogglers]: reportNextDraw android.view.ViewRootImpl.performTraversals:4438 android.view.ViewRootImpl.doTraversal:3116 android.view.ViewRootImpl$TraversalRunnable.run:10885 android.view.Choreographer$CallbackRecord.run:1301 android.view.Choreographer$CallbackRecord.run:1309
07-28 17:18:49.376  2897  2945 I ViewRootImpl@694a170[dogglers]: Setup new sync id=0
07-28 17:18:49.376  2897  2945 I ViewRootImpl@694a170[dogglers]: Setting syncFrameCallback
07-28 17:18:49.376  2897  2945 I ViewRootImpl@694a170[dogglers]: registerCallbacksForSync syncBuffer=false
07-28 17:18:49.377  2897  2987 I ViewRootImpl@694a170[dogglers]: Received frameDrawingCallback syncResult=0 frameNum=1.
07-28 17:18:49.377  2897  2987 I ViewRootImpl@694a170[dogglers]: Setting up sync and frameCommitCallback
07-28 17:18:49.385  3393  3393 I BadgeRenderer: Invalid count : 0
07-28 17:18:49.386  3393  3393 I BadgeRenderer: Invalid count : 0
07-28 17:18:49.387  3393  3393 I BadgeRenderer: Invalid count : 0
07-28 17:18:49.388  3393  3393 I BadgeRenderer: Invalid count : 0
07-28 17:18:49.388  3393  3393 I BadgeRenderer: Invalid count : 0
07-28 17:18:49.388  3393  3393 I BadgeRenderer: Invalid count : 0
07-28 17:18:49.388  3393  3393 I BadgeRenderer: Invalid count : 0
07-28 17:18:49.388  3393  3393 I BadgeRenderer: Invalid count : 0
07-28 17:18:49.390  2897  2960 I BLASTBufferQueue: [ViewRootImpl@694a170[dogglers]#7841](f:0,a:0) onFrameAvailable the first frame is available
07-28 17:18:49.391  2897  2960 D BLASTBufferQueue: [ViewRootImpl@694a170[dogglers]#7841](f:0,a:1) acquireNextBufferLocked size=1080x2400 mFrameNumber=1 applyTransaction=true mTimestamp=1006958944858018(auto) mPendingTransactions.size=0 graphicBufferId=12442520341793 transform=0
07-28 17:18:49.392  2897  2960 I ViewRootImpl@694a170[dogglers]: Received frameCommittedCallback lastAttemptedDrawFrameNum=1 didProduceBuffer=true
07-28 17:18:49.393  2897  2960 D OpenGLRenderer: CFMS:: SetUp Pid : 2897    Tid : 2960
07-28 17:18:49.394  2897  2960 W Parcel  : Expecting binder but got null!
07-28 17:18:49.394  2897  2945 I ViewRootImpl@694a170[dogglers]: onSyncComplete
07-28 17:18:49.395  2897  2945 I ViewRootImpl@694a170[dogglers]: setupSync seqId=0 mSyncId=0 fn=1 caller=android.view.ViewRootImpl$$ExternalSyntheticLambda11.accept:6 android.window.SurfaceSyncer.lambda$setupSync$1$android-window-SurfaceSyncer:128 android.window.SurfaceSyncer$$ExternalSyntheticLambda1.accept:8 android.window.SurfaceSyncer$SyncSet.checkIfSyncIsComplete:382 android.window.SurfaceSyncer$SyncSet.markSyncReady:359 android.window.SurfaceSyncer.markSyncReady:151 android.view.ViewRootImpl.performTraversals:4503
07-28 17:18:49.395  2897  2945 I ViewRootImpl@694a170[dogglers]: reportDrawFinished seqId=0 mSyncId=-1 fn=1 mSurfaceChangedTransaction=0xb400007292896800
07-28 17:18:49.397  1127  1127 D BufferStateLayer: Splash Screen com.example.dogglers$_2897#175841 setBuffer frameId=1, bufferId=12442520341793 fenceId=613, w= 1080, h=2400
07-28 17:18:49.401  1127  1177 I SurfaceFlinger: id=175842 createSurf flag=24000, Surface(name=Task=1)/@0x652d09a - animation-leash of app_transition#175842
07-28 17:18:49.403  1127  1177 I SurfaceFlinger: id=175843 createSurf flag=24004, Surface(name=Task=30270)/@0x5ae3a81 - animation-leash of app_transition#175843
07-28 17:18:49.406  1127  1177 I SurfaceFlinger: id=175844 createSurf flag=80000, 7ae8dc6 ActivityRecordInputSink com.example.dogglers/androidx.test.core.app.InstrumentationActivityInvoker$BootstrapActivity#175844
07-28 17:18:49.408  2897  2939 D Bubbles : onLocusVisibilityChanged: LocusId[17_chars] visible=false
07-28 17:18:49.409  8684  8684 D LifecycleMonitor: Lifecycle status change: androidx.test.core.app.InstrumentationActivityInvoker$BootstrapActivity@7952aba in: PRE_ON_CREATE
07-28 17:18:49.410  8684  8684 V ActivityScenario: Activity lifecycle changed event received but ignored because the intent does not match. startActivityIntent=Intent { act=android.intent.action.MAIN cat=[android.intent.category.LAUNCHER] cmp=com.example.dogglers/.VerticalListActivity }, activity.getIntent()=Intent { act=android.intent.action.MAIN cat=[android.intent.category.LAUNCHER] flg=0x10008000 cmp=com.example.dogglers/androidx.test.core.app.InstrumentationActivityInvoker$BootstrapActivity (has extras) }, activity=androidx.test.core.app.InstrumentationActivityInvoker$BootstrapActivity@7952aba
07-28 17:18:49.414  1127  1127 I BufferQueueProducer: [com.sec.android.app.launcher/com.sec.android.app.launcher.activities.LauncherActivity$_3393#175833](this:0xb4000075f54ef838,id:-1,api:0,p:-1,c:1127) queueBuffer: fps=0.59 dur=1695.50 max=1695.50 min=1695.50
07-28 17:18:49.414  1127  1127 I Layer   : Layer [Splash Screen com.example.dogglers$_2897#175841] hidden!! flag(0)
07-28 17:18:49.416  3393  3393 I ViewRootImpl@c6ee0f[LauncherActivity]: handleAppVisibility mAppVisible = true visible = false
07-28 17:18:49.417  2897  2930 D WallpaperService: dispatchAppVisibility onVisibilityChanged(): false
07-28 17:18:49.418  2897  2897 D WallpaperService: reportVisibility onVisibilityChanged visible: false
07-28 17:18:49.418  2897  3005 I ImageWallpaper[GLEngine]:  onVisibilityChanged false , 0
07-28 17:18:49.423  1127  1127 I BufferQueueProducer: [FramebufferSurface](this:0xb40000762323cb60,id:-1,api:1,p:1127,c:1127) queueBuffer: fps=0.01 dur=153605.81 max=153590.88 min=14.93
07-28 17:18:49.426  1127  1127 D SurfaceFlinger: Display 0 HWC layers:
07-28 17:18:49.426  1127  1127 D SurfaceFlinger:      DEVICE | 0xb4000076232f1480 | 0100 | RGBx_8888    |    0.0    0.0 1080.0 2400.0 |    0    0 1080 2400 | Wallpaper BBQ wrapper#95
07-28 17:18:49.426  1127  1127 D SurfaceFlinger:      DEVICE | 0xb4000075f544b900 | 0100 | RGBA_8888    |    0.0    0.0 1080.0 2400.0 |    0    0 1080 2400 | com.sec.android.app.launcher/com.sec[...]vities.LauncherActivity$_3393#175833
07-28 17:18:49.426  1127  1127 D SurfaceFlinger:      DEVICE | 0xb400007623227c00 | 0100 | RGBA_8888    |    0.0    0.0 1080.0 2400.0 |    0    0 1080 2400 | Splash Screen com.example.dogglers$_2897#175841
07-28 17:18:49.426  1127  1127 D SurfaceFlinger:      CLIENT | 0xb4000075f544c980 | 0100 | RGBA_8888    |    0.0    0.0 1080.0   80.0 |    0    0 1080   80 | StatusBar$_2897#91
07-28 17:18:49.426  1127  1127 D SurfaceFlinger:      CLIENT | 0xb400007623228f80 | 0100 | RGBA_8888    |    0.0    0.0 1080.0  135.0 |    0 2265 1080 2400 | NavigationBar0$_2897#86
07-28 17:18:49.426  1127  1127 D SurfaceFlinger:      CLIENT | 0xb4000075f544b300 | 0140 | RGBA_8888    |    0.0    0.0 1080.0  150.0 |    0    0 1080  150 | ScreenDecorOverlay$_2897#100
07-28 17:18:49.426  1127  1127 D SurfaceFlinger:      CLIENT | 0xb400007621856700 | 0140 | RGBA_8888    |    0.0    0.0 1080.0  150.0 |    0 2250 1080 2400 | ScreenDecorOver
07-28 17:18:49.426  1127  1127 D SurfaceFlinger: layBottom$_2897#101
07-28 17:18:49.426  1127  1127 D SurfaceFlinger:
07-28 17:18:49.426  8684  8684 I DecorView: [INFO] isPopOver=false config=true
07-28 17:18:49.426  8684  8684 I DecorView: updateCaptionType: isFloating=false isApplication=true hasWindowDecorCaption=false this=DecorView@d341547[]
07-28 17:18:49.426  8684  8684 D DecorView: setCaptionType = 0, this = DecorView@d341547[]
07-28 17:18:49.430  1127  1127 I Layer   : id=175842 removeFromCurrentState Surface(name=Task=1)/@0x652d09a - animation-leash of app_transition#175842 (108)
07-28 17:18:49.430  1127  1127 I Layer   : id=175843 removeFromCurrentState Surface(name=Task=30270)/@0x5ae3a81 - animation-leash of app_transition#175843 (108)
07-28 17:18:49.430  1127  1127 I Layer   : Layer [com.sec.android.app.launcher/com.sec.android.app.launcher.activities.LauncherActivity$_3393#175833] hidden!! flag(1)
07-28 17:18:49.430  1127  1127 I SurfaceFlinger: id=175843 Removed Surface(name=Task=30270)/@0x5ae3a81 - animation-leash of app_transition#175843 (108)
07-28 17:18:49.430  1127  1127 I SurfaceFlinger: id=175842 Removed Surface(name=Task=1)/@0x652d09a - animation-leash of app_transition#175842 (108)
07-28 17:18:49.431  1127  1127 I Layer   : id=175842 Destroyed Surface(name=Task=1)/@0x652d09a - animation-leash of app_transition#175842
07-28 17:18:49.431  1127  1127 I Layer   : id=175843 Destroyed Surface(name=Task=30270)/@0x5ae3a81 - animation-leash of app_transition#175843
07-28 17:18:49.434  8684  8684 D CompatibilityChangeReporter: Compat change id reported: 210923482; UID 10520; state: DISABLED
07-28 17:18:49.434  8684  8684 D CompatibilityChangeReporter: Compat change id reported: 37756858; UID 10520; state: ENABLED
07-28 17:18:49.435  1127  1127 D SurfaceFlinger: Display 0 HWC layers:
07-28 17:18:49.435  1127  1127 D SurfaceFlinger:      DEVICE | 0xb400007623227c00 | 0100 | RGBA_8888    |    0.0    0.0 1080.0 2400.0 |    0    0 1080 2400 | Splash Screen com.example.dogglers$_2897#175841
07-28 17:18:49.435  1127  1127 D SurfaceFlinger:      DEVICE | 0xb4000075f544c980 | 0100 | RGBA_8888    |    0.0    0.0 1080.0   80.0 |    0    0 1080   80 | StatusBar$_2897#91
07-28 17:18:49.435  1127  1127 D SurfaceFlinger:      DEVICE | 0xb400007623228f80 | 0100 | RGBA_8888    |    0.0    0.0 1080.0  135.0 |    0 2265 1080 2400 | NavigationBar0$_2897#86
07-28 17:18:49.435  1127  1127 D SurfaceFlinger:      DEVICE | 0xb4000075f544b300 | 0140 | RGBA_8888    |    0.0    0.0 1080.0  150.0 |    0    0 1080  150 | ScreenDecorOverlay$_2897#100
07-28 17:18:49.435  1127  1127 D SurfaceFlinger:      DEVICE | 0xb400007621856700 | 0140 | RGBA_8888    |    0.0    0.0 1080.0  150.0 |    0 2250 1080 2400 | ScreenDecorOverlayBottom$_2897#101
07-28 17:18:49.435  1127  1127 D SurfaceFlinger:
07-28 17:18:49.436  8684  8684 I DecorView: getCurrentDensityDpi: from real metrics. densityDpi=450 msg=resources_loaded
07-28 17:18:49.436  3393  3393 I ViewRootImpl@c6ee0f[LauncherActivity]: performTraversals mFirst=false windowShouldResize=false viewVisibilityChanged=true mForceNextWindowRelayout=false params=null
07-28 17:18:49.437  8684  8684 I DecorView: setWindowBackground: isPopOver=false color=ff010101 d=android.graphics.drawable.StateListDrawable@f12bee3
07-28 17:18:49.437  1624  2957 V WindowManager: Relayout Window{b2bc12 u0 com.sec.android.app.launcher/com.sec.android.app.launcher.activities.LauncherActivity}: viewVisibility=8 req=1080x2400 d0
07-28 17:18:49.438  8684  8684 D LifecycleMonitor: Lifecycle status change: androidx.test.core.app.InstrumentationActivityInvoker$BootstrapActivity@7952aba in: CREATED
07-28 17:18:49.438  8684  8684 V ActivityScenario: Activity lifecycle changed event received but ignored because the intent does not match. startActivityIntent=Intent { act=android.intent.action.MAIN cat=[android.intent.category.LAUNCHER] cmp=com.example.dogglers/.VerticalListActivity }, activity.getIntent()=Intent { act=android.intent.action.MAIN cat=[android.intent.category.LAUNCHER] flg=0x10008000 cmp=com.example.dogglers/androidx.test.core.app.InstrumentationActivityInvoker$BootstrapActivity (has extras) }, activity=androidx.test.core.app.InstrumentationActivityInvoker$BootstrapActivity@7952aba
07-28 17:18:49.441  8684  8684 D LifecycleMonitor: Lifecycle status change: androidx.test.core.app.InstrumentationActivityInvoker$BootstrapActivity@7952aba in: STARTED
07-28 17:18:49.441  8684  8684 V ActivityScenario: Activity lifecycle changed event received but ignored because the intent does not match. startActivityIntent=Intent { act=android.intent.action.MAIN cat=[android.intent.category.LAUNCHER] cmp=com.example.dogglers/.VerticalListActivity }, activity.getIntent()=Intent { act=android.intent.action.MAIN cat=[android.intent.category.LAUNCHER] flg=0x10008000 cmp=com.example.dogglers/androidx.test.core.app.InstrumentationActivityInvoker$BootstrapActivity (has extras) }, activity=androidx.test.core.app.InstrumentationActivityInvoker$BootstrapActivity@7952aba
07-28 17:18:49.441  1624  2957 V WindowManager: Relayout hash=b2bc12, pid=3393, syncId=-1: mAttrs={(0,0)(fillxfill) sim={adjust=nothing forwardNavigation} layoutInDisplayCutoutMode=shortEdges ty=BASE_APPLICATION fmt=TRANSPARENT wanim=0x10302f4
07-28 17:18:49.441  1624  2957 V WindowManager:   fl=81910100
07-28 17:18:49.441  1624  2957 V WindowManager:   pfl=1e020040
07-28 17:18:49.441  1624  2957 V WindowManager:   vsysui=1700
07-28 17:18:49.441  1624  2957 V WindowManager:   bhv=SHOW_TRANSIENT_BARS_BY_SWIPE
07-28 17:18:49.441  1624  2957 V WindowManager:   fitSides= naviIconColor=0}
07-28 17:18:49.444  3393  3393 I ViewRootImpl@c6ee0f[LauncherActivity]: Relayout returned: old=(0,0,1080,2400) new=(0,0,1080,2400) req=(1080,2400)8 dur=6 res=0x2 s={false 0x0} ch=true seqId=0
07-28 17:18:49.446  3746  3746 E pageboostd: Received HALT command code 2
07-28 17:18:49.447  1127  1127 I BufferQueueProducer: [NavigationBar0$_2897#86](this:0xb4000075f53b0838,id:-1,api:0,p:-1,c:1127) queueBuffer: fps=0.17 dur=17203.66 max=17039.66 min=16.61
07-28 17:18:49.449  1127  3782 I SurfaceFlinger: id=175845 createSurf flag=80004, ActivityRecord{d219eac u0 com.example.dogglers/.VerticalListActivity} t30270}#175845
07-28 17:18:49.449  3393  3762 I RecentModel: onTaskStackChangedBackground
07-28 17:18:49.451  1624  1668 I SemPersonaManager: SecureFolder personaId = 150
07-28 17:18:49.454  1127  3782 I SurfaceFlinger: id=175846 createSurf flag=80000, 9af245f ActivityRecordInputSink com.example.dogglers/.VerticalListActivity#175846
07-28 17:18:49.456  2897 23031 I ViewRootImpl@694a170[dogglers]: Resizing android.view.ViewRootImpl@7cd327a: frame = [0,0][1080,2400] reportDraw = false forceLayout = false syncSeqId = 0
07-28 17:18:49.456  2897  2945 I ViewRootImpl@694a170[dogglers]: handleResized, msg = 4 frames=ClientWindowFrames{frame=[0,0][1080,2400] display=[0,0][1080,2400] parentFrame=[0,0][0,0] parentClippedByDisplayCutout=false} forceNextWindowRelayout=false displayId=0 resizeMode=-1 frameChanged=false displayFrameChanged=false configChanged=false displayChanged=false
07-28 17:18:49.456  8684  8684 D LifecycleMonitor: Lifecycle status change: androidx.test.core.app.InstrumentationActivityInvoker$BootstrapActivity@7952aba in: RESUMED
07-28 17:18:49.457  8684  8684 V ActivityScenario: Activity lifecycle changed event received but ignored because the intent does not match. startActivityIntent=Intent { act=android.intent.action.MAIN cat=[android.intent.category.LAUNCHER] cmp=com.example.dogglers/.VerticalListActivity }, activity.getIntent()=Intent { act=android.intent.action.MAIN cat=[android.intent.category.LAUNCHER] flg=0x10008000 cmp=com.example.dogglers/androidx.test.core.app.InstrumentationActivityInvoker$BootstrapActivity (has extras) }, activity=androidx.test.core.app.InstrumentationActivityInvoker$BootstrapActivity@7952aba
07-28 17:18:49.460  8684  8684 D LifecycleMonitor: Lifecycle status change: androidx.test.core.app.InstrumentationActivityInvoker$BootstrapActivity@7952aba in: PAUSED
07-28 17:18:49.460  8684  8684 V ActivityScenario: Activity lifecycle changed event received but ignored because the intent does not match. startActivityIntent=Intent { act=android.intent.action.MAIN cat=[android.intent.category.LAUNCHER] cmp=com.example.dogglers/.VerticalListActivity }, activity.getIntent()=Intent { act=android.intent.action.MAIN cat=[android.intent.category.LAUNCHER] flg=0x10008000 cmp=com.example.dogglers/androidx.test.core.app.InstrumentationActivityInvoker$BootstrapActivity (has extras) }, activity=androidx.test.core.app.InstrumentationActivityInvoker$BootstrapActivity@7952aba
07-28 17:18:49.460  3393  3756 I RecentTasksList: loadTasksInBackground : groupTask = GroupTask{task1=[id=30270 windowingMode=1 user=0 lastActiveTime=2264686180] null, task2=null, task3=null, mStagedSplitBounds=null}
07-28 17:18:49.465  1624  2957 D InputDispatcher: Focused application(0): ActivityRecord{d219eac u0 com.example.dogglers/.VerticalListActivity} t30270}
07-28 17:18:49.472  3393  3393 I ViewRootImpl@c6ee0f[LauncherActivity]: stopped(true) old = false
07-28 17:18:49.472  3393  3393 I ViewRootImpl@c6ee0f[LauncherActivity]: WindowStopped on com.sec.android.app.launcher/com.sec.android.app.launcher.activities.LauncherActivity set to true
07-28 17:18:49.472  1624  1668 I SemPersonaManager: SecureFolder personaId = 150
07-28 17:18:49.473  3393  3393 I Launcher: !@Boot_DEBUG: Launcher.onStop()
07-28 17:18:49.473  3393  3393 I Launcher: !@Boot_EBS_D: Launcher.onStop()
07-28 17:18:49.473  3393  3393 I BaseActivity: removeActivityFlags, flags : 17
07-28 17:18:49.473  3393  3393 W LauncherAppWidgetHost: setShouldListenFlag, mFlags:7 flag:start on:false isFront:false
07-28 17:18:49.474  3393  3756 I IMM_LC  : hsifw() - flag : 0
07-28 17:18:49.474  3393  3756 I IMM_LC  : hsifw() - mService.hideSoftInput
07-28 17:18:49.474  1624  5256 I AppWidgetServiceImpl: stopListening callbacks : null
07-28 17:18:49.474  3393  3393 W LauncherAppWidgetHost: stopListening, mFlags:2 isFront:false
07-28 17:18:49.474  3393  3393 W Launcher.NotificationListener: removeNotificationsChangedListener
07-28 17:18:49.474  3393  3393 I Launcher.NotificationListener: unregisterObserver, this is not notificationService!!
07-28 17:18:49.474  3393  3393 I BadgeCountUpdaterImpl: onNotificationsChangedDisConnected
07-28 17:18:49.476  3393  3393 I MSHandlerLifeCycle: removeMultiSplitHandler: no exist. decor=DecorView@4f24386[LauncherActivity]
07-28 17:18:49.476  3393  3758 I LiveIconUpdateEventHandler: cancelMinuteChangeAlarm
07-28 17:18:49.485  1624  1668 D EnterpriseDeviceManagerService: isMdmAdminPresentInternal() : MDM Admin Found - com.samsung.knox.securefolder
07-28 17:18:49.486  1624  3919 I MediaSessionMonitor: Media session stopped : not playing state
07-28 17:18:49.497  1127  1127 I Layer   : id=175833 removeFromCurrentState com.sec.android.app.launcher/com.sec.android.app.launcher.activities.LauncherActivity$_3393#175833 (108)
07-28 17:18:49.497  1127  1127 I SurfaceFlinger: id=175833 Removed com.sec.android.app.launcher/com.sec.android.app.launcher.activities.LauncherActivity$_3393#175833 (108)
07-28 17:18:49.497  1127  1127 I BufferQueueDebug: [com.sec.android.app.launcher/com.sec.android.app.launcher.activities.LauncherActivity$_3393#175833](this:0xb4000075f54ef838,id:-1,api:0,p:-1,c:1127) onDestructor()
07-28 17:18:49.497  1127  1127 I Layer   : id=175833 Destroyed com.sec.android.app.launcher/com.sec.android.app.launcher.activities.LauncherActivity$_3393#175833
07-28 17:18:49.509  1064  1064 D Zygote  : Forked child process 8787
07-28 17:18:49.531  8684  8684 D LifecycleMonitor: Lifecycle status change: com.example.dogglers.VerticalListActivity@928cf36 in: PRE_ON_CREATE
07-28 17:18:49.532  8684  8684 V ActivityScenario: Activity lifecycle changed event received but ignored because the reported transition was not ON_CREATE while the last known transition was PRE_ON_CREATE
07-28 17:18:49.542  8787  8787 I ung.android.scs: Using CollectorTypeCC GC.
07-28 17:18:49.548  8787  8787 E ung.android.scs: Not starting debugger since process cannot load the jdwp agent.
07-28 17:18:49.554  8787  8787 W libc    : Access denied finding property "sys.perf.boostopt"
07-28 17:18:49.554  1042  1042 E audit   : type=1400 audit(1690553929.552:543259): avc:  denied  { read } for  pid=8787 comm="ung.android.scs" name="u:object_r:perf_prop:s0" dev="tmpfs" ino=2289 scontext=u:r:platform_app:s0:c512,c768 tcontext=u:object_r:perf_prop:s0 tclass=file permissive=0 SEPF_SM-A325F_12_0001 audit_filtered
07-28 17:18:49.556  8787  8800 W libc    : Access denied finding property "sys.perf.boostopt"
07-28 17:18:49.556  8787  8787 D ActivityThread: setConscryptValidator
07-28 17:18:49.556  8787  8787 D ActivityThread: setConscryptValidator - put
07-28 17:18:49.567  3393  3762 I RecentModel: onTaskStackChangedBackground
07-28 17:18:49.568  8787  8801 W libc    : Access denied finding property "sys.perf.boostopt"
07-28 17:18:49.570  8787  8787 D CompatibilityChangeReporter: Compat change id reported: 171979766; UID 10112; state: ENABLED
07-28 17:18:49.586  8684  8684 I DecorView: [INFO] isPopOver=false config=true
07-28 17:18:49.586  8684  8684 I DecorView: updateCaptionType: isFloating=false isApplication=true hasWindowDecorCaption=false this=DecorView@9188e1a[]
07-28 17:18:49.587  8684  8684 D DecorView: setCaptionType = 0, this = DecorView@9188e1a[]
07-28 17:18:49.589  8684  8684 I DecorView: getCurrentDensityDpi: from real metrics. densityDpi=450 msg=resources_loaded
07-28 17:18:49.589  8684  8684 I DecorView: setWindowBackground: isPopOver=false color=ffffffff d=android.graphics.drawable.ColorDrawable@4de0328
07-28 17:18:49.626  8684  8684 W xample.dogglers: Accessing hidden method Landroid/view/View;->computeFitSystemWindows(Landroid/graphics/Rect;Landroid/graphics/Rect;)Z (unsupported, reflection, allowed)
07-28 17:18:49.626  8684  8684 W xample.dogglers: Accessing hidden method Landroid/view/ViewGroup;->makeOptionalFitsSystemWindows()V (unsupported, reflection, allowed)
07-28 17:18:49.627  8787  8787 I SCS@AiSearch user 0: (SearchProvider) [main] entering in onCreate():
07-28 17:18:49.628  8787  8787 I SCS@AiSearch user 0: (SearchApplication) [main] entering in init():
07-28 17:18:49.628  8787  8805 I SCS@AiSearch user 0: (AiSearch user 0) [Thread-3] entering in init():  Logger initialization. Path: /data/user/0/com.samsung.android.scs/files/aisearch/log/
07-28 17:18:49.632  8787  8787 I SCS@AiSearch user 0: (SearchApplication) checkIsUpdated(): sIsUpdate = false
07-28 17:18:49.638  1624  5256 D PackageManager: setEnabledSetting : userId = 0 packageName = com.samsung.android.scs cmp = androidx.work.impl.background.systemjob.SystemJobService newState = 1 callingPackage = 10112/com.samsung.android.scs
07-28 17:18:49.639  1624  5256 D ApplicationPolicy: getApplicationStateEnabled : pkg = com.samsung.android.scs userId : 0
07-28 17:18:49.640  1624  5256 D ApplicationPolicy: getApplicationComponentState : pkg = com.samsung.android.scs userId : 0
07-28 17:18:49.641  8684  8684 D LifecycleMonitor: Lifecycle status change: com.example.dogglers.VerticalListActivity@928cf36 in: CREATED
07-28 17:18:49.641  8684  8684 V ActivityScenario: Update currentActivityStage to CREATED, currentActivity=com.example.dogglers.VerticalListActivity@928cf36
07-28 17:18:49.644  8684  8684 D LifecycleMonitor: Lifecycle status change: com.example.dogglers.VerticalListActivity@928cf36 in: STARTED
07-28 17:18:49.644  8684  8684 V ActivityScenario: Update currentActivityStage to STARTED, currentActivity=com.example.dogglers.VerticalListActivity@928cf36
07-28 17:18:49.646  8684  8684 D LifecycleMonitor: Lifecycle status change: com.example.dogglers.VerticalListActivity@928cf36 in: RESUMED
07-28 17:18:49.646  8684  8684 V ActivityScenario: Update currentActivityStage to RESUMED, currentActivity=com.example.dogglers.VerticalListActivity@928cf36
07-28 17:18:49.648  8684  8684 I MSHandlerLifeCycle: check: return. pkg=com.example.dogglers parent=null callers=com.android.internal.policy.DecorView.setVisibility:4411 android.app.ActivityThread.handleResumeActivity:5476 android.app.servertransaction.ResumeActivityItem.execute:54 android.app.servertransaction.ActivityTransactionItem.execute:45 android.app.servertransaction.TransactionExecutor.executeLifecycleState:176
07-28 17:18:49.648  8787  8787 I SCS@AiSearch user 0: (SearchApplication) [main] leaving from init():
07-28 17:18:49.648  8684  8684 I MSHandlerLifeCycle: removeMultiSplitHandler: no exist. decor=DecorView@9188e1a[]
07-28 17:18:49.648  8787  8787 I SCS@AiSearch user 0: (SearchProvider) [main] leaving from onCreate():
07-28 17:18:49.648  8787  8809 I SCS@AiSearch user 0: (ConfigManager) [pool-3-thread-1] entering in loadConfig():
07-28 17:18:49.655  1127  3782 D SurfaceFlinger: [SF client] NEW(0xb40000762185e440) for (8684:com.example.dogglers)
07-28 17:18:49.660  8787  8787 I ServiceApplication: process:com.samsung.android.scs version:2.1.00.36 flavor:full
07-28 17:18:49.660  8787  8787 I SCS@AiSearch user 0: (SearchApplication) [main] entering in init():
07-28 17:18:49.662  8787  8809 I SCS@AiSearch user 0: (ConfigManager) Updating App Enable for com.sec.android.app.myfiles, Status: EnabledStatus{mEnabled=true, mDisabledReason=null, mExtra=null}
07-28 17:18:49.662  8684  8768 D NativeCustomFrequencyManager: [NativeCFMS] BpCustomFrequencyManager::BpCustomFrequencyManager()
07-28 17:18:49.662  8787  8809 I SCS@AiSearch user 0: (ConfigManager) Updating App Enable for com.samsung.android.app.reminder, Status: EnabledStatus{mEnabled=true, mDisabledReason=null, mExtra=null}
07-28 17:18:49.664  8787  8809 I SCS@AiSearch user 0: (ConfigManager) Updating App Enable for com.samsung.android.calendar.synctasks, Status: EnabledStatus{mEnabled=true, mDisabledReason=null, mExtra=null}
07-28 17:18:49.667  8787  8809 I SCS@AiSearch user 0: (ConfigManager) Updating App Enable for logs.call, Status: EnabledStatus{mEnabled=true, mDisabledReason=null, mExtra=null}
07-28 17:18:49.667  8787  8809 I SCS@AiSearch user 0: (ConfigManager) Updating App Enable for com.samsung.android.apps, Status: EnabledStatus{mEnabled=true, mDisabledReason=null, mExtra=null}
07-28 17:18:49.668  8787  8809 I SCS@AiSearch user 0: (ConfigManager) Updating App Enable for com.samsung.android.calendar, Status: EnabledStatus{mEnabled=true, mDisabledReason=null, mExtra=null}
07-28 17:18:49.671  8787  8809 I SCS@AiSearch user 0: (ConfigManager) Updating App Enable for com.samsung.android.contacts, Status: EnabledStatus{mEnabled=true, mDisabledReason=null, mExtra=null}
07-28 17:18:49.671  1624  5212 D InputTransport: Input channel constructed: 'e200909', fd=1328
07-28 17:18:49.671  1624  5212 D InputTransport: Input channel constructed: 'e200909', fd=1329
07-28 17:18:49.671  1624  5212 D InputTransport: Input channel constructed: 'e200909', fd=1330
07-28 17:18:49.672  8787  8809 I SCS@AiSearch user 0: (ConfigManager) isAppEnabled(): FloatingFeature :V506, com.google.android.providers.media enabled :true
07-28 17:18:49.672  8787  8809 I SCS@AiSearch user 0: (ConfigManager) Updating App Enable for com.google.android.providers.media, Status: EnabledStatus{mEnabled=true, mDisabledReason=null, mExtra=null}
07-28 17:18:49.673  1127  3782 D SurfaceFlinger: [SF client] NEW(0xb40000762185df00) for (1624:system_server)
07-28 17:18:49.673  8787  8809 I SCS@AiSearch user 0: (ConfigManager) Updating App Enable for analogy, Status: EnabledStatus{mEnabled=true, mDisabledReason=null, mExtra=null}
07-28 17:18:49.673  8787  8809 I SCS@AiSearch user 0: (ConfigManager) Updating App Enable for synonym, Status: EnabledStatus{mEnabled=true, mDisabledReason=null, mExtra=null}
07-28 17:18:49.675  8787  8809 E SCS@AiSearch user 0: (ConfigManager) com.samsung.android.scs.documents is not supported in ru language
07-28 17:18:49.675  1127  3782 I SurfaceFlinger: id=175847 createSurf flag=80004, e200909 com.example.dogglers/com.example.dogglers.VerticalListActivity#175847
07-28 17:18:49.676  8684  8761 D EventInjectionStrategy: Creating injection strategy with input manager.
07-28 17:18:49.676  1624  5212 D InputTransport: Input channel destroyed: 'e200909', fd=1330
07-28 17:18:49.676  8684  8761 W xample.dogglers: Accessing hidden method Landroid/hardware/input/InputManager;->getInstance()Landroid/hardware/input/InputManager; (unsupported, reflection, allowed)
07-28 17:18:49.677  8684  8761 W xample.dogglers: Accessing hidden method Landroid/hardware/input/InputManager;->injectInputEvent(Landroid/view/InputEvent;I)Z (unsupported, reflection, allowed)
07-28 17:18:49.677  8684  8761 W xample.dogglers: Accessing hidden field Landroid/hardware/input/InputManager;->INJECT_INPUT_EVENT_MODE_WAIT_FOR_FINISH:I (unsupported, reflection, allowed)
07-28 17:18:49.677  8787  8809 I SCS@AiSearch user 0: (ConfigManager) Updating App Enable for com.samsung.android.scs.documents, Status: EnabledStatus{mEnabled=false, mDisabledReason=LANGUAGE, mExtra=null}
07-28 17:18:49.678  8787  8809 I SCS@AiSearch user 0: (ConfigManager) Updating App Enable for com.android.settings, Status: EnabledStatus{mEnabled=true, mDisabledReason=null, mExtra=null}
07-28 17:18:49.678  8787  8809 I SCS@AiSearch user 0: (ConfigManager) Updating App Enable for correlated, Status: EnabledStatus{mEnabled=true, mDisabledReason=null, mExtra=null}
07-28 17:18:49.678  8787  8809 I SCS@AiSearch user 0: (ConfigManager) [pool-3-thread-1] leaving from loadConfig():
07-28 17:18:49.679  8684  8684 D InsetsController: onStateChanged: InsetsState: {mDisplayFrame=Rect(0, 0 - 1080, 2400), mDisplayCutout=DisplayCutout{insets=Rect(0, 80 - 0, 0) waterfall=Insets{left=0, top=0, right=0, bottom=0} boundingRect={Bounds=[Rect(0, 0 - 0, 0), Rect(468, 0 - 612, 80), Rect(0, 0 - 0, 0), Rect(0, 0 - 0, 0)]} cutoutPathParserInfo={CutoutPathParserInfo{displayWidth=1080 displayHeight=2400 physicalDisplayWidth=1080 physicalDisplayHeight=2400 density={2.625} cutoutSpec={M 0,0 H -27.42857142857143 V 30.47619047619048 H 27.42857142857143 V 0 H 0 Z @dp} rotation={0} scale={1.0} physicalPixelDisplaySizeRatio={1.0}}}}, mRoundedCorners=RoundedCorners{[RoundedCorner{position=TopLeft, radius=90, center=Point(90, 90)}, RoundedCorner{position=TopRight, radius=90, center=Point(990, 90)}, RoundedCorner{position=BottomRight, radius=90, center=Point(990, 2310)}, RoundedCorner{position=BottomLeft, radius=90, center=Point(90, 2310)}]}  mRoundedCornerFrame=Rect(0, 0 - 1080, 2400), mPrivacyIndicatorBounds=PrivacyIndicatorBounds {static bounds=Rect(956, 0 - 1080, 80) rotation=0}, mSources= { InsetsSource: {mType=ITYPE_STATUS_BAR, mFrame=[0,0][1080,80], mVisible=true, mInsetsRoundedCornerFrame=false}, InsetsSource: {mType=ITYPE_NAVIGATION_BAR, mFrame=[0,2265][1080,2400], mVisible=true, mInsetsRoundedCornerFrame=false}, InsetsSource: {mType=ITYPE_LEFT_GESTURES, mFrame=[0,0][0,2400], mVisible=true, mInsetsRoundedCornerFrame=false}, InsetsSource: {mType=ITYPE_RIGHT_GESTURES, mFrame=[1080,0][1080,2400], mVisible=true, mInsetsRoundedCornerFrame=false}, InsetsSource: {mType=ITYPE_TOP_MANDATORY_GESTURES, mFrame=[0,0][1080,114], mVisible=true, mInsetsRoundedCornerFrame=false}, InsetsSource: {mType=ITYPE_BOTTOM_MANDATORY_GESTURES, mFrame=[0,2265][1080,2400], mVisible=true, mInsetsRoundedCornerFrame=false}, InsetsSource: {mType=ITYPE_LEFT_DISPLAY_CUTOUT, mFrame=[0,0][-100000,2400], mVisible=true, mInsetsRoundedCornerFrame=false}, InsetsSource: {mType=ITYPE_TOP_DISPLAY_CUTOUT, mFrame=[0,0][1080,80], mVisible=true, mInsetsRoundedCornerFrame=false}, InsetsSource: {mType=ITYPE_RIGHT_DISPLAY_CUTOUT, mFrame=[100000,0][1080,2400], mVisible=true, mInsetsRoundedCornerFrame=false}, InsetsSource: {mType=ITYPE_BOTTOM_DISPLAY_CUTOUT, mFrame=[0,100000][1080,2400], mVisible=true, mInsetsRoundedCornerFrame=false}, InsetsSource: {mType=ITYPE_TOP_TAPPABLE_ELEMENT, mFrame=[0,0][1080,80], mVisible=true, mInsetsRoundedCornerFrame=false}, InsetsSource: {mType=ITYPE_BOTTOM_TAPPABLE_ELEMENT, mFrame=[0,2265][1080,2400], mVisible=true, mInsetsRoundedCornerFrame=false} } host=com.example.dogglers/com.example.dogglers.VerticalListActivity from=android.view.ViewRootImpl.setView:1732
07-28 17:18:49.682  8787  8814 I DIAGMON_SDK[605029][4N4-399-535399] : generated SR object
07-28 17:18:49.682  8684  8684 I ViewRootImpl@fa02096[VerticalListActivity]: setView = com.android.internal.policy.DecorView@9188e1a TM=true
07-28 17:18:49.685  8684  8684 I MSHandlerLifeCycle: removeMultiSplitHandler: no exist. decor=DecorView@9188e1a[VerticalListActivity]
07-28 17:18:49.686  1624  1745 D AnalyticsContainerHandler: handleMessage : { when=0 what=1 target=com.android.server.knox.KnoxAnalyticsContainer$AnalyticsHandler }
07-28 17:18:49.686  8684  8684 D LifecycleMonitor: Lifecycle status change: androidx.test.core.app.InstrumentationActivityInvoker$BootstrapActivity@7952aba in: STOPPED
