07-28 18:56:30.399  9007  9007 D InsetsController: onStateChanged: InsetsState: {mDisplayFrame=Rect(0, 0 - 1080, 2400), mDisplayCutout=DisplayCutout{insets=Rect(0, 80 - 0, 0) waterfall=Insets{left=0, top=0, right=0, bottom=0} boundingRect={Bounds=[Rect(0, 0 - 0, 0), Rect(468, 0 - 612, 80), Rect(0, 0 - 0, 0), Rect(0, 0 - 0, 0)]} cutoutPathParserInfo={CutoutPathParserInfo{displayWidth=1080 displayHeight=2400 physicalDisplayWidth=1080 physicalDisplayHeight=2400 density={2.625} cutoutSpec={M 0,0 H -27.42857142857143 V 30.47619047619048 H 27.42857142857143 V 0 H 0 Z @dp} rotation={0} scale={1.0} physicalPixelDisplaySizeRatio={1.0}}}}, mRoundedCorners=RoundedCorners{[RoundedCorner{position=TopLeft, radius=90, center=Point(90, 90)}, RoundedCorner{position=TopRight, radius=90, center=Point(990, 90)}, RoundedCorner{position=BottomRight, radius=90, center=Point(990, 2310)}, RoundedCorner{position=BottomLeft, radius=90, center=Point(90, 2310)}]}  mRoundedCornerFrame=Rect(0, 0 - 1080, 2400), mPrivacyIndicatorBounds=PrivacyIndicatorBounds {static bounds=Rect(956, 0 - 1080, 80) rotation=0}, mSources= { InsetsSource: {mType=ITYPE_STATUS_BAR, mFrame=[0,0][1080,80], mVisible=true, mInsetsRoundedCornerFrame=false}, InsetsSource: {mType=ITYPE_NAVIGATION_BAR, mFrame=[0,2265][1080,2400], mVisible=true, mInsetsRoundedCornerFrame=false}, InsetsSource: {mType=ITYPE_LEFT_GESTURES, mFrame=[0,0][0,2400], mVisible=true, mInsetsRoundedCornerFrame=false}, InsetsSource: {mType=ITYPE_RIGHT_GESTURES, mFrame=[1080,0][1080,2400], mVisible=true, mInsetsRoundedCornerFrame=false}, InsetsSource: {mType=ITYPE_TOP_MANDATORY_GESTURES, mFrame=[0,0][1080,114], mVisible=true, mInsetsRoundedCornerFrame=false}, InsetsSource: {mType=ITYPE_BOTTOM_MANDATORY_GESTURES, mFrame=[0,2265][1080,2400], mVisible=true, mInsetsRoundedCornerFrame=false}, InsetsSource: {mType=ITYPE_LEFT_DISPLAY_CUTOUT, mFrame=[0,0][-100000,2400], mVisible=true, mInsetsRoundedCornerFrame=false}, InsetsSource: {mType=ITYPE_TOP_DISPLAY_CUTOUT, mFrame=[0,0][1080,80], mVisible=true, mInsetsRoundedCornerFrame=false}, InsetsSource: {mType=ITYPE_RIGHT_DISPLAY_CUTOUT, mFrame=[100000,0][1080,2400], mVisible=true, mInsetsRoundedCornerFrame=false}, InsetsSource: {mType=ITYPE_BOTTOM_DISPLAY_CUTOUT, mFrame=[0,100000][1080,2400], mVisible=true, mInsetsRoundedCornerFrame=false}, InsetsSource: {mType=ITYPE_TOP_TAPPABLE_ELEMENT, mFrame=[0,0][1080,80], mVisible=true, mInsetsRoundedCornerFrame=false}, InsetsSource: {mType=ITYPE_BOTTOM_TAPPABLE_ELEMENT, mFrame=[0,2265][1080,2400], mVisible=true, mInsetsRoundedCornerFrame=false}, InsetsSource: {mType=ITYPE_IME, mFrame=[0,0][0,0], mVisibleFrame=[0,1243][1080,2400], mVisible=false, mInsetsRoundedCornerFrame=false} } host=com.example.dogglers/androidx.test.core.app.InstrumentationActivityInvoker$EmptyActivity from=android.view.ViewRootImpl.relayoutWindow:9802
07-28 18:56:30.401  9007  9007 I ViewRootImpl@e274efa[InstrumentationActivityInvoker$EmptyActivity]: updateBlastSurfaceIfNeeded mBlastBufferQueue=null isSameSurfaceControl=false
07-28 18:56:30.401  9007  9007 D BufferQueueConsumer: [](id:232f00000001,api:0,p:-1,c:9007) connect: controlledByApp=false
07-28 18:56:30.402  9007  9007 I BLASTBufferQueue: new BLASTBufferQueue, mName= ViewRootImpl@e274efa[InstrumentationActivityInvoker$EmptyActivity] mNativeObject= 0xb400007297bfc480 sc.mNativeObject= 0xb400007297af05c0 caller= android.view.ViewRootImpl.updateBlastSurfaceIfNeeded:2909 android.view.ViewRootImpl.relayoutWindow:9847 android.view.ViewRootImpl.performTraversals:3884 android.view.ViewRootImpl.doTraversal:3116 android.view.ViewRootImpl$TraversalRunnable.run:10885 android.view.Choreographer$CallbackRecord.run:1301 android.view.Choreographer$CallbackRecord.run:1309 android.view.Choreographer.doCallbacks:923 android.view.Choreographer.doFrame:852 android.view.Choreographer$FrameDisplayEventReceiver.run:1283
07-28 18:56:30.402  9007  9007 I BLASTBufferQueue: update, w= 1080 h= 2400 mName = ViewRootImpl@e274efa[InstrumentationActivityInvoker$EmptyActivity] mNativeObject= 0xb400007297bfc480 sc.mNativeObject= 0xb400007297af05c0 format= -1 caller= android.graphics.BLASTBufferQueue.<init>:84 android.view.ViewRootImpl.updateBlastSurfaceIfNeeded:2909 android.view.ViewRootImpl.relayoutWindow:9847 android.view.ViewRootImpl.performTraversals:3884 android.view.ViewRootImpl.doTraversal:3116 android.view.ViewRootImpl$TraversalRunnable.run:10885
07-28 18:56:30.403  9007  9007 I ViewRootImpl@e274efa[InstrumentationActivityInvoker$EmptyActivity]: Relayout returned: old=(0,0,1080,2400) new=(0,0,1080,2400) req=(1080,2400)0 dur=13 res=0x3 s={true 0xb400007297bc9800} ch=true seqId=0
07-28 18:56:30.404  9007  9007 I ViewRootImpl@e274efa[InstrumentationActivityInvoker$EmptyActivity]: mThreadedRenderer.initialize() mSurface={isValid=true 0xb400007297bc9800} hwInitialized=true
07-28 18:56:30.404  9007  9037 D OpenGLRenderer: eglCreateWindowSurface
07-28 18:56:30.406  9007  9007 I ViewRootImpl@e274efa[InstrumentationActivityInvoker$EmptyActivity]: reportNextDraw android.view.ViewRootImpl.performTraversals:4438 android.view.ViewRootImpl.doTraversal:3116 android.view.ViewRootImpl$TraversalRunnable.run:10885 android.view.Choreographer$CallbackRecord.run:1301 android.view.Choreographer$CallbackRecord.run:1309
07-28 18:56:30.406  9007  9007 I ViewRootImpl@e274efa[InstrumentationActivityInvoker$EmptyActivity]: Setup new sync id=0
07-28 18:56:30.406  9007  9007 I ViewRootImpl@e274efa[InstrumentationActivityInvoker$EmptyActivity]: Setting syncFrameCallback
07-28 18:56:30.406  9007  9007 I ViewRootImpl@e274efa[InstrumentationActivityInvoker$EmptyActivity]: registerCallbacksForSync syncBuffer=false
07-28 18:56:30.410  9007  9062 I ViewRootImpl@e274efa[InstrumentationActivityInvoker$EmptyActivity]: Received frameDrawingCallback syncResult=0 frameNum=1.
07-28 18:56:30.410  9007  9062 I ViewRootImpl@e274efa[InstrumentationActivityInvoker$EmptyActivity]: Setting up sync and frameCommitCallback
07-28 18:56:30.414  1624  2791 D SemNscXgbMsL1: Probability - Cloud gaming: [0.398899]
07-28 18:56:30.414  1624  2791 D SemNscXgbMsL1: Probability - Real time: [0.08627048]
07-28 18:56:30.414  1624  2791 D SemNscXgbMsL1: Probability - Non real time: [0.6483331]
07-28 18:56:30.415  1624  2791 D SemNscXgbMsL1: 1 sample inference time: 0.939461 msecs
07-28 18:56:30.416  1624  2791 D SemNscXgbL2Rt: L2 RT 1 sample inference time: 1.251 msecs
07-28 18:56:30.417  1624  2791 D SemNscXgbL2Nrt: L2 NRT 1 sample inference time: 1.093231 msecs
07-28 18:56:30.425  1127  1127 I SurfaceFlinger: [a5711c9 com.example.dogglers/androidx.test.core.app.InstrumentationActivityInvoker$EmptyActivity#178837] FrameRatePriority: 1
07-28 18:56:30.425  1127  1127 I Layer   : id=178832 removeFromCurrentState Surface(name=f59a3f7 StatusBar)/@0xc90eccd - animation-leash of insets_animation#178832 (116)
07-28 18:56:30.425  1127  1127 I Layer   : id=178833 removeFromCurrentState Surface(name=3aacd27 NavigationBar0)/@0x501b17d - animation-leash of insets_animation#178833 (116)
07-28 18:56:30.425  1127  1127 D SurfaceFlinger: [input] inputWindowCommands.focusRequests size is 1
07-28 18:56:30.427  1127  1386 D SurfaceFlinger: [input] setFocusedWindow: a5711c9 com.example.dogglers/androidx.test.core.app.InstrumentationActivityInvoker$EmptyActivity
07-28 18:56:30.427  1624  5212 D InputDispatcher: Focus request (0): a5711c9 com.example.dogglers/androidx.test.core.app.InstrumentationActivityInvoker$EmptyActivity but waiting because NO_WINDOW
07-28 18:56:30.438  3393 16210 I RecentModel: onTaskStackChangedBackground
07-28 18:56:30.454  9007  9037 I BLASTBufferQueue: [ViewRootImpl@e274efa[InstrumentationActivityInvoker$EmptyActivity]#1](f:0,a:0) onFrameAvailable the first frame is available
07-28 18:56:30.455  9007  9037 D BLASTBufferQueue: [ViewRootImpl@e274efa[InstrumentationActivityInvoker$EmptyActivity]#1](f:0,a:1) acquireNextBufferLocked size=1080x2400 mFrameNumber=1 applyTransaction=true mTimestamp=1010959254020180(auto) mPendingTransactions.size=0 graphicBufferId=38684770435075 transform=0
07-28 18:56:30.455  9007  9037 I ViewRootImpl@e274efa[InstrumentationActivityInvoker$EmptyActivity]: Received frameCommittedCallback lastAttemptedDrawFrameNum=1 didProduceBuffer=true
07-28 18:56:30.456  9007  9037 D OpenGLRenderer: CFMS:: SetUp Pid : 9007    Tid : 9037
07-28 18:56:30.456  9007  9037 W Parcel  : Expecting binder but got null!
07-28 18:56:30.457  9007  9007 I ViewRootImpl@e274efa[InstrumentationActivityInvoker$EmptyActivity]: onSyncComplete
07-28 18:56:30.457  9007  9007 I ViewRootImpl@e274efa[InstrumentationActivityInvoker$EmptyActivity]: setupSync seqId=0 mSyncId=0 fn=1 caller=android.view.ViewRootImpl$$ExternalSyntheticLambda11.accept:6 android.window.SurfaceSyncer.lambda$setupSync$1$android-window-SurfaceSyncer:128 android.window.SurfaceSyncer$$ExternalSyntheticLambda1.accept:8 android.window.SurfaceSyncer$SyncSet.checkIfSyncIsComplete:382 android.window.SurfaceSyncer$SyncSet.markSyncReady:359 android.window.SurfaceSyncer.markSyncReady:151 android.view.ViewRootImpl.performTraversals:4503
07-28 18:56:30.458  9007  9007 I ViewRootImpl@e274efa[InstrumentationActivityInvoker$EmptyActivity]: reportDrawFinished seqId=0 mSyncId=-1 fn=1 mSurfaceChangedTransaction=0xb40000731619e500
07-28 18:56:30.458  1127  1127 D BufferStateLayer: com.example.dogglers/androidx.test.core.app.InstrumentationActivityInvoker$EmptyActivity$_9007#178838 setBuffer frameId=1, bufferId=38684770435075 fenceId=459, w= 1080, h=2400
07-28 18:56:30.458  9007  9007 I ViewRootImpl@528ab3[VerticalListActivity]: MSG_WINDOW_FOCUS_CHANGED 0 0
07-28 18:56:30.464  1624  1665 I ActivityTaskManager: Displayed com.example.dogglers/androidx.test.core.app.InstrumentationActivityInvoker$EmptyActivity: +148ms
07-28 18:56:30.464  1624  1669 I SemDvfsHyPerManager: acquire hyper - AMS_RESUME_TAIL/1624@21, type = -999
07-28 18:56:30.465  1624  1669 I SemDvfsHyPerManager: acquire hyper - AMS_ACT_LAZY/1624@22, type = -999
07-28 18:56:30.465  1090  1150 I HYPER-HAL: [RequestManager.cpp]acquire(): Acquired ID : 1353856  [1624 / 21]    HINT : AMS_RESUME_TAIL    list :
07-28 18:56:30.465  1090  1150 I mtkpower_client: perf_lock_rel, hdl:81774, tid:1150
07-28 18:56:30.465  3746  3746 E pageboostd: Received HALT command code 2
07-28 18:56:30.465  1090  1150 I mtkpower_client: perf_lock_acq, hdl:0, dur:0, num:2, tid:1150
07-28 18:56:30.465  1093  1167 I libPowerHal: [perfLockRel] hdl:81774, idx:2
07-28 18:56:30.466  1093  1167 I libPowerHal: vendor.samsung.: cpu_ctrl set cpu freq: -1 -1 -1 -1
07-28 18:56:30.466  1090  1150 I mtkpower_client: ret_hdl:81777
07-28 18:56:30.466  1127  1176 I SurfaceFlinger: id=178841 createSurf flag=80000, 1bd6b5d ActivityRecordInputSink com.example.dogglers/androidx.test.core.app.InstrumentationActivityInvoker$EmptyActivity#178841
07-28 18:56:30.466  1090  1150 I mtkpower_client: perf_lock_rel, hdl:81775, tid:1150
07-28 18:56:30.466  1093  1167 I libPowerHal: [perfLockAcq] idx:2 hdl:81777 hint:-1 pid:1090 duration:0 lock_user:vendor.samsung. => ret_hdl:81777
07-28 18:56:30.466  1093  1167 I libPowerHal: vendor.samsung.: cpu_ctrl set cpu freq: 1800000 -1 -1 -1
07-28 18:56:30.467  1090  1150 I mtkpower_client: perf_lock_acq, hdl:0, dur:0, num:2, tid:1150
07-28 18:56:30.467  1093  1167 I libPowerHal: [perfLockRel] hdl:81775, idx:0
07-28 18:56:30.467  1093  1167 I libPowerHal: [PD] vendor.samsung. update cmd:1c3c000, param:1
07-28 18:56:30.467  1093  1167 I libPowerHal: [PD] (less) /proc/mcdi/state set +prefix:enable 1;
07-28 18:56:30.467  1090  1150 I mtkpower_client: ret_hdl:81778
07-28 18:56:30.468  1090  1150 I mtkpower_client: perf_lock_rel, hdl:81776, tid:1150
07-28 18:56:30.468  1093  1167 I libPowerHal: [perfLockAcq] idx:0 hdl:81778 hint:-1 pid:1090 duration:0 lock_user:vendor.samsung. => ret_hdl:81778
07-28 18:56:30.468  1093  1167 I libPowerHal: [PE] (less) /proc/mcdi/state set +prefix:enable 0;
07-28 18:56:30.468  1090  1150 I mtkpower_client: perf_lock_acq, hdl:0, dur:0, num:2, tid:1150
07-28 18:56:30.468  1093  1167 I libPowerHal: [perfLockRel] hdl:81776, idx:1
07-28 18:56:30.469  1093  1167 I libPowerHal: [PD] vendor.samsung. update cmd:1000000, param:-1
07-28 18:56:30.469  1093  1167 I libPowerHal: [PD] vendor.samsung. update cmd:1000000 param:-1
07-28 18:56:30.469  1090  1150 I mtkpower_client: ret_hdl:81779
07-28 18:56:30.469  1093  1167 I libPowerHal: [perfLockAcq] idx:3 hdl:81779 hint:-1 pid:1090 duration:0 lock_user:vendor.samsung. => ret_hdl:81779
07-28 18:56:30.469  1090  1150 I HYPER-HAL: [RequestManager.cpp]releaseLocked(): Released ID : 1350565
07-28 18:56:30.469  1093  1167 I libPowerHal: [PE] vendor.samsung. update cmd:1000000, param:0
07-28 18:56:30.469  1093  1167 I libPowerHal: [PE] vendor.samsung. update cmd:1000000 param:0
07-28 18:56:30.475  1127  1127 I Layer   : Layer [com.example.dogglers/androidx.test.core.app.InstrumentationActivityInvoker$EmptyActivity$_9007#178838] hidden!! flag(0)
07-28 18:56:30.475  1127  1127 I Layer   : Layer [com.example.dogglers/com.example.dogglers.VerticalListActivity$_9007#178831] hidden!! flag(1)
07-28 18:56:30.476  1624  1668 I ChimeraSystemEventListener: appLaunchIntent package name is: com.example.dogglers
07-28 18:56:30.477  1624  5216 D InputDispatcher: Focus entered window (0): a5711c9 com.example.dogglers/androidx.test.core.app.InstrumentationActivityInvoker$EmptyActivity
07-28 18:56:30.479  3746  3746 E pageboostd: Received HALT command code 2
07-28 18:56:30.481  1127  1127 D SurfaceFlinger: Display 0 HWC layers:
07-28 18:56:30.481  1127  1127 D SurfaceFlinger:      DEVICE | 0xb4000075f544b900 | 0102 | RGBA_8888    |    0.0    0.0 1080.0 2400.0 |    0    0 1080 2400 | com.example.dogglers/androidx.test.c[...]tyInvoker$EmptyActivity$_9007#178838
07-28 18:56:30.481  1127  1127 D SurfaceFlinger:      DEVICE | 0xb400007623228f80 | 0100 | RGBA_8888    |    0.0    0.0 1080.0   80.0 |    0    0 1080   80 | StatusBar$_17091#176350
07-28 18:56:30.481  1127  1127 D SurfaceFlinger:      DEVICE | 0xb4000075f544cb00 | 0100 | RGBA_8888    |    0.0    0.0 1080.0  135.0 |    0 2265 1080 2400 | NavigationBar0$_17091#176345
07-28 18:56:30.481  1127  1127 D SurfaceFlinger:      DEVICE | 0xb4000076232f1a80 | 0140 | RGBA_8888    |    0.0    0.0 1080.0  150.0 |    0    0 1080  150 | ScreenDecorOverlay$_17091#176358
07-28 18:56:30.481  1127  1127 D SurfaceFlinger:      DEVICE | 0xb400007621856400 | 0140 | RGBA_8888    |    0.0    0.0 1080.0  150.0 |    0 2250 1080 2400 | ScreenDecorOverlayBottom$_17091#176359
07-28 18:56:30.481  1127  1127 D SurfaceFlinger:
07-28 18:56:30.483  1624  5212 I SemDvfsHyPerManager: acquire hyper - AMS_ACT_START/1624@19, type = -999
07-28 18:56:30.483  1090  1150 I HYPER-HAL: [RequestManager.cpp]acquire(): Acquired ID : 1350565  [1624 / 19]    HINT : AMS_ACT_START    list :
07-28 18:56:30.483  1090  1150 I mtkpower_client: perf_lock_rel, hdl:81777, tid:1150
07-28 18:56:30.484  1090  1150 I mtkpower_client: perf_lock_acq, hdl:0, dur:0, num:2, tid:1150
07-28 18:56:30.484  1093  1167 I libPowerHal: [perfLockRel] hdl:81777, idx:2
07-28 18:56:30.484  1127  1176 I SurfaceFlinger: id=178842 createSurf flag=80004, ActivityRecord{c428994 u0 com.example.dogglers/androidx.test.core.app.InstrumentationActivityInvoker$EmptyActivity} t30329}#178842
07-28 18:56:30.484  1093  1167 I libPowerHal: vendor.samsung.: cpu_ctrl set cpu freq: -1 -1 -1 -1
07-28 18:56:30.485  1090  1150 I mtkpower_client: ret_hdl:81780
07-28 18:56:30.485  1090  1150 I mtkpower_client: perf_lock_rel, hdl:81778, tid:1150
07-28 18:56:30.485  1093  1167 I libPowerHal: [perfLockAcq] idx:1 hdl:81780 hint:-1 pid:1090 duration:0 lock_user:vendor.samsung. => ret_hdl:81780
07-28 18:56:30.486  1093  1167 I libPowerHal: vendor.samsung.: cpu_ctrl set cpu freq: 1800000 -1 -1 -1
07-28 18:56:30.486  1090  1150 I mtkpower_client: perf_lock_acq, hdl:0, dur:0, num:2, tid:1150
07-28 18:56:30.486  1093  1167 I libPowerHal: [perfLockRel] hdl:81778, idx:0
07-28 18:56:30.486  1093  1167 I libPowerHal: [PD] vendor.samsung. update cmd:1c3c000, param:1
07-28 18:56:30.486  1093  1167 I libPowerHal: [PD] (less) /proc/mcdi/state set +prefix:enable 1;
07-28 18:56:30.487  1090  1150 I mtkpower_client: ret_hdl:81781
07-28 18:56:30.487  1093  1167 I libPowerHal: [perfLockAcq] idx:0 hdl:81781 hint:-1 pid:1090 duration:0 lock_user:vendor.samsung. => ret_hdl:81781
07-28 18:56:30.487  1093  1167 I libPowerHal: [PE] (less) /proc/mcdi/state set +prefix:enable 0;
07-28 18:56:30.487  1090  1150 I mtkpower_client: perf_lock_rel, hdl:81779, tid:1150
07-28 18:56:30.488  1093  1167 I libPowerHal: [perfLockRel] hdl:81779, idx:3
07-28 18:56:30.488  1093  1167 I libPowerHal: [PD] vendor.samsung. update cmd:1000000, param:-1
07-28 18:56:30.488  1090  1150 I mtkpower_client: perf_lock_acq, hdl:0, dur:0, num:2, tid:1150
07-28 18:56:30.488  1093  1167 I libPowerHal: [PD] vendor.samsung. update cmd:1000000 param:-1
07-28 18:56:30.489  1090  1150 I mtkpower_client: ret_hdl:81782
07-28 18:56:30.489  1093  1167 I libPowerHal: [perfLockAcq] idx:2 hdl:81782 hint:-1 pid:1090 duration:0 lock_user:vendor.samsung. => ret_hdl:81782
07-28 18:56:30.489  1093  1167 I libPowerHal: [PE] vendor.samsung. update cmd:1000000, param:0
07-28 18:56:30.489  1093  1167 I libPowerHal: [PE] vendor.samsung. update cmd:1000000 param:0
07-28 18:56:30.494  1127  1176 I SurfaceFlinger: id=178833 Removed Surface(name=3aacd27 NavigationBar0)/@0x501b17d - animation-leash of insets_animation#178833 (118)
07-28 18:56:30.495  9007  9007 I ViewRootImpl@528ab3[VerticalListActivity]: handleAppVisibility mAppVisible = true visible = false
07-28 18:56:30.495  1127  3782 I SurfaceFlinger: id=178832 Removed Surface(name=f59a3f7 StatusBar)/@0xc90eccd - animation-leash of insets_animation#178832 (118)
07-28 18:56:30.495  1624  1668 D PersonaActivityHelper: Activity not in resumed state, do not run immediate lock
07-28 18:56:30.496  9007  9007 I ViewRootImpl@528ab3[VerticalListActivity]: stopped(true) old = false
07-28 18:56:30.496  9007  9007 I ViewRootImpl@528ab3[VerticalListActivity]: WindowStopped on com.example.dogglers/com.example.dogglers.VerticalListActivity set to true
07-28 18:56:30.497  9007  9007 D LifecycleMonitor: Lifecycle status change: com.example.dogglers.VerticalListActivity@f46de37 in: STOPPED
07-28 18:56:30.498  9007  9007 V ActivityScenario: Update currentActivityStage to STOPPED, currentActivity=com.example.dogglers.VerticalListActivity@f46de37
07-28 18:56:30.499  9007  9007 I MSHandlerLifeCycle: removeMultiSplitHandler: no exist. decor=DecorView@cd5c327[VerticalListActivity]
07-28 18:56:30.501  9007  9007 D LifecycleMonitor: Lifecycle status change: com.example.dogglers.VerticalListActivity@f46de37 in: DESTROYED
07-28 18:56:30.501  9007  9007 V ActivityScenario: Update currentActivityStage to DESTROYED, currentActivity=null
07-28 18:56:30.504  9007  9007 I MSHandlerLifeCycle: removeMultiSplitHandler: no exist. decor=DecorView@cd5c327[VerticalListActivity]
07-28 18:56:30.504  9007  9037 D OpenGLRenderer: setSurface called with nullptr
07-28 18:56:30.504  9007  9037 D OpenGLRenderer: setSurface() destroyed EGLSurface
07-28 18:56:30.504  9007  9037 D OpenGLRenderer: destroyEglSurface
07-28 18:56:30.507  9007  9007 I ViewRootImpl@528ab3[VerticalListActivity]: dispatchDetachedFromWindow
07-28 18:56:30.507  1624  5212 D InputTransport: Input channel destroyed: '1d3ab1f', fd=1034
07-28 18:56:30.507  1624  5212 W InputManager-JNI: Input channel object '1d3ab1f com.example.dogglers/com.example.dogglers.VerticalListActivity (client)' was disposed without first being removed with the input manager!
07-28 18:56:30.507  1624  5212 D InputTransport: Input channel destroyed: '1d3ab1f', fd=1037
07-28 18:56:30.508  1127  1127 I Layer   : id=178833 Destroyed Surface(name=3aacd27 NavigationBar0)/@0x501b17d - animation-leash of insets_animation#178833
07-28 18:56:30.508  1127  1127 I Layer   : id=178832 Destroyed Surface(name=f59a3f7 StatusBar)/@0xc90eccd - animation-leash of insets_animation#178832
07-28 18:56:30.509  1127  1176 I SurfaceFlinger: id=178843 createSurf flag=24004, Surface(name=d8adfc2 InputMethod)/@0xc2b360e - animation-leash of insets_animation#178843
07-28 18:56:30.512  9007  9021 D BLASTBufferQueue: [ViewRootImpl@528ab3[VerticalListActivity]#0](f:0,a:1) destructor()
07-28 18:56:30.512  9007  9021 D BufferQueueConsumer: [ViewRootImpl@528ab3[VerticalListActivity]#0(BLAST Consumer)0](id:232f00000000,api:0,p:-1,c:9007) disconnect
07-28 18:56:30.513  9007  9007 D InputTransport: Input channel destroyed: '1d3ab1f', fd=106
07-28 18:56:30.513  1127  3782 I SurfaceFlinger: id=178810 Removed Surface(name=d8adfc2 InputMethod)/@0xc2b360e - animation-leash of insets_animation#178810 (117)
07-28 18:56:30.514  5607  5607 I InputMethodService: removeImeSurface
07-28 18:56:30.514  5607  5607 I MSHandlerLifeCycle: check: return. pkg=com.samsung.android.honeyboard isActivity=false callers=com.android.internal.policy.DecorView.setVisibility:4411 android.app.Dialog.hide:767 android.inputmethodservice.InputMethodService.removeImeSurface:1290 android.inputmethodservice.InputMethodService.scheduleImeSurfaceRemoval:1279 android.inputmethodservice.InputMethodService.-$$Nest$mscheduleImeSurfaceRemoval:0
07-28 18:56:30.514  5607  5607 I MSHandlerLifeCycle: removeMultiSplitHandler: no exist. decor=DecorView@4ed7bdc[InputMethod]
07-28 18:56:30.515  1127  3782 I SurfaceFlinger: id=178829 Removed bf77937 ActivityRecordInputSink com.example.dogglers/.VerticalListActivity#178829 (117)
07-28 18:56:30.518  9007  9007 D LifecycleMonitor: Lifecycle status change: androidx.test.core.app.InstrumentationActivityInvoker$EmptyActivity@5e8e369 in: PAUSED
07-28 18:56:30.518  9007  9007 V ActivityScenario: Activity lifecycle changed event received but ignored because the intent does not match. startActivityIntent=Intent { act=android.intent.action.MAIN cat=[android.intent.category.LAUNCHER] cmp=com.example.dogglers/.VerticalListActivity }, activity.getIntent()=Intent { act=android.intent.action.MAIN cat=[android.intent.category.LAUNCHER] flg=0x10000000 cmp=com.example.dogglers/androidx.test.core.app.InstrumentationActivityInvoker$EmptyActivity }, activity=androidx.test.core.app.InstrumentationActivityInvoker$EmptyActivity@5e8e369
07-28 18:56:30.524  1624  5212 D InputDispatcher: Focused application(0): ActivityRecord{c428994 u0 com.example.dogglers/androidx.test.core.app.InstrumentationActivityInvoker$EmptyActivity} t30329}
07-28 18:56:30.525  1127  1127 I Layer   : id=178831 removeFromCurrentState com.example.dogglers/com.example.dogglers.VerticalListActivity$_9007#178831 (117)
07-28 18:56:30.525  1127  1127 I Layer   : id=178830 removeFromCurrentState 1d3ab1f com.example.dogglers/com.example.dogglers.VerticalListActivity#178830 (117)
07-28 18:56:30.525  1127  1127 I Layer   : id=178835 removeFromCurrentState Surface(name=d8adfc2 InputMethod)/@0xc2b360e - animation-leash of insets_animation#178835 (117)
07-28 18:56:30.525  1127  1127 I SurfaceFlinger: id=178831 Removed com.example.dogglers/com.example.dogglers.VerticalListActivity$_9007#178831 (117)
07-28 18:56:30.525  1127  1127 I SurfaceFlinger: id=178830 Removed 1d3ab1f com.example.dogglers/com.example.dogglers.VerticalListActivity#178830 (117)
07-28 18:56:30.525  1127  1127 I SurfaceFlinger: id=178835 Removed Surface(name=d8adfc2 InputMethod)/@0xc2b360e - animation-leash of insets_animation#178835 (117)
07-28 18:56:30.526  1127  1127 I Layer   : id=178810 Destroyed Surface(name=d8adfc2 InputMethod)/@0xc2b360e - animation-leash of insets_animation#178810
07-28 18:56:30.526  1127  1127 I Layer   : id=178830 Destroyed 1d3ab1f com.example.dogglers/com.example.dogglers.VerticalListActivity#178830
07-28 18:56:30.526  1127  1127 I BufferQueueDebug: [com.example.dogglers/com.example.dogglers.VerticalListActivity$_9007#178831](this:0xb4000075f5489838,id:-1,api:0,p:-1,c:1127) onDestructor()
07-28 18:56:30.526  1127  1127 I Layer   : id=178831 Destroyed com.example.dogglers/com.example.dogglers.VerticalListActivity$_9007#178831
07-28 18:56:30.526  1127  1127 I Layer   : id=178835 Destroyed Surface(name=d8adfc2 InputMethod)/@0xc2b360e - animation-leash of insets_animation#178835
07-28 18:56:30.529  9007  9007 I ViewRootImpl@e274efa[InstrumentationActivityInvoker$EmptyActivity]: MSG_WINDOW_FOCUS_CHANGED 1 0
07-28 18:56:30.529  1080  1169 I hwcomposer: [HWCDisplay] [Display_0 (type:1)] fps:32.607624,dur:1012.03,max:297.57,min:11.32
07-28 18:56:30.530  9007  9007 I ViewRootImpl@e274efa[InstrumentationActivityInvoker$EmptyActivity]: mThreadedRenderer.initializeIfNeeded()#2 mSurface={isValid=true 0xb400007297bc9800}
07-28 18:56:30.531  9007  9007 D InputMethodManager: startInputInner - Id : 0
07-28 18:56:30.531  9007  9007 I InputMethodManager: startInputInner - mService.startInputOrWindowGainedFocus
07-28 18:56:30.532  1624  1668 I SemPersonaManager: SecureFolder personaId = 150
07-28 18:56:30.533  1624  5216 D InputMethodManagerService: mDesktopModeManager null!
07-28 18:56:30.533  1624  5216 V InputMethodManagerService: getDisplayIdOfInputMethodWindowToBeAdded: displayId=0
07-28 18:56:30.533  1624  5216 D InputMethodManagerService: isImeSwitcherDisabledPackage : false
07-28 18:56:30.534  1624  5216 D InputMethodManagerService: checkDisplayOfStartInputAndUpdateKeyboard: displayId=0, mFocusedDisplayId=0
07-28 18:56:30.534  1624  5216 D InputTransport: Input channel constructed: 'ClientS', fd=1034
07-28 18:56:30.534  1624  5216 D InputTransport: Input channel destroyed: 'ClientS', fd=1034
07-28 18:56:30.534  5607  5607 I HBD     : HoneyBoardService onFinishInput
07-28 18:56:30.535  5607  5607 I HBD     : a IC have been unbinding,  RemoteInputConnection{idHash=#7532b05}
07-28 18:56:30.535  5607  5607 I HBD     : HoneyBoardService [PF_CL][onFinishInput]  1 ms
07-28 18:56:30.535  5607  5607 I HBD     : HoneyBoardService [IMI] onStartInput - caller pid : 9007 , caller uid : 10520
07-28 18:56:30.536  5607  5607 I HBD     : j updateConfigs
07-28 18:56:30.536  5607  5607 I HBD     : j isEnabledNightMode : false
07-28 18:56:30.536  5607  5607 I HBD     : a IC have been binding, RemoteInputConnection{idHash=#7532b05}
07-28 18:56:30.536  5607  5607 I HBD     : h [EditorInputType]setPrivateImeOptionsToTable privateImeOptions ( null )
07-28 18:56:30.536  9007  9007 D LifecycleMonitor: Lifecycle status change: androidx.test.core.app.InstrumentationActivityInvoker$BootstrapActivity@3640d6b in: DESTROYED
07-28 18:56:30.536  5607  5607 I HBD     : b incognitoMode : false
07-28 18:56:30.536  5607  5607 I HBD     : a needOff = true , isForceOff = false, isNullInputClass : true
07-28 18:56:30.536  1127  3782 I SurfaceFlinger: id=178844 createSurf flag=24004, Surface(name=d8adfc2 InputMethod)/@0xc2b360e - animation-leash of insets_animation#178844
07-28 18:56:30.536  5607  5607 I HBD     : h getDefaultInputRange : UNKNOWN
07-28 18:56:30.536  5607  5607 I HBD     : h getDefaultInputRange : UNKNOWN
07-28 18:56:30.536  9007  9007 V ActivityScenario: Activity lifecycle changed event received but ignored because the intent does not match. startActivityIntent=Intent { act=android.intent.action.MAIN cat=[android.intent.category.LAUNCHER] cmp=com.example.dogglers/.VerticalListActivity }, activity.getIntent()=Intent { act=android.intent.action.MAIN cat=[android.intent.category.LAUNCHER] flg=0x10008000 cmp=com.example.dogglers/androidx.test.core.app.InstrumentationActivityInvoker$BootstrapActivity (has extras) }, activity=androidx.test.core.app.InstrumentationActivityInvoker$BootstrapActivity@3640d6b
07-28 18:56:30.537  5607  5607 I HBD     : h getDefaultInputRange : UNKNOWN
07-28 18:56:30.538  5607  5607 I HBD     : a needOff = true , isForceOff = false, isNullInputClass : true
07-28 18:56:30.538  5607  5607 I HBD     : a update cached prediction status : false
07-28 18:56:30.538  5607  5607 I HBD     : h getDefaultInputRange : UNKNOWN
07-28 18:56:30.539  5607  5607 I HBD     : a currentState : 0
07-28 18:56:30.539  5607  5607 I HBD     : a [UpdatePolicy] [post] a: 0 cl: 65538 kit: [0/0] vt: 0 ir: 1
07-28 18:56:30.539  5607  5607 I HBD     : a [NRIC] resetNoResponseState
07-28 18:56:30.540  5607  5607 I HBD     : a needOff = true , isForceOff = false, isNullInputClass : true
07-28 18:56:30.540  5607  5607 I HBD     : a update cached prediction status : false
07-28 18:56:30.541  5607  5607 I HBD     : HoneyBoardService [PF_OP][onStartInput]  6 ms
07-28 18:56:30.541  1127  1127 I Layer   : id=178828 removeFromCurrentState ActivityRecord{6d78ea4 u0 com.example.dogglers/.VerticalListActivity} t30329}#178828 (114)
07-28 18:56:30.541  1127  1127 I Layer   : id=178829 removeFromCurrentState bf77937 ActivityRecordInputSink com.example.dogglers/.VerticalListActivity#178829 (114)
07-28 18:56:30.542  1127  1127 I SurfaceFlinger: [a5711c9 com.example.dogglers/androidx.test.core.app.InstrumentationActivityInvoker$EmptyActivity#178837] FrameRatePriority: -1
07-28 18:56:30.542  1127  1127 I Layer   : id=178843 removeFromCurrentState Surface(name=d8adfc2 InputMethod)/@0xc2b360e - animation-leash of insets_animation#178843 (114)
07-28 18:56:30.542  1127  1127 D SurfaceFlinger: [input] inputWindowCommands.focusRequests size is 1
07-28 18:56:30.542  1127  3782 I SurfaceFlinger: id=178827 Removed bddc3fe ActivityRecordInputSink com.example.dogglers/androidx.test.core.app.InstrumentationActivityInvoker$BootstrapActivity#178827 (114)
07-28 18:56:30.542  1127  1127 I SurfaceFlinger: id=178828 Removed ActivityRecord{6d78ea4 u0 com.example.dogglers/.VerticalListActivity} t30329}#178828 (114)
07-28 18:56:30.543  1127  1127 I Layer   : id=178828 Destroyed ActivityRecord{6d78ea4 u0 com.example.dogglers/.VerticalListActivity} t30329}#178828
07-28 18:56:30.543  1127  1127 I Layer   : id=178829 Destroyed bf77937 ActivityRecordInputSink com.example.dogglers/.VerticalListActivity#178829
07-28 18:56:30.543  1624  1668 D EnterpriseDeviceManagerService: isMdmAdminPresentInternal() : MDM Admin Found - com.samsung.knox.securefolder
07-28 18:56:30.544  1127  1386 D SurfaceFlinger: [input] setFocusedWindow: <null>
07-28 18:56:30.544  1624  5302 D InputDispatcher: Focus request (0): <null> but waiting because NOT_FOCUSABLE
07-28 18:56:30.544  1624  3919 I MediaSessionMonitor: Media session stopped : not playing state
07-28 18:56:30.544  1624  5302 D InputDispatcher: Focus left window (0): a5711c9 com.example.dogglers/androidx.test.core.app.InstrumentationActivityInvoker$EmptyActivity
07-28 18:56:30.549  9007  9007 D LifecycleMonitor: Lifecycle status change: androidx.test.core.app.InstrumentationActivityInvoker$EmptyActivity@ef6317f in: PRE_ON_CREATE
07-28 18:56:30.550  9007  9007 V ActivityScenario: Activity lifecycle changed event received but ignored because the intent does not match. startActivityIntent=Intent { act=android.intent.action.MAIN cat=[android.intent.category.LAUNCHER] cmp=com.example.dogglers/.VerticalListActivity }, activity.getIntent()=Intent { act=android.intent.action.MAIN cat=[android.intent.category.LAUNCHER] flg=0x10000000 cmp=com.example.dogglers/androidx.test.core.app.InstrumentationActivityInvoker$EmptyActivity }, activity=androidx.test.core.app.InstrumentationActivityInvoker$EmptyActivity@ef6317f
07-28 18:56:30.557  9007  9007 I DecorView: [INFO] isPopOver=false config=true
07-28 18:56:30.557  9007  9007 I DecorView: updateCaptionType: isFloating=false isApplication=true hasWindowDecorCaption=false this=DecorView@2716aaa[]
07-28 18:56:30.557  9007  9007 D DecorView: setCaptionType = 0, this = DecorView@2716aaa[]
07-28 18:56:30.558  1127  1127 I Layer   : id=178822 removeFromCurrentState ActivityRecord{398075f u0 com.example.dogglers/androidx.test.core.app.InstrumentationActivityInvoker$BootstrapActivity} t30329}#178822 (112)
07-28 18:56:30.558  1127  1127 I Layer   : id=178827 removeFromCurrentState bddc3fe ActivityRecordInputSink com.example.dogglers/androidx.test.core.app.InstrumentationActivityInvoker$BootstrapActivity#178827 (112)
07-28 18:56:30.558  1127  1127 I SurfaceFlinger: id=178822 Removed ActivityRecord{398075f u0 com.example.dogglers/androidx.test.core.app.InstrumentationActivityInvoker$BootstrapActivity} t30329}#178822 (112)
07-28 18:56:30.558  1127  1127 I Layer   : id=178822 Destroyed ActivityRecord{398075f u0 com.example.dogglers/androidx.test.core.app.InstrumentationActivityInvoker$BootstrapActivity} t30329}#178822
07-28 18:56:30.558  1127  1127 I Layer   : id=178827 Destroyed bddc3fe ActivityRecordInputSink com.example.dogglers/androidx.test.core.app.InstrumentationActivityInvoker$BootstrapActivity#178827
07-28 18:56:30.561  9007  9007 I DecorView: getCurrentDensityDpi: from real metrics. densityDpi=450 msg=resources_loaded
07-28 18:56:30.562  9007  9007 I DecorView: setWindowBackground: isPopOver=false color=ff010101 d=android.graphics.drawable.StateListDrawable@246669b
07-28 18:56:30.562  9007  9007 D LifecycleMonitor: Lifecycle status change: androidx.test.core.app.InstrumentationActivityInvoker$EmptyActivity@ef6317f in: CREATED
07-28 18:56:30.563  9007  9007 V ActivityScenario: Activity lifecycle changed event received but ignored because the intent does not match. startActivityIntent=Intent { act=android.intent.action.MAIN cat=[android.intent.category.LAUNCHER] cmp=com.example.dogglers/.VerticalListActivity }, activity.getIntent()=Intent { act=android.intent.action.MAIN cat=[android.intent.category.LAUNCHER] flg=0x10000000 cmp=com.example.dogglers/androidx.test.core.app.InstrumentationActivityInvoker$EmptyActivity }, activity=androidx.test.core.app.InstrumentationActivityInvoker$EmptyActivity@ef6317f
07-28 18:56:30.564  9007  9007 D LifecycleMonitor: Lifecycle status change: androidx.test.core.app.InstrumentationActivityInvoker$EmptyActivity@ef6317f in: STARTED
07-28 18:56:30.565  9007  9007 V ActivityScenario: Activity lifecycle changed event received but ignored because the intent does not match. startActivityIntent=Intent { act=android.intent.action.MAIN cat=[android.intent.category.LAUNCHER] cmp=com.example.dogglers/.VerticalListActivity }, activity.getIntent()=Intent { act=android.intent.action.MAIN cat=[android.intent.category.LAUNCHER] flg=0x10000000 cmp=com.example.dogglers/androidx.test.core.app.InstrumentationActivityInvoker$EmptyActivity }, activity=androidx.test.core.app.InstrumentationActivityInvoker$EmptyActivity@ef6317f
07-28 18:56:30.567  9007  9007 D LifecycleMonitor: Lifecycle status change: androidx.test.core.app.InstrumentationActivityInvoker$EmptyActivity@ef6317f in: RESUMED
07-28 18:56:30.568  9007  9007 V ActivityScenario: Activity lifecycle changed event received but ignored because the intent does not match. startActivityIntent=Intent { act=android.intent.action.MAIN cat=[android.intent.category.LAUNCHER] cmp=com.example.dogglers/.VerticalListActivity }, activity.getIntent()=Intent { act=android.intent.action.MAIN cat=[android.intent.category.LAUNCHER] flg=0x10000000 cmp=com.example.dogglers/androidx.test.core.app.InstrumentationActivityInvoker$EmptyActivity }, activity=androidx.test.core.app.InstrumentationActivityInvoker$EmptyActivity@ef6317f
07-28 18:56:30.568  9007  9007 I MSHandlerLifeCycle: check: return. pkg=com.example.dogglers parent=null callers=com.android.internal.policy.DecorView.setVisibility:4411 android.app.ActivityThread.handleResumeActivity:5476 android.app.servertransaction.ResumeActivityItem.execute:54 android.app.servertransaction.ActivityTransactionItem.execute:45 android.app.servertransaction.TransactionExecutor.executeLifecycleState:176
07-28 18:56:30.568  9007  9007 I MSHandlerLifeCycle: removeMultiSplitHandler: no exist. decor=DecorView@2716aaa[]
07-28 18:56:30.569  1127  3782 D SurfaceFlinger: [SF client] NEW(0xb40000762185e600) for (9007:com.example.dogglers)
07-28 18:56:30.572  9007  9037 D NativeCustomFrequencyManager: [NativeCFMS] BpCustomFrequencyManager::BpCustomFrequencyManager()
07-28 18:56:30.574  1624  5216 D InputTransport: Input channel constructed: '405cf3a', fd=1043
07-28 18:56:30.574  1624  5216 D InputTransport: Input channel constructed: '405cf3a', fd=1044
07-28 18:56:30.574  1624  5216 D InputTransport: Input channel constructed: '405cf3a', fd=1045
07-28 18:56:30.575  1127  3782 I SurfaceFlinger: id=178845 createSurf flag=80004, 405cf3a com.example.dogglers/androidx.test.core.app.InstrumentationActivityInvoker$EmptyActivity#178845
07-28 18:56:30.576  1624  5216 D InputTransport: Input channel destroyed: '405cf3a', fd=1045
07-28 18:56:30.577  9007  9007 D InsetsController: onStateChanged: InsetsState: {mDisplayFrame=Rect(0, 0 - 1080, 2400), mDisplayCutout=DisplayCutout{insets=Rect(0, 80 - 0, 0) waterfall=Insets{left=0, top=0, right=0, bottom=0} boundingRect={Bounds=[Rect(0, 0 - 0, 0), Rect(468, 0 - 612, 80), Rect(0, 0 - 0, 0), Rect(0, 0 - 0, 0)]} cutoutPathParserInfo={CutoutPathParserInfo{displayWidth=1080 displayHeight=2400 physicalDisplayWidth=1080 physicalDisplayHeight=2400 density={2.625} cutoutSpec={M 0,0 H -27.42857142857143 V 30.47619047619048 H 27.42857142857143 V 0 H 0 Z @dp} rotation={0} scale={1.0} physicalPixelDisplaySizeRatio={1.0}}}}, mRoundedCorners=RoundedCorners{[RoundedCorner{position=TopLeft, radius=90, center=Point(90, 90)}, RoundedCorner{position=TopRight, radius=90, center=Point(990, 90)}, RoundedCorner{position=BottomRight, radius=90, center=Point(990, 2310)}, RoundedCorner{position=BottomLeft, radius=90, center=Point(90, 2310)}]}  mRoundedCornerFrame=Rect(0, 0 - 1080, 2400), mPrivacyIndicatorBounds=PrivacyIndicatorBounds {static bounds=Rect(956, 0 - 1080, 80) rotation=0}, mSources= { InsetsSource: {mType=ITYPE_STATUS_BAR, mFrame=[0,0][1080,80], mVisible=true, mInsetsRoundedCornerFrame=false}, InsetsSource: {mType=ITYPE_NAVIGATION_BAR, mFrame=[0,2265][1080,2400], mVisible=true, mInsetsRoundedCornerFrame=false}, InsetsSource: {mType=ITYPE_LEFT_GESTURES, mFrame=[0,0][0,2400], mVisible=true, mInsetsRoundedCornerFrame=false}, InsetsSource: {mType=ITYPE_RIGHT_GESTURES, mFrame=[1080,0][1080,2400], mVisible=true, mInsetsRoundedCornerFrame=false}, InsetsSource: {mType=ITYPE_TOP_MANDATORY_GESTURES, mFrame=[0,0][1080,114], mVisible=true, mInsetsRoundedCornerFrame=false}, InsetsSource: {mType=ITYPE_BOTTOM_MANDATORY_GESTURES, mFrame=[0,2265][1080,2400], mVisible=true, mInsetsRoundedCornerFrame=false}, InsetsSource: {mType=ITYPE_LEFT_DISPLAY_CUTOUT, mFrame=[0,0][-100000,2400], mVisible=true, mInsetsRoundedCornerFrame=false}, InsetsSource: {mType=ITYPE_TOP_DISPLAY_CUTOUT, mFrame=[0,0][1080,80], mVisible=true, mInsetsRoundedCornerFrame=false}, InsetsSource: {mType=ITYPE_RIGHT_DISPLAY_CUTOUT, mFrame=[100000,0][1080,2400], mVisible=true, mInsetsRoundedCornerFrame=false}, InsetsSource: {mType=ITYPE_BOTTOM_DISPLAY_CUTOUT, mFrame=[0,100000][1080,2400], mVisible=true, mInsetsRoundedCornerFrame=false}, InsetsSource: {mType=ITYPE_TOP_TAPPABLE_ELEMENT, mFrame=[0,0][1080,80], mVisible=true, mInsetsRoundedCornerFrame=false}, InsetsSource: {mType=ITYPE_BOTTOM_TAPPABLE_ELEMENT, mFrame=[0,2265][1080,2400], mVisible=true, mInsetsRoundedCornerFrame=false} } host=com.example.dogglers/androidx.test.core.app.InstrumentationActivityInvoker$EmptyActivity from=android.view.ViewRootImpl.setView:1732
07-28 18:56:30.579  9007  9007 I ViewRootImpl@21f1a38[InstrumentationActivityInvoker$EmptyActivity]: setView = com.android.internal.policy.DecorView@2716aaa TM=true
07-28 18:56:30.580  9007  9007 I MSHandlerLifeCycle: removeMultiSplitHandler: no exist. decor=DecorView@2716aaa[InstrumentationActivityInvoker$EmptyActivity]
07-28 18:56:30.581  1624  1745 D AnalyticsContainerHandler: handleMessage : { when=0 what=1 target=com.android.server.knox.KnoxAnalyticsContainer$AnalyticsHandler }
07-28 18:56:30.582  1624  5216 D InputMethodManagerService: isImeSwitcherDisabledPackage : false
07-28 18:56:30.583  5607  5607 I InputMethodService: removeImeSurface
07-28 18:56:30.583  5607  5607 I MSHandlerLifeCycle: check: return. pkg=com.samsung.android.honeyboard isActivity=false callers=com.android.internal.policy.DecorView.setVisibility:4411 android.app.Dialog.hide:767 android.inputmethodservice.InputMethodService.removeImeSurface:1290 android.inputmethodservice.InputMethodService.scheduleImeSurfaceRemoval:1279 android.inputmethodservice.InputMethodService.-$$Nest$mscheduleImeSurfaceRemoval:0
07-28 18:56:30.583  5607  5607 I MSHandlerLifeCycle: removeMultiSplitHandler: no exist. decor=DecorView@4ed7bdc[InputMethod]
07-28 18:56:30.588  9007  9007 I ViewRootImpl@21f1a38[InstrumentationActivityInvoker$EmptyActivity]: performTraversals params={(0,0)(fillxfill) sim={adjust=pan forwardNavigation} ty=BASE_APPLICATION wanim=0x1030001
07-28 18:56:30.588  9007  9007 I ViewRootImpl@21f1a38[InstrumentationActivityInvoker$EmptyActivity]:   fl=1810100
07-28 18:56:30.588  9007  9007 I ViewRootImpl@21f1a38[InstrumentationActivityInvoker$EmptyActivity]:   pfl=12020040
07-28 18:56:30.588  9007  9007 I ViewRootImpl@21f1a38[InstrumentationActivityInvoker$EmptyActivity]:   bhv=DEFAULT
07-28 18:56:30.588  9007  9007 I ViewRootImpl@21f1a38[InstrumentationActivityInvoker$EmptyActivity]:   fitSides= naviIconColor=0
07-28 18:56:30.588  9007  9007 I ViewRootImpl@21f1a38[InstrumentationActivityInvoker$EmptyActivity]:   sfl=100000}
07-28 18:56:30.590  9007  9007 I ViewRootImpl@21f1a38[InstrumentationActivityInvoker$EmptyActivity]: performTraversals mFirst=true windowShouldResize=true viewVisibilityChanged=false mForceNextWindowRelayout=false params={(0,0)(fillxfill) sim={adjust=pan forwardNavigation} ty=BASE_APPLICATION wanim=0x1030001
07-28 18:56:30.590  9007  9007 I ViewRootImpl@21f1a38[InstrumentationActivityInvoker$EmptyActivity]:   fl=1810100
07-28 18:56:30.590  9007  9007 I ViewRootImpl@21f1a38[InstrumentationActivityInvoker$EmptyActivity]:   pfl=12020040
07-28 18:56:30.590  9007  9007 I ViewRootImpl@21f1a38[InstrumentationActivityInvoker$EmptyActivity]:   bhv=DEFAULT
07-28 18:56:30.590  9007  9007 I ViewRootImpl@21f1a38[InstrumentationActivityInvoker$EmptyActivity]:   fitSides= naviIconColor=0
07-28 18:56:30.590  9007  9007 I ViewRootImpl@21f1a38[InstrumentationActivityInvoker$EmptyActivity]:   sfl=100000}
07-28 18:56:30.591  1624  5216 V WindowManager: Relayout Window{405cf3a u0 com.example.dogglers/androidx.test.core.app.InstrumentationActivityInvoker$EmptyActivity}: viewVisibility=0 req=1080x2400 d0
07-28 18:56:30.591  1127  3782 I BufferQueueDebug: [com.example.dogglers/androidx.test.core.app.InstrumentationActivityInvoker$EmptyActivity$_9007#178846](this:0xb4000075f09ff838,id:-1,api:0,p:-1,c:-1) BufferQueue core=(1127:/system/bin/surfaceflinger)
07-28 18:56:30.592  1127  3782 I SurfaceFlinger: id=178846 createSurf flag=40004, com.example.dogglers/androidx.test.core.app.InstrumentationActivityInvoker$EmptyActivity$_9007#178846
07-28 18:56:30.595  1127  3782 I SurfaceFlinger: id=178847 createSurf flag=24000, Surface(name=f59a3f7 StatusBar)/@0xc90eccd - animation-leash of insets_animation#178847
07-28 18:56:30.596  1127  3782 I SurfaceFlinger: id=178848 createSurf flag=24000, Surface(name=3aacd27 NavigationBar0)/@0x501b17d - animation-leash of insets_animation#178848
07-28 18:56:30.598  1624  5216 V WindowManager: Relayout hash=405cf3a, pid=9007, syncId=-1: mAttrs={(0,0)(fillxfill) sim={adjust=pan forwardNavigation} ty=BASE_APPLICATION wanim=0x1030001
07-28 18:56:30.598  1624  5216 V WindowManager:   fl=1810100
07-28 18:56:30.598  1624  5216 V WindowManager:   pfl=12020040
07-28 18:56:30.598  1624  5216 V WindowManager:   apr=LIGHT_NAVIGATION_BARS
07-28 18:56:30.598  1624  5216 V WindowManager:   bhv=DEFAULT
07-28 18:56:30.598  1624  5216 V WindowManager:   fitSides= naviIconColor=0
07-28 18:56:30.598  1624  5216 V WindowManager:   sfl=100000}
07-28 18:56:30.601  9007  9007 D InsetsController: onStateChanged: InsetsState: {mDisplayFrame=Rect(0, 0 - 1080, 2400), mDisplayCutout=DisplayCutout{insets=Rect(0, 80 - 0, 0) waterfall=Insets{left=0, top=0, right=0, bottom=0} boundingRect={Bounds=[Rect(0, 0 - 0, 0), Rect(468, 0 - 612, 80), Rect(0, 0 - 0, 0), Rect(0, 0 - 0, 0)]} cutoutPathParserInfo={CutoutPathParserInfo{displayWidth=1080 displayHeight=2400 physicalDisplayWidth=1080 physicalDisplayHeight=2400 density={2.625} cutoutSpec={M 0,0 H -27.42857142857143 V 30.47619047619048 H 27.42857142857143 V 0 H 0 Z @dp} rotation={0} scale={1.0} physicalPixelDisplaySizeRatio={1.0}}}}, mRoundedCorners=RoundedCorners{[RoundedCorner{position=TopLeft, radius=90, center=Point(90, 90)}, RoundedCorner{position=TopRight, radius=90, center=Point(990, 90)}, RoundedCorner{position=BottomRight, radius=90, center=Point(990, 2310)}, RoundedCorner{position=BottomLeft, radius=90, center=Point(90, 2310)}]}  mRoundedCornerFrame=Rect(0, 0 - 1080, 2400), mPrivacyIndicatorBounds=PrivacyIndicatorBounds {static bounds=Rect(956, 0 - 1080, 80) rotation=0}, mSources= { InsetsSource: {mType=ITYPE_STATUS_BAR, mFrame=[0,0][1080,80], mVisible=true, mInsetsRoundedCornerFrame=false}, InsetsSource: {mType=ITYPE_NAVIGATION_BAR, mFrame=[0,2265][1080,2400], mVisible=true, mInsetsRoundedCornerFrame=false}, InsetsSource: {mType=ITYPE_LEFT_GESTURES, mFrame=[0,0][0,2400], mVisible=true, mInsetsRoundedCornerFrame=false}, InsetsSource: {mType=ITYPE_RIGHT_GESTURES, mFrame=[1080,0][1080,2400], mVisible=true, mInsetsRoundedCornerFrame=false}, InsetsSource: {mType=ITYPE_TOP_MANDATORY_GESTURES, mFrame=[0,0][1080,114], mVisible=true, mInsetsRoundedCornerFrame=false}, InsetsSource: {mType=ITYPE_BOTTOM_MANDATORY_GESTURES, mFrame=[0,2265][1080,2400], mVisible=true, mInsetsRoundedCornerFrame=false}, InsetsSource: {mType=ITYPE_LEFT_DISPLAY_CUTOUT, mFrame=[0,0][-100000,2400], mVisible=true, mInsetsRoundedCornerFrame=false}, InsetsSource: {mType=ITYPE_TOP_DISPLAY_CUTOUT, mFrame=[0,0][1080,80], mVisible=true, mInsetsRoundedCornerFrame=false}, InsetsSource: {mType=ITYPE_RIGHT_DISPLAY_CUTOUT, mFrame=[100000,0][1080,2400], mVisible=true, mInsetsRoundedCornerFrame=false}, InsetsSource: {mType=ITYPE_BOTTOM_DISPLAY_CUTOUT, mFrame=[0,100000][1080,2400], mVisible=true, mInsetsRoundedCornerFrame=false}, InsetsSource: {mType=ITYPE_TOP_TAPPABLE_ELEMENT, mFrame=[0,0][1080,80], mVisible=true, mInsetsRoundedCornerFrame=false}, InsetsSource: {mType=ITYPE_BOTTOM_TAPPABLE_ELEMENT, mFrame=[0,2265][1080,2400], mVisible=true, mInsetsRoundedCornerFrame=false}, InsetsSource: {mType=ITYPE_IME, mFrame=[0,0][0,0], mVisibleFrame=[0,1243][1080,2400], mVisible=false, mInsetsRoundedCornerFrame=false} } host=com.example.dogglers/androidx.test.core.app.InstrumentationActivityInvoker$EmptyActivity from=android.view.ViewRootImpl.relayoutWindow:9802
07-28 18:56:30.603  9007  9007 I ViewRootImpl@21f1a38[InstrumentationActivityInvoker$EmptyActivity]: updateBlastSurfaceIfNeeded mBlastBufferQueue=null isSameSurfaceControl=false
07-28 18:56:30.603  9007  9007 D BufferQueueConsumer: [](id:232f00000002,api:0,p:-1,c:9007) connect: controlledByApp=false
07-28 18:56:30.604  9007  9007 I BLASTBufferQueue: new BLASTBufferQueue, mName= ViewRootImpl@21f1a38[InstrumentationActivityInvoker$EmptyActivity] mNativeObject= 0xb400007297bfc800 sc.mNativeObject= 0xb400007297af0a20 caller= android.view.ViewRootImpl.updateBlastSurfaceIfNeeded:2909 android.view.ViewRootImpl.relayoutWindow:9847 android.view.ViewRootImpl.performTraversals:3884 android.view.ViewRootImpl.doTraversal:3116 android.view.ViewRootImpl$TraversalRunnable.run:10885 android.view.Choreographer$CallbackRecord.run:1301 android.view.Choreographer$CallbackRecord.run:1309 android.view.Choreographer.doCallbacks:923 android.view.Choreographer.doFrame:852 android.view.Choreographer$FrameDisplayEventReceiver.run:1283
07-28 18:56:30.604  9007  9007 I BLASTBufferQueue: update, w= 1080 h= 2400 mName = ViewRootImpl@21f1a38[InstrumentationActivityInvoker$EmptyActivity] mNativeObject= 0xb400007297bfc800 sc.mNativeObject= 0xb400007297af0a20 format= -1 caller= android.graphics.BLASTBufferQueue.<init>:84 android.view.ViewRootImpl.updateBlastSurfaceIfNeeded:2909 android.view.ViewRootImpl.relayoutWindow:9847 android.view.ViewRootImpl.performTraversals:3884 android.view.ViewRootImpl.doTraversal:3116 android.view.ViewRootImpl$TraversalRunnable.run:10885
07-28 18:56:30.605  9007  9007 I ViewRootImpl@21f1a38[InstrumentationActivityInvoker$EmptyActivity]: Relayout returned: old=(0,0,1080,2400) new=(0,0,1080,2400) req=(1080,2400)0 dur=13 res=0x3 s={true 0xb400007297bd8800} ch=true seqId=0
07-28 18:56:30.606  9007  9007 I ViewRootImpl@21f1a38[InstrumentationActivityInvoker$EmptyActivity]: mThreadedRenderer.initialize() mSurface={isValid=true 0xb400007297bd8800} hwInitialized=true
07-28 18:56:30.606  9007  9037 D OpenGLRenderer: eglCreateWindowSurface
07-28 18:56:30.608  1127  1127 I Layer   : id=178839 removeFromCurrentState Surface(name=f59a3f7 StatusBar)/@0xc90eccd - animation-leash of insets_animation#178839 (114)
07-28 18:56:30.608  1127  1127 I Layer   : id=178840 removeFromCurrentState Surface(name=3aacd27 NavigationBar0)/@0x501b17d - animation-leash of insets_animation#178840 (114)
07-28 18:56:30.608  1127  1127 I SurfaceFlinger: [405cf3a com.example.dogglers/androidx.test.core.app.InstrumentationActivityInvoker$EmptyActivity#178845] FrameRatePriority: 1
07-28 18:56:30.610  9007  9007 I ViewRootImpl@21f1a38[InstrumentationActivityInvoker$EmptyActivity]: reportNextDraw android.view.ViewRootImpl.performTraversals:4438 android.view.ViewRootImpl.doTraversal:3116 android.view.ViewRootImpl$TraversalRunnable.run:10885 android.view.Choreographer$CallbackRecord.run:1301 android.view.Choreographer$CallbackRecord.run:1309
07-28 18:56:30.610  9007  9007 I ViewRootImpl@21f1a38[InstrumentationActivityInvoker$EmptyActivity]: Setup new sync id=0
07-28 18:56:30.610  9007  9007 I ViewRootImpl@21f1a38[InstrumentationActivityInvoker$EmptyActivity]: Setting syncFrameCallback
07-28 18:56:30.610  9007  9007 I ViewRootImpl@21f1a38[InstrumentationActivityInvoker$EmptyActivity]: registerCallbacksForSync syncBuffer=false
07-28 18:56:30.613  9007  9063 I ViewRootImpl@21f1a38[InstrumentationActivityInvoker$EmptyActivity]: Received frameDrawingCallback syncResult=0 frameNum=1.
