07-28 17:18:52.705  8684  8684 D InsetsController: onStateChanged: InsetsState: {mDisplayFrame=Rect(0, 0 - 1080, 2400), mDisplayCutout=DisplayCutout{insets=Rect(0, 80 - 0, 0) waterfall=Insets{left=0, top=0, right=0, bottom=0} boundingRect={Bounds=[Rect(0, 0 - 0, 0), Rect(468, 0 - 612, 80), Rect(0, 0 - 0, 0), Rect(0, 0 - 0, 0)]} cutoutPathParserInfo={CutoutPathParserInfo{displayWidth=1080 displayHeight=2400 physicalDisplayWidth=1080 physicalDisplayHeight=2400 density={2.625} cutoutSpec={M 0,0 H -27.42857142857143 V 30.47619047619048 H 27.42857142857143 V 0 H 0 Z @dp} rotation={0} scale={1.0} physicalPixelDisplaySizeRatio={1.0}}}}, mRoundedCorners=RoundedCorners{[RoundedCorner{position=TopLeft, radius=90, center=Point(90, 90)}, RoundedCorner{position=TopRight, radius=90, center=Point(990, 90)}, RoundedCorner{position=BottomRight, radius=90, center=Point(990, 2310)}, RoundedCorner{position=BottomLeft, radius=90, center=Point(90, 2310)}]}  mRoundedCornerFrame=Rect(0, 0 - 1080, 2400), mPrivacyIndicatorBounds=PrivacyIndicatorBounds {static bounds=Rect(956, 0 - 1080, 80) rotation=0}, mSources= { InsetsSource: {mType=ITYPE_STATUS_BAR, mFrame=[0,0][1080,80], mVisible=true, mInsetsRoundedCornerFrame=false}, InsetsSource: {mType=ITYPE_NAVIGATION_BAR, mFrame=[0,2265][1080,2400], mVisible=true, mInsetsRoundedCornerFrame=false}, InsetsSource: {mType=ITYPE_LEFT_GESTURES, mFrame=[0,0][0,2400], mVisible=true, mInsetsRoundedCornerFrame=false}, InsetsSource: {mType=ITYPE_RIGHT_GESTURES, mFrame=[1080,0][1080,2400], mVisible=true, mInsetsRoundedCornerFrame=false}, InsetsSource: {mType=ITYPE_TOP_MANDATORY_GESTURES, mFrame=[0,0][1080,114], mVisible=true, mInsetsRoundedCornerFrame=false}, InsetsSource: {mType=ITYPE_BOTTOM_MANDATORY_GESTURES, mFrame=[0,2265][1080,2400], mVisible=true, mInsetsRoundedCornerFrame=false}, InsetsSource: {mType=ITYPE_LEFT_DISPLAY_CUTOUT, mFrame=[0,0][-100000,2400], mVisible=true, mInsetsRoundedCornerFrame=false}, InsetsSource: {mType=ITYPE_TOP_DISPLAY_CUTOUT, mFrame=[0,0][1080,80], mVisible=true, mInsetsRoundedCornerFrame=false}, InsetsSource: {mType=ITYPE_RIGHT_DISPLAY_CUTOUT, mFrame=[100000,0][1080,2400], mVisible=true, mInsetsRoundedCornerFrame=false}, InsetsSource: {mType=ITYPE_BOTTOM_DISPLAY_CUTOUT, mFrame=[0,100000][1080,2400], mVisible=true, mInsetsRoundedCornerFrame=false}, InsetsSource: {mType=ITYPE_TOP_TAPPABLE_ELEMENT, mFrame=[0,0][1080,80], mVisible=true, mInsetsRoundedCornerFrame=false}, InsetsSource: {mType=ITYPE_BOTTOM_TAPPABLE_ELEMENT, mFrame=[0,2265][1080,2400], mVisible=true, mInsetsRoundedCornerFrame=false} } host=com.example.dogglers/androidx.test.core.app.InstrumentationActivityInvoker$EmptyActivity from=android.view.ViewRootImpl.setView:1732
07-28 17:18:52.707  8684  8684 I ViewRootImpl@be9d3a9[InstrumentationActivityInvoker$EmptyActivity]: setView = com.android.internal.policy.DecorView@4e36073 TM=true
07-28 17:18:52.708  8684  8684 I MSHandlerLifeCycle: removeMultiSplitHandler: no exist. decor=DecorView@4e36073[InstrumentationActivityInvoker$EmptyActivity]
07-28 17:18:52.709  1624  1745 D AnalyticsContainerHandler: handleMessage : { when=0 what=1 target=com.android.server.knox.KnoxAnalyticsContainer$AnalyticsHandler }
07-28 17:18:52.715  8684  8684 I ViewRootImpl@be9d3a9[InstrumentationActivityInvoker$EmptyActivity]: performTraversals params={(0,0)(fillxfill) sim={adjust=pan forwardNavigation} ty=BASE_APPLICATION wanim=0x1030001
07-28 17:18:52.715  8684  8684 I ViewRootImpl@be9d3a9[InstrumentationActivityInvoker$EmptyActivity]:   fl=1810100
07-28 17:18:52.715  8684  8684 I ViewRootImpl@be9d3a9[InstrumentationActivityInvoker$EmptyActivity]:   pfl=12020040
07-28 17:18:52.715  8684  8684 I ViewRootImpl@be9d3a9[InstrumentationActivityInvoker$EmptyActivity]:   bhv=DEFAULT
07-28 17:18:52.715  8684  8684 I ViewRootImpl@be9d3a9[InstrumentationActivityInvoker$EmptyActivity]:   fitSides= naviIconColor=0
07-28 17:18:52.715  8684  8684 I ViewRootImpl@be9d3a9[InstrumentationActivityInvoker$EmptyActivity]:   sfl=100000}
07-28 17:18:52.717  8684  8684 I ViewRootImpl@be9d3a9[InstrumentationActivityInvoker$EmptyActivity]: performTraversals mFirst=true windowShouldResize=true viewVisibilityChanged=false mForceNextWindowRelayout=false params={(0,0)(fillxfill) sim={adjust=pan forwardNavigation} ty=BASE_APPLICATION wanim=0x1030001
07-28 17:18:52.717  8684  8684 I ViewRootImpl@be9d3a9[InstrumentationActivityInvoker$EmptyActivity]:   fl=1810100
07-28 17:18:52.717  8684  8684 I ViewRootImpl@be9d3a9[InstrumentationActivityInvoker$EmptyActivity]:   pfl=12020040
07-28 17:18:52.717  8684  8684 I ViewRootImpl@be9d3a9[InstrumentationActivityInvoker$EmptyActivity]:   bhv=DEFAULT
07-28 17:18:52.717  8684  8684 I ViewRootImpl@be9d3a9[InstrumentationActivityInvoker$EmptyActivity]:   fitSides= naviIconColor=0
07-28 17:18:52.717  8684  8684 I ViewRootImpl@be9d3a9[InstrumentationActivityInvoker$EmptyActivity]:   sfl=100000}
07-28 17:18:52.717  1624  2462 V WindowManager: Relayout Window{adc9529 u0 com.example.dogglers/androidx.test.core.app.InstrumentationActivityInvoker$EmptyActivity}: viewVisibility=0 req=1080x2400 d0
07-28 17:18:52.718  1127  3782 I BufferQueueDebug: [com.example.dogglers/androidx.test.core.app.InstrumentationActivityInvoker$EmptyActivity$_8684#175941](this:0xb4000075f0aa9838,id:-1,api:0,p:-1,c:-1) BufferQueue core=(1127:/system/bin/surfaceflinger)
07-28 17:18:52.718  1127  3782 I SurfaceFlinger: id=175941 createSurf flag=40004, com.example.dogglers/androidx.test.core.app.InstrumentationActivityInvoker$EmptyActivity$_8684#175941
07-28 17:18:52.723  1127  3782 I SurfaceFlinger: id=175942 createSurf flag=24000, Surface(name=7ae696d StatusBar)/@0x546cfe9 - animation-leash of insets_animation#175942
07-28 17:18:52.724  1127  3782 I SurfaceFlinger: id=175943 createSurf flag=24000, Surface(name=57253a2 NavigationBar0)/@0x6398367 - animation-leash of insets_animation#175943
07-28 17:18:52.727  1624  2462 V WindowManager: Relayout hash=adc9529, pid=8684, syncId=-1: mAttrs={(0,0)(fillxfill) sim={adjust=pan forwardNavigation} ty=BASE_APPLICATION wanim=0x1030001
07-28 17:18:52.727  1624  2462 V WindowManager:   fl=1810100
07-28 17:18:52.727  1624  2462 V WindowManager:   pfl=12020040
07-28 17:18:52.727  1624  2462 V WindowManager:   apr=LIGHT_NAVIGATION_BARS
07-28 17:18:52.727  1624  2462 V WindowManager:   bhv=DEFAULT
07-28 17:18:52.727  1624  2462 V WindowManager:   fitSides= naviIconColor=0
07-28 17:18:52.727  1624  2462 V WindowManager:   sfl=100000}
07-28 17:18:52.732  8684  8684 D InsetsController: onStateChanged: InsetsState: {mDisplayFrame=Rect(0, 0 - 1080, 2400), mDisplayCutout=DisplayCutout{insets=Rect(0, 80 - 0, 0) waterfall=Insets{left=0, top=0, right=0, bottom=0} boundingRect={Bounds=[Rect(0, 0 - 0, 0), Rect(468, 0 - 612, 80), Rect(0, 0 - 0, 0), Rect(0, 0 - 0, 0)]} cutoutPathParserInfo={CutoutPathParserInfo{displayWidth=1080 displayHeight=2400 physicalDisplayWidth=1080 physicalDisplayHeight=2400 density={2.625} cutoutSpec={M 0,0 H -27.42857142857143 V 30.47619047619048 H 27.42857142857143 V 0 H 0 Z @dp} rotation={0} scale={1.0} physicalPixelDisplaySizeRatio={1.0}}}}, mRoundedCorners=RoundedCorners{[RoundedCorner{position=TopLeft, radius=90, center=Point(90, 90)}, RoundedCorner{position=TopRight, radius=90, center=Point(990, 90)}, RoundedCorner{position=BottomRight, radius=90, center=Point(990, 2310)}, RoundedCorner{position=BottomLeft, radius=90, center=Point(90, 2310)}]}  mRoundedCornerFrame=Rect(0, 0 - 1080, 2400), mPrivacyIndicatorBounds=PrivacyIndicatorBounds {static bounds=Rect(956, 0 - 1080, 80) rotation=0}, mSources= { InsetsSource: {mType=ITYPE_STATUS_BAR, mFrame=[0,0][1080,80], mVisible=true, mInsetsRoundedCornerFrame=false}, InsetsSource: {mType=ITYPE_NAVIGATION_BAR, mFrame=[0,2265][1080,2400], mVisible=true, mInsetsRoundedCornerFrame=false}, InsetsSource: {mType=ITYPE_LEFT_GESTURES, mFrame=[0,0][0,2400], mVisible=true, mInsetsRoundedCornerFrame=false}, InsetsSource: {mType=ITYPE_RIGHT_GESTURES, mFrame=[1080,0][1080,2400], mVisible=true, mInsetsRoundedCornerFrame=false}, InsetsSource: {mType=ITYPE_TOP_MANDATORY_GESTURES, mFrame=[0,0][1080,114], mVisible=true, mInsetsRoundedCornerFrame=false}, InsetsSource: {mType=ITYPE_BOTTOM_MANDATORY_GESTURES, mFrame=[0,2265][1080,2400], mVisible=true, mInsetsRoundedCornerFrame=false}, InsetsSource: {mType=ITYPE_LEFT_DISPLAY_CUTOUT, mFrame=[0,0][-100000,2400], mVisible=true, mInsetsRoundedCornerFrame=false}, InsetsSource: {mType=ITYPE_TOP_DISPLAY_CUTOUT, mFrame=[0,0][1080,80], mVisible=true, mInsetsRoundedCornerFrame=false}, InsetsSource: {mType=ITYPE_RIGHT_DISPLAY_CUTOUT, mFrame=[100000,0][1080,2400], mVisible=true, mInsetsRoundedCornerFrame=false}, InsetsSource: {mType=ITYPE_BOTTOM_DISPLAY_CUTOUT, mFrame=[0,100000][1080,2400], mVisible=true, mInsetsRoundedCornerFrame=false}, InsetsSource: {mType=ITYPE_TOP_TAPPABLE_ELEMENT, mFrame=[0,0][1080,80], mVisible=true, mInsetsRoundedCornerFrame=false}, InsetsSource: {mType=ITYPE_BOTTOM_TAPPABLE_ELEMENT, mFrame=[0,2265][1080,2400], mVisible=true, mInsetsRoundedCornerFrame=false}, InsetsSource: {mType=ITYPE_IME, mFrame=[0,0][0,0], mVisibleFrame=[0,1243][1080,2400], mVisible=false, mInsetsRoundedCornerFrame=false} } host=com.example.dogglers/androidx.test.core.app.InstrumentationActivityInvoker$EmptyActivity from=android.view.ViewRootImpl.relayoutWindow:9802
07-28 17:18:52.734  8684  8684 I ViewRootImpl@be9d3a9[InstrumentationActivityInvoker$EmptyActivity]: updateBlastSurfaceIfNeeded mBlastBufferQueue=null isSameSurfaceControl=false
07-28 17:18:52.734  8684  8684 D BufferQueueConsumer: [](id:21ec00000008,api:0,p:-1,c:8684) connect: controlledByApp=false
07-28 17:18:52.735  1073 12679 D AudioALSAStreamManager: getInputBufferSize(), sampleRate = 48000, format = 0x1, channelCount = 1, bufferSize = 1920
07-28 17:18:52.735  8684  8684 I BLASTBufferQueue: new BLASTBufferQueue, mName= ViewRootImpl@be9d3a9[InstrumentationActivityInvoker$EmptyActivity] mNativeObject= 0xb400007297a2fd80 sc.mNativeObject= 0xb40000730f428180 caller= android.view.ViewRootImpl.updateBlastSurfaceIfNeeded:2909 android.view.ViewRootImpl.relayoutWindow:9847 android.view.ViewRootImpl.performTraversals:3884 android.view.ViewRootImpl.doTraversal:3116 android.view.ViewRootImpl$TraversalRunnable.run:10885 android.view.Choreographer$CallbackRecord.run:1301 android.view.Choreographer$CallbackRecord.run:1309 android.view.Choreographer.doCallbacks:923 android.view.Choreographer.doFrame:852 android.view.Choreographer$FrameDisplayEventReceiver.run:1283
07-28 17:18:52.736  8684  8684 I BLASTBufferQueue: update, w= 1080 h= 2400 mName = ViewRootImpl@be9d3a9[InstrumentationActivityInvoker$EmptyActivity] mNativeObject= 0xb400007297a2fd80 sc.mNativeObject= 0xb40000730f428180 format= -1 caller= android.graphics.BLASTBufferQueue.<init>:84 android.view.ViewRootImpl.updateBlastSurfaceIfNeeded:2909 android.view.ViewRootImpl.relayoutWindow:9847 android.view.ViewRootImpl.performTraversals:3884 android.view.ViewRootImpl.doTraversal:3116 android.view.ViewRootImpl$TraversalRunnable.run:10885
07-28 17:18:52.736  8684  8684 I ViewRootImpl@be9d3a9[InstrumentationActivityInvoker$EmptyActivity]: Relayout returned: old=(0,0,1080,2400) new=(0,0,1080,2400) req=(1080,2400)0 dur=17 res=0x3 s={true 0xb40000728abbe000} ch=true seqId=0
07-28 17:18:52.739  8684  8768 D OpenGLRenderer: eglCreateWindowSurface
07-28 17:18:52.739  8684  8684 I ViewRootImpl@be9d3a9[InstrumentationActivityInvoker$EmptyActivity]: mThreadedRenderer.initialize() mSurface={isValid=true 0xb40000728abbe000} hwInitialized=true
07-28 17:18:52.741  8684  8684 I ViewRootImpl@be9d3a9[InstrumentationActivityInvoker$EmptyActivity]: reportNextDraw android.view.ViewRootImpl.performTraversals:4438 android.view.ViewRootImpl.doTraversal:3116 android.view.ViewRootImpl$TraversalRunnable.run:10885 android.view.Choreographer$CallbackRecord.run:1301 android.view.Choreographer$CallbackRecord.run:1309
07-28 17:18:52.741  8684  8684 I ViewRootImpl@be9d3a9[InstrumentationActivityInvoker$EmptyActivity]: Setup new sync id=0
07-28 17:18:52.742  8684  8684 I ViewRootImpl@be9d3a9[InstrumentationActivityInvoker$EmptyActivity]: Setting syncFrameCallback
07-28 17:18:52.742  8684  8684 I ViewRootImpl@be9d3a9[InstrumentationActivityInvoker$EmptyActivity]: registerCallbacksForSync syncBuffer=false
07-28 17:18:52.743  1127  1127 I Layer   : id=175934 removeFromCurrentState Surface(name=7ae696d StatusBar)/@0x546cfe9 - animation-leash of insets_animation#175934 (121)
07-28 17:18:52.743  1127  1127 I Layer   : id=175935 removeFromCurrentState Surface(name=57253a2 NavigationBar0)/@0x6398367 - animation-leash of insets_animation#175935 (121)
07-28 17:18:52.743  1127  1127 I SurfaceFlinger: [adc9529 com.example.dogglers/androidx.test.core.app.InstrumentationActivityInvoker$EmptyActivity#175940] FrameRatePriority: 1
07-28 17:18:52.743  1127  1127 D SurfaceFlinger: [input] inputWindowCommands.focusRequests size is 1
07-28 17:18:52.744  8684  8829 I ViewRootImpl@be9d3a9[InstrumentationActivityInvoker$EmptyActivity]: Received frameDrawingCallback syncResult=0 frameNum=1.
07-28 17:18:52.745  8684  8829 I ViewRootImpl@be9d3a9[InstrumentationActivityInvoker$EmptyActivity]: Setting up sync and frameCommitCallback
07-28 17:18:52.745  1127  1386 D SurfaceFlinger: [input] setFocusedWindow: adc9529 com.example.dogglers/androidx.test.core.app.InstrumentationActivityInvoker$EmptyActivity
07-28 17:18:52.745  1624  2024 D InputDispatcher: Focus request (0): adc9529 com.example.dogglers/androidx.test.core.app.InstrumentationActivityInvoker$EmptyActivity but waiting because NO_WINDOW
07-28 17:18:52.749  8684  8768 I BLASTBufferQueue: [ViewRootImpl@be9d3a9[InstrumentationActivityInvoker$EmptyActivity]#8](f:0,a:0) onFrameAvailable the first frame is available
07-28 17:18:52.750  8684  8768 D BLASTBufferQueue: [ViewRootImpl@be9d3a9[InstrumentationActivityInvoker$EmptyActivity]#8](f:0,a:1) acquireNextBufferLocked size=1080x2400 mFrameNumber=1 applyTransaction=true mTimestamp=1006962304177942(auto) mPendingTransactions.size=0 graphicBufferId=37297495998488 transform=0
07-28 17:18:52.750  8684  8768 I ViewRootImpl@be9d3a9[InstrumentationActivityInvoker$EmptyActivity]: Received frameCommittedCallback lastAttemptedDrawFrameNum=1 didProduceBuffer=true
07-28 17:18:52.751  8684  8768 D OpenGLRenderer: CFMS:: SetUp Pid : 8684    Tid : 8768
07-28 17:18:52.751  8684  8768 W Parcel  : Expecting binder but got null!
07-28 17:18:52.752  8684  8684 I ViewRootImpl@be9d3a9[InstrumentationActivityInvoker$EmptyActivity]: onSyncComplete
07-28 17:18:52.752  8684  8684 I ViewRootImpl@be9d3a9[InstrumentationActivityInvoker$EmptyActivity]: setupSync seqId=0 mSyncId=0 fn=1 caller=android.view.ViewRootImpl$$ExternalSyntheticLambda11.accept:6 android.window.SurfaceSyncer.lambda$setupSync$1$android-window-SurfaceSyncer:128 android.window.SurfaceSyncer$$ExternalSyntheticLambda1.accept:8 android.window.SurfaceSyncer$SyncSet.checkIfSyncIsComplete:382 android.window.SurfaceSyncer$SyncSet.markSyncReady:359 android.window.SurfaceSyncer.markSyncReady:151 android.view.ViewRootImpl.performTraversals:4503
07-28 17:18:52.753  8684  8684 I ViewRootImpl@be9d3a9[InstrumentationActivityInvoker$EmptyActivity]: reportDrawFinished seqId=0 mSyncId=-1 fn=1 mSurfaceChangedTransaction=0xb40000728aba7200
07-28 17:18:52.754  8684  8684 I ViewRootImpl@53d5083[InstrumentationActivityInvoker$EmptyActivity]: MSG_WINDOW_FOCUS_CHANGED 0 0
07-28 17:18:52.755  3393  3428 I RecentModel: onTaskStackChangedBackground
07-28 17:18:52.754  8869  8912 D CompatibilityChangeReporter: Compat change id reported: 147600208; UID 10283; state: ENABLED
07-28 17:18:52.758  1624  1665 I ActivityTaskManager: Displayed com.example.dogglers/androidx.test.core.app.InstrumentationActivityInvoker$EmptyActivity: +175ms
07-28 17:18:52.759  1624  1669 I SemDvfsHyPerManager: acquire hyper - AMS_RESUME_TAIL/1624@21, type = -999
07-28 17:18:52.759  1624  1669 I SemDvfsHyPerManager: acquire hyper - AMS_ACT_LAZY/1624@22, type = -999
07-28 17:18:52.759  1090  1150 I HYPER-HAL: [RequestManager.cpp]acquire(): Acquired ID : 1353856  [1624 / 21]    HINT : AMS_RESUME_TAIL    list :
07-28 17:18:52.759  1090  1150 I mtkpower_client: perf_lock_rel, hdl:80056, tid:1150
07-28 17:18:52.759  1127  1127 D BufferStateLayer: com.example.dogglers/androidx.test.core.app.InstrumentationActivityInvoker$EmptyActivity$_8684#175941 setBuffer frameId=1, bufferId=37297495998488 fenceId=581, w= 1080, h=2400
07-28 17:18:52.761  1093  1167 I libPowerHal: [perfLockRel] hdl:80056, idx:0
07-28 17:18:52.761  1093  1167 I libPowerHal: vendor.samsung.: cpu_ctrl set cpu freq: -1 -1 -1 -1
07-28 17:18:52.762  1090  1150 I mtkpower_client: perf_lock_acq, hdl:0, dur:0, num:2, tid:1150
07-28 17:18:52.762  3746  3746 E pageboostd: Received HALT command code 2
07-28 17:18:52.765  1127  3782 I SurfaceFlinger: id=175944 createSurf flag=80000, 3e4f65a ActivityRecordInputSink com.example.dogglers/androidx.test.core.app.InstrumentationActivityInvoker$EmptyActivity#175944
07-28 17:18:52.765  1090  1150 I mtkpower_client: ret_hdl:80059
07-28 17:18:52.765  1090  1150 I mtkpower_client: perf_lock_rel, hdl:80057, tid:1150
07-28 17:18:52.765  1093  1167 I libPowerHal: [perfLockAcq] idx:0 hdl:80059 hint:-1 pid:1090 duration:0 lock_user:vendor.samsung. => ret_hdl:80059
07-28 17:18:52.766  1093  1167 I libPowerHal: vendor.samsung.: cpu_ctrl set cpu freq: 1800000 -1 -1 -1
07-28 17:18:52.766  1090  1150 I mtkpower_client: perf_lock_acq, hdl:0, dur:0, num:2, tid:1150
07-28 17:18:52.766  1093  1167 I libPowerHal: [perfLockRel] hdl:80057, idx:1
07-28 17:18:52.766  1093  1167 I libPowerHal: [PD] vendor.samsung. update cmd:1c3c000, param:1
07-28 17:18:52.766  1093  1167 I libPowerHal: [PD] (less) /proc/mcdi/state set +prefix:enable 1;
07-28 17:18:52.767  1090  1150 I mtkpower_client: ret_hdl:80060
07-28 17:18:52.767  1093  1167 I libPowerHal: [perfLockAcq] idx:3 hdl:80060 hint:-1 pid:1090 duration:0 lock_user:vendor.samsung. => ret_hdl:80060
07-28 17:18:52.767  1090  1150 I mtkpower_client: perf_lock_rel, hdl:80058, tid:1150
07-28 17:18:52.767  1093  1167 I libPowerHal: [PE] (less) /proc/mcdi/state set +prefix:enable 0;
07-28 17:18:52.767  1090  1150 I mtkpower_client: perf_lock_acq, hdl:0, dur:0, num:2, tid:1150
07-28 17:18:52.768  1093  1167 I libPowerHal: [perfLockRel] hdl:80058, idx:2
07-28 17:18:52.768  1093  1167 I libPowerHal: [PD] vendor.samsung. update cmd:1000000, param:-1
07-28 17:18:52.768  1093  1167 I libPowerHal: [PD] vendor.samsung. update cmd:1000000 param:-1
07-28 17:18:52.769  1090  1150 I mtkpower_client: ret_hdl:80061
07-28 17:18:52.769  1090  1150 I HYPER-HAL: [RequestManager.cpp]releaseLocked(): Released ID : 1350565
07-28 17:18:52.770  1093  1167 I libPowerHal: [perfLockAcq] idx:1 hdl:80061 hint:-1 pid:1090 duration:0 lock_user:vendor.samsung. => ret_hdl:80061
07-28 17:18:52.770  1093  1167 I libPowerHal: [PE] vendor.samsung. update cmd:1000000, param:0
07-28 17:18:52.770  1093  1167 I libPowerHal: [PE] vendor.samsung. update cmd:1000000 param:0
07-28 17:18:52.775  1127  2095 I SurfaceFlinger: id=175935 Removed Surface(name=57253a2 NavigationBar0)/@0x6398367 - animation-leash of insets_animation#175935 (122)
07-28 17:18:52.775  1127  2023 I SurfaceFlinger: id=175934 Removed Surface(name=7ae696d StatusBar)/@0x546cfe9 - animation-leash of insets_animation#175934 (122)
07-28 17:18:52.775  8684  8684 I ViewRootImpl@53d5083[InstrumentationActivityInvoker$EmptyActivity]: handleAppVisibility mAppVisible = true visible = false
07-28 17:18:52.776  1127  1127 I Layer   : Layer [com.example.dogglers/androidx.test.core.app.InstrumentationActivityInvoker$EmptyActivity$_8684#175941] hidden!! flag(0)
07-28 17:18:52.776  1127  1127 I Layer   : Layer [com.example.dogglers/androidx.test.core.app.InstrumentationActivityInvoker$EmptyActivity$_8684#175933] hidden!! flag(1)
07-28 17:18:52.776  1127  1127 I Layer   : id=175934 Destroyed Surface(name=7ae696d StatusBar)/@0x546cfe9 - animation-leash of insets_animation#175934
07-28 17:18:52.777  1127  1127 I Layer   : id=175935 Destroyed Surface(name=57253a2 NavigationBar0)/@0x6398367 - animation-leash of insets_animation#175935
07-28 17:18:52.777  8684  8684 I ViewRootImpl@53d5083[InstrumentationActivityInvoker$EmptyActivity]: stopped(true) old = false
07-28 17:18:52.777  8684  8684 I ViewRootImpl@53d5083[InstrumentationActivityInvoker$EmptyActivity]: WindowStopped on com.example.dogglers/androidx.test.core.app.InstrumentationActivityInvoker$EmptyActivity set to true
07-28 17:18:52.778  8684  8684 D LifecycleMonitor: Lifecycle status change: androidx.test.core.app.InstrumentationActivityInvoker$EmptyActivity@118aa6 in: STOPPED
07-28 17:18:52.778  8684  8684 V ActivityScenario: Activity lifecycle changed event received but ignored because the intent does not match. startActivityIntent=Intent { act=android.intent.action.MAIN cat=[android.intent.category.LAUNCHER] cmp=com.example.dogglers/.VerticalListActivity }, activity.getIntent()=Intent { act=android.intent.action.MAIN cat=[android.intent.category.LAUNCHER] flg=0x10000000 cmp=com.example.dogglers/androidx.test.core.app.InstrumentationActivityInvoker$EmptyActivity }, activity=androidx.test.core.app.InstrumentationActivityInvoker$EmptyActivity@118aa6
07-28 17:18:52.779  1624  2957 D InputDispatcher: Focus entered window (0): adc9529 com.example.dogglers/androidx.test.core.app.InstrumentationActivityInvoker$EmptyActivity
07-28 17:18:52.780  8684  8684 I MSHandlerLifeCycle: removeMultiSplitHandler: no exist. decor=DecorView@84b173d[InstrumentationActivityInvoker$EmptyActivity]
07-28 17:18:52.783  1127  1127 D SurfaceFlinger: Display 0 HWC layers:
07-28 17:18:52.783  1127  1127 D SurfaceFlinger:      DEVICE | 0xb4000075f544cb00 | 0102 | RGBA_8888    |    0.0    0.0 1080.0 2400.0 |    0    0 1080 2400 | com.example.dogglers/androidx.test.c[...]tyInvoker$EmptyActivity$_8684#175941
07-28 17:18:52.783  1127  1127 D SurfaceFlinger:      DEVICE | 0xb4000075f544c980 | 0100 | RGBA_8888    |    0.0    0.0 1080.0   80.0 |    0    0 1080   80 | StatusBar$_2897#91
07-28 17:18:52.783  1127  1127 D SurfaceFlinger:      DEVICE | 0xb400007621854780 | 0100 | RGBA_8888    |    0.0    0.0 1080.0  135.0 |    0 2265 1080 2400 | NavigationBar0$_2897#86
07-28 17:18:52.783  1127  1127 D SurfaceFlinger:      DEVICE | 0xb4000075f544b300 | 0140 | RGBA_8888    |    0.0    0.0 1080.0  150.0 |    0    0 1080  150 | ScreenDecorOverlay$_2897#100
07-28 17:18:52.783  1127  1127 D SurfaceFlinger:      DEVICE | 0xb400007621856700 | 0140 | RGBA_8888    |    0.0    0.0 1080.0  150.0 |    0 2250 1080 2400 | ScreenDecorOverlayBottom$_2897#101
07-28 17:18:52.783  1127  1127 D SurfaceFlinger:
07-28 17:18:52.785  1624  2957 D InputDispatcher: Focused application(0): ActivityRecord{e1dc2e0 u0 com.sec.android.app.launcher/.activities.LauncherActivity} t7}
07-28 17:18:52.792  1624  1668 D PersonaActivityHelper: Activity not in resumed state, do not run immediate lock
07-28 17:18:52.793  3393  3393 I TopTaskTracker: onTaskMovedToFront : taskId = 7
07-28 17:18:52.793  1127  1127 I SurfaceFlinger: [adc9529 com.example.dogglers/androidx.test.core.app.InstrumentationActivityInvoker$EmptyActivity#175940] FrameRatePriority: -1
07-28 17:18:52.794  8684  8768 D OpenGLRenderer: setSurface called with nullptr
07-28 17:18:52.794  8684  8768 D OpenGLRenderer: setSurface() destroyed EGLSurface
07-28 17:18:52.794  8684  8768 D OpenGLRenderer: destroyEglSurface
07-28 17:18:52.796  8684  8768 D BLASTBufferQueue: [ViewRootImpl@53d5083[InstrumentationActivityInvoker$EmptyActivity]#7](f:0,a:1) destructor()
07-28 17:18:52.796  8684  8768 D BufferQueueConsumer: [ViewRootImpl@53d5083[InstrumentationActivityInvoker$EmptyActivity]#7(BLAST Consumer)7](id:21ec00000007,api:0,p:-1,c:8684) disconnect
07-28 17:18:52.797  8684  8684 I ViewRootImpl@53d5083[InstrumentationActivityInvoker$EmptyActivity]: performTraversals mFirst=false windowShouldResize=false viewVisibilityChanged=true mForceNextWindowRelayout=false params=null
07-28 17:18:52.800  1624  2957 V WindowManager: Relayout Window{dd3eb76 u0 com.example.dogglers/androidx.test.core.app.InstrumentationActivityInvoker$EmptyActivity}: viewVisibility=8 req=1080x2400 d0
07-28 17:18:52.802  1624  2957 V WindowManager: Relayout hash=dd3eb76, pid=8684, syncId=-1: mAttrs={(0,0)(fillxfill) sim={adjust=pan forwardNavigation} ty=BASE_APPLICATION wanim=0x1030001
07-28 17:18:52.802  1624  2957 V WindowManager:   fl=1810100
07-28 17:18:52.802  1624  2957 V WindowManager:   pfl=12020040
07-28 17:18:52.802  1624  2957 V WindowManager:   apr=LIGHT_NAVIGATION_BARS
07-28 17:18:52.802  1624  2957 V WindowManager:   bhv=DEFAULT
07-28 17:18:52.802  1624  2957 V WindowManager:   fitSides= naviIconColor=0
07-28 17:18:52.802  1624  2957 V WindowManager:   sfl=100000}
07-28 17:18:52.806  8684  8684 I ViewRootImpl@53d5083[InstrumentationActivityInvoker$EmptyActivity]: Relayout returned: old=(0,0,1080,2400) new=(0,0,1080,2400) req=(1080,2400)8 dur=8 res=0x2 s={false 0x0} ch=false seqId=0
07-28 17:18:52.807  8684  8684 I ViewRootImpl@be9d3a9[InstrumentationActivityInvoker$EmptyActivity]: MSG_WINDOW_FOCUS_CHANGED 1 0
07-28 17:18:52.807  8684  8684 I ViewRootImpl@be9d3a9[InstrumentationActivityInvoker$EmptyActivity]: mThreadedRenderer.initializeIfNeeded()#2 mSurface={isValid=true 0xb40000728abbe000}
07-28 17:18:52.808  8684  8684 D InputMethodManager: startInputInner - Id : 0
07-28 17:18:52.808  8684  8684 I InputMethodManager: startInputInner - mService.startInputOrWindowGainedFocus
07-28 17:18:52.809  1624  1688 W libprocessgroup: Failed to open /dev/blkio//cgroup.procs: No such file or directory
07-28 17:18:52.809  1127  1127 D SurfaceFlinger: [input] inputWindowCommands.focusRequests size is 1
07-28 17:18:52.810  1624  1688 W libprocessgroup: Failed to open /dev/blkio//cgroup.procs: No such file or directory
07-28 17:18:52.810  1127  1386 D SurfaceFlinger: [input] setFocusedWindow: <null>
07-28 17:18:52.811  1624  2462 D InputDispatcher: Focus request (0): <null> but waiting because NOT_FOCUSABLE
07-28 17:18:52.811  1624  2462 D InputDispatcher: Focus left window (0): adc9529 com.example.dogglers/androidx.test.core.app.InstrumentationActivityInvoker$EmptyActivity
07-28 17:18:52.813  1624  2024 D InputMethodManagerService: mDesktopModeManager null!
07-28 17:18:52.813  1624  2024 V InputMethodManagerService: getDisplayIdOfInputMethodWindowToBeAdded: displayId=0
07-28 17:18:52.813  1624  2024 D InputMethodManagerService: isImeSwitcherDisabledPackage : false
07-28 17:18:52.815  1624  2024 D InputMethodManagerService: checkDisplayOfStartInputAndUpdateKeyboard: displayId=0, mFocusedDisplayId=0
07-28 17:18:52.815  1624  2024 D InputTransport: Input channel constructed: 'ClientS', fd=880
07-28 17:18:52.815  1624  2024 D InputTransport: Input channel destroyed: 'ClientS', fd=880
07-28 17:18:52.816  5607  5607 I HBD     : HoneyBoardService onFinishInput
07-28 17:18:52.816  5607  5607 I HBD     : a IC have been unbinding,  RemoteInputConnection{idHash=#4aad872}
07-28 17:18:52.816  5607  5607 I HBD     : HoneyBoardService [PF_CL][onFinishInput]  0 ms
07-28 17:18:52.816  5607  5607 I HBD     : HoneyBoardService [IMI] onStartInput - caller pid : 8684 , caller uid : 10520
07-28 17:18:52.816  5607  5607 I HBD     : j updateConfigs
07-28 17:18:52.816  5607  5607 I HBD     : j isEnabledNightMode : false
07-28 17:18:52.816  5607  5607 I HBD     : a IC have been binding, RemoteInputConnection{idHash=#4aad872}
07-28 17:18:52.817  5607  5607 I HBD     : h [EditorInputType]setPrivateImeOptionsToTable privateImeOptions ( null )
07-28 17:18:52.817  5607  5607 I HBD     : b incognitoMode : false
07-28 17:18:52.817  5607  5607 I HBD     : a needOff = true , isForceOff = false, isNullInputClass : true
07-28 17:18:52.817  5607  5607 I HBD     : h getDefaultInputRange : UNKNOWN
07-28 17:18:52.817  5607  5607 I HBD     : h getDefaultInputRange : UNKNOWN
07-28 17:18:52.817  5607  5607 I HBD     : h getDefaultInputRange : UNKNOWN
07-28 17:18:52.818  5607  5607 I HBD     : a needOff = true , isForceOff = false, isNullInputClass : true
07-28 17:18:52.818  5607  5607 I HBD     : a update cached prediction status : false
07-28 17:18:52.818  5607  5607 I HBD     : h getDefaultInputRange : UNKNOWN
07-28 17:18:52.818  5607  5607 I HBD     : a currentState : 0
07-28 17:18:52.819  5607  5607 I HBD     : a [UpdatePolicy] [post] a: 0 cl: 3342336 kit: [0/0] vt: 0 ir: 1
07-28 17:18:52.819  1127  2023 I SurfaceFlinger: id=175945 createSurf flag=24004, Surface(name=d8adfc2 InputMethod)/@0xc2b360e - animation-leash of insets_animation#175945
07-28 17:18:52.819  5607  5607 I HBD     : a [NRIC] resetNoResponseState
07-28 17:18:52.819  5607  5607 I HBD     : a needOff = true , isForceOff = false, isNullInputClass : true
07-28 17:18:52.819  5607  5607 I HBD     : a update cached prediction status : false
07-28 17:18:52.819  8684  8684 D LifecycleMonitor: Lifecycle status change: androidx.test.core.app.InstrumentationActivityInvoker$EmptyActivity@118aa6 in: DESTROYED
07-28 17:18:52.820  8684  8684 V ActivityScenario: Activity lifecycle changed event received but ignored because the intent does not match. startActivityIntent=Intent { act=android.intent.action.MAIN cat=[android.intent.category.LAUNCHER] cmp=com.example.dogglers/.VerticalListActivity }, activity.getIntent()=Intent { act=android.intent.action.MAIN cat=[android.intent.category.LAUNCHER] flg=0x10000000 cmp=com.example.dogglers/androidx.test.core.app.InstrumentationActivityInvoker$EmptyActivity }, activity=androidx.test.core.app.InstrumentationActivityInvoker$EmptyActivity@118aa6
07-28 17:18:52.820  5607  5607 I HBD     : HoneyBoardService [PF_OP][onStartInput]  4 ms
07-28 17:18:52.823  8684  8684 I MSHandlerLifeCycle: removeMultiSplitHandler: no exist. decor=DecorView@84b173d[InstrumentationActivityInvoker$EmptyActivity]
07-28 17:18:52.824  8684  8768 D OpenGLRenderer: setSurface called with nullptr
07-28 17:18:52.824  8684  8684 I ViewRootImpl@53d5083[InstrumentationActivityInvoker$EmptyActivity]: dispatchDetachedFromWindow
07-28 17:18:52.825  1624  2024 D InputTransport: Input channel destroyed: 'dd3eb76', fd=839
07-28 17:18:52.825  1624  2024 W InputManager-JNI: Input channel object 'dd3eb76 com.example.dogglers/androidx.test.core.app.InstrumentationActivityInvoker$EmptyActivity (client)' was disposed without first being removed with the input manager!
07-28 17:18:52.825  1624  2024 D InputTransport: Input channel destroyed: 'dd3eb76', fd=847
07-28 17:18:52.826  1127  1127 I Layer   : id=175939 removeFromCurrentState Surface(name=d8adfc2 InputMethod)/@0xc2b360e - animation-leash of insets_animation#175939 (121)
07-28 17:18:52.828  8684  8684 D InputTransport: Input channel destroyed: 'dd3eb76', fd=144
07-28 17:18:52.829  1127  1177 I SurfaceFlinger: id=175939 Removed Surface(name=d8adfc2 InputMethod)/@0xc2b360e - animation-leash of insets_animation#175939 (121)
07-28 17:18:52.830  1127  1177 I SurfaceFlinger: id=175936 Removed e2115de ActivityRecordInputSink com.example.dogglers/androidx.test.core.app.InstrumentationActivityInvoker$EmptyActivity#175936 (121)
07-28 17:18:52.832  8684  8684 D LifecycleMonitor: Lifecycle status change: androidx.test.core.app.InstrumentationActivityInvoker$EmptyActivity@20486c4 in: PAUSED
07-28 17:18:52.832  8684  8684 V ActivityScenario: Activity lifecycle changed event received but ignored because the intent does not match. startActivityIntent=Intent { act=android.intent.action.MAIN cat=[android.intent.category.LAUNCHER] cmp=com.example.dogglers/.VerticalListActivity }, activity.getIntent()=Intent { act=android.intent.action.MAIN cat=[android.intent.category.LAUNCHER] flg=0x10000000 cmp=com.example.dogglers/androidx.test.core.app.InstrumentationActivityInvoker$EmptyActivity }, activity=androidx.test.core.app.InstrumentationActivityInvoker$EmptyActivity@20486c4
07-28 17:18:52.833  1624  2024 I SemDvfsHyPerManager: acquire hyper - AMS_APP_HOME/1624@31, type = -999
07-28 17:18:52.834  1090  1150 I HYPER-HAL: [RequestManager.cpp]acquire(): Acquired ID : 1370371  [1624 / 31]    HINT : AMS_APP_HOME    list :
07-28 17:18:52.834  1090  1150 I mtkpower_client: perf_lock_rel, hdl:80060, tid:1150
07-28 17:18:52.835  1093  1167 I libPowerHal: [perfLockRel] hdl:80060, idx:3
07-28 17:18:52.835  1093  1167 I libPowerHal: [PD] vendor.samsung. update cmd:1c3c000, param:1
07-28 17:18:52.835  1090  1150 I mtkpower_client: perf_lock_acq, hdl:0, dur:0, num:2, tid:1150
07-28 17:18:52.835  1093  1167 I libPowerHal: [PD] (less) /proc/mcdi/state set +prefix:enable 1;
07-28 17:18:52.835  1093  1167 I libPowerHal: [perfLockAcq] idx:2 hdl:80062 hint:-1 pid:1090 duration:0 lock_user:vendor.samsung. => ret_hdl:80062
07-28 17:18:52.836  1093  1167 I libPowerHal: [PE] (less) /proc/mcdi/state set +prefix:enable 0;
07-28 17:18:52.836  5208  5208 I SemDvfsHyPerManager: acquire hyper - APP_START_HOME/5208@13, type = -999
07-28 17:18:52.837  1090  1150 I mtkpower_client: ret_hdl:80062
07-28 17:18:52.837  1090  1150 I mtkpower_client: perf_lock_rel, hdl:80059, tid:1150
07-28 17:18:52.838  3393  3393 I ViewRootImpl@c6ee0f[LauncherActivity]: handleAppVisibility mAppVisible = false visible = true
07-28 17:18:52.838  1090  1150 I mtkpower_client: perf_lock_acq, hdl:0, dur:0, num:2, tid:1150
07-28 17:18:52.839  1093  1167 I libPowerHal: [perfLockRel] hdl:80059, idx:0
07-28 17:18:52.839  1093  1167 I libPowerHal: vendor.samsung.: cpu_ctrl set cpu freq: -1 -1 -1 -1
07-28 17:18:52.840  1093  1167 I libPowerHal: [perfLockAcq] idx:3 hdl:80063 hint:-1 pid:1090 duration:0 lock_user:vendor.samsung. => ret_hdl:80063
07-28 17:18:52.840  1093  1167 I libPowerHal: vendor.samsung.: cpu_ctrl set cpu freq: 1800000 -1 -1 -1
07-28 17:18:52.841  1090  1150 I mtkpower_client: ret_hdl:80063
07-28 17:18:52.841  1090  1150 I HYPER-HAL: [RequestManager.cpp]acquire(): Acquired ID : 13632044  [5208 / 13]    HINT : APP_START    list : [KERNEL_APP_START_NOTIFY / 0] [TIMEOUT / 1500]
07-28 17:18:52.841  3393  3393 I ViewRootImpl@c6ee0f[LauncherActivity]: stopped(false) old = true
07-28 17:18:52.842  3393  3393 I ViewRootImpl@c6ee0f[LauncherActivity]: WindowStopped on com.sec.android.app.launcher/com.sec.android.app.launcher.activities.LauncherActivity set to false
07-28 17:18:52.842  3393  3393 I Launcher: !@Boot_DEBUG: Launcher.onStart()
07-28 17:18:52.842  3393  3393 I Launcher: !@Boot_EBS_D: Launcher.onStart()
07-28 17:18:52.842  3393  3393 I BaseActivity: addActivityFlags, flags : 1
07-28 17:18:52.842  3393  3393 W LauncherAppWidgetHost: setShouldListenFlag, mFlags:2 flag:start on:true isFront:false
07-28 17:18:52.843  3393  3393 W Launcher: onStart isListening : false isLoading false
07-28 17:18:52.843  1127  1127 I Layer   : id=175933 removeFromCurrentState com.example.dogglers/androidx.test.core.app.InstrumentationActivityInvoker$EmptyActivity$_8684#175933 (121)
07-28 17:18:52.843  1127  1127 I Layer   : id=175932 removeFromCurrentState dd3eb76 com.example.dogglers/androidx.test.core.app.InstrumentationActivityInvoker$EmptyActivity#175932 (121)
07-28 17:18:52.843  1127  1127 I SurfaceFlinger: id=175933 Removed com.example.dogglers/androidx.test.core.app.InstrumentationActivityInvoker$EmptyActivity$_8684#175933 (121)
07-28 17:18:52.843  1127  1127 I SurfaceFlinger: id=175932 Removed dd3eb76 com.example.dogglers/androidx.test.core.app.InstrumentationActivityInvoker$EmptyActivity#175932 (121)
07-28 17:18:52.843  1127  1127 I Layer   : id=175939 Destroyed Surface(name=d8adfc2 InputMethod)/@0xc2b360e - animation-leash of insets_animation#175939
07-28 17:18:52.843  1127  1127 I Layer   : id=175932 Destroyed dd3eb76 com.example.dogglers/androidx.test.core.app.InstrumentationActivityInvoker$EmptyActivity#175932
07-28 17:18:52.843  1127  1127 I BufferQueueDebug: [com.example.dogglers/androidx.test.core.app.InstrumentationActivityInvoker$EmptyActivity$_8684#175933](this:0xb4000075f0a5e838,id:-1,api:0,p:-1,c:1127) onDestructor()
07-28 17:18:52.843  1127  1127 I Layer   : id=175933 Destroyed com.example.dogglers/androidx.test.core.app.InstrumentationActivityInvoker$EmptyActivity$_8684#175933
07-28 17:18:52.846  8684  8684 I ViewRootImpl@be9d3a9[InstrumentationActivityInvoker$EmptyActivity]: MSG_WINDOW_FOCUS_CHANGED 0 0
07-28 17:18:52.849  1624  1668 I SemPersonaManager: SecureFolder personaId = 150
07-28 17:18:52.849  8684  8761 E TestRunner: failed: vertical_scrolling(com.example.dogglers.VerticalListTests)
07-28 17:18:52.850  8684  8761 E TestRunner: ----- begin exception -----
07-28 17:18:52.851  1624  1688 W libprocessgroup: Failed to open /dev/blkio//cgroup.procs: No such file or directory
07-28 17:18:52.853  8684  8761 E TestRunner: androidx.test.espresso.NoMatchingViewException: No views in hierarchy found matching: an instance of android.widget.TextView and view.getText() with or without transformation to match: is "Faye"
07-28 17:18:52.853  8684  8761 E TestRunner:
07-28 17:18:52.853  8684  8761 E TestRunner: View Hierarchy:
07-28 17:18:52.853  8684  8761 E TestRunner: +>DecorView{id=-1, visibility=VISIBLE, width=1080, height=2400, has-focus=false, has-focusable=true, has-window-focus=true, is-clickable=false, is-enabled=true, is-focused=false, is-focusable=false, is-layout-requested=false, is-selected=false, layout-params={(0,0)(fillxfill) ty=BASE_APPLICATION wanim=0x1030309
07-28 17:18:52.853  8684  8761 E TestRunner:   fl=81810100
07-28 17:18:52.853  8684  8761 E TestRunner:   pfl=10020040
07-28 17:18:52.853  8684  8761 E TestRunner:   bhv=DEFAULT
07-28 17:18:52.853  8684  8761 E TestRunner:   fitSides= naviIconColor=0
07-28 17:18:52.853  8684  8761 E TestRunner:   sfl=100000}, tag=null, root-is-layout-requested=false, has-input-connection=false, x=0.0, y=0.0, child-count=3}
07-28 17:18:52.853  8684  8761 E TestRunner: |
07-28 17:18:52.853  8684  8761 E TestRunner: +->LinearLayout{id=-1, visibility=VISIBLE, width=1080, height=2265, has-focus=false, has-focusable=true, has-window-focus=true, is-clickable=false, is-enabled=true, is-focused=false, is-focusable=false, is-layout-requested=false, is-selected=false, layout-params=android.widget.FrameLayout$LayoutParams@d33a928, tag=null, root-is-layout-requested=false, has-input-connection=false, x=0.0, y=0.0, child-count=2}
07-28 17:18:52.853  8684  8761 E TestRunner: |
07-28 17:18:52.853  8684  8761 E TestRunner: +-->ViewStub{id=16908743, res-name=action_mode_bar_stub, visibility=GONE, width=0, height=0, has-focus=false, has-focusable=false, has-window-focus=true, is-clickable=false, is-enabled=true, is-focused=false, is-focusable=false, is-layout-requested=true, is-selected=false, layout-params=android.widget.LinearLayout$LayoutParams@9796641, tag=null, root-is-layout-requested=false, has-input-connection=false, x=0.0, y=0.0}
07-28 17:18:52.853  8684  8761 E TestRunner: |
07-28 17:18:52.853  8684  8761 E TestRunner: +-->FrameLayout{id=-1, visibility=VISIBLE, width=1080, height=2185, has-focus=false, has-focusable=true, has-window-focus=true, is-clickable=false, is-enabled=true, is-focused=false, is-focusable=false, is-layout-requested=false, is-selected=false, layout-params=android.widget.LinearLayout$LayoutParams@54c2127, tag=null, root-is-layout-requested=false, has-input-connection=false, x=0.0, y=80.0, child-count=1}
07-28 17:18:52.853  8684  8761 E TestRunner: |
07-28 17:18:52.853  8684  8761 E TestRunner: +--->ActionBarOverlayLayout{id=2131230867, res-name=decor_content_parent, visibility=VISIBLE, width=1080, height=2185, has-focus=false, has-focusable=true, has-window-focus=true, is-clickable=false, is-enabled=true, is-focused=false, is-focusable=false, is-layout-requested=false, is-selected=false, layout-params=android.widget.FrameLayout$LayoutParams@e3b3c72, tag=null, root-is-layout-requested=false, has-input-connection=false, x=0.0, y=0.0, child-count=2}
07-28 17:18:52.853  8684  8761 E TestRunner: |
07-28 17:18:52.853  8684  8761 E TestRunner: +---->ContentFrameLayout{id=16908290, res-name=content, visibility=VISIBLE, width=1080, height=2027, has-focus=false, has-focusable=true, has-window-focus=true, is-clickable=false, is-enabled=true, is-focused=false, is-focusable=false, is-layout-requested=false, is-selected=false, layout-params=androidx.appcompat.widget.ActionBarOverlayLayout$LayoutParams@a87540, tag=null, root-is-layout-requested=false, has-input-connection=false, x=0.0, y=158.0, child-count=1}
07-28 17:18:52.853  8684  8761 E TestRunner: |
07-28 17:18:52.853  8684  8761 E TestRunner: +----->FrameLayout{id=-1, visibility=VISIBLE, width=1080, height=2027, has-focus=false, has-focusable=true, has-window-focus=true, is-clickable=false, is-enabled=true, is-focused=false, is-focusable=false, is-layout-requested=false, is-selected=false, layout-params=android.widget.FrameLayout$LayoutParams@1fcadbe, tag=null, root-is-layout-requested=false, has-input-connection=false, x=0.0, y=0.0, child-count=1}
07-28 17:18:52.853  8684  8761 E TestRunner: |
07-28 17:18:52.853  8684  8761 E TestRunner: +------>RecyclerView{id=2131231207, res-name=vertical_recycler_view, visibility=VISIBLE, width=1080, height=2027, has-focus=false, has-focusable=true, has-window-focus=true, is-clickable=false, is-enabled=true, is-focused=false, is-focusable=true, is-layout-requested=false, is-selected=false, layout-params=android.widget.FrameLayout$LayoutParams@8d1e7ca, tag=null, root-is-layout-requested=false, has-input-connection=false, x=0.0, y=0.0, child-count=3}
07-28 17:18:52.853  8684  8761 E TestRunner: |
07-28 17:18:52.853  8684  8761 E TestRunner: +------->MaterialCardView{id=-1, visibility=VISIBLE, width=1034, height=813, has-focus=false, has-focusable=false, has-window-focus=true, is-clickable=false, is-enabled=true, is-focused=false, is-focusable=false, is-layout-requested=false, is-selected=false, layout-params=androidx.recyclerview.widget.RecyclerView$LayoutParams@937ac58, tag=null, root-is-layout-requested=false, has-input-connection=false, x=23.0, y=23.0, is-checked=false, child-count=1}
07-28 17:18:52.853  8684  8761 E TestRunner: |
07-28 17:18:52.853  8684  8761 E TestRunner: +-------->ConstraintLayout{id=2131230851, res-name=constraint_layout, visibility=VISIBLE, width=1034, height=813, has-focus=false, has-focusable=false, has-window-focus=true, is-clickable=false, is-enabled=true, is-focused=false, is-focusable=false, is-layout-requested=false, is-selected=false, layout-params=android.widget.FrameLayout$LayoutParams@3bf67ed, tag=null, root-is-layout-requested=false, has-input-connection=false, x=0.0, y=0.0, child-count=4}
07-28 17:18:52.853  8684  8761 E TestRunner: |
07-28 17:18:52.853  8684  8761 E TestRunner: +--------->AppCompatImageView{id=2131230966, res-name=item_image, visibility=VISIBLE, width=1034, height=546, has-focus=false, has-focusable=false, has-window-focus=true, is-clickable=false, is-enabled=true, is-focused=false, is-focusable=false, is-layout-requested=false, is-selected=false, layout-params=androidx.constraintlayout.widget.ConstraintLayout$LayoutParams@877a622, tag=null, root-is-layout-requested=false, has-input-connection=false, x=0.0, y=0.0}
07-28 17:18:52.853  8684  8761 E TestRunner: |
07-28 17:18:52.853  8684  8761 E TestRunner: +--------->MaterialTextView{id=2131230886, res-name=dog_name, visibility=VISIBLE, width=225, height=98, has-focus=false, has-focusable=false, has-window-focus=true, is-clickable=false, is-enabled=true, is-focused=false, is-focusable=false, is-layout-requested=false, is-selected=false, layout-params=androidx.constraintlayout.widget.ConstraintLayout$LayoutParams@fdc48b3, tag=null, root-is-layout-requested=false, has-input-connection=false, x=23.0, y=569.0, text=Tzeitel, input-type=0, ime-target=false, has-links=false}
07-28 17:18:52.853  8684  8761 E TestRunner: |
07-28 17:18:52.853  8684  8761 E TestRunner: +--------->MaterialTextView{id=2131230884, res-name=dog_age, visibility=VISIBLE, width=35, height=78, has-focus=false, has-focusable=false, has-window-focus=true, is-clickable=false, is-enabled=true, is-focused=false, is-focusable=false, is-layout-requested=false, is-selected=false, layout-params=androidx.constraintlayout.widget.ConstraintLayout$LayoutParams@c63ae70, tag=null, root-is-layout-requested=false, has-input-connection=false, x=23.0, y=712.0, text=7, input-type=0, ime-target=false, has-links=false}
07-28 17:18:52.853  8684  8761 E TestRunner: |
07-28 17:18:52.853  8684  8761 E TestRunner: +--------->MaterialTextView{id=2131230885, res-name=dog_hobby, visibility=VISIBLE, width=567, height=78, has-focus=false, has-focusable=false, has-window-focus=true, is-clickable=false, is-enabled=true, is-focused=false, is-focusable=false, is-layout-requested=false, is-selected=false, layout-params=androidx.constraintlayout.widget.ConstraintLayout$LayoutParams@3795e9, tag=null, root-is-layout-requested=false, has-input-connection=false, x=430.0, y=712.0, text=Hobbies: sunbathing, input-type=0, ime-target=false, has-links=false}
07-28 17:18:52.853  8684  8761 E TestRunner: |
07-28 17:18:52.853  8684  8761 E TestRunner: +------->MaterialCardView{id=-1, visibility=VISIBLE, width=1034, height=949, has-focus=false, has-focusable=false, has-window-focus=true, is-clickable=false, is-enabled=true, is-focused=false, is-focusable=false, is-layout-requested=false, is-selected=false, layout-params=androidx.recyclerview.widget.RecyclerView$LayoutParams@a48bd0f, tag=null, root-is-layout-requested=false, has-input-connection=false, x=23.0, y=882.0, is-checked=false, child-count=1}
07-28 17:18:52.853  8684  8761 E TestRunner: |
07-28 17:18:52.853  8684  8761 E TestRunner: +-------->ConstraintLayout{id=2131230851, res-name=constraint_layout, visibility=VISIBLE, width=1034, height=949, has-focus=false, has-focusable=false, has-window-focus=true, is-clickable=false, is-enabled=true, is-focused=false, is-focusable=false, is-layout-requested=false, is-selected=false, layout-params=android.widget.FrameLayout$LayoutParams@19adb88, tag=null, root-is-layout-requested=false, has-input-connection=false, x=0.0, y=0.0, child-count=4}
07-28 17:18:52.853  8684  8761 E TestRunner: |
07-28 17:18:52.853  8684  8761 E TestRunner: +--------->AppCompatImageView{id=2131230966, res-name=item_image, visibility=VISIBLE, width=1034, height=546, has-focus=false, has-focusable=false, has-window-focus=true, is-clickable=false, is-enabled=true, is-focused=false, is-focusable=false, is-layout-requested=false, is-selected=false, layout-params=androidx.constraintlayout.widget.ConstraintLayout$LayoutParams@1031921, tag=null, root-is-layout-requested=false, has-input-connection=false, x=0.0, y=0.0}
07-28 17:18:52.853  8684  8761 E TestRunner: |
07-28 17:18:52.853  8684  8761 E TestRunner: +--------->MaterialTextView{id=2131230886, res-name=dog_name, visibility=VISIBLE, width=185, height=98, has-focus=false, has-focusable=false, has-window-focus=true, is-clickable=false, is-enabled=true, is-focused=false, is-focusable=false, is-layout-requested=false, is-selected=false, layout-params=androidx.constraintlayout.widget.ConstraintLayout$LayoutParams@7ff146, tag=null, root-is-layout-requested=false, has-input-connection=false, x=23.0, y=569.0, text=Leroy, input-type=0, ime-target=false, has-links=false}
07-28 17:18:52.853  8684  8761 E TestRunner: |
07-28 17:18:52.853  8684  8761 E TestRunner: +--------->MaterialTextView{id=2131230884, res-name=dog_age, visibility=VISIBLE, width=35, height=78, has-focus=false, has-focusable=false, has-window-focus=true, is-clickable=false, is-enabled=true, is-focused=false, is-focusable=false, is-layout-requested=false, is-selected=false, layout-params=androidx.constraintlayout.widget.ConstraintLayout$LayoutParams@4213f07, tag=null, root-is-layout-requested=false, has-input-connection=false, x=23.0, y=780.0, text=4, input-type=0, ime-target=false, has-links=false}
07-28 17:18:52.853  8684  8761 E TestRunner: |
07-28 17:18:52.853  8684  8761 E TestRunner: +--------->MaterialTextView{id=2131230885, res-name=dog_hobby, visibility=VISIBLE, width=1033, height=146, has-focus=false, has-focusable=false, has-window-focus=true, is-clickable=false, is-enabled=true, is-focused=false, is-focusable=false, is-layout-requested=false, is-selected=false, layout-params=androidx.constraintlayout.widget.ConstraintLayout$LayoutParams@9c62834, tag=null, root-is-layout-requested=false, has-input-connection=false, x=-19.0, y=780.0, text=Hobbies: sleeping in dangerous places, input-type=0, ime-target=false, has-links=false}
07-28 17:18:52.853  8684  8761 E TestRunner: |
07-28 17:18:52.853  8684  8761 E TestRunner: +------->MaterialCardView{id=-1, visibility=VISIBLE, width=1034, height=813, has-focus=false, has-focusable=false, has-window-focus=true, is-clickable=false, is-enabled=true, is-focused=false, is-focusable=false, is-layout-requested=false, is-selected=false, layout-params=androidx.recyclerview.widget.RecyclerView$LayoutParams@339dbd2, tag=null, root-is-layout-requested=false, has-input-connection=false, x=23.0, y=1877.0, is-checked=false, child-count=1}
07-28 17:18:52.853  8684  8761 E TestRunner: |
07-28 17:18:52.853  8684  8761 E TestRunner: +-------->ConstraintLayout{id=2131230851, res-name=constraint_layout, visibility=VISIBLE, width=1034, height=813, has-focus=false, has-focusable=false, has-window-focus=true, is-clickable=false, is-enabled=true, is-focused=false, is-focusable=false, is-layout-requested=false, is-selected=false, layout-params=android.widget.FrameLayout$LayoutParams@d5907ff, tag=null, root-is-layout-requested=false, has-input-connection=false, x=0.0, y=0.0, child-count=4}
07-28 17:18:52.853  8684  8761 E TestRunner: |
