07-28 18:56:29.458  9007  9030 I TestRunner: started: recycler_view_item_count(com.example.dogglers.VerticalListTests)
07-28 18:56:29.473  9007  9030 W Settings: Setting always_finish_activities has moved from android.provider.Settings.System to android.provider.Settings.Global, returning read-only value.
07-28 18:56:29.490  9007  9030 D CompatibilityChangeReporter: Compat change id reported: 160794467; UID 10520; state: ENABLED
07-28 18:56:29.494  1624  1668 I ChimeraSystemEventListener: appLaunchIntent package name is: com.example.dogglers
07-28 18:56:29.501  3746  3746 E pageboostd: Received HALT command code 2
07-28 18:56:29.504  1624  5932 D PkgPredictorService-IpmAdcpController: create a new DexPreloadTask pkg:com.example.dogglers  path:/data/app/~~RqwEkAPnBZtTvJ-WAeAgzw==/com.example.dogglers-LNHwQbSjO_yQRomBmsyq3g==
07-28 18:56:29.504  1624  3610 I SemDvfsHyPerManager: acquire hyper - AMS_APP_SWITCH/1624@32, type = -999
07-28 18:56:29.505  1090  1150 I HYPER-HAL: [RequestManager.cpp]acquire(): Acquired ID : 1372028  [1624 / 32]    HINT : AMS_ACT_SWITCH    list :
07-28 18:56:29.506  1127  2023 I SurfaceFlinger: id=178821 createSurf flag=24004, Task=30329#178821
07-28 18:56:29.506  1090  1150 I mtkpower_client: perf_lock_acq, hdl:0, dur:0, num:2, tid:1150
07-28 18:56:29.508  1090  1150 I mtkpower_client: ret_hdl:81763
07-28 18:56:29.508  1090  1150 I mtkpower_client: perf_lock_acq, hdl:0, dur:0, num:2, tid:1150
07-28 18:56:29.508  1090  1150 I mtkpower_client: ret_hdl:81764
07-28 18:56:29.509  1090  1150 I mtkpower_client: perf_lock_acq, hdl:0, dur:0, num:2, tid:1150
07-28 18:56:29.509  1090  1150 I mtkpower_client: ret_hdl:81765
07-28 18:56:29.510  1093  1167 I libPowerHal: [perfLockAcq] idx:0 hdl:81763 hint:-1 pid:1090 duration:0 lock_user:vendor.samsung. => ret_hdl:81763
07-28 18:56:29.510  5208  5208 I SemDvfsHyPerManager: acquire hyper - APP_START_SHORT/5208@12, type = -999
07-28 18:56:29.511  1624  3610 E libprocessgroup: Failed to find cgroup for tid 3610
07-28 18:56:29.511  1624  3610 W libprocessgroup: Failed to apply DoSomethingOlaf task profile: Try again
07-28 18:56:29.511  1093  1167 I libPowerHal: [PE] (less) /proc/mcdi/state set +prefix:enable 0;
07-28 18:56:29.511  1127  2023 I SurfaceFlinger: id=178822 createSurf flag=80004, ActivityRecord{398075f u0 com.example.dogglers/androidx.test.core.app.InstrumentationActivityInvoker$BootstrapActivity} t30329}#178822
07-28 18:56:29.511  1090  1150 I HYPER-HAL: [RequestManager.cpp]acquire(): Acquired ID : 13626822  [5208 / 12]    HINT : APP_START    list : [TIMEOUT / 1500]
07-28 18:56:29.511  1093  1167 I libPowerHal: [perfLockAcq] idx:1 hdl:81764 hint:-1 pid:1090 duration:0 lock_user:vendor.samsung. => ret_hdl:81764
07-28 18:56:29.511  1093  1167 I libPowerHal: vendor.samsung.: cpu_ctrl set cpu freq: 1800000 -1 -1 -1
07-28 18:56:29.512  1093  1167 I libPowerHal: [perfLockAcq] idx:2 hdl:81765 hint:-1 pid:1090 duration:0 lock_user:vendor.samsung. => ret_hdl:81765
07-28 18:56:29.512  1093  1167 I libPowerHal: [PE] vendor.samsung. update cmd:1000000, param:0
07-28 18:56:29.512  1093  1167 I libPowerHal: [PE] vendor.samsung. update cmd:1000000 param:0
07-28 18:56:29.517  1080  1169 I hwcomposer: [HWCDisplay] [Display_0 (type:1)] fps:0.550566,dur:3632.63,max:3515.34,min:117.28
07-28 18:56:29.519  1624  5302 I SemDvfsHyPerManager: acquire hyper - AMS_APP_LAUNCH/1624@20, type = -999
07-28 18:56:29.519  1090  1150 I HYPER-HAL: [RequestManager.cpp]acquire(): Acquired ID : 1352210  [1624 / 20]    HINT : AMS_APP_LAUNCH    list :
07-28 18:56:29.520  1090  1150 I mtkpower_client: perf_lock_rel, hdl:81763, tid:1150
07-28 18:56:29.520  1090  1150 I mtkpower_client: perf_lock_acq, hdl:0, dur:0, num:2, tid:1150
07-28 18:56:29.520  5208  5208 I SemDvfsHyPerManager: acquire hyper - APP_START/5208@14, type = -999
07-28 18:56:29.520  1093  1167 I libPowerHal: [perfLockRel] hdl:81763, idx:0
07-28 18:56:29.521  1093  1167 I libPowerHal: [PD] vendor.samsung. update cmd:1c3c000, param:1
07-28 18:56:29.521  1093  1167 I libPowerHal: [PD] (less) /proc/mcdi/state set +prefix:enable 1;
07-28 18:56:29.522  3393  3393 I BaseActivity: removeActivityFlags, flags : 16
07-28 18:56:29.522  3393  3393 I BaseActivity: removeActivityFlags, flags : 6
07-28 18:56:29.522  3393  3393 I DragController: endDrag
07-28 18:56:29.522  3393  3393 W LauncherAppWidgetHost: setShouldListenFlag, mFlags:15 flag:resume on:false isFront:false
07-28 18:56:29.523  3393  3393 I SPayUpdater: updateSpayHandler launcher activity is paused false
07-28 18:56:29.523  1090  1150 I mtkpower_client: ret_hdl:81766
07-28 18:56:29.523  1090  1150 I mtkpower_client: perf_lock_rel, hdl:81764, tid:1150
07-28 18:56:29.523  1093  1167 I libPowerHal: [perfLockAcq] idx:3 hdl:81766 hint:-1 pid:1090 duration:0 lock_user:vendor.samsung. => ret_hdl:81766
07-28 18:56:29.523  1093  1167 I libPowerHal: [PE] (less) /proc/mcdi/state set +prefix:enable 0;
07-28 18:56:29.524  1093  1167 I libPowerHal: [perfLockRel] hdl:81764, idx:1
07-28 18:56:29.524  1127  2023 D SurfaceFlinger: [SF client] NEW(0xb40000762185e440) for (17091:com.android.systemui)
07-28 18:56:29.524  1093  1167 I libPowerHal: vendor.samsung.: cpu_ctrl set cpu freq: -1 -1 -1 -1
07-28 18:56:29.525  1233  9704 I CameraService: onUidStateChanged: uid=10063, procState is changed. (0 -> 1)
07-28 18:56:29.526  1624  1688 W libprocessgroup: Failed to open /dev/blkio//cgroup.procs: No such file or directory
07-28 18:56:29.526  1090  1150 I mtkpower_client: perf_lock_acq, hdl:0, dur:0, num:2, tid:1150
07-28 18:56:29.526  1090  1150 I mtkpower_client: ret_hdl:81767
07-28 18:56:29.526  1090  1150 I mtkpower_client: perf_lock_rel, hdl:81765, tid:1150
07-28 18:56:29.526  1090  1150 I mtkpower_client: perf_lock_acq, hdl:0, dur:0, num:2, tid:1150
07-28 18:56:29.527  1093  1167 I libPowerHal: [perfLockAcq] idx:0 hdl:81767 hint:-1 pid:1090 duration:0 lock_user:vendor.samsung. => ret_hdl:81767
07-28 18:56:29.527  1093  1167 I libPowerHal: vendor.samsung.: cpu_ctrl set cpu freq: 1800000 -1 -1 -1
07-28 18:56:29.527 17091 17124 D NativeCustomFrequencyManager: [NativeCFMS] BpCustomFrequencyManager::BpCustomFrequencyManager()
07-28 18:56:29.528  1093  1167 I libPowerHal: [perfLockRel] hdl:81765, idx:2
07-28 18:56:29.528  1093  1167 I libPowerHal: [PD] vendor.samsung. update cmd:1000000, param:-1
07-28 18:56:29.528  1093  1167 I libPowerHal: [PD] vendor.samsung. update cmd:1000000 param:-1
07-28 18:56:29.529  1090  1150 I mtkpower_client: ret_hdl:81768
07-28 18:56:29.529  1093  1167 I libPowerHal: [perfLockAcq] idx:1 hdl:81768 hint:-1 pid:1090 duration:0 lock_user:vendor.samsung. => ret_hdl:81768
07-28 18:56:29.529  1090  1150 I HYPER-HAL: [RequestManager.cpp]acquire(): Acquired ID : 13637267  [5208 / 14]    HINT : APP_START    list :
07-28 18:56:29.529  1093  1167 I libPowerHal: [PE] vendor.samsung. update cmd:1000000, param:0
07-28 18:56:29.529  1093  1167 I libPowerHal: [PE] vendor.samsung. update cmd:1000000 param:0
07-28 18:56:29.533  1624  5302 D InputDispatcher: Focused application(0): ActivityRecord{398075f u0 com.example.dogglers/androidx.test.core.app.InstrumentationActivityInvoker$BootstrapActivity} t30329}
07-28 18:56:29.538  3393  3393 I TopTaskTracker: onTaskMovedToFront : taskId = 30329
07-28 18:56:29.538  1624  4919 D InputTransport: Input channel constructed: 'f4f4b2d', fd=802
07-28 18:56:29.538  1624  4919 D InputTransport: Input channel constructed: 'f4f4b2d', fd=973
07-28 18:56:29.538  1624  4919 D InputTransport: Input channel constructed: 'f4f4b2d', fd=978
07-28 18:56:29.539  1127  2023 I SurfaceFlinger: id=178823 createSurf flag=80004, f4f4b2d Splash Screen com.example.dogglers#178823
07-28 18:56:29.540  1624  1688 W libprocessgroup: Failed to open /dev/blkio//cgroup.procs: No such file or directory
07-28 18:56:29.541  1624  1688 W libprocessgroup: Failed to open /dev/blkio//cgroup.procs: No such file or directory
07-28 18:56:29.541  1624  4919 D InputTransport: Input channel destroyed: 'f4f4b2d', fd=978
07-28 18:56:29.542  1624  1688 W libprocessgroup: Failed to open /dev/blkio//cgroup.procs: No such file or directory
07-28 18:56:29.543 17091 17121 D InsetsController: onStateChanged: InsetsState: {mDisplayFrame=Rect(0, 0 - 1080, 2400), mDisplayCutout=DisplayCutout{insets=Rect(0, 80 - 0, 0) waterfall=Insets{left=0, top=0, right=0, bottom=0} boundingRect={Bounds=[Rect(0, 0 - 0, 0), Rect(468, 0 - 612, 80), Rect(0, 0 - 0, 0), Rect(0, 0 - 0, 0)]} cutoutPathParserInfo={CutoutPathParserInfo{displayWidth=1080 displayHeight=2400 physicalDisplayWidth=1080 physicalDisplayHeight=2400 density={2.625} cutoutSpec={M 0,0 H -27.42857142857143 V 30.47619047619048 H 27.42857142857143 V 0 H 0 Z @dp} rotation={0} scale={1.0} physicalPixelDisplaySizeRatio={1.0}}}}, mRoundedCorners=RoundedCorners{[RoundedCorner{position=TopLeft, radius=90, center=Point(90, 90)}, RoundedCorner{position=TopRight, radius=90, center=Point(990, 90)}, RoundedCorner{position=BottomRight, radius=90, center=Point(990, 2310)}, RoundedCorner{position=BottomLeft, radius=90, center=Point(90, 2310)}]}  mRoundedCornerFrame=Rect(0, 0 - 1080, 2400), mPrivacyIndicatorBounds=PrivacyIndicatorBounds {static bounds=Rect(956, 0 - 1080, 80) rotation=0}, mSources= { InsetsSource: {mType=ITYPE_STATUS_BAR, mFrame=[0,0][1080,80], mVisible=true, mInsetsRoundedCornerFrame=false}, InsetsSource: {mType=ITYPE_NAVIGATION_BAR, mFrame=[0,2265][1080,2400], mVisible=true, mInsetsRoundedCornerFrame=false}, InsetsSource: {mType=ITYPE_LEFT_GESTURES, mFrame=[0,0][0,2400], mVisible=true, mInsetsRoundedCornerFrame=false}, InsetsSource: {mType=ITYPE_RIGHT_GESTURES, mFrame=[1080,0][1080,2400], mVisible=true, mInsetsRoundedCornerFrame=false}, InsetsSource: {mType=ITYPE_TOP_MANDATORY_GESTURES, mFrame=[0,0][1080,114], mVisible=true, mInsetsRoundedCornerFrame=false}, InsetsSource: {mType=ITYPE_BOTTOM_MANDATORY_GESTURES, mFrame=[0,2265][1080,2400], mVisible=true, mInsetsRoundedCornerFrame=false}, InsetsSource: {mType=ITYPE_LEFT_DISPLAY_CUTOUT, mFrame=[0,0][-100000,2400], mVisible=true, mInsetsRoundedCornerFrame=false}, InsetsSource: {mType=ITYPE_TOP_DISPLAY_CUTOUT, mFrame=[0,0][1080,80], mVisible=true, mInsetsRoundedCornerFrame=false}, InsetsSource: {mType=ITYPE_RIGHT_DISPLAY_CUTOUT, mFrame=[100000,0][1080,2400], mVisible=true, mInsetsRoundedCornerFrame=false}, InsetsSource: {mType=ITYPE_BOTTOM_DISPLAY_CUTOUT, mFrame=[0,100000][1080,2400], mVisible=true, mInsetsRoundedCornerFrame=false}, InsetsSource: {mType=ITYPE_TOP_TAPPABLE_ELEMENT, mFrame=[0,0][1080,80], mVisible=true, mInsetsRoundedCornerFrame=false}, InsetsSource: {mType=ITYPE_BOTTOM_TAPPABLE_ELEMENT, mFrame=[0,2265][1080,2400], mVisible=true, mInsetsRoundedCornerFrame=false}, InsetsSource: {mType=ITYPE_IME, mFrame=[0,0][0,0], mVisibleFrame=[0,1243][1080,2400], mVisible=false, mInsetsRoundedCornerFrame=false} } host=Splash Screen com.example.dogglers from=android.view.ViewRootImpl.setView:1732
07-28 18:56:29.543  9007  9037 D OpenGLRenderer: RenderThread::requireGlContext()
07-28 18:56:29.543  9007  9037 D libMEOW : meow new tls: 0xb400007315c87140
07-28 18:56:29.544  9007  9037 D libMEOW : meow reload base cfg path: na
07-28 18:56:29.544  9007  9037 D libMEOW : meow reload overlay cfg path: na
07-28 18:56:29.544  1624  1668 I SemPersonaManager: SecureFolder personaId = 150
07-28 18:56:29.545 17091 17121 I ViewRootImpl@954f6c0[dogglers]: setView = android.widget.FrameLayout@b0f62b5 TM=true
07-28 18:56:29.547  9007  9037 E QT      : [QT]file does not exist
07-28 18:56:29.548 17091 17121 I ViewRootImpl@954f6c0[dogglers]: performTraversals params={(0,0)(fillxfill) sim={adjust=pan} ty=APPLICATION_STARTING fmt=TRANSLUCENT wanim=0x1030001
07-28 18:56:29.548 17091 17121 I ViewRootImpl@954f6c0[dogglers]:   fl=81030118
07-28 18:56:29.548 17091 17121 I ViewRootImpl@954f6c0[dogglers]:   pfl=16000010
07-28 18:56:29.548 17091 17121 I ViewRootImpl@954f6c0[dogglers]:   bhv=DEFAULT
07-28 18:56:29.548 17091 17121 I ViewRootImpl@954f6c0[dogglers]:   fitSides= naviIconColor=0}
07-28 18:56:29.549  1127  1127 I SurfaceFlinger: [b2bc12 com.sec.android.app.launcher/com.sec.android.app.launcher.activities.LauncherActivity#131] FrameRatePriority: -1
07-28 18:56:29.549  9007  9037 D libMEOW : applied 2 plugins for [com.example.dogglers]:
07-28 18:56:29.549  9007  9037 D libMEOW :   plugin 1: [libMEOW_gift.so]:
07-28 18:56:29.549  9007  9037 D libMEOW :   plugin 2: [libMEOW_semaphore]:
07-28 18:56:29.549 17091 17121 I ViewRootImpl@954f6c0[dogglers]: performTraversals mFirst=true windowShouldResize=true viewVisibilityChanged=false mForceNextWindowRelayout=false params={(0,0)(fillxfill) sim={adjust=pan} ty=APPLICATION_STARTING fmt=TRANSLUCENT wanim=0x1030001
07-28 18:56:29.549 17091 17121 I ViewRootImpl@954f6c0[dogglers]:   fl=81030118
07-28 18:56:29.549 17091 17121 I ViewRootImpl@954f6c0[dogglers]:   pfl=16000010
07-28 18:56:29.549 17091 17121 I ViewRootImpl@954f6c0[dogglers]:   bhv=DEFAULT
07-28 18:56:29.549 17091 17121 I ViewRootImpl@954f6c0[dogglers]:   fitSides= naviIconColor=0}
07-28 18:56:29.551  1624  5302 V WindowManager: Relayout Window{f4f4b2d u0 Splash Screen com.example.dogglers}: viewVisibility=0 req=1080x2400 d0
07-28 18:56:29.552  1127  1176 I BufferQueueDebug: [Splash Screen com.example.dogglers$_17091#178824](this:0xb4000075f085c838,id:-1,api:0,p:-1,c:-1) BufferQueue core=(1127:/system/bin/surfaceflinger)
07-28 18:56:29.552  1127  1176 I SurfaceFlinger: id=178824 createSurf flag=40004, Splash Screen com.example.dogglers$_17091#178824
07-28 18:56:29.558  1624  5302 V WindowManager: Relayout hash=f4f4b2d, pid=17091, syncId=-1: mAttrs={(0,0)(fillxfill) sim={adjust=pan} ty=APPLICATION_STARTING fmt=TRANSLUCENT wanim=0x1030001
07-28 18:56:29.558  1624  5302 V WindowManager:   fl=81030118
07-28 18:56:29.558  1624  5302 V WindowManager:   pfl=16000010
07-28 18:56:29.558  1624  5302 V WindowManager:   bhv=DEFAULT
07-28 18:56:29.558  1624  5302 V WindowManager:   fitSides= naviIconColor=0}
07-28 18:56:29.560  1127  1127 D SurfaceFlinger: [input] inputWindowCommands.focusRequests size is 1
07-28 18:56:29.560   541   541 I hwservicemanager: getTransport: Cannot find entry android.hardware.configstore@1.0::ISurfaceFlingerConfigs/default in either framework or device VINTF manifest.
07-28 18:56:29.560 17091 17121 I ViewRootImpl@954f6c0[dogglers]: updateBlastSurfaceIfNeeded mBlastBufferQueue=null isSameSurfaceControl=false
07-28 18:56:29.561 17091 17121 D BufferQueueConsumer: [](id:42c300000057,api:0,p:-1,c:17091) connect: controlledByApp=false
07-28 18:56:29.561  9007  9037 E OpenGLRenderer: Device claims wide gamut support, cannot find matching config, error = EGL_SUCCESS
07-28 18:56:29.561  9007  9037 W OpenGLRenderer: Failed to initialize 101010-2 format, error = EGL_SUCCESS
07-28 18:56:29.562  1127  1386 D SurfaceFlinger: [input] setFocusedWindow: <null>
07-28 18:56:29.562 17091 17121 I BLASTBufferQueue: new BLASTBufferQueue, mName= ViewRootImpl@954f6c0[dogglers] mNativeObject= 0xb40000731648f380 sc.mNativeObject= 0xb40000731fbf1da0 caller= android.view.ViewRootImpl.updateBlastSurfaceIfNeeded:2909 android.view.ViewRootImpl.relayoutWindow:9847 android.view.ViewRootImpl.performTraversals:3884 android.view.ViewRootImpl.doTraversal:3116 android.view.ViewRootImpl$TraversalRunnable.run:10885 android.view.Choreographer$CallbackRecord.run:1301 android.view.Choreographer$CallbackRecord.run:1309 android.view.Choreographer.doCallbacks:923 android.view.Choreographer.doFrame:852 android.view.Choreographer$FrameDisplayEventReceiver.run:1283
07-28 18:56:29.562  1624  5302 D InputDispatcher: Focus left window (0): b2bc12 com.sec.android.app.launcher/com.sec.android.app.launcher.activities.LauncherActivity
07-28 18:56:29.562 17091 17121 I BLASTBufferQueue: update, w= 1080 h= 2400 mName = ViewRootImpl@954f6c0[dogglers] mNativeObject= 0xb40000731648f380 sc.mNativeObject= 0xb40000731fbf1da0 format= -3 caller= android.graphics.BLASTBufferQueue.<init>:84 android.view.ViewRootImpl.updateBlastSurfaceIfNeeded:2909 android.view.ViewRootImpl.relayoutWindow:9847 android.view.ViewRootImpl.performTraversals:3884 android.view.ViewRootImpl.doTraversal:3116 android.view.ViewRootImpl$TraversalRunnable.run:10885
07-28 18:56:29.563  3393  3393 I ViewRootImpl@c6ee0f[LauncherActivity]: MSG_WINDOW_FOCUS_CHANGED 0 0
07-28 18:56:29.563  3393  3393 I BaseActivity: removeActivityFlags, flags : 8
07-28 18:56:29.563 17091 17121 I ViewRootImpl@954f6c0[dogglers]: Relayout returned: old=(0,0,1080,2400) new=(0,0,1080,2400) req=(1080,2400)0 dur=11 res=0x3 s={true 0xb400007314c68800} ch=true seqId=0
07-28 18:56:29.564 17091 17121 I ViewRootImpl@954f6c0[dogglers]: mThreadedRenderer.initialize() mSurface={isValid=true 0xb400007314c68800} hwInitialized=true
07-28 18:56:29.565  1624  1668 D EnterpriseDeviceManagerService: isMdmAdminPresentInternal() : MDM Admin Found - com.samsung.knox.securefolder
07-28 18:56:29.565 17091 17124 D OpenGLRenderer: eglCreateWindowSurface
07-28 18:56:29.566 17091 17121 I ViewRootImpl@954f6c0[dogglers]: reportNextDraw android.view.ViewRootImpl.performTraversals:4438 android.view.ViewRootImpl.doTraversal:3116 android.view.ViewRootImpl$TraversalRunnable.run:10885 android.view.Choreographer$CallbackRecord.run:1301 android.view.Choreographer$CallbackRecord.run:1309
07-28 18:56:29.566 17091 17121 I ViewRootImpl@954f6c0[dogglers]: Setup new sync id=0
07-28 18:56:29.566 17091 17121 I ViewRootImpl@954f6c0[dogglers]: Setting syncFrameCallback
07-28 18:56:29.566 17091 17121 I ViewRootImpl@954f6c0[dogglers]: registerCallbacksForSync syncBuffer=false
07-28 18:56:29.567  1624  3919 I MediaSessionMonitor: Media session stopped : not playing state
07-28 18:56:29.568 17091 17222 I ViewRootImpl@954f6c0[dogglers]: Received frameDrawingCallback syncResult=0 frameNum=1.
07-28 18:56:29.568 17091 17222 I ViewRootImpl@954f6c0[dogglers]: Setting up sync and frameCommitCallback
07-28 18:56:29.572  9007  9037 D OpenGLRenderer: RenderThread::setGrContext()
07-28 18:56:29.577  9007  9007 D LifecycleMonitor: Lifecycle status change: androidx.test.core.app.InstrumentationActivityInvoker$BootstrapActivity@3640d6b in: PRE_ON_CREATE
07-28 18:56:29.578  9007  9007 V ActivityScenario: Activity lifecycle changed event received but ignored because the intent does not match. startActivityIntent=Intent { act=android.intent.action.MAIN cat=[android.intent.category.LAUNCHER] cmp=com.example.dogglers/.VerticalListActivity }, activity.getIntent()=Intent { act=android.intent.action.MAIN cat=[android.intent.category.LAUNCHER] flg=0x10008000 cmp=com.example.dogglers/androidx.test.core.app.InstrumentationActivityInvoker$BootstrapActivity (has extras) }, activity=androidx.test.core.app.InstrumentationActivityInvoker$BootstrapActivity@3640d6b
07-28 18:56:29.582 17091 17124 I BLASTBufferQueue: [ViewRootImpl@954f6c0[dogglers]#87](f:0,a:0) onFrameAvailable the first frame is available
07-28 18:56:29.583  3393  3393 I BadgeRenderer: Invalid count : 0
07-28 18:56:29.583 17091 17124 D BLASTBufferQueue: [ViewRootImpl@954f6c0[dogglers]#87](f:0,a:1) acquireNextBufferLocked size=1080x2400 mFrameNumber=1 applyTransaction=true mTimestamp=1010958381276180(auto) mPendingTransactions.size=0 graphicBufferId=73405286056544 transform=0
07-28 18:56:29.584 17091 17124 I ViewRootImpl@954f6c0[dogglers]: Received frameCommittedCallback lastAttemptedDrawFrameNum=1 didProduceBuffer=true
07-28 18:56:29.584  3393  3393 I BadgeRenderer: Invalid count : 0
07-28 18:56:29.585 17091 17124 D OpenGLRenderer: CFMS:: SetUp Pid : 17091    Tid : 17124
07-28 18:56:29.586 17091 17124 W Parcel  : Expecting binder but got null!
07-28 18:56:29.586 17091 17121 I ViewRootImpl@954f6c0[dogglers]: onSyncComplete
07-28 18:56:29.586 17091 17121 I ViewRootImpl@954f6c0[dogglers]: setupSync seqId=0 mSyncId=0 fn=1 caller=android.view.ViewRootImpl$$ExternalSyntheticLambda11.accept:6 android.window.SurfaceSyncer.lambda$setupSync$1$android-window-SurfaceSyncer:128 android.window.SurfaceSyncer$$ExternalSyntheticLambda1.accept:8 android.window.SurfaceSyncer$SyncSet.checkIfSyncIsComplete:382 android.window.SurfaceSyncer$SyncSet.markSyncReady:359 android.window.SurfaceSyncer.markSyncReady:151 android.view.ViewRootImpl.performTraversals:4503
07-28 18:56:29.586 17091 17121 I ViewRootImpl@954f6c0[dogglers]: reportDrawFinished seqId=0 mSyncId=-1 fn=1 mSurfaceChangedTransaction=0xb40000729475c600
07-28 18:56:29.590  1127  2023 I SurfaceFlinger: id=178825 createSurf flag=24000, Surface(name=Task=1)/@0x5dd1774 - animation-leash of app_transition#178825
07-28 18:56:29.593  1127  2023 I SurfaceFlinger: id=178826 createSurf flag=24004, Surface(name=Task=30329)/@0xd481f55 - animation-leash of app_transition#178826
07-28 18:56:29.593  1127  1127 D BufferStateLayer: Splash Screen com.example.dogglers$_17091#178824 setBuffer frameId=1, bufferId=73405286056544 fenceId=461, w= 1080, h=2400
07-28 18:56:29.597  1127  2023 I SurfaceFlinger: id=178827 createSurf flag=80000, bddc3fe ActivityRecordInputSink com.example.dogglers/androidx.test.core.app.InstrumentationActivityInvoker$BootstrapActivity#178827
07-28 18:56:29.600 17091 17115 D Bubbles : onLocusVisibilityChanged: LocusId[17_chars] visible=false
07-28 18:56:29.601  9007  9007 I DecorView: [INFO] isPopOver=false config=true
07-28 18:56:29.602  9007  9007 I DecorView: updateCaptionType: isFloating=false isApplication=true hasWindowDecorCaption=false this=DecorView@992e174[]
07-28 18:56:29.602  9007  9007 D DecorView: setCaptionType = 0, this = DecorView@992e174[]
07-28 18:56:29.608  9007  9007 D CompatibilityChangeReporter: Compat change id reported: 210923482; UID 10520; state: DISABLED
07-28 18:56:29.608  9007  9007 D CompatibilityChangeReporter: Compat change id reported: 37756858; UID 10520; state: ENABLED
07-28 18:56:29.610  1127  1127 I BufferQueueProducer: [com.sec.android.app.launcher/com.sec.android.app.launcher.activities.LauncherActivity$_3393#178812](this:0xb4000075f559d838,id:-1,api:0,p:-1,c:1127) queueBuffer: fps=0.19 dur=21482.74 max=21382.88 min=16.10
07-28 18:56:29.610  9007  9007 I DecorView: getCurrentDensityDpi: from real metrics. densityDpi=450 msg=resources_loaded
07-28 18:56:29.610  1127  1127 I Layer   : Layer [Splash Screen com.example.dogglers$_17091#178824] hidden!! flag(0)
07-28 18:56:29.610  9007  9007 I DecorView: setWindowBackground: isPopOver=false color=ff010101 d=android.graphics.drawable.StateListDrawable@7b6a0e0
07-28 18:56:29.611  9007  9007 D LifecycleMonitor: Lifecycle status change: androidx.test.core.app.InstrumentationActivityInvoker$BootstrapActivity@3640d6b in: CREATED
07-28 18:56:29.611  9007  9007 V ActivityScenario: Activity lifecycle changed event received but ignored because the intent does not match. startActivityIntent=Intent { act=android.intent.action.MAIN cat=[android.intent.category.LAUNCHER] cmp=com.example.dogglers/.VerticalListActivity }, activity.getIntent()=Intent { act=android.intent.action.MAIN cat=[android.intent.category.LAUNCHER] flg=0x10008000 cmp=com.example.dogglers/androidx.test.core.app.InstrumentationActivityInvoker$BootstrapActivity (has extras) }, activity=androidx.test.core.app.InstrumentationActivityInvoker$BootstrapActivity@3640d6b
07-28 18:56:29.612  3393  3393 I ViewRootImpl@c6ee0f[LauncherActivity]: handleAppVisibility mAppVisible = true visible = false
07-28 18:56:29.613 17091 24186 D WallpaperService: dispatchAppVisibility onVisibilityChanged(): false
07-28 18:56:29.613 17091 17091 D WallpaperService: reportVisibility onVisibilityChanged visible: false
07-28 18:56:29.613 17091 17218 I ImageWallpaper[GLEngine]:  onVisibilityChanged false , 0
07-28 18:56:29.614  9007  9007 D LifecycleMonitor: Lifecycle status change: androidx.test.core.app.InstrumentationActivityInvoker$BootstrapActivity@3640d6b in: STARTED
07-28 18:56:29.614  9007  9007 V ActivityScenario: Activity lifecycle changed event received but ignored because the intent does not match. startActivityIntent=Intent { act=android.intent.action.MAIN cat=[android.intent.category.LAUNCHER] cmp=com.example.dogglers/.VerticalListActivity }, activity.getIntent()=Intent { act=android.intent.action.MAIN cat=[android.intent.category.LAUNCHER] flg=0x10008000 cmp=com.example.dogglers/androidx.test.core.app.InstrumentationActivityInvoker$BootstrapActivity (has extras) }, activity=androidx.test.core.app.InstrumentationActivityInvoker$BootstrapActivity@3640d6b
07-28 18:56:29.619  1127  1127 I BufferQueueProducer: [FramebufferSurface](this:0xb40000762323cb60,id:-1,api:1,p:1127,c:1127) queueBuffer: fps=0.03 dur=31043.97 max=31043.97 min=31043.97
07-28 18:56:29.621  3746  3746 E pageboostd: Received HALT command code 2
07-28 18:56:29.622  1127  1127 D SurfaceFlinger: Display 0 HWC layers:
07-28 18:56:29.622  1127  1127 D SurfaceFlinger:      DEVICE | 0xb4000075f544b300 | 0100 | RGBx_8888    |    0.0    0.0 1080.0 2400.0 |    0    0 1080 2400 | Wallpaper BBQ wrapper#176353
07-28 18:56:29.622  1127  1127 D SurfaceFlinger:      DEVICE | 0xb400007621856e80 | 0100 | RGBA_8888    |    0.0    0.0 1080.0 2400.0 |    0    0 1080 2400 | com.sec.android.app.launcher/com.sec[...]vities.LauncherActivity$_3393#178812
07-28 18:56:29.622  1127  1127 D SurfaceFlinger:      DEVICE | 0xb4000075f544d700 | 0100 | RGBA_8888    |    0.0    0.0 1080.0 2400.0 |    0    0 1080 2400 | Splash Screen com.example.dogglers$_17091#178824
07-28 18:56:29.622  1127  1127 D SurfaceFlinger:      CLIENT | 0xb400007623228f80 | 0100 | RGBA_8888    |    0.0    0.0 1080.0   80.0 |    0    0 1080   80 | StatusBar$_17091#176350
07-28 18:56:29.622  1127  1127 D SurfaceFlinger:      CLIENT | 0xb400007621856a00 | 0100 | RGBA_8888    |    0.0    0.0 1080.0  135.0 |    0 2265 1080 2400 | NavigationBar0$_17091#176345
07-28 18:56:29.622  1127  1127 D SurfaceFlinger:      CLIENT | 0xb4000076232f1a80 | 0140 | RGBA_8888    |    0.0    0.0 1080.0  150.0 |    0    0 1080  150 | ScreenDecorOverlay$_17091#176358
07-28 18:56:29.622  1127  1127 D SurfaceFlinger:      CLIENT | 0xb400007621856400 | 0140 | RGBA_8888    |    0.0    0.0 1080.0  150.0 |    0 2250 1080 240
07-28 18:56:29.622  1127  1127 D SurfaceFlinger: 0 | ScreenDecorOverlayBottom$_17091#176359
07-28 18:56:29.622  1127  1127 D SurfaceFlinger:
07-28 18:56:29.624  1127  2023 I SurfaceFlinger: id=178828 createSurf flag=80004, ActivityRecord{6d78ea4 u0 com.example.dogglers/.VerticalListActivity} t30329}#178828
07-28 18:56:29.625  1624  1668 I SemPersonaManager: SecureFolder personaId = 150
07-28 18:56:29.626  1127  1127 I Layer   : id=178825 removeFromCurrentState Surface(name=Task=1)/@0x5dd1774 - animation-leash of app_transition#178825 (112)
07-28 18:56:29.626  1127  1127 I Layer   : Layer [com.sec.android.app.launcher/com.sec.android.app.launcher.activities.LauncherActivity$_3393#178812] hidden!! flag(1)
07-28 18:56:29.627  1127  1127 I Layer   : id=178826 removeFromCurrentState Surface(name=Task=30329)/@0xd481f55 - animation-leash of app_transition#178826 (112)
07-28 18:56:29.627  1127  1127 I SurfaceFlinger: id=178826 Removed Surface(name=Task=30329)/@0xd481f55 - animation-leash of app_transition#178826 (112)
07-28 18:56:29.627  1127  1127 I SurfaceFlinger: id=178825 Removed Surface(name=Task=1)/@0x5dd1774 - animation-leash of app_transition#178825 (112)
07-28 18:56:29.627  1127  1127 I Layer   : id=178825 Destroyed Surface(name=Task=1)/@0x5dd1774 - animation-leash of app_transition#178825
07-28 18:56:29.627  1127  1127 I Layer   : id=178826 Destroyed Surface(name=Task=30329)/@0xd481f55 - animation-leash of app_transition#178826
07-28 18:56:29.628  1127  2023 I SurfaceFlinger: id=178829 createSurf flag=80000, bf77937 ActivityRecordInputSink com.example.dogglers/.VerticalListActivity#178829
07-28 18:56:29.631 17091 18912 I ViewRootImpl@954f6c0[dogglers]: Resizing android.view.ViewRootImpl@29e5d4a: frame = [0,0][1080,2400] reportDraw = false forceLayout = false syncSeqId = 0
07-28 18:56:29.631 17091 17121 I ViewRootImpl@954f6c0[dogglers]: handleResized, msg = 4 frames=ClientWindowFrames{frame=[0,0][1080,2400] display=[0,0][1080,2400] parentFrame=[0,0][0,0] parentClippedByDisplayCutout=false} forceNextWindowRelayout=false displayId=0 resizeMode=-1 frameChanged=false displayFrameChanged=false configChanged=false displayChanged=false
07-28 18:56:29.631  3393  3393 I ViewRootImpl@c6ee0f[LauncherActivity]: performTraversals mFirst=false windowShouldResize=false viewVisibilityChanged=true mForceNextWindowRelayout=false params=null
07-28 18:56:29.631  9007  9007 D LifecycleMonitor: Lifecycle status change: androidx.test.core.app.InstrumentationActivityInvoker$BootstrapActivity@3640d6b in: RESUMED
07-28 18:56:29.632  1624  5302 V WindowManager: Relayout Window{b2bc12 u0 com.sec.android.app.launcher/com.sec.android.app.launcher.activities.LauncherActivity}: viewVisibility=8 req=1080x2400 d0
07-28 18:56:29.632  9007  9007 V ActivityScenario: Activity lifecycle changed event received but ignored because the intent does not match. startActivityIntent=Intent { act=android.intent.action.MAIN cat=[android.intent.category.LAUNCHER] cmp=com.example.dogglers/.VerticalListActivity }, activity.getIntent()=Intent { act=android.intent.action.MAIN cat=[android.intent.category.LAUNCHER] flg=0x10008000 cmp=com.example.dogglers/androidx.test.core.app.InstrumentationActivityInvoker$BootstrapActivity (has extras) }, activity=androidx.test.core.app.InstrumentationActivityInvoker$BootstrapActivity@3640d6b
07-28 18:56:29.633  1127  1127 D SurfaceFlinger: Display 0 HWC layers:
07-28 18:56:29.633  1127  1127 D SurfaceFlinger:      DEVICE | 0xb4000075f544d700 | 0100 | RGBA_8888    |    0.0    0.0 1080.0 2400.0 |    0    0 1080 2400 | Splash Screen com.example.dogglers$_17091#178824
07-28 18:56:29.633  1127  1127 D SurfaceFlinger:      DEVICE | 0xb400007623228f80 | 0100 | RGBA_8888    |    0.0    0.0 1080.0   80.0 |    0    0 1080   80 | StatusBar$_17091#176350
07-28 18:56:29.633  1127  1127 D SurfaceFlinger:      DEVICE | 0xb400007621856a00 | 0100 | RGBA_8888    |    0.0    0.0 1080.0  135.0 |    0 2265 1080 2400 | NavigationBar0$_17091#176345
07-28 18:56:29.633  1127  1127 D SurfaceFlinger:      DEVICE | 0xb4000076232f1a80 | 0140 | RGBA_8888    |    0.0    0.0 1080.0  150.0 |    0    0 1080  150 | ScreenDecorOverlay$_17091#176358
07-28 18:56:29.633  1127  1127 D SurfaceFlinger:      DEVICE | 0xb400007621856400 | 0140 | RGBA_8888    |    0.0    0.0 1080.0  150.0 |    0 2250 1080 2400 | ScreenDecorOverlayBottom$_17091#176359
07-28 18:56:29.633  1127  1127 D SurfaceFlinger:
07-28 18:56:29.635  1624  5302 V WindowManager: Relayout hash=b2bc12, pid=3393, syncId=-1: mAttrs={(0,0)(fillxfill) sim={adjust=nothing forwardNavigation} layoutInDisplayCutoutMode=shortEdges ty=BASE_APPLICATION fmt=TRANSPARENT wanim=0x10302f4
07-28 18:56:29.635  1624  5302 V WindowManager:   fl=81910100
07-28 18:56:29.635  1624  5302 V WindowManager:   pfl=1e020040
07-28 18:56:29.635  1624  5302 V WindowManager:   vsysui=1700
07-28 18:56:29.635  1624  5302 V WindowManager:   bhv=SHOW_TRANSIENT_BARS_BY_SWIPE
07-28 18:56:29.635  1624  5302 V WindowManager:   fitSides= naviIconColor=0}
07-28 18:56:29.637  3393 10716 I RecentModel: onTaskStackChangedBackground
07-28 18:56:29.638  3393  3393 I ViewRootImpl@c6ee0f[LauncherActivity]: Relayout returned: old=(0,0,1080,2400) new=(0,0,1080,2400) req=(1080,2400)8 dur=6 res=0x2 s={false 0x0} ch=true seqId=0
07-28 18:56:29.639  9007  9007 D LifecycleMonitor: Lifecycle status change: androidx.test.core.app.InstrumentationActivityInvoker$BootstrapActivity@3640d6b in: PAUSED
07-28 18:56:29.639  9007  9007 V ActivityScenario: Activity lifecycle changed event received but ignored because the intent does not match. startActivityIntent=Intent { act=android.intent.action.MAIN cat=[android.intent.category.LAUNCHER] cmp=com.example.dogglers/.VerticalListActivity }, activity.getIntent()=Intent { act=android.intent.action.MAIN cat=[android.intent.category.LAUNCHER] flg=0x10008000 cmp=com.example.dogglers/androidx.test.core.app.InstrumentationActivityInvoker$BootstrapActivity (has extras) }, activity=androidx.test.core.app.InstrumentationActivityInvoker$BootstrapActivity@3640d6b
07-28 18:56:29.642  3393  3756 I RecentTasksList: loadTasksInBackground : groupTask = GroupTask{task1=[id=30275 windowingMode=1 user=0 lastActiveTime=2268826858] null, task2=null, task3=null, mStagedSplitBounds=null}
07-28 18:56:29.642  3393  3756 I RecentTasksList: loadTasksInBackground : groupTask = GroupTask{task1=[id=30284 windowingMode=1 user=0 lastActiveTime=2268970755] null, task2=null, task3=null, mStagedSplitBounds=null}
07-28 18:56:29.642  3393  3756 I RecentTasksList: loadTasksInBackground : groupTask = GroupTask{task1=[id=30329 windowingMode=1 user=0 lastActiveTime=2270546361] null, task2=null, task3=null, mStagedSplitBounds=null}
07-28 18:56:29.643  1127  1127 I BufferQueueProducer: [NavigationBar0$_17091#176345](this:0xb4000075f087c838,id:-1,api:0,p:-1,c:1127) queueBuffer: fps=0.18 dur=21663.67 max=21465.24 min=16.72
07-28 18:56:29.648  1624  4919 D InputDispatcher: Focused application(0): ActivityRecord{6d78ea4 u0 com.example.dogglers/.VerticalListActivity} t30329}
07-28 18:56:29.655  3393  3393 I ViewRootImpl@c6ee0f[LauncherActivity]: stopped(true) old = false
07-28 18:56:29.655  3393  3393 I ViewRootImpl@c6ee0f[LauncherActivity]: WindowStopped on com.sec.android.app.launcher/com.sec.android.app.launcher.activities.LauncherActivity set to true
07-28 18:56:29.655  1624  1668 I SemPersonaManager: SecureFolder personaId = 150
07-28 18:56:29.656  3393  3393 I Launcher: !@Boot_DEBUG: Launcher.onStop()
07-28 18:56:29.656  3393  3393 I Launcher: !@Boot_EBS_D: Launcher.onStop()
07-28 18:56:29.656  3393  3393 I BaseActivity: removeActivityFlags, flags : 17
07-28 18:56:29.656  3393  3393 I StateManager: goToState isInState Normal
07-28 18:56:29.656  3393  3393 W LauncherAppWidgetHost: setShouldListenFlag, mFlags:7 flag:start on:false isFront:false
07-28 18:56:29.656  3393  3756 I IMM_LC  : hsifw() - flag : 0
07-28 18:56:29.656  3393  3756 I IMM_LC  : hsifw() - mService.hideSoftInput
07-28 18:56:29.657  1624  4919 I AppWidgetServiceImpl: stopListening callbacks : null
07-28 18:56:29.658  3393  3393 W LauncherAppWidgetHost: stopListening, mFlags:2 isFront:false
07-28 18:56:29.658  3393  3393 W Launcher.NotificationListener: removeNotificationsChangedListener
07-28 18:56:29.658  3393  3393 I Launcher.NotificationListener: unregisterObserver, this is not notificationService!!
07-28 18:56:29.658  3393  3393 I BadgeCountUpdaterImpl: onNotificationsChangedDisConnected
07-28 18:56:29.661  3393  3758 I LiveIconUpdateEventHandler: cancelMinuteChangeAlarm
07-28 18:56:29.662  3393  3393 I MSHandlerLifeCycle: removeMultiSplitHandler: no exist. decor=DecorView@4f24386[LauncherActivity]
07-28 18:56:29.665  1624  1668 D EnterpriseDeviceManagerService: isMdmAdminPresentInternal() : MDM Admin Found - com.samsung.knox.securefolder
07-28 18:56:29.666  1624  3919 I MediaSessionMonitor: Media session stopped : not playing state
07-28 18:56:29.692  1127  1127 I Layer   : id=178812 removeFromCurrentState com.sec.android.app.launcher/com.sec.android.app.launcher.activities.LauncherActivity$_3393#178812 (111)
07-28 18:56:29.693  1127  1127 I SurfaceFlinger: id=178812 Removed com.sec.android.app.launcher/com.sec.android.app.launcher.activities.LauncherActivity$_3393#178812 (111)
07-28 18:56:29.693  1127  1127 I BufferQueueDebug: [com.sec.android.app.launcher/com.sec.android.app.launcher.activities.LauncherActivity$_3393#178812](this:0xb4000075f559d838,id:-1,api:0,p:-1,c:1127) onDestructor()
07-28 18:56:29.693  1127  1127 I Layer   : id=178812 Destroyed com.sec.android.app.launcher/com.sec.android.app.launcher.activities.LauncherActivity$_3393#178812
07-28 18:56:29.713  9007  9007 D LifecycleMonitor: Lifecycle status change: com.example.dogglers.VerticalListActivity@f46de37 in: PRE_ON_CREATE
07-28 18:56:29.713  9007  9007 V ActivityScenario: Activity lifecycle changed event received but ignored because the reported transition was not ON_CREATE while the last known transition was PRE_ON_CREATE
07-28 18:56:29.750  3393 10716 I RecentModel: onTaskStackChangedBackground
07-28 18:56:29.763  9007  9007 I DecorView: [INFO] isPopOver=false config=true
07-28 18:56:29.763  9007  9007 I DecorView: updateCaptionType: isFloating=false isApplication=true hasWindowDecorCaption=false this=DecorView@cd5c327[]
07-28 18:56:29.763  9007  9007 D DecorView: setCaptionType = 0, this = DecorView@cd5c327[]
07-28 18:56:29.765  9007  9007 I DecorView: getCurrentDensityDpi: from real metrics. densityDpi=450 msg=resources_loaded
07-28 18:56:29.765  9007  9007 I DecorView: setWindowBackground: isPopOver=false color=ffffffff d=android.graphics.drawable.ColorDrawable@b9c977d
07-28 18:56:29.800  9007  9007 W xample.dogglers: Accessing hidden method Landroid/view/View;->computeFitSystemWindows(Landroid/graphics/Rect;Landroid/graphics/Rect;)Z (unsupported, reflection, allowed)
07-28 18:56:29.800  9007  9007 W xample.dogglers: Accessing hidden method Landroid/view/ViewGroup;->makeOptionalFitsSystemWindows()V (unsupported, reflection, allowed)
07-28 18:56:29.807 17091 17146 D MobileStatusTracker(1/1): onSignalStrengthsChanged level=4, vendorLevel=4
07-28 18:56:29.808 17091 17146 D MobileSignalController(1/1): notifyListener: enabled=true, connected=true, dataConnected=false, networkType=LTE (4G), emergencyOnly=false, roaming=true, isDefault=false, dataActivity=, level=4, ca=false, mmWave=false, disabledDataIcon=false, simCard=ETC
07-28 18:56:29.808 17091 17146 D NetworkController: SignalStrength from intent slotId=1
07-28 18:56:29.816  9007  9007 D LifecycleMonitor: Lifecycle status change: com.example.dogglers.VerticalListActivity@f46de37 in: CREATED
07-28 18:56:29.816  9007  9007 V ActivityScenario: Update currentActivityStage to CREATED, currentActivity=com.example.dogglers.VerticalListActivity@f46de37
07-28 18:56:29.819  9007  9007 D LifecycleMonitor: Lifecycle status change: com.example.dogglers.VerticalListActivity@f46de37 in: STARTED
07-28 18:56:29.819  9007  9007 V ActivityScenario: Update currentActivityStage to STARTED, currentActivity=com.example.dogglers.VerticalListActivity@f46de37
07-28 18:56:29.821  9007  9007 D LifecycleMonitor: Lifecycle status change: com.example.dogglers.VerticalListActivity@f46de37 in: RESUMED
07-28 18:56:29.821  9007  9007 V ActivityScenario: Update currentActivityStage to RESUMED, currentActivity=com.example.dogglers.VerticalListActivity@f46de37
07-28 18:56:29.822  9007  9007 I MSHandlerLifeCycle: check: return. pkg=com.example.dogglers parent=null callers=com.android.internal.policy.DecorView.setVisibility:4411 android.app.ActivityThread.handleResumeActivity:5476 android.app.servertransaction.ResumeActivityItem.execute:54 android.app.servertransaction.ActivityTransactionItem.execute:45 android.app.servertransaction.TransactionExecutor.executeLifecycleState:176
07-28 18:56:29.823  9007  9007 I MSHandlerLifeCycle: removeMultiSplitHandler: no exist. decor=DecorView@cd5c327[]
07-28 18:56:29.828  1127  1176 D SurfaceFlinger: [SF client] NEW(0xb40000762185cca0) for (9007:com.example.dogglers)
07-28 18:56:29.837  9007  9037 D NativeCustomFrequencyManager: [NativeCFMS] BpCustomFrequencyManager::BpCustomFrequencyManager()
07-28 18:56:29.844  1624  4919 D InputTransport: Input channel constructed: '1d3ab1f', fd=1034
07-28 18:56:29.844  1624  4919 D InputTransport: Input channel constructed: '1d3ab1f', fd=1037
07-28 18:56:29.844  1624  4919 D InputTransport: Input channel constructed: '1d3ab1f', fd=1040
07-28 18:56:29.845  1127  1176 D SurfaceFlinger: [SF client] NEW(0xb40000762185b6c0) for (1624:system_server)
07-28 18:56:29.847  1127  2023 I SurfaceFlinger: id=178830 createSurf flag=80004, 1d3ab1f com.example.dogglers/com.example.dogglers.VerticalListActivity#178830
07-28 18:56:29.848  1624  4919 D InputTransport: Input channel destroyed: '1d3ab1f', fd=1040
07-28 18:56:29.851  9007  9007 D InsetsController: onStateChanged: InsetsState: {mDisplayFrame=Rect(0, 0 - 1080, 2400), mDisplayCutout=DisplayCutout{insets=Rect(0, 80 - 0, 0) waterfall=Insets{left=0, top=0, right=0, bottom=0} boundingRect={Bounds=[Rect(0, 0 - 0, 0), Rect(468, 0 - 612, 80), Rect(0, 0 - 0, 0), Rect(0, 0 - 0, 0)]} cutoutPathParserInfo={CutoutPathParserInfo{displayWidth=1080 displayHeight=2400 physicalDisplayWidth=1080 physicalDisplayHeight=2400 density={2.625} cutoutSpec={M 0,0 H -27.42857142857143 V 30.47619047619048 H 27.42857142857143 V 0 H 0 Z @dp} rotation={0} scale={1.0} physicalPixelDisplaySizeRatio={1.0}}}}, mRoundedCorners=RoundedCorners{[RoundedCorner{position=TopLeft, radius=90, center=Point(90, 90)}, RoundedCorner{position=TopRight, radius=90, center=Point(990, 90)}, RoundedCorner{position=BottomRight, radius=90, center=Point(990, 2310)}, RoundedCorner{position=BottomLeft, radius=90, center=Point(90, 2310)}]}  mRoundedCornerFrame=Rect(0, 0 - 1080, 2400), mPrivacyIndicatorBounds=PrivacyIndicatorBounds {static bounds=Rect(956, 0 - 1080, 80) rotation=0}, mSources= { InsetsSource: {mType=ITYPE_STATUS_BAR, mFrame=[0,0][1080,80], mVisible=true, mInsetsRoundedCornerFrame=false}, InsetsSource: {mType=ITYPE_NAVIGATION_BAR, mFrame=[0,2265][1080,2400], mVisible=true, mInsetsRoundedCornerFrame=false}, InsetsSource: {mType=ITYPE_LEFT_GESTURES, mFrame=[0,0][0,2400], mVisible=true, mInsetsRoundedCornerFrame=false}, InsetsSource: {mType=ITYPE_RIGHT_GESTURES, mFrame=[1080,0][1080,2400], mVisible=true, mInsetsRoundedCornerFrame=false}, InsetsSource: {mType=ITYPE_TOP_MANDATORY_GESTURES, mFrame=[0,0][1080,114], mVisible=true, mInsetsRoundedCornerFrame=false}, InsetsSource: {mType=ITYPE_BOTTOM_MANDATORY_GESTURES, mFrame=[0,2265][1080,2400], mVisible=true, mInsetsRoundedCornerFrame=false}, InsetsSource: {mType=ITYPE_LEFT_DISPLAY_CUTOUT, mFrame=[0,0][-100000,2400], mVisible=true, mInsetsRoundedCornerFrame=false}, InsetsSource: {mType=ITYPE_TOP_DISPLAY_CUTOUT, mFrame=[0,0][1080,80], mVisible=true, mInsetsRoundedCornerFrame=false}, InsetsSource: {mType=ITYPE_RIGHT_DISPLAY_CUTOUT, mFrame=[100000,0][1080,2400], mVisible=true, mInsetsRoundedCornerFrame=false}, InsetsSource: {mType=ITYPE_BOTTOM_DISPLAY_CUTOUT, mFrame=[0,100000][1080,2400], mVisible=true, mInsetsRoundedCornerFrame=false}, InsetsSource: {mType=ITYPE_TOP_TAPPABLE_ELEMENT, mFrame=[0,0][1080,80], mVisible=true, mInsetsRoundedCornerFrame=false}, InsetsSource: {mType=ITYPE_BOTTOM_TAPPABLE_ELEMENT, mFrame=[0,2265][1080,2400], mVisible=true, mInsetsRoundedCornerFrame=false} } host=com.example.dogglers/com.example.dogglers.VerticalListActivity from=android.view.ViewRootImpl.setView:1732
07-28 18:56:29.855  9007  9007 I ViewRootImpl@528ab3[VerticalListActivity]: setView = com.android.internal.policy.DecorView@cd5c327 TM=true
07-28 18:56:29.855  2857  2857 I WifiHAL : Get link layer stats
07-28 18:56:29.855  2857  2857 I WifiHAL : GetLinkStatsCommand::create
07-28 18:56:29.855  2857  2857 D android.hardware.wifi@1.0-service-lazy: WifiRequest::create vendor command to iface 40, vendor_id=0x1a11, subcmd=0x1200, res=0
07-28 18:56:29.855  2857  2857 I android.hardware.wifi@1.0-service-lazy: WifiCommand::requestResponse err=-95
07-28 18:56:29.855  2857  2857 I WifiHAL : wifi_get_link_stats: result=-3
07-28 18:56:29.856  1624  2720 E WifiVendorHal: getWifiLinkLayerStats_1_5_Internal(l.1179) failed {.code = ERROR_NOT_SUPPORTED, .description = }
07-28 18:56:29.860  9007  9007 I MSHandlerLifeCycle: removeMultiSplitHandler: no exist. decor=DecorView@cd5c327[VerticalListActivity]
07-28 18:56:29.862  9007  9007 D LifecycleMonitor: Lifecycle status change: androidx.test.core.app.InstrumentationActivityInvoker$BootstrapActivity@3640d6b in: STOPPED
07-28 18:56:29.863  9007  9007 V ActivityScenario: Activity lifecycle changed event received but ignored because the intent does not match. startActivityIntent=Intent { act=android.intent.action.MAIN cat=[android.intent.category.LAUNCHER] cmp=com.example.dogglers/.VerticalListActivity }, activity.getIntent()=Intent { act=android.intent.action.MAIN cat=[android.intent.category.LAUNCHER] flg=0x10008000 cmp=com.example.dogglers/androidx.test.core.app.InstrumentationActivityInvoker$BootstrapActivity (has extras) }, activity=androidx.test.core.app.InstrumentationActivityInvoker$BootstrapActivity@3640d6b
07-28 18:56:29.863  9007  9030 D EventInjectionStrategy: Creating injection strategy with input manager.
07-28 18:56:29.863  9007  9030 W xample.dogglers: Accessing hidden method Landroid/hardware/input/InputManager;->getInstance()Landroid/hardware/input/InputManager; (unsupported, reflection, allowed)
07-28 18:56:29.864  9007  9030 W xample.dogglers: Accessing hidden method Landroid/hardware/input/InputManager;->injectInputEvent(Landroid/view/InputEvent;I)Z (unsupported, reflection, allowed)
07-28 18:56:29.864  1624  4123 D SemWifiUsabilityStatsMonitor: onWifiUsabilityStats - seqNum 169928, isSameBssidAndFreq true
07-28 18:56:29.864  9007  9030 W xample.dogglers: Accessing hidden field Landroid/hardware/input/InputManager;->INJECT_INPUT_EVENT_MODE_WAIT_FOR_FINISH:I (unsupported, reflection, allowed)
07-28 18:56:29.864  1624  2793 I SemWifiLinkQualityMonitor: Link Qos query: inf. ms / 0 Mbps
07-28 18:56:29.866  1624  1745 D AnalyticsContainerHandler: handleMessage : { when=0 what=1 target=com.android.server.knox.KnoxAnalyticsContainer$AnalyticsHandler }
07-28 18:56:29.894  9007  9007 I ViewRootImpl@528ab3[VerticalListActivity]: performTraversals params={(0,0)(fillxfill) sim={adjust=resize forwardNavigation} ty=BASE_APPLICATION wanim=0x1030309
07-28 18:56:29.894  9007  9007 I ViewRootImpl@528ab3[VerticalListActivity]:   fl=81810100
07-28 18:56:29.894  9007  9007 I ViewRootImpl@528ab3[VerticalListActivity]:   pfl=12020040
07-28 18:56:29.894  9007  9007 I ViewRootImpl@528ab3[VerticalListActivity]:   bhv=DEFAULT
07-28 18:56:29.894  9007  9007 I ViewRootImpl@528ab3[VerticalListActivity]:   fitSides= naviIconColor=0
07-28 18:56:29.894  9007  9007 I ViewRootImpl@528ab3[VerticalListActivity]:   sfl=100000}
07-28 18:56:29.896  9007  9007 I ViewRootImpl@528ab3[VerticalListActivity]: performTraversals mFirst=true windowShouldResize=true viewVisibilityChanged=false mForceNextWindowRelayout=false params={(0,0)(fillxfill) sim={adjust=resize forwardNavigation} ty=BASE_APPLICATION wanim=0x1030309
07-28 18:56:29.896  9007  9007 I ViewRootImpl@528ab3[VerticalListActivity]:   fl=81810100
07-28 18:56:29.896  9007  9007 I ViewRootImpl@528ab3[VerticalListActivity]:   pfl=12020040
07-28 18:56:29.896  9007  9007 I ViewRootImpl@528ab3[VerticalListActivity]:   bhv=DEFAULT
07-28 18:56:29.896  9007  9007 I ViewRootImpl@528ab3[VerticalListActivity]:   fitSides= naviIconColor=0
07-28 18:56:29.896  9007  9007 I ViewRootImpl@528ab3[VerticalListActivity]:   sfl=100000}
07-28 18:56:29.897  1624  4919 V WindowManager: Relayout Window{1d3ab1f u0 com.example.dogglers/com.example.dogglers.VerticalListActivity}: viewVisibility=0 req=1080x2400 d0
07-28 18:56:29.897  1127  2023 I BufferQueueDebug: [com.example.dogglers/com.example.dogglers.VerticalListActivity$_9007#178831](this:0xb4000075f5489838,id:-1,api:0,p:-1,c:-1) BufferQueue core=(1127:/system/bin/surfaceflinger)
07-28 18:56:29.897  1127  2023 I SurfaceFlinger: id=178831 createSurf flag=40004, com.example.dogglers/com.example.dogglers.VerticalListActivity$_9007#178831
07-28 18:56:29.901  1127  2023 I SurfaceFlinger: id=178832 createSurf flag=24000, Surface(name=f59a3f7 StatusBar)/@0xc90eccd - animation-leash of insets_animation#178832
07-28 18:56:29.902  1127  2023 I SurfaceFlinger: id=178833 createSurf flag=24000, Surface(name=3aacd27 NavigationBar0)/@0x501b17d - animation-leash of insets_animation#178833
07-28 18:56:29.904  3393 10716 I TouchInteractionService: onSystemUiStateChanged, stateFlags : 131072 |allow_gesture|
07-28 18:56:29.904  3393  3393 I RecentsAnimationDeviceState: setSystemUiFlags, stateFlags : 131072
07-28 18:56:29.904  3393  3393 I TouchInteractionService: onSystemUiFlagsChanged, lastSysUIFlags : 0
07-28 18:56:29.906  1624  4919 V WindowManager: Relayout hash=1d3ab1f, pid=9007, syncId=-1: mAttrs={(0,0)(fillxfill) sim={adjust=resize forwardNavigation} ty=BASE_APPLICATION wanim=0x1030309
07-28 18:56:29.906  1624  4919 V WindowManager:   fl=81810100
07-28 18:56:29.906  1624  4919 V WindowManager:   pfl=12020040
07-28 18:56:29.906  1624  4919 V WindowManager:   apr=LIGHT_NAVIGATION_BARS
07-28 18:56:29.906  1624  4919 V WindowManager:   bhv=DEFAULT
07-28 18:56:29.906  1624  4919 V WindowManager:   fitSides= naviIconColor=0
07-28 18:56:29.906  1624  4919 V WindowManager:   sfl=100000}
07-28 18:56:29.911  9007  9007 I ViewRootImpl@528ab3[VerticalListActivity]: updateBlastSurfaceIfNeeded mBlastBufferQueue=null isSameSurfaceControl=false
07-28 18:56:29.912  9007  9007 D BufferQueueConsumer: [](id:232f00000000,api:0,p:-1,c:9007) connect: controlledByApp=false
07-28 18:56:29.914  9007  9007 I BLASTBufferQueue: new BLASTBufferQueue, mName= ViewRootImpl@528ab3[VerticalListActivity] mNativeObject= 0xb400007316101e00 sc.mNativeObject= 0xb40000731fbf20c0 caller= android.view.ViewRootImpl.updateBlastSurfaceIfNeeded:2909 android.view.ViewRootImpl.relayoutWindow:9847 android.view.ViewRootImpl.performTraversals:3884 android.view.ViewRootImpl.doTraversal:3116 android.view.ViewRootImpl$TraversalRunnable.run:10885 android.view.Choreographer$CallbackRecord.run:1301 android.view.Choreographer$CallbackRecord.run:1309 android.view.Choreographer.doCallbacks:923 android.view.Choreographer.doFrame:852 android.view.Choreographer$FrameDisplayEventReceiver.run:1283
07-28 18:56:29.914  9007  9007 I BLASTBufferQueue: update, w= 1080 h= 2400 mName = ViewRootImpl@528ab3[VerticalListActivity] mNativeObject= 0xb400007316101e00 sc.mNativeObject= 0xb40000731fbf20c0 format= -1 caller= android.graphics.BLASTBufferQueue.<init>:84 android.view.ViewRootImpl.updateBlastSurfaceIfNeeded:2909 android.view.ViewRootImpl.relayoutWindow:9847 android.view.ViewRootImpl.performTraversals:3884 android.view.ViewRootImpl.doTraversal:3116 android.view.ViewRootImpl$TraversalRunnable.run:10885
