07-28 18:56:30.854  9007  9030 I TestRunner: started: vertical_scroll_content_at_last_position(com.example.dogglers.VerticalListTests)
07-28 18:56:30.858  1127  1127 I Layer   : id=178846 removeFromCurrentState com.example.dogglers/androidx.test.core.app.InstrumentationActivityInvoker$EmptyActivity$_9007#178846 (114)
07-28 18:56:30.858  1127  1127 I Layer   : id=178845 removeFromCurrentState 405cf3a com.example.dogglers/androidx.test.core.app.InstrumentationActivityInvoker$EmptyActivity#178845 (114)
07-28 18:56:30.858  1127  1127 I SurfaceFlinger: id=178846 Removed com.example.dogglers/androidx.test.core.app.InstrumentationActivityInvoker$EmptyActivity$_9007#178846 (114)
07-28 18:56:30.858  1127  1127 I SurfaceFlinger: id=178845 Removed 405cf3a com.example.dogglers/androidx.test.core.app.InstrumentationActivityInvoker$EmptyActivity#178845 (114)
07-28 18:56:30.858  1127  1127 I Layer   : id=178845 Destroyed 405cf3a com.example.dogglers/androidx.test.core.app.InstrumentationActivityInvoker$EmptyActivity#178845
07-28 18:56:30.858  1127  1127 I BufferQueueDebug: [com.example.dogglers/androidx.test.core.app.InstrumentationActivityInvoker$EmptyActivity$_9007#178846](this:0xb4000075f09ff838,id:-1,api:0,p:-1,c:1127) onDestructor()
07-28 18:56:30.858  1127  1127 I Layer   : id=178846 Destroyed com.example.dogglers/androidx.test.core.app.InstrumentationActivityInvoker$EmptyActivity$_9007#178846
07-28 18:56:30.861  1624  2076 D OpenGLRenderer: trimMemory(TRIM_MEMORY_COMPLETE)::destroyRenderingContext
07-28 18:56:30.861  1624  2076 D OpenGLRenderer: RenderThread::destroyRenderingContext()
07-28 18:56:30.861  1624  2076 D OpenGLRenderer: RenderThread::setGrContext()
07-28 18:56:30.861  3631  3631 W DeviceManager_FLP: onTrimMemory : 15
07-28 18:56:30.862  3631  3727 I GpsSessionManager_FLP: arrangeInvalidSessions
07-28 18:56:30.865  5182  5182 W DMASA[U]: [AppLogData]onTrimMemory(15):1690559790863
07-28 18:56:30.866  9007  9030 W Settings: Setting always_finish_activities has moved from android.provider.Settings.System to android.provider.Settings.Global, returning read-only value.
07-28 18:56:30.866 32012 32012 I AiAi    : onTrimMemory() with level 15
07-28 18:56:30.867  2243  2243 I AiAi    : onTrimMemory() with level 15
07-28 18:56:30.869  8641  8641 W SmApplication: onTrimMemory : 60
07-28 18:56:30.870 11610 11610 I CMHApplication: [#CMH#] Block to verify, Change Trim Memory Level: 60
07-28 18:56:30.871 21662 21662 I Finsky  : [2] tpc.onTrimMemory(13): Memory trim requested to level 15
07-28 18:56:30.872  8641  8641 I DC.AppIconCache: clear icon cache
07-28 18:56:30.872  8365  8365 I GOS:App : onTrimMemory 40
07-28 18:56:30.872  8608  8608 I Finsky:background: [2] tpc.onTrimMemory(13): Memory trim requested to level 40
07-28 18:56:30.874  1127  1127 I Layer   : id=178842 removeFromCurrentState ActivityRecord{c428994 u0 com.example.dogglers/androidx.test.core.app.InstrumentationActivityInvoker$EmptyActivity} t30329}#178842 (112)
07-28 18:56:30.874  3393  3393 I RecentsView: onTaskRemoved() taskId : 30329
07-28 18:56:30.874  1127  1127 I Layer   : id=178849 removeFromCurrentState af6c9e7 ActivityRecordInputSink com.example.dogglers/androidx.test.core.app.InstrumentationActivityInvoker$EmptyActivity#178849 (112)
07-28 18:56:30.874  1127  1127 I Layer   : id=178821 removeFromCurrentState Task=30329#178821 (112)
07-28 18:56:30.874  1127  1127 I Layer   : id=178859 removeFromCurrentState Task=30329#178859 (112)
07-28 18:56:30.874  3393  3393 I TopTaskTracker: onTaskRemoved : taskId = 30329
07-28 18:56:30.874  1127  1127 I SurfaceFlinger: id=178842 Removed ActivityRecord{c428994 u0 com.example.dogglers/androidx.test.core.app.InstrumentationActivityInvoker$EmptyActivity} t30329}#178842 (112)
07-28 18:56:30.874  1127  1127 I SurfaceFlinger: id=178859 Removed Task=30329#178859 (112)
07-28 18:56:30.874  3393  3393 I RecentsView: onTaskRemoved() taskId : 30329
07-28 18:56:30.874  3393  3393 I TopTaskTracker: onTaskRemoved : taskId = 30329
07-28 18:56:30.874  1127  1127 I Layer   : id=178842 Destroyed ActivityRecord{c428994 u0 com.example.dogglers/androidx.test.core.app.InstrumentationActivityInvoker$EmptyActivity} t30329}#178842
07-28 18:56:30.874 11083 11083 I ImageCacheManager: onTrimMemory level : 15
07-28 18:56:30.874  1127  1127 I Layer   : id=178849 Destroyed af6c9e7 ActivityRecordInputSink com.example.dogglers/androidx.test.core.app.InstrumentationActivityInvoker$EmptyActivity#178849
07-28 18:56:30.874 17091 17091 D SystemUIService: SYSUI_RAM_OPTIMIZATION onTrimMemory=15
07-28 18:56:30.875  1127  1127 I Layer   : id=178859 Destroyed Task=30329#178859
07-28 18:56:30.886  2273  2273 I [+3]oneconnect[1.8.01.22_01][CORE]: QcApplication.PLog@onTrimMemory - Total   34,234 MB, Increased 0,363 MB
07-28 18:56:30.886  2273  2273 I [+3]oneconnect[1.8.01.22_01][CORE]: QcApplication.onTrimMemory - ************** lvl=15 elapsed=1ms
07-28 18:56:30.886  8608  8621 W libc    : Access denied finding property "sys.perf.boostopt"
07-28 18:56:30.886  1042  1042 E audit   : type=1400 audit(1690559790.884:549463): avc:  denied  { read } for  pid=8608 comm="binder:8608_2" name="u:object_r:perf_prop:s0" dev="tmpfs" ino=2289 scontext=u:r:priv_app:s0:c512,c768 tcontext=u:object_r:perf_prop:s0 tclass=file permissive=0 SEPF_SM-A325F_12_0001 audit_filtered
07-28 18:56:30.886  1624  1668 I ChimeraSystemEventListener: appLaunchIntent package name is: com.example.dogglers
07-28 18:56:30.886  1042  1042 E audit   : type=1300 audit(1690559790.884:549463): arch=c00000b7 syscall=56 success=no exit=-13 a0=ffffff9c a1=7309a722d8 a2=88000 a3=0 items=0 ppid=1064 pid=8608 auid=4294967295 uid=10221 gid=10221 euid=10221 suid=10221 fsuid=10221 egid=10221 sgid=10221 fsgid=10221 tty=(none) ses=4294967295 comm="binder:8608_2" exe="/system/bin/app_process64" subj=u:r:priv_app:s0:c512,c768 key=(null)
07-28 18:56:30.886  1042  1042 E audit   : type=1327 audit(1690559790.884:549463): proctitle="com.android.vending:background"
07-28 18:56:30.889  3746  3746 E pageboostd: Received HALT command code 2
07-28 18:56:30.889  1624  5932 D PkgPredictorService-IpmAdcpController: create a new DexPreloadTask pkg:com.example.dogglers  path:/data/app/~~RqwEkAPnBZtTvJ-WAeAgzw==/com.example.dogglers-LNHwQbSjO_yQRomBmsyq3g==
07-28 18:56:30.889  1064  1064 I Zygote  : Process 7910 exited due to signal 9 (Killed)
07-28 18:56:30.890  1624  3610 I SemDvfsHyPerManager: acquire hyper - AMS_APP_SWITCH/1624@32, type = -999
07-28 18:56:30.890   539   539 I lmkd    : cached 1, sandbox(not0) 0
07-28 18:56:30.890  1090  1150 I HYPER-HAL: [RequestManager.cpp]acquire(): Acquired ID : 1372028  [1624 / 32]    HINT : AMS_ACT_SWITCH    list :
07-28 18:56:30.890  1127  2023 I SurfaceFlinger: id=178860 createSurf flag=24004, Task=30330#178860
07-28 18:56:30.891  5607  5607 I HBD     : HoneyBoardService onTrimMemory 15
07-28 18:56:30.891  5607  5607 I HBD     : HoneyBoardService honeyBoardComponentManager.onTrimMemory()
07-28 18:56:30.892  5607  5607 I HBD     : e viewLayoutSizeUpdateManager trimMemory
07-28 18:56:30.892  5208  5208 I SemDvfsHyPerManager: acquire hyper - APP_START_SHORT/5208@12, type = -999
07-28 18:56:30.893  1090  1150 I mtkpower_client: perf_lock_rel, hdl:81786, tid:1150
07-28 18:56:30.893   539   539 I lmkd    : Reclaim 'com.samsung.android.lool' (8641), uid 1000, oom_score_adj 975, state 19 to free 79676kB rss, 34012kB swap; reason: low watermark is breached and swap is low (2168628kB < 2348808kB)
07-28 18:56:30.894  1624  3610 E libprocessgroup: Failed to find cgroup for tid 3610
07-28 18:56:30.894  1624  3610 W libprocessgroup: Failed to apply DoSomethingOlaf task profile: Try again
07-28 18:56:30.894  1093  1167 I libPowerHal: [perfLockRel] hdl:81786, idx:2
07-28 18:56:30.894  1093  1167 I libPowerHal: [PD] vendor.samsung. update cmd:1c3c000, param:1
07-28 18:56:30.894  1093  1167 I libPowerHal: [PD] (less) /proc/mcdi/state set +prefix:enable 1;
07-28 18:56:30.895  1127  2023 I SurfaceFlinger: id=178861 createSurf flag=80004, ActivityRecord{da30f0 u0 com.example.dogglers/androidx.test.core.app.InstrumentationActivityInvoker$BootstrapActivity} t30330}#178861
07-28 18:56:30.895  1090  1150 I mtkpower_client: perf_lock_acq, hdl:0, dur:0, num:2, tid:1150
07-28 18:56:30.896  1090  1150 I mtkpower_client: ret_hdl:81788
07-28 18:56:30.896  1090  1150 I mtkpower_client: perf_lock_rel, hdl:81787, tid:1150
07-28 18:56:30.897  1093  1167 I libPowerHal: [perfLockAcq] idx:2 hdl:81788 hint:-1 pid:1090 duration:0 lock_user:vendor.samsung. => ret_hdl:81788
07-28 18:56:30.897  1624  1682 I libprocessgroup: Successfully killed process cgroup uid 10224 pid 7910 in 10ms
07-28 18:56:30.897  1093  1167 I libPowerHal: [PE] (less) /proc/mcdi/state set +prefix:enable 0;
07-28 18:56:30.898  1090  1150 I mtkpower_client: perf_lock_acq, hdl:0, dur:0, num:2, tid:1150
07-28 18:56:30.899  5182  5182 I id.diagmonagent: Explicit concurrent copying GC freed 36519(2255KB) AllocSpace objects, 130(2960KB) LOS objects, 61% free, 3885KB/10029KB, paused 1.797ms,32us total 33.408ms
07-28 18:56:30.899  1093  1167 I libPowerHal: [perfLockRel] hdl:81787, idx:1
07-28 18:56:30.900  1093  1167 I libPowerHal: vendor.samsung.: cpu_ctrl set cpu freq: -1 -1 -1 -1
07-28 18:56:30.902  1090  1150 I mtkpower_client: ret_hdl:81789
07-28 18:56:30.902  1090  1150 I mtkpower_client: perf_lock_rel, hdl:81785, tid:1150
07-28 18:56:30.902  1093  1167 I libPowerHal: [perfLockAcq] idx:3 hdl:81789 hint:-1 pid:1090 duration:0 lock_user:vendor.samsung. => ret_hdl:81789
07-28 18:56:30.902  5607  5607 I HBD     : b ignore trim memory, cause by, cached size is 2 (min: 2)
07-28 18:56:30.902  1093  1167 I libPowerHal: vendor.samsung.: cpu_ctrl set cpu freq: 1800000 -1 -1 -1
07-28 18:56:30.903  1090  1150 I mtkpower_client: perf_lock_acq, hdl:0, dur:0, num:2, tid:1150
07-28 18:56:30.903  1093  1167 I libPowerHal: [perfLockRel] hdl:81785, idx:0
07-28 18:56:30.903  1093  1167 I libPowerHal: [PD] vendor.samsung. update cmd:1000000, param:-1
07-28 18:56:30.903  1093  1167 I libPowerHal: [PD] vendor.samsung. update cmd:1000000 param:-1
07-28 18:56:30.904  1127  2023 D SurfaceFlinger: [SF client] NEW(0xb40000762185d720) for (17091:com.android.systemui)
07-28 18:56:30.904  1090  1150 I mtkpower_client: ret_hdl:81790
07-28 18:56:30.904  1624  4919 I SemDvfsHyPerManager: acquire hyper - AMS_APP_LAUNCH/1624@20, type = -999
07-28 18:56:30.904  1093  1167 I libPowerHal: [perfLockAcq] idx:0 hdl:81790 hint:-1 pid:1090 duration:0 lock_user:vendor.samsung. => ret_hdl:81790
07-28 18:56:30.905  1090  1150 I HYPER-HAL: [RequestManager.cpp]acquire(): Acquired ID : 13626822  [5208 / 12]    HINT : APP_START    list : [TIMEOUT / 1500]
07-28 18:56:30.905  1093  1167 I libPowerHal: [PE] vendor.samsung. update cmd:1000000, param:0
07-28 18:56:30.905  1093  1167 I libPowerHal: [PE] vendor.samsung. update cmd:1000000 param:0
07-28 18:56:30.905  1090  1150 I HYPER-HAL: [RequestManager.cpp]acquire(): Acquired ID : 1352210  [1624 / 20]    HINT : AMS_APP_LAUNCH    list :
07-28 18:56:30.906  5208  5208 I SemDvfsHyPerManager: acquire hyper - APP_START/5208@14, type = -999
07-28 18:56:30.906  1090  1150 I HYPER-HAL: [RequestManager.cpp]acquire(): Acquired ID : 13637267  [5208 / 14]    HINT : APP_START    list :
07-28 18:56:30.906 17091 17124 D NativeCustomFrequencyManager: [NativeCFMS] BpCustomFrequencyManager::BpCustomFrequencyManager()
07-28 18:56:30.909  3393  3393 I BaseActivity: removeActivityFlags, flags : 16
07-28 18:56:30.909  3393  3393 I BaseActivity: removeActivityFlags, flags : 6
07-28 18:56:30.909  3393  3393 I DragController: endDrag
07-28 18:56:30.909  3393  3393 W LauncherAppWidgetHost: setShouldListenFlag, mFlags:15 flag:resume on:false isFront:false
07-28 18:56:30.909  3393  3393 I SPayUpdater: updateSpayHandler launcher activity is paused false
07-28 18:56:30.913  5182  5182 W DMASA[C]: [DiagMonAgentApplication]onTrimMemory (15)
07-28 18:56:30.918  1624  5705 D InputDispatcher: Focused application(0): ActivityRecord{da30f0 u0 com.example.dogglers/androidx.test.core.app.InstrumentationActivityInvoker$BootstrapActivity} t30330}
07-28 18:56:30.918  1624  2791 D SemNscXgbMsL1: Probability - Cloud gaming: [0.4722214]
07-28 18:56:30.918  1624  2791 D SemNscXgbMsL1: Probability - Real time: [0.085359044]
07-28 18:56:30.918  1624  2791 D SemNscXgbMsL1: Probability - Non real time: [0.76028574]
07-28 18:56:30.918  1624  2791 D SemNscXgbMsL1: 1 sample inference time: 0.346539 msecs
07-28 18:56:30.919  1624  2791 D SemNscXgbL2Rt: L2 RT 1 sample inference time: 0.681231 msecs
07-28 18:56:30.920  1624  2791 D SemNscXgbL2Nrt: L2 NRT 1 sample inference time: 0.685231 msecs
07-28 18:56:30.923  3393  3393 I TopTaskTracker: onTaskMovedToFront : taskId = 30330
07-28 18:56:30.923  1064  1064 I Zygote  : Process 8641 exited due to signal 9 (Killed)
07-28 18:56:30.924  1127  1127 I SurfaceFlinger: [b2bc12 com.sec.android.app.launcher/com.sec.android.app.launcher.activities.LauncherActivity#131] FrameRatePriority: -1
07-28 18:56:30.925  1624  4919 D InputTransport: Input channel constructed: 'dd6c7c6', fd=1009
07-28 18:56:30.925  1624  4919 D InputTransport: Input channel constructed: 'dd6c7c6', fd=1010
07-28 18:56:30.926  1624  4919 D InputTransport: Input channel constructed: 'dd6c7c6', fd=1043
07-28 18:56:30.926  1624  1688 W libprocessgroup: Failed to open /dev/blkio//cgroup.procs: No such file or directory
07-28 18:56:30.927  1624  1688 W libprocessgroup: Failed to open /dev/blkio//cgroup.procs: No such file or directory
07-28 18:56:30.927  1127  2023 I SurfaceFlinger: id=178862 createSurf flag=80004, dd6c7c6 Splash Screen com.example.dogglers#178862
07-28 18:56:30.928  1624  1688 W libprocessgroup: Failed to open /dev/blkio//cgroup.procs: No such file or directory
07-28 18:56:30.928  1090  9067 I mtkpower_client: perf_lock_rel, hdl:81788, tid:9067
07-28 18:56:30.928  1624  4919 D InputTransport: Input channel destroyed: 'dd6c7c6', fd=1043
07-28 18:56:30.929  1624  1688 W libprocessgroup: Failed to open /dev/blkio//cgroup.procs: No such file or directory
07-28 18:56:30.930  1090  9067 I mtkpower_client: perf_lock_acq, hdl:0, dur:0, num:2, tid:9067
07-28 18:56:30.930  1093  1167 I libPowerHal: [perfLockRel] hdl:81788, idx:2
07-28 18:56:30.930  1093  1167 I libPowerHal: [PD] vendor.samsung. update cmd:1c3c000, param:1
07-28 18:56:30.930  1093  1167 I libPowerHal: [PD] (less) /proc/mcdi/state set +prefix:enable 1;
07-28 18:56:30.931 17091 17121 D InsetsController: onStateChanged: InsetsState: {mDisplayFrame=Rect(0, 0 - 1080, 2400), mDisplayCutout=DisplayCutout{insets=Rect(0, 80 - 0, 0) waterfall=Insets{left=0, top=0, right=0, bottom=0} boundingRect={Bounds=[Rect(0, 0 - 0, 0), Rect(468, 0 - 612, 80), Rect(0, 0 - 0, 0), Rect(0, 0 - 0, 0)]} cutoutPathParserInfo={CutoutPathParserInfo{displayWidth=1080 displayHeight=2400 physicalDisplayWidth=1080 physicalDisplayHeight=2400 density={2.625} cutoutSpec={M 0,0 H -27.42857142857143 V 30.47619047619048 H 27.42857142857143 V 0 H 0 Z @dp} rotation={0} scale={1.0} physicalPixelDisplaySizeRatio={1.0}}}}, mRoundedCorners=RoundedCorners{[RoundedCorner{position=TopLeft, radius=90, center=Point(90, 90)}, RoundedCorner{position=TopRight, radius=90, center=Point(990, 90)}, RoundedCorner{position=BottomRight, radius=90, center=Point(990, 2310)}, RoundedCorner{position=BottomLeft, radius=90, center=Point(90, 2310)}]}  mRoundedCornerFrame=Rect(0, 0 - 1080, 2400), mPrivacyIndicatorBounds=PrivacyIndicatorBounds {static bounds=Rect(956, 0 - 1080, 80) rotation=0}, mSources= { InsetsSource: {mType=ITYPE_STATUS_BAR, mFrame=[0,0][1080,80], mVisible=true, mInsetsRoundedCornerFrame=false}, InsetsSource: {mType=ITYPE_NAVIGATION_BAR, mFrame=[0,2265][1080,2400], mVisible=true, mInsetsRoundedCornerFrame=false}, InsetsSource: {mType=ITYPE_LEFT_GESTURES, mFrame=[0,0][0,2400], mVisible=true, mInsetsRoundedCornerFrame=false}, InsetsSource: {mType=ITYPE_RIGHT_GESTURES, mFrame=[1080,0][1080,2400], mVisible=true, mInsetsRoundedCornerFrame=false}, InsetsSource: {mType=ITYPE_TOP_MANDATORY_GESTURES, mFrame=[0,0][1080,114], mVisible=true, mInsetsRoundedCornerFrame=false}, InsetsSource: {mType=ITYPE_BOTTOM_MANDATORY_GESTURES, mFrame=[0,2265][1080,2400], mVisible=true, mInsetsRoundedCornerFrame=false}, InsetsSource: {mType=ITYPE_LEFT_DISPLAY_CUTOUT, mFrame=[0,0][-100000,2400], mVisible=true, mInsetsRoundedCornerFrame=false}, InsetsSource: {mType=ITYPE_TOP_DISPLAY_CUTOUT, mFrame=[0,0][1080,80], mVisible=true, mInsetsRoundedCornerFrame=false}, InsetsSource: {mType=ITYPE_RIGHT_DISPLAY_CUTOUT, mFrame=[100000,0][1080,2400], mVisible=true, mInsetsRoundedCornerFrame=false}, InsetsSource: {mType=ITYPE_BOTTOM_DISPLAY_CUTOUT, mFrame=[0,100000][1080,2400], mVisible=true, mInsetsRoundedCornerFrame=false}, InsetsSource: {mType=ITYPE_TOP_TAPPABLE_ELEMENT, mFrame=[0,0][1080,80], mVisible=true, mInsetsRoundedCornerFrame=false}, InsetsSource: {mType=ITYPE_BOTTOM_TAPPABLE_ELEMENT, mFrame=[0,2265][1080,2400], mVisible=true, mInsetsRoundedCornerFrame=false}, InsetsSource: {mType=ITYPE_IME, mFrame=[0,0][0,0], mVisibleFrame=[0,1243][1080,2400], mVisible=false, mInsetsRoundedCornerFrame=false} } host=Splash Screen com.example.dogglers from=android.view.ViewRootImpl.setView:1732
07-28 18:56:30.933 17091 17121 I ViewRootImpl@920c033[dogglers]: setView = android.widget.FrameLayout@c1d2c8f TM=true
07-28 18:56:30.933  1624  1682 I libprocessgroup: Successfully killed process cgroup uid 1000 pid 8641 in 0ms
07-28 18:56:30.934  1093  1167 I libPowerHal: [perfLockAcq] idx:1 hdl:81791 hint:-1 pid:1090 duration:0 lock_user:vendor.samsung. => ret_hdl:81791
07-28 18:56:30.935 17091 17121 I ViewRootImpl@920c033[dogglers]: performTraversals params={(0,0)(fillxfill) sim={adjust=pan} ty=APPLICATION_STARTING fmt=TRANSLUCENT wanim=0x1030001
07-28 18:56:30.935 17091 17121 I ViewRootImpl@920c033[dogglers]:   fl=81030118
07-28 18:56:30.935 17091 17121 I ViewRootImpl@920c033[dogglers]:   pfl=16000010
07-28 18:56:30.935 17091 17121 I ViewRootImpl@920c033[dogglers]:   bhv=DEFAULT
07-28 18:56:30.935 17091 17121 I ViewRootImpl@920c033[dogglers]:   fitSides= naviIconColor=0}
07-28 18:56:30.935  1093  1167 I libPowerHal: [PE] (less) /proc/mcdi/state set +prefix:enable 0;
07-28 18:56:30.935 17091 17121 I ViewRootImpl@920c033[dogglers]: performTraversals mFirst=true windowShouldResize=true viewVisibilityChanged=false mForceNextWindowRelayout=false params={(0,0)(fillxfill) sim={adjust=pan} ty=APPLICATION_STARTING fmt=TRANSLUCENT wanim=0x1030001
07-28 18:56:30.935 17091 17121 I ViewRootImpl@920c033[dogglers]:   fl=81030118
07-28 18:56:30.935 17091 17121 I ViewRootImpl@920c033[dogglers]:   pfl=16000010
07-28 18:56:30.935 17091 17121 I ViewRootImpl@920c033[dogglers]:   bhv=DEFAULT
07-28 18:56:30.935 17091 17121 I ViewRootImpl@920c033[dogglers]:   fitSides= naviIconColor=0}
07-28 18:56:30.936  1090  9067 I mtkpower_client: ret_hdl:81791
07-28 18:56:30.936  1090  9067 I mtkpower_client: perf_lock_rel, hdl:81790, tid:9067
07-28 18:56:30.936  1624  5216 V WindowManager: Relayout Window{dd6c7c6 u0 Splash Screen com.example.dogglers}: viewVisibility=0 req=1080x2400 d0
07-28 18:56:30.936  1090  9067 I mtkpower_client: perf_lock_acq, hdl:0, dur:0, num:2, tid:9067
07-28 18:56:30.937  1093  1167 I libPowerHal: [perfLockRel] hdl:81790, idx:0
07-28 18:56:30.937  1093  1167 I libPowerHal: [PD] vendor.samsung. update cmd:1000000, param:-1
07-28 18:56:30.937  1127  2023 I BufferQueueDebug: [Splash Screen com.example.dogglers$_17091#178863](this:0xb4000075f54aa838,id:-1,api:0,p:-1,c:-1) BufferQueue core=(1127:/system/bin/surfaceflinger)
07-28 18:56:30.937  1127  2023 I SurfaceFlinger: id=178863 createSurf flag=40004, Splash Screen com.example.dogglers$_17091#178863
07-28 18:56:30.937  8608  8608 I Finsky:background: [2] tpc.onTrimMemory(13): Memory trim requested to level 60
07-28 18:56:30.937  1093  1167 I libPowerHal: [PD] vendor.samsung. update cmd:1000000 param:-1
07-28 18:56:30.939  1233  1963 I CameraService: onUidStateChanged: uid=10063, procState is changed. (0 -> 1)
07-28 18:56:30.940  1090  9067 I mtkpower_client: ret_hdl:81792
07-28 18:56:30.941  1090  9067 I HYPER-HAL: [RequestManager.cpp]releaseLocked(): Released ID : 1353856
07-28 18:56:30.941  1127  1127 D SurfaceFlinger: [input] inputWindowCommands.focusRequests size is 1
07-28 18:56:30.941  1093  1167 I libPowerHal: [perfLockAcq] idx:0 hdl:81792 hint:-1 pid:1090 duration:0 lock_user:vendor.samsung. => ret_hdl:81792
07-28 18:56:30.942  1093  1167 I libPowerHal: [PE] vendor.samsung. update cmd:1000000, param:0
07-28 18:56:30.942  1093  1167 I libPowerHal: [PE] vendor.samsung. update cmd:1000000 param:0
07-28 18:56:30.942  1624  5216 V WindowManager: Relayout hash=dd6c7c6, pid=17091, syncId=-1: mAttrs={(0,0)(fillxfill) sim={adjust=pan} ty=APPLICATION_STARTING fmt=TRANSLUCENT wanim=0x1030001
07-28 18:56:30.942  1624  5216 V WindowManager:   fl=81030118
07-28 18:56:30.942  1624  5216 V WindowManager:   pfl=16000010
07-28 18:56:30.942  1624  5216 V WindowManager:   bhv=DEFAULT
07-28 18:56:30.942  1624  5216 V WindowManager:   fitSides= naviIconColor=0}
07-28 18:56:30.942  1127  1386 D SurfaceFlinger: [input] setFocusedWindow: <null>
07-28 18:56:30.943  1624  2705 D InputDispatcher: Focus request (0): <null> but waiting because NOT_FOCUSABLE
07-28 18:56:30.943  1624  2705 D InputDispatcher: Focus left window (0): b2bc12 com.sec.android.app.launcher/com.sec.android.app.launcher.activities.LauncherActivity
07-28 18:56:30.943  9007  9007 D LifecycleMonitor: Lifecycle status change: androidx.test.core.app.InstrumentationActivityInvoker$BootstrapActivity@5400f4e in: PRE_ON_CREATE
07-28 18:56:30.944  3393  3393 I ViewRootImpl@c6ee0f[LauncherActivity]: MSG_WINDOW_FOCUS_CHANGED 0 0
07-28 18:56:30.944  3393  3393 I BaseActivity: removeActivityFlags, flags : 8
07-28 18:56:30.944  9007  9007 V ActivityScenario: Activity lifecycle changed event received but ignored because the intent does not match. startActivityIntent=Intent { act=android.intent.action.MAIN cat=[android.intent.category.LAUNCHER] cmp=com.example.dogglers/.VerticalListActivity }, activity.getIntent()=Intent { act=android.intent.action.MAIN cat=[android.intent.category.LAUNCHER] flg=0x10008000 cmp=com.example.dogglers/androidx.test.core.app.InstrumentationActivityInvoker$BootstrapActivity (has extras) }, activity=androidx.test.core.app.InstrumentationActivityInvoker$BootstrapActivity@5400f4e
07-28 18:56:30.945 17091 17121 I ViewRootImpl@920c033[dogglers]: updateBlastSurfaceIfNeeded mBlastBufferQueue=null isSameSurfaceControl=false
07-28 18:56:30.945 17091 17121 D BufferQueueConsumer: [](id:42c300000058,api:0,p:-1,c:17091) connect: controlledByApp=false
07-28 18:56:30.945 17091 17121 I BLASTBufferQueue: new BLASTBufferQueue, mName= ViewRootImpl@920c033[dogglers] mNativeObject= 0xb40000731648f380 sc.mNativeObject= 0xb40000731fbf1e40 caller= android.view.ViewRootImpl.updateBlastSurfaceIfNeeded:2909 android.view.ViewRootImpl.relayoutWindow:9847 android.view.ViewRootImpl.performTraversals:3884 android.view.ViewRootImpl.doTraversal:3116 android.view.ViewRootImpl$TraversalRunnable.run:10885 android.view.Choreographer$CallbackRecord.run:1301 android.view.Choreographer$CallbackRecord.run:1309 android.view.Choreographer.doCallbacks:923 android.view.Choreographer.doFrame:852 android.view.Choreographer$FrameDisplayEventReceiver.run:1283
07-28 18:56:30.946 17091 17121 I BLASTBufferQueue: update, w= 1080 h= 2400 mName = ViewRootImpl@920c033[dogglers] mNativeObject= 0xb40000731648f380 sc.mNativeObject= 0xb40000731fbf1e40 format= -3 caller= android.graphics.BLASTBufferQueue.<init>:84 android.view.ViewRootImpl.updateBlastSurfaceIfNeeded:2909 android.view.ViewRootImpl.relayoutWindow:9847 android.view.ViewRootImpl.performTraversals:3884 android.view.ViewRootImpl.doTraversal:3116 android.view.ViewRootImpl$TraversalRunnable.run:10885
07-28 18:56:30.946 17091 17121 I ViewRootImpl@920c033[dogglers]: Relayout returned: old=(0,0,1080,2400) new=(0,0,1080,2400) req=(1080,2400)0 dur=9 res=0x3 s={true 0xb400007315cfc800} ch=true seqId=0
07-28 18:56:30.947 17091 17121 I ViewRootImpl@920c033[dogglers]: mThreadedRenderer.initialize() mSurface={isValid=true 0xb400007315cfc800} hwInitialized=true
07-28 18:56:30.948 17091 17124 D OpenGLRenderer: eglCreateWindowSurface
07-28 18:56:30.948 17091 17121 I ViewRootImpl@920c033[dogglers]: reportNextDraw android.view.ViewRootImpl.performTraversals:4438 android.view.ViewRootImpl.doTraversal:3116 android.view.ViewRootImpl$TraversalRunnable.run:10885 android.view.Choreographer$CallbackRecord.run:1301 android.view.Choreographer$CallbackRecord.run:1309
07-28 18:56:30.948 17091 17121 I ViewRootImpl@920c033[dogglers]: Setup new sync id=0
07-28 18:56:30.948 17091 17121 I ViewRootImpl@920c033[dogglers]: Setting syncFrameCallback
07-28 18:56:30.948 17091 17121 I ViewRootImpl@920c033[dogglers]: registerCallbacksForSync syncBuffer=false
07-28 18:56:30.948  1624  1668 I SemPersonaManager: SecureFolder personaId = 150
07-28 18:56:30.949 17091 17223 I ViewRootImpl@920c033[dogglers]: Received frameDrawingCallback syncResult=0 frameNum=1.
07-28 18:56:30.949 17091 17223 I ViewRootImpl@920c033[dogglers]: Setting up sync and frameCommitCallback
07-28 18:56:30.955  9007  9007 I DecorView: [INFO] isPopOver=false config=true
07-28 18:56:30.955  9007  9007 I DecorView: updateCaptionType: isFloating=false isApplication=true hasWindowDecorCaption=false this=DecorView@1a24205[]
07-28 18:56:30.955  9007  9007 D DecorView: setCaptionType = 0, this = DecorView@1a24205[]
07-28 18:56:30.960 17091 17124 I BLASTBufferQueue: [ViewRootImpl@920c033[dogglers]#88](f:0,a:0) onFrameAvailable the first frame is available
07-28 18:56:30.961  9007  9007 I DecorView: getCurrentDensityDpi: from real metrics. densityDpi=450 msg=resources_loaded
07-28 18:56:30.961  9007  9007 I DecorView: setWindowBackground: isPopOver=false color=ff010101 d=android.graphics.drawable.StateListDrawable@711d25a
07-28 18:56:30.961 17091 17124 D BLASTBufferQueue: [ViewRootImpl@920c033[dogglers]#88](f:0,a:1) acquireNextBufferLocked size=1080x2400 mFrameNumber=1 applyTransaction=true mTimestamp=1010959760242949(auto) mPendingTransactions.size=0 graphicBufferId=73405286056551 transform=0
07-28 18:56:30.961 17091 17124 I ViewRootImpl@920c033[dogglers]: Received frameCommittedCallback lastAttemptedDrawFrameNum=1 didProduceBuffer=true
07-28 18:56:30.962  9007  9007 D LifecycleMonitor: Lifecycle status change: androidx.test.core.app.InstrumentationActivityInvoker$BootstrapActivity@5400f4e in: CREATED
07-28 18:56:30.962  9007  9007 V ActivityScenario: Activity lifecycle changed event received but ignored because the intent does not match. startActivityIntent=Intent { act=android.intent.action.MAIN cat=[android.intent.category.LAUNCHER] cmp=com.example.dogglers/.VerticalListActivity }, activity.getIntent()=Intent { act=android.intent.action.MAIN cat=[android.intent.category.LAUNCHER] flg=0x10008000 cmp=com.example.dogglers/androidx.test.core.app.InstrumentationActivityInvoker$BootstrapActivity (has extras) }, activity=androidx.test.core.app.InstrumentationActivityInvoker$BootstrapActivity@5400f4e
07-28 18:56:30.963 17091 17124 D OpenGLRenderer: CFMS:: SetUp Pid : 17091    Tid : 17124
07-28 18:56:30.964 17091 17124 W Parcel  : Expecting binder but got null!
07-28 18:56:30.964  3393  3393 I BadgeRenderer: Invalid count : 0
07-28 18:56:30.964  1624  1668 D EnterpriseDeviceManagerService: isMdmAdminPresentInternal() : MDM Admin Found - com.samsung.knox.securefolder
07-28 18:56:30.964 17091 17121 I ViewRootImpl@920c033[dogglers]: onSyncComplete
07-28 18:56:30.964  9007  9007 D LifecycleMonitor: Lifecycle status change: androidx.test.core.app.InstrumentationActivityInvoker$BootstrapActivity@5400f4e in: STARTED
07-28 18:56:30.964 17091 17121 I ViewRootImpl@920c033[dogglers]: setupSync seqId=0 mSyncId=0 fn=1 caller=android.view.ViewRootImpl$$ExternalSyntheticLambda11.accept:6 android.window.SurfaceSyncer.lambda$setupSync$1$android-window-SurfaceSyncer:128 android.window.SurfaceSyncer$$ExternalSyntheticLambda1.accept:8 android.window.SurfaceSyncer$SyncSet.checkIfSyncIsComplete:382 android.window.SurfaceSyncer$SyncSet.markSyncReady:359 android.window.SurfaceSyncer.markSyncReady:151 android.view.ViewRootImpl.performTraversals:4503
07-28 18:56:30.965 17091 17121 I ViewRootImpl@920c033[dogglers]: reportDrawFinished seqId=0 mSyncId=-1 fn=1 mSurfaceChangedTransaction=0xb400007315b48900
07-28 18:56:30.965  9007  9007 V ActivityScenario: Activity lifecycle changed event received but ignored because the intent does not match. startActivityIntent=Intent { act=android.intent.action.MAIN cat=[android.intent.category.LAUNCHER] cmp=com.example.dogglers/.VerticalListActivity }, activity.getIntent()=Intent { act=android.intent.action.MAIN cat=[android.intent.category.LAUNCHER] flg=0x10008000 cmp=com.example.dogglers/androidx.test.core.app.InstrumentationActivityInvoker$BootstrapActivity (has extras) }, activity=androidx.test.core.app.InstrumentationActivityInvoker$BootstrapActivity@5400f4e
07-28 18:56:30.965  1624  3919 I MediaSessionMonitor: Media session stopped : not playing state
07-28 18:56:30.966  3393  3393 I BadgeRenderer: Invalid count : 0
07-28 18:56:30.971  1127  1176 I SurfaceFlinger: id=178864 createSurf flag=24000, Surface(name=Task=1)/@0x5dd1774 - animation-leash of app_transition#178864
07-28 18:56:30.973  1127  1176 I SurfaceFlinger: id=178865 createSurf flag=24004, Surface(name=Task=30330)/@0xd495913 - animation-leash of app_transition#178865
07-28 18:56:30.974  1127  1127 D BufferStateLayer: Splash Screen com.example.dogglers$_17091#178863 setBuffer frameId=1, bufferId=73405286056551 fenceId=359, w= 1080, h=2400
07-28 18:56:30.977  1127  1176 I SurfaceFlinger: id=178866 createSurf flag=80000, ae94533 ActivityRecordInputSink com.example.dogglers/androidx.test.core.app.InstrumentationActivityInvoker$BootstrapActivity#178866
07-28 18:56:30.981 17091 17115 D Bubbles : onLocusVisibilityChanged: LocusId[17_chars] visible=false
07-28 18:56:30.983  3746  3746 E pageboostd: Received HALT command code 2
07-28 18:56:30.985  1127  1176 I SurfaceFlinger: id=178867 createSurf flag=80004, ActivityRecord{791164e u0 com.example.dogglers/.VerticalListActivity} t30330}#178867
07-28 18:56:30.989  1127  1176 I SurfaceFlinger: id=178868 createSurf flag=80000, a8d0d49 ActivityRecordInputSink com.example.dogglers/.VerticalListActivity#178868
07-28 18:56:30.990 17091 24268 I ViewRootImpl@920c033[dogglers]: Resizing android.view.ViewRootImpl@199bb1c: frame = [0,0][1080,2400] reportDraw = false forceLayout = false syncSeqId = 0
07-28 18:56:30.991  1127  1127 I Layer   : Layer [Splash Screen com.example.dogglers$_17091#178863] hidden!! flag(0)
07-28 18:56:30.991 17091 17121 I ViewRootImpl@920c033[dogglers]: handleResized, msg = 4 frames=ClientWindowFrames{frame=[0,0][1080,2400] display=[0,0][1080,2400] parentFrame=[0,0][0,0] parentClippedByDisplayCutout=false} forceNextWindowRelayout=false displayId=0 resizeMode=-1 frameChanged=false displayFrameChanged=false configChanged=false displayChanged=false
07-28 18:56:30.992  9007  9007 D LifecycleMonitor: Lifecycle status change: androidx.test.core.app.InstrumentationActivityInvoker$BootstrapActivity@5400f4e in: RESUMED
07-28 18:56:30.992  9007  9007 V ActivityScenario: Activity lifecycle changed event received but ignored because the intent does not match. startActivityIntent=Intent { act=android.intent.action.MAIN cat=[android.intent.category.LAUNCHER] cmp=com.example.dogglers/.VerticalListActivity }, activity.getIntent()=Intent { act=android.intent.action.MAIN cat=[android.intent.category.LAUNCHER] flg=0x10008000 cmp=com.example.dogglers/androidx.test.core.app.InstrumentationActivityInvoker$BootstrapActivity (has extras) }, activity=androidx.test.core.app.InstrumentationActivityInvoker$BootstrapActivity@5400f4e
07-28 18:56:30.992  3393  3393 I ViewRootImpl@c6ee0f[LauncherActivity]: handleAppVisibility mAppVisible = true visible = false
07-28 18:56:30.995 17091 24268 D WallpaperService: dispatchAppVisibility onVisibilityChanged(): false
07-28 18:56:30.996 17091 17091 D WallpaperService: reportVisibility onVisibilityChanged visible: false
07-28 18:56:30.996 17091 17218 I ImageWallpaper[GLEngine]:  onVisibilityChanged false , 0
07-28 18:56:31.001  1127  1127 I BufferQueueProducer: [FramebufferSurface](this:0xb40000762323cb60,id:-1,api:1,p:1127,c:1127) queueBuffer: fps=0.72 dur=1381.41 max=1381.41 min=1381.41
07-28 18:56:31.001  1624  1668 D PersonaActivityHelper: Activity not in resumed state, do not run immediate lock
07-28 18:56:31.002  9007  9007 D LifecycleMonitor: Lifecycle status change: androidx.test.core.app.InstrumentationActivityInvoker$BootstrapActivity@5400f4e in: PAUSED
07-28 18:56:31.002  9007  9007 V ActivityScenario: Activity lifecycle changed event received but ignored because the intent does not match. startActivityIntent=Intent { act=android.intent.action.MAIN cat=[android.intent.category.LAUNCHER] cmp=com.example.dogglers/.VerticalListActivity }, activity.getIntent()=Intent { act=android.intent.action.MAIN cat=[android.intent.category.LAUNCHER] flg=0x10008000 cmp=com.example.dogglers/androidx.test.core.app.InstrumentationActivityInvoker$BootstrapActivity (has extras) }, activity=androidx.test.core.app.InstrumentationActivityInvoker$BootstrapActivity@5400f4e
07-28 18:56:31.003  1127  1127 D SurfaceFlinger: Display 0 HWC layers:
07-28 18:56:31.003  1127  1127 D SurfaceFlinger:      DEVICE | 0xb4000075f544b300 | 0100 | RGBx_8888    |    0.0    0.0 1080.0 2400.0 |    0    0 1080 2400 | Wallpaper BBQ wrapper#176353
07-28 18:56:31.003  1127  1127 D SurfaceFlinger:      DEVICE | 0xb4000075f544c200 | 0100 | RGBA_8888    |    0.0    0.0 1080.0 2400.0 |    0    0 1080 2400 | com.sec.android.app.launcher/com.sec[...]vities.LauncherActivity$_3393#178851
07-28 18:56:31.003  1127  1127 D SurfaceFlinger:      DEVICE | 0xb4000075f544ce00 | 0100 | RGBA_8888    |    0.0    0.0 1080.0 2400.0 |    0    0 1080 2400 | Splash Screen com.example.dogglers$_17091#178863
07-28 18:56:31.003  1127  1127 D SurfaceFlinger:      CLIENT | 0xb400007623228f80 | 0100 | RGBA_8888    |    0.0    0.0 1080.0   80.0 |    0    0 1080   80 | StatusBar$_17091#176350
07-28 18:56:31.003  1127  1127 D SurfaceFlinger:      CLIENT | 0xb400007621856a00 | 0100 | RGBA_8888    |    0.0    0.0 1080.0  135.0 |    0 2265 1080 2400 | NavigationBar0$_17091#176345
07-28 18:56:31.003  1127  1127 D SurfaceFlinger:      CLIENT | 0xb4000076232f1a80 | 0140 | RGBA_8888    |    0.0    0.0 1080.0  150.0 |    0    0 1080  150 | ScreenDecorOverlay$_17091#176358
07-28 18:56:31.003  1127  1127 D SurfaceFlinger:      CLIENT | 0xb400007621856400 | 0140 | RGBA_8888    |    0.0    0.0 1080.0  150.0 |    0 2250 1080 240
07-28 18:56:31.003  1127  1127 D SurfaceFlinger: 0 | ScreenDecorOverlayBottom$_17091#176359
07-28 18:56:31.003  1127  1127 D SurfaceFlinger:
07-28 18:56:31.008  1127  1127 I Layer   : id=178864 removeFromCurrentState Surface(name=Task=1)/@0x5dd1774 - animation-leash of app_transition#178864 (118)
07-28 18:56:31.008  1127  1127 I Layer   : Layer [com.sec.android.app.launcher/com.sec.android.app.launcher.activities.LauncherActivity$_3393#178851] hidden!! flag(1)
07-28 18:56:31.008  1127  1127 I Layer   : id=178865 removeFromCurrentState Surface(name=Task=30330)/@0xd495913 - animation-leash of app_transition#178865 (118)
07-28 18:56:31.008  1127  1127 I SurfaceFlinger: id=178865 Removed Surface(name=Task=30330)/@0xd495913 - animation-leash of app_transition#178865 (118)
07-28 18:56:31.008  1127  1127 I SurfaceFlinger: id=178864 Removed Surface(name=Task=1)/@0x5dd1774 - animation-leash of app_transition#178864 (118)
07-28 18:56:31.009  1624  5216 D InputDispatcher: Focused application(0): ActivityRecord{791164e u0 com.example.dogglers/.VerticalListActivity} t30330}
07-28 18:56:31.009  1127  1127 I Layer   : id=178864 Destroyed Surface(name=Task=1)/@0x5dd1774 - animation-leash of app_transition#178864
07-28 18:56:31.009  1127  1127 I Layer   : id=178865 Destroyed Surface(name=Task=30330)/@0xd495913 - animation-leash of app_transition#178865
07-28 18:56:31.015  1127  1127 D SurfaceFlinger: Display 0 HWC layers:
07-28 18:56:31.015  1127  1127 D SurfaceFlinger:      DEVICE | 0xb4000075f544ce00 | 0100 | RGBA_8888    |    0.0    0.0 1080.0 2400.0 |    0    0 1080 2400 | Splash Screen com.example.dogglers$_17091#178863
07-28 18:56:31.015  1127  1127 D SurfaceFlinger:      DEVICE | 0xb400007623228f80 | 0100 | RGBA_8888    |    0.0    0.0 1080.0   80.0 |    0    0 1080   80 | StatusBar$_17091#176350
07-28 18:56:31.015  1127  1127 D SurfaceFlinger:      DEVICE | 0xb400007621856a00 | 0100 | RGBA_8888    |    0.0    0.0 1080.0  135.0 |    0 2265 1080 2400 | NavigationBar0$_17091#176345
07-28 18:56:31.015  1127  1127 D SurfaceFlinger:      DEVICE | 0xb4000076232f1a80 | 0140 | RGBA_8888    |    0.0    0.0 1080.0  150.0 |    0    0 1080  150 | ScreenDecorOverlay$_17091#176358
07-28 18:56:31.015  1127  1127 D SurfaceFlinger:      DEVICE | 0xb400007621856400 | 0140 | RGBA_8888    |    0.0    0.0 1080.0  150.0 |    0 2250 1080 2400 | ScreenDecorOverlayBottom$_17091#176359
07-28 18:56:31.015  1127  1127 D SurfaceFlinger:
07-28 18:56:31.015  3393  3393 I ViewRootImpl@c6ee0f[LauncherActivity]: performTraversals mFirst=false windowShouldResize=false viewVisibilityChanged=true mForceNextWindowRelayout=false params=null
07-28 18:56:31.018  1624  5705 V WindowManager: Relayout Window{b2bc12 u0 com.sec.android.app.launcher/com.sec.android.app.launcher.activities.LauncherActivity}: viewVisibility=8 req=1080x2400 d0
07-28 18:56:31.020  1624  5705 V WindowManager: Relayout hash=b2bc12, pid=3393, syncId=-1: mAttrs={(0,0)(fillxfill) sim={adjust=nothing forwardNavigation} layoutInDisplayCutoutMode=shortEdges ty=BASE_APPLICATION fmt=TRANSPARENT wanim=0x10302f4
07-28 18:56:31.020  1624  5705 V WindowManager:   fl=81910100
07-28 18:56:31.020  1624  5705 V WindowManager:   pfl=1e020040
07-28 18:56:31.020  1624  5705 V WindowManager:   vsysui=1700
07-28 18:56:31.020  1624  5705 V WindowManager:   bhv=SHOW_TRANSIENT_BARS_BY_SWIPE
07-28 18:56:31.020  1624  5705 V WindowManager:   fitSides= naviIconColor=0}
07-28 18:56:31.021  1624  1668 I SemPersonaManager: SecureFolder personaId = 150
07-28 18:56:31.023  3393  3393 I ViewRootImpl@c6ee0f[LauncherActivity]: Relayout returned: old=(0,0,1080,2400) new=(0,0,1080,2400) req=(1080,2400)8 dur=6 res=0x2 s={false 0x0} ch=true seqId=0
07-28 18:56:31.023  3393  3393 I ViewRootImpl@c6ee0f[LauncherActivity]: stopped(true) old = false
07-28 18:56:31.023  3393  3393 I ViewRootImpl@c6ee0f[LauncherActivity]: WindowStopped on com.sec.android.app.launcher/com.sec.android.app.launcher.activities.LauncherActivity set to true
07-28 18:56:31.025  3393  3393 I Launcher: !@Boot_DEBUG: Launcher.onStop()
07-28 18:56:31.025  3393  3393 I Launcher: !@Boot_EBS_D: Launcher.onStop()
07-28 18:56:31.025  3393  3393 I BaseActivity: removeActivityFlags, flags : 17
07-28 18:56:31.026  3393  3393 I StateManager: goToState isInState Normal
07-28 18:56:31.026  3393  3393 W LauncherAppWidgetHost: setShouldListenFlag, mFlags:7 flag:start on:false isFront:false
07-28 18:56:31.026  3393  3756 I IMM_LC  : hsifw() - flag : 0
07-28 18:56:31.026  3393  3756 I IMM_LC  : hsifw() - mService.hideSoftInput
07-28 18:56:31.027  1624  4919 I AppWidgetServiceImpl: stopListening callbacks : null
07-28 18:56:31.027  3393  3393 W LauncherAppWidgetHost: stopListening, mFlags:2 isFront:false
07-28 18:56:31.027  3393  3393 W Launcher.NotificationListener: removeNotificationsChangedListener
07-28 18:56:31.027  3393  3393 I Launcher.NotificationListener: unregisterObserver, this is not notificationService!!
07-28 18:56:31.027  3393  3393 I BadgeCountUpdaterImpl: onNotificationsChangedDisConnected
07-28 18:56:31.030  3393  3758 I LiveIconUpdateEventHandler: cancelMinuteChangeAlarm
07-28 18:56:31.031  3393  3393 I MSHandlerLifeCycle: removeMultiSplitHandler: no exist. decor=DecorView@4f24386[LauncherActivity]
07-28 18:56:31.034  1624  1668 D EnterpriseDeviceManagerService: isMdmAdminPresentInternal() : MDM Admin Found - com.samsung.knox.securefolder
07-28 18:56:31.035  1624  3919 I MediaSessionMonitor: Media session stopped : not playing state
07-28 18:56:31.038  9007  9007 D LifecycleMonitor: Lifecycle status change: com.example.dogglers.VerticalListActivity@a5852b2 in: PRE_ON_CREATE
07-28 18:56:31.039  9007  9007 V ActivityScenario: Activity lifecycle changed event received but ignored because the reported transition was not ON_CREATE while the last known transition was PRE_ON_CREATE
07-28 18:56:31.051  9007  9007 I DecorView: [INFO] isPopOver=false config=true
07-28 18:56:31.052  9007  9007 I DecorView: updateCaptionType: isFloating=false isApplication=true hasWindowDecorCaption=false this=DecorView@1f41498[]
07-28 18:56:31.052  9007  9007 D DecorView: setCaptionType = 0, this = DecorView@1f41498[]
07-28 18:56:31.054  9007  9007 I DecorView: getCurrentDensityDpi: from real metrics. densityDpi=450 msg=resources_loaded
07-28 18:56:31.054  9007  9007 I DecorView: setWindowBackground: isPopOver=false color=ffffffff d=android.graphics.drawable.ColorDrawable@d8bf8d6
07-28 18:56:31.057  1127  1127 I Layer   : id=178851 removeFromCurrentState com.sec.android.app.launcher/com.sec.android.app.launcher.activities.LauncherActivity$_3393#178851 (116)
07-28 18:56:31.057  1127  1127 I SurfaceFlinger: id=178851 Removed com.sec.android.app.launcher/com.sec.android.app.launcher.activities.LauncherActivity$_3393#178851 (116)
07-28 18:56:31.057  1127  1127 I BufferQueueDebug: [com.sec.android.app.launcher/com.sec.android.app.launcher.activities.LauncherActivity$_3393#178851](this:0xb4000075f0a4d838,id:-1,api:0,p:-1,c:1127) onDestructor()
07-28 18:56:31.058  1127  1127 I Layer   : id=178851 Destroyed com.sec.android.app.launcher/com.sec.android.app.launcher.activities.LauncherActivity$_3393#178851
07-28 18:56:31.067  9007  9007 D LifecycleMonitor: Lifecycle status change: com.example.dogglers.VerticalListActivity@a5852b2 in: CREATED
07-28 18:56:31.067  9007  9007 V ActivityScenario: Update currentActivityStage to CREATED, currentActivity=com.example.dogglers.VerticalListActivity@a5852b2
07-28 18:56:31.069  9007  9007 D LifecycleMonitor: Lifecycle status change: com.example.dogglers.VerticalListActivity@a5852b2 in: STARTED
07-28 18:56:31.070  9007  9007 V ActivityScenario: Update currentActivityStage to STARTED, currentActivity=com.example.dogglers.VerticalListActivity@a5852b2
07-28 18:56:31.071  9007  9007 D LifecycleMonitor: Lifecycle status change: com.example.dogglers.VerticalListActivity@a5852b2 in: RESUMED
07-28 18:56:31.071  9007  9007 V ActivityScenario: Update currentActivityStage to RESUMED, currentActivity=com.example.dogglers.VerticalListActivity@a5852b2
07-28 18:56:31.072  9007  9007 I MSHandlerLifeCycle: check: return. pkg=com.example.dogglers parent=null callers=com.android.internal.policy.DecorView.setVisibility:4411 android.app.ActivityThread.handleResumeActivity:5476 android.app.servertransaction.ResumeActivityItem.execute:54 android.app.servertransaction.ActivityTransactionItem.execute:45 android.app.servertransaction.TransactionExecutor.executeLifecycleState:176
07-28 18:56:31.072  9007  9007 I MSHandlerLifeCycle: removeMultiSplitHandler: no exist. decor=DecorView@1f41498[]
07-28 18:56:31.073  1127  3782 D SurfaceFlinger: [SF client] NEW(0xb40000762185b7a0) for (9007:com.example.dogglers)
07-28 18:56:31.073  3393  3393 W FrameTracker: Missed App frame:JANK_APP_DEADLINE_MISSED, 156385095, 17998297, CUJ=J<LAUNCHER_APP_CLOSE_TO_HOME>
07-28 18:56:31.073  3393  3393 W FrameTracker: Missing SF jank callback for vsyncId: 156385117, CUJ=J<LAUNCHER_APP_CLOSE_TO_HOME>
07-28 18:56:31.073  3393  3393 W FrameTracker: Missing SF jank callback for vsyncId: 156385251, CUJ=J<LAUNCHER_APP_CLOSE_TO_HOME>
07-28 18:56:31.076  9007  9037 D NativeCustomFrequencyManager: [NativeCFMS] BpCustomFrequencyManager::BpCustomFrequencyManager()
07-28 18:56:31.078  1624  4919 D InputTransport: Input channel constructed: '1417257', fd=1045
07-28 18:56:31.078  1624  4919 D InputTransport: Input channel constructed: '1417257', fd=1047
07-28 18:56:31.078  1624  4919 D InputTransport: Input channel constructed: '1417257', fd=1048
07-28 18:56:31.079  1127  3782 I SurfaceFlinger: id=178869 createSurf flag=80004, 1417257 com.example.dogglers/com.example.dogglers.VerticalListActivity#178869
07-28 18:56:31.080  1624  4919 D InputTransport: Input channel destroyed: '1417257', fd=1048
07-28 18:56:31.081  9007  9007 D InsetsController: onStateChanged: InsetsState: {mDisplayFrame=Rect(0, 0 - 1080, 2400), mDisplayCutout=DisplayCutout{insets=Rect(0, 80 - 0, 0) waterfall=Insets{left=0, top=0, right=0, bottom=0} boundingRect={Bounds=[Rect(0, 0 - 0, 0), Rect(468, 0 - 612, 80), Rect(0, 0 - 0, 0), Rect(0, 0 - 0, 0)]} cutoutPathParserInfo={CutoutPathParserInfo{displayWidth=1080 displayHeight=2400 physicalDisplayWidth=1080 physicalDisplayHeight=2400 density={2.625} cutoutSpec={M 0,0 H -27.42857142857143 V 30.47619047619048 H 27.42857142857143 V 0 H 0 Z @dp} rotation={0} scale={1.0} physicalPixelDisplaySizeRatio={1.0}}}}, mRoundedCorners=RoundedCorners{[RoundedCorner{position=TopLeft, radius=90, center=Point(90, 90)}, RoundedCorner{position=TopRight, radius=90, center=Point(990, 90)}, RoundedCorner{position=BottomRight, radius=90, center=Point(990, 2310)}, RoundedCorner{position=BottomLeft, radius=90, center=Point(90, 2310)}]}  mRoundedCornerFrame=Rect(0, 0 - 1080, 2400), mPrivacyIndicatorBounds=PrivacyIndicatorBounds {static bounds=Rect(956, 0 - 1080, 80) rotation=0}, mSources= { InsetsSource: {mType=ITYPE_STATUS_BAR, mFrame=[0,0][1080,80], mVisible=true, mInsetsRoundedCornerFrame=false}, InsetsSource: {mType=ITYPE_NAVIGATION_BAR, mFrame=[0,2265][1080,2400], mVisible=true, mInsetsRoundedCornerFrame=false}, InsetsSource: {mType=ITYPE_LEFT_GESTURES, mFrame=[0,0][0,2400], mVisible=true, mInsetsRoundedCornerFrame=false}, InsetsSource: {mType=ITYPE_RIGHT_GESTURES, mFrame=[1080,0][1080,2400], mVisible=true, mInsetsRoundedCornerFrame=false}, InsetsSource: {mType=ITYPE_TOP_MANDATORY_GESTURES, mFrame=[0,0][1080,114], mVisible=true, mInsetsRoundedCornerFrame=false}, InsetsSource: {mType=ITYPE_BOTTOM_MANDATORY_GESTURES, mFrame=[0,2265][1080,2400], mVisible=true, mInsetsRoundedCornerFrame=false}, InsetsSource: {mType=ITYPE_LEFT_DISPLAY_CUTOUT, mFrame=[0,0][-100000,2400], mVisible=true, mInsetsRoundedCornerFrame=false}, InsetsSource: {mType=ITYPE_TOP_DISPLAY_CUTOUT, mFrame=[0,0][1080,80], mVisible=true, mInsetsRoundedCornerFrame=false}, InsetsSource: {mType=ITYPE_RIGHT_DISPLAY_CUTOUT, mFrame=[100000,0][1080,2400], mVisible=true, mInsetsRoundedCornerFrame=false}, InsetsSource: {mType=ITYPE_BOTTOM_DISPLAY_CUTOUT, mFrame=[0,100000][1080,2400], mVisible=true, mInsetsRoundedCornerFrame=false}, InsetsSource: {mType=ITYPE_TOP_TAPPABLE_ELEMENT, mFrame=[0,0][1080,80], mVisible=true, mInsetsRoundedCornerFrame=false}, InsetsSource: {mType=ITYPE_BOTTOM_TAPPABLE_ELEMENT, mFrame=[0,2265][1080,2400], mVisible=true, mInsetsRoundedCornerFrame=false} } host=com.example.dogglers/com.example.dogglers.VerticalListActivity from=android.view.ViewRootImpl.setView:1732
07-28 18:56:31.084  9007  9007 I ViewRootImpl@361d3c8[VerticalListActivity]: setView = com.android.internal.policy.DecorView@1f41498 TM=true
07-28 18:56:31.085 17091 17146 D MobileStatusTracker(1/1): onSignalStrengthsChanged level=4, vendorLevel=4
07-28 18:56:31.085  9007  9007 I MSHandlerLifeCycle: removeMultiSplitHandler: no exist. decor=DecorView@1f41498[VerticalListActivity]
07-28 18:56:31.086 17091 17146 D MobileSignalController(1/1): notifyListener: enabled=true, connected=true, dataConnected=false, networkType=LTE (4G), emergencyOnly=false, roaming=true, isDefault=false, dataActivity=, level=4, ca=false, mmWave=false, disabledDataIcon=false, simCard=ETC
07-28 18:56:31.086 17091 17146 D NetworkController: SignalStrength from intent slotId=1
07-28 18:56:31.086  1624  1745 D AnalyticsContainerHandler: handleMessage : { when=0 what=1 target=com.android.server.knox.KnoxAnalyticsContainer$AnalyticsHandler }
07-28 18:56:31.086  9007  9007 D LifecycleMonitor: Lifecycle status change: androidx.test.core.app.InstrumentationActivityInvoker$BootstrapActivity@5400f4e in: STOPPED
07-28 18:56:31.087  9007  9007 V ActivityScenario: Activity lifecycle changed event received but ignored because the intent does not match. startActivityIntent=Intent { act=android.intent.action.MAIN cat=[android.intent.category.LAUNCHER] cmp=com.example.dogglers/.VerticalListActivity }, activity.getIntent()=Intent { act=android.intent.action.MAIN cat=[android.intent.category.LAUNCHER] flg=0x10008000 cmp=com.example.dogglers/androidx.test.core.app.InstrumentationActivityInvoker$BootstrapActivity (has extras) }, activity=androidx.test.core.app.InstrumentationActivityInvoker$BootstrapActivity@5400f4e
07-28 18:56:31.093  1624  2805 W SemWifiTransportLayerUtils: getApplicationCategory - IOException com.example.dogglers
07-28 18:56:31.093  1624  2805 W System.err: java.net.SocketTimeoutException: Read timed out
07-28 18:56:31.093  1624  2805 W System.err: 	at java.net.SocketInputStream.socketRead0(Native Method)
07-28 18:56:31.093  1624  2805 W System.err: 	at java.net.SocketInputStream.socketRead(SocketInputStream.java:118)
07-28 18:56:31.093  1624  2805 W System.err: 	at java.net.SocketInputStream.read(SocketInputStream.java:173)
07-28 18:56:31.093  1624  2805 W System.err: 	at java.net.SocketInputStream.read(SocketInputStream.java:143)
07-28 18:56:31.093  1624  2805 W System.err: 	at com.android.org.conscrypt.ConscryptEngineSocket$SSLInputStream.readFromSocket(ConscryptEngineSocket.java:945)
07-28 18:56:31.093  1624  2805 W System.err: 	at com.android.org.conscrypt.ConscryptEngineSocket$SSLInputStream.processDataFromSocket(ConscryptEngineSocket.java:909)
