07-28 17:18:52.506  8684  8684 D InsetsController: onStateChanged: InsetsState: {mDisplayFrame=Rect(0, 0 - 1080, 2400), mDisplayCutout=DisplayCutout{insets=Rect(0, 80 - 0, 0) waterfall=Insets{left=0, top=0, right=0, bottom=0} boundingRect={Bounds=[Rect(0, 0 - 0, 0), Rect(468, 0 - 612, 80), Rect(0, 0 - 0, 0), Rect(0, 0 - 0, 0)]} cutoutPathParserInfo={CutoutPathParserInfo{displayWidth=1080 displayHeight=2400 physicalDisplayWidth=1080 physicalDisplayHeight=2400 density={2.625} cutoutSpec={M 0,0 H -27.42857142857143 V 30.47619047619048 H 27.42857142857143 V 0 H 0 Z @dp} rotation={0} scale={1.0} physicalPixelDisplaySizeRatio={1.0}}}}, mRoundedCorners=RoundedCorners{[RoundedCorner{position=TopLeft, radius=90, center=Point(90, 90)}, RoundedCorner{position=TopRight, radius=90, center=Point(990, 90)}, RoundedCorner{position=BottomRight, radius=90, center=Point(990, 2310)}, RoundedCorner{position=BottomLeft, radius=90, center=Point(90, 2310)}]}  mRoundedCornerFrame=Rect(0, 0 - 1080, 2400), mPrivacyIndicatorBounds=PrivacyIndicatorBounds {static bounds=Rect(956, 0 - 1080, 80) rotation=0}, mSources= { InsetsSource: {mType=ITYPE_STATUS_BAR, mFrame=[0,0][1080,80], mVisible=true, mInsetsRoundedCornerFrame=false}, InsetsSource: {mType=ITYPE_NAVIGATION_BAR, mFrame=[0,2265][1080,2400], mVisible=true, mInsetsRoundedCornerFrame=false}, InsetsSource: {mType=ITYPE_LEFT_GESTURES, mFrame=[0,0][0,2400], mVisible=true, mInsetsRoundedCornerFrame=false}, InsetsSource: {mType=ITYPE_RIGHT_GESTURES, mFrame=[1080,0][1080,2400], mVisible=true, mInsetsRoundedCornerFrame=false}, InsetsSource: {mType=ITYPE_TOP_MANDATORY_GESTURES, mFrame=[0,0][1080,114], mVisible=true, mInsetsRoundedCornerFrame=false}, InsetsSource: {mType=ITYPE_BOTTOM_MANDATORY_GESTURES, mFrame=[0,2265][1080,2400], mVisible=true, mInsetsRoundedCornerFrame=false}, InsetsSource: {mType=ITYPE_LEFT_DISPLAY_CUTOUT, mFrame=[0,0][-100000,2400], mVisible=true, mInsetsRoundedCornerFrame=false}, InsetsSource: {mType=ITYPE_TOP_DISPLAY_CUTOUT, mFrame=[0,0][1080,80], mVisible=true, mInsetsRoundedCornerFrame=false}, InsetsSource: {mType=ITYPE_RIGHT_DISPLAY_CUTOUT, mFrame=[100000,0][1080,2400], mVisible=true, mInsetsRoundedCornerFrame=false}, InsetsSource: {mType=ITYPE_BOTTOM_DISPLAY_CUTOUT, mFrame=[0,100000][1080,2400], mVisible=true, mInsetsRoundedCornerFrame=false}, InsetsSource: {mType=ITYPE_TOP_TAPPABLE_ELEMENT, mFrame=[0,0][1080,80], mVisible=true, mInsetsRoundedCornerFrame=false}, InsetsSource: {mType=ITYPE_BOTTOM_TAPPABLE_ELEMENT, mFrame=[0,2265][1080,2400], mVisible=true, mInsetsRoundedCornerFrame=false} } host=com.example.dogglers/androidx.test.core.app.InstrumentationActivityInvoker$EmptyActivity from=android.view.ViewRootImpl.setView:1732
07-28 17:18:52.508  8684  8684 I ViewRootImpl@53d5083[InstrumentationActivityInvoker$EmptyActivity]: setView = com.android.internal.policy.DecorView@84b173d TM=true
07-28 17:18:52.509  8684  8684 I MSHandlerLifeCycle: removeMultiSplitHandler: no exist. decor=DecorView@84b173d[InstrumentationActivityInvoker$EmptyActivity]
07-28 17:18:52.510  1624  1745 D AnalyticsContainerHandler: handleMessage : { when=0 what=1 target=com.android.server.knox.KnoxAnalyticsContainer$AnalyticsHandler }
07-28 17:18:52.514  8869  8869 D ConnectivityManager: StackLog: [android.net.ConnectivityManager.sendRequestForNetwork(ConnectivityManager.java:4191)] [android.net.ConnectivityManager.registerDefaultNetworkCallbackForUid(ConnectivityManager.java:4755)] [android.net.ConnectivityManager.registerDefaultNetworkCallback(ConnectivityManager.java:4722)] [android.net.ConnectivityManager.registerDefaultNetworkCallback(ConnectivityManager.java:4696)] [org.telegram.messenger.ApplicationLoader.ensureCurrentNetworkGet(ApplicationLoader.java:362)] [org.telegram.messenger.ApplicationLoader.isConnectedOrConnectingToWiFi(ApplicationLoader.java:383)] [org.telegram.messenger.ApplicationLoader.getCurrentNetworkType(ApplicationLoader.java:455)] [org.telegram.tgnet.ConnectionsManager.init(ConnectionsManager.java:476)] [org.telegram.tgnet.ConnectionsManager.<init>(ConnectionsManager.java:242)] [org.telegram.tgnet.ConnectionsManager.getInstance(ConnectionsManager.java:177)] [org.telegram.messenger.ApplicationLoader.postInitApplication(ApplicationLoader.java:209)] [org.telegram.messenger.NotificationsService.onCreate(NotificationsService.java:21)] [android.app.ActivityThread.handleCreateService(ActivityThread.java:5073)] [android.app.ActivityThread.-$$Nest$mhandleCreateService(Unknown Source:0)] [android.app.ActivityThread$H.handleMessage(ActivityThread.java:2428)]
07-28 17:18:52.515  1624  5212 D ConnectivityService: requestNetwork for uid/pid:10283/8869 activeRequest: null callbackRequest: 98475 [NetworkRequest [ REQUEST id=98476, [ Capabilities: INTERNET&NOT_RESTRICTED&TRUSTED&NOT_VCN_MANAGED Uid: 10283 RequestorUid: 10283 RequestorPkg: org.telegram.messenger UnderlyingNetworks: Null] ]] callback flags: 0 order: 2147483647
07-28 17:18:52.516  1624  2735 D ConnectivityService:    accepting network in place of null
07-28 17:18:52.516  8684  8684 I ViewRootImpl@53d5083[InstrumentationActivityInvoker$EmptyActivity]: performTraversals params={(0,0)(fillxfill) sim={adjust=pan forwardNavigation} ty=BASE_APPLICATION wanim=0x1030001
07-28 17:18:52.516  8684  8684 I ViewRootImpl@53d5083[InstrumentationActivityInvoker$EmptyActivity]:   fl=1810100
07-28 17:18:52.516  8684  8684 I ViewRootImpl@53d5083[InstrumentationActivityInvoker$EmptyActivity]:   pfl=12020040
07-28 17:18:52.516  8684  8684 I ViewRootImpl@53d5083[InstrumentationActivityInvoker$EmptyActivity]:   bhv=DEFAULT
07-28 17:18:52.516  8684  8684 I ViewRootImpl@53d5083[InstrumentationActivityInvoker$EmptyActivity]:   fitSides= naviIconColor=0
07-28 17:18:52.516  8684  8684 I ViewRootImpl@53d5083[InstrumentationActivityInvoker$EmptyActivity]:   sfl=100000}
07-28 17:18:52.518  8684  8684 I ViewRootImpl@53d5083[InstrumentationActivityInvoker$EmptyActivity]: performTraversals mFirst=true windowShouldResize=true viewVisibilityChanged=false mForceNextWindowRelayout=false params={(0,0)(fillxfill) sim={adjust=pan forwardNavigation} ty=BASE_APPLICATION wanim=0x1030001
07-28 17:18:52.518  8684  8684 I ViewRootImpl@53d5083[InstrumentationActivityInvoker$EmptyActivity]:   fl=1810100
07-28 17:18:52.518  8684  8684 I ViewRootImpl@53d5083[InstrumentationActivityInvoker$EmptyActivity]:   pfl=12020040
07-28 17:18:52.518  8684  8684 I ViewRootImpl@53d5083[InstrumentationActivityInvoker$EmptyActivity]:   bhv=DEFAULT
07-28 17:18:52.518  8684  8684 I ViewRootImpl@53d5083[InstrumentationActivityInvoker$EmptyActivity]:   fitSides= naviIconColor=0
07-28 17:18:52.518  8684  8684 I ViewRootImpl@53d5083[InstrumentationActivityInvoker$EmptyActivity]:   sfl=100000}
07-28 17:18:52.518  1624  5212 V WindowManager: Relayout Window{dd3eb76 u0 com.example.dogglers/androidx.test.core.app.InstrumentationActivityInvoker$EmptyActivity}: viewVisibility=0 req=1080x2400 d0
07-28 17:18:52.519  1624  2720 D WifiNetworkFactory: got request NetworkRequest [ REQUEST id=98476, [ Capabilities: INTERNET&NOT_RESTRICTED&TRUSTED&NOT_VCN_MANAGED Uid: 10283 RequestorUid: 10283 RequestorPkg: org.telegram.messenger UnderlyingNetworks: Null] ]
07-28 17:18:52.519  1624  2720 D UntrustedWifiNetworkFactory: got request NetworkRequest [ REQUEST id=98476, [ Capabilities: INTERNET&NOT_RESTRICTED&TRUSTED&NOT_VCN_MANAGED Uid: 10283 RequestorUid: 10283 RequestorPkg: org.telegram.messenger UnderlyingNetworks: Null] ]
07-28 17:18:52.519  1624  2720 D OemPaidWifiNetworkFactory: got request NetworkRequest [ REQUEST id=98476, [ Capabilities: INTERNET&NOT_RESTRICTED&TRUSTED&NOT_VCN_MANAGED Uid: 10283 RequestorUid: 10283 RequestorPkg: org.telegram.messenger UnderlyingNetworks: Null] ]
07-28 17:18:52.519  1127  3782 I BufferQueueDebug: [com.example.dogglers/androidx.test.core.app.InstrumentationActivityInvoker$EmptyActivity$_8684#175933](this:0xb4000075f0a5e838,id:-1,api:0,p:-1,c:-1) BufferQueue core=(1127:/system/bin/surfaceflinger)
07-28 17:18:52.519  1127  3782 I SurfaceFlinger: id=175933 createSurf flag=40004, com.example.dogglers/androidx.test.core.app.InstrumentationActivityInvoker$EmptyActivity$_8684#175933
07-28 17:18:52.519  1624  2720 D MultiInternetWifiNetworkFactory: got request NetworkRequest [ REQUEST id=98476, [ Capabilities: INTERNET&NOT_RESTRICTED&TRUSTED&NOT_VCN_MANAGED Uid: 10283 RequestorUid: 10283 RequestorPkg: org.telegram.messenger UnderlyingNetworks: Null] ]
07-28 17:18:52.521  1624  2735 D ConnectivityService: Rematched networks [computed 1ms] [applied 1ms] [issued 4]
07-28 17:18:52.521  1624  2735 D ConnectivityService: NetworkReassignment :
07-28 17:18:52.521  1624  2735 D ConnectivityService:   98476 : null  184
07-28 17:18:52.524  1127  3782 I SurfaceFlinger: id=175934 createSurf flag=24000, Surface(name=7ae696d StatusBar)/@0x546cfe9 - animation-leash of insets_animation#175934
07-28 17:18:52.525  1127  3782 I SurfaceFlinger: id=175935 createSurf flag=24000, Surface(name=57253a2 NavigationBar0)/@0x6398367 - animation-leash of insets_animation#175935
07-28 17:18:52.529  1624  5212 V WindowManager: Relayout hash=dd3eb76, pid=8684, syncId=-1: mAttrs={(0,0)(fillxfill) sim={adjust=pan forwardNavigation} ty=BASE_APPLICATION wanim=0x1030001
07-28 17:18:52.529  1624  5212 V WindowManager:   fl=1810100
07-28 17:18:52.529  1624  5212 V WindowManager:   pfl=12020040
07-28 17:18:52.529  1624  5212 V WindowManager:   apr=LIGHT_NAVIGATION_BARS
07-28 17:18:52.529  1624  5212 V WindowManager:   bhv=DEFAULT
07-28 17:18:52.529  1624  5212 V WindowManager:   fitSides= naviIconColor=0
07-28 17:18:52.529  1624  5212 V WindowManager:   sfl=100000}
07-28 17:18:52.532  2897  2984 D MobileStatusTracker(1/1): onSignalStrengthsChanged level=4, vendorLevel=4
07-28 17:18:52.532  8684  8684 D InsetsController: onStateChanged: InsetsState: {mDisplayFrame=Rect(0, 0 - 1080, 2400), mDisplayCutout=DisplayCutout{insets=Rect(0, 80 - 0, 0) waterfall=Insets{left=0, top=0, right=0, bottom=0} boundingRect={Bounds=[Rect(0, 0 - 0, 0), Rect(468, 0 - 612, 80), Rect(0, 0 - 0, 0), Rect(0, 0 - 0, 0)]} cutoutPathParserInfo={CutoutPathParserInfo{displayWidth=1080 displayHeight=2400 physicalDisplayWidth=1080 physicalDisplayHeight=2400 density={2.625} cutoutSpec={M 0,0 H -27.42857142857143 V 30.47619047619048 H 27.42857142857143 V 0 H 0 Z @dp} rotation={0} scale={1.0} physicalPixelDisplaySizeRatio={1.0}}}}, mRoundedCorners=RoundedCorners{[RoundedCorner{position=TopLeft, radius=90, center=Point(90, 90)}, RoundedCorner{position=TopRight, radius=90, center=Point(990, 90)}, RoundedCorner{position=BottomRight, radius=90, center=Point(990, 2310)}, RoundedCorner{position=BottomLeft, radius=90, center=Point(90, 2310)}]}  mRoundedCornerFrame=Rect(0, 0 - 1080, 2400), mPrivacyIndicatorBounds=PrivacyIndicatorBounds {static bounds=Rect(956, 0 - 1080, 80) rotation=0}, mSources= { InsetsSource: {mType=ITYPE_STATUS_BAR, mFrame=[0,0][1080,80], mVisible=true, mInsetsRoundedCornerFrame=false}, InsetsSource: {mType=ITYPE_NAVIGATION_BAR, mFrame=[0,2265][1080,2400], mVisible=true, mInsetsRoundedCornerFrame=false}, InsetsSource: {mType=ITYPE_LEFT_GESTURES, mFrame=[0,0][0,2400], mVisible=true, mInsetsRoundedCornerFrame=false}, InsetsSource: {mType=ITYPE_RIGHT_GESTURES, mFrame=[1080,0][1080,2400], mVisible=true, mInsetsRoundedCornerFrame=false}, InsetsSource: {mType=ITYPE_TOP_MANDATORY_GESTURES, mFrame=[0,0][1080,114], mVisible=true, mInsetsRoundedCornerFrame=false}, InsetsSource: {mType=ITYPE_BOTTOM_MANDATORY_GESTURES, mFrame=[0,2265][1080,2400], mVisible=true, mInsetsRoundedCornerFrame=false}, InsetsSource: {mType=ITYPE_LEFT_DISPLAY_CUTOUT, mFrame=[0,0][-100000,2400], mVisible=true, mInsetsRoundedCornerFrame=false}, InsetsSource: {mType=ITYPE_TOP_DISPLAY_CUTOUT, mFrame=[0,0][1080,80], mVisible=true, mInsetsRoundedCornerFrame=false}, InsetsSource: {mType=ITYPE_RIGHT_DISPLAY_CUTOUT, mFrame=[100000,0][1080,2400], mVisible=true, mInsetsRoundedCornerFrame=false}, InsetsSource: {mType=ITYPE_BOTTOM_DISPLAY_CUTOUT, mFrame=[0,100000][1080,2400], mVisible=true, mInsetsRoundedCornerFrame=false}, InsetsSource: {mType=ITYPE_TOP_TAPPABLE_ELEMENT, mFrame=[0,0][1080,80], mVisible=true, mInsetsRoundedCornerFrame=false}, InsetsSource: {mType=ITYPE_BOTTOM_TAPPABLE_ELEMENT, mFrame=[0,2265][1080,2400], mVisible=true, mInsetsRoundedCornerFrame=false}, InsetsSource: {mType=ITYPE_IME, mFrame=[0,0][0,0], mVisibleFrame=[0,1243][1080,2400], mVisible=false, mInsetsRoundedCornerFrame=false} } host=com.example.dogglers/androidx.test.core.app.InstrumentationActivityInvoker$EmptyActivity from=android.view.ViewRootImpl.relayoutWindow:9802
07-28 17:18:52.533  2897  2984 D MobileSignalController(1/1): notifyListener: enabled=true, connected=true, dataConnected=false, networkType=LTE (4G), emergencyOnly=false, roaming=true, isDefault=false, dataActivity=, level=4, ca=false, mmWave=false, disabledDataIcon=false, simCard=ETC
07-28 17:18:52.534  2897  2984 D NetworkController: SignalStrength from intent slotId=1
07-28 17:18:52.534  8684  8684 I ViewRootImpl@53d5083[InstrumentationActivityInvoker$EmptyActivity]: updateBlastSurfaceIfNeeded mBlastBufferQueue=null isSameSurfaceControl=false
07-28 17:18:52.534  8684  8684 D BufferQueueConsumer: [](id:21ec00000007,api:0,p:-1,c:8684) connect: controlledByApp=false
07-28 17:18:52.535  8684  8684 I BLASTBufferQueue: new BLASTBufferQueue, mName= ViewRootImpl@53d5083[InstrumentationActivityInvoker$EmptyActivity] mNativeObject= 0xb400007316150480 sc.mNativeObject= 0xb40000728f6f3460 caller= android.view.ViewRootImpl.updateBlastSurfaceIfNeeded:2909 android.view.ViewRootImpl.relayoutWindow:9847 android.view.ViewRootImpl.performTraversals:3884 android.view.ViewRootImpl.doTraversal:3116 android.view.ViewRootImpl$TraversalRunnable.run:10885 android.view.Choreographer$CallbackRecord.run:1301 android.view.Choreographer$CallbackRecord.run:1309 android.view.Choreographer.doCallbacks:923 android.view.Choreographer.doFrame:852 android.view.Choreographer$FrameDisplayEventReceiver.run:1283
07-28 17:18:52.535  8684  8684 I BLASTBufferQueue: update, w= 1080 h= 2400 mName = ViewRootImpl@53d5083[InstrumentationActivityInvoker$EmptyActivity] mNativeObject= 0xb400007316150480 sc.mNativeObject= 0xb40000728f6f3460 format= -1 caller= android.graphics.BLASTBufferQueue.<init>:84 android.view.ViewRootImpl.updateBlastSurfaceIfNeeded:2909 android.view.ViewRootImpl.relayoutWindow:9847 android.view.ViewRootImpl.performTraversals:3884 android.view.ViewRootImpl.doTraversal:3116 android.view.ViewRootImpl$TraversalRunnable.run:10885
07-28 17:18:52.536  8684  8684 I ViewRootImpl@53d5083[InstrumentationActivityInvoker$EmptyActivity]: Relayout returned: old=(0,0,1080,2400) new=(0,0,1080,2400) req=(1080,2400)0 dur=16 res=0x3 s={true 0xb40000728abb4000} ch=true seqId=0
07-28 17:18:52.538  8684  8684 I ViewRootImpl@53d5083[InstrumentationActivityInvoker$EmptyActivity]: mThreadedRenderer.initialize() mSurface={isValid=true 0xb40000728abb4000} hwInitialized=true
07-28 17:18:52.538  8684  8768 D OpenGLRenderer: eglCreateWindowSurface
07-28 17:18:52.540  8684  8684 I ViewRootImpl@53d5083[InstrumentationActivityInvoker$EmptyActivity]: reportNextDraw android.view.ViewRootImpl.performTraversals:4438 android.view.ViewRootImpl.doTraversal:3116 android.view.ViewRootImpl$TraversalRunnable.run:10885 android.view.Choreographer$CallbackRecord.run:1301 android.view.Choreographer$CallbackRecord.run:1309
07-28 17:18:52.540  8684  8684 I ViewRootImpl@53d5083[InstrumentationActivityInvoker$EmptyActivity]: Setup new sync id=0
07-28 17:18:52.540  8684  8684 I ViewRootImpl@53d5083[InstrumentationActivityInvoker$EmptyActivity]: Setting syncFrameCallback
07-28 17:18:52.540  8684  8684 I ViewRootImpl@53d5083[InstrumentationActivityInvoker$EmptyActivity]: registerCallbacksForSync syncBuffer=false
07-28 17:18:52.543  8684  8828 I ViewRootImpl@53d5083[InstrumentationActivityInvoker$EmptyActivity]: Received frameDrawingCallback syncResult=0 frameNum=1.
07-28 17:18:52.543  8684  8828 I ViewRootImpl@53d5083[InstrumentationActivityInvoker$EmptyActivity]: Setting up sync and frameCommitCallback
07-28 17:18:52.543  1127  1127 I Layer   : id=175927 removeFromCurrentState Surface(name=7ae696d StatusBar)/@0x546cfe9 - animation-leash of insets_animation#175927 (123)
07-28 17:18:52.543  1127  1127 I SurfaceFlinger: [dd3eb76 com.example.dogglers/androidx.test.core.app.InstrumentationActivityInvoker$EmptyActivity#175932] FrameRatePriority: 1
07-28 17:18:52.543  1127  1127 I Layer   : id=175928 removeFromCurrentState Surface(name=57253a2 NavigationBar0)/@0x6398367 - animation-leash of insets_animation#175928 (123)
07-28 17:18:52.544  1127  1127 D SurfaceFlinger: [input] inputWindowCommands.focusRequests size is 1
07-28 17:18:52.545  1127  1386 D SurfaceFlinger: [input] setFocusedWindow: dd3eb76 com.example.dogglers/androidx.test.core.app.InstrumentationActivityInvoker$EmptyActivity
07-28 17:18:52.546  1624  2462 D InputDispatcher: Focus request (0): dd3eb76 com.example.dogglers/androidx.test.core.app.InstrumentationActivityInvoker$EmptyActivity but waiting because NO_WINDOW
07-28 17:18:52.548  8684  8768 I BLASTBufferQueue: [ViewRootImpl@53d5083[InstrumentationActivityInvoker$EmptyActivity]#7](f:0,a:0) onFrameAvailable the first frame is available
07-28 17:18:52.549  8684  8768 D BLASTBufferQueue: [ViewRootImpl@53d5083[InstrumentationActivityInvoker$EmptyActivity]#7](f:0,a:1) acquireNextBufferLocked size=1080x2400 mFrameNumber=1 applyTransaction=true mTimestamp=1006962102775788(auto) mPendingTransactions.size=0 graphicBufferId=37297495998485 transform=0
07-28 17:18:52.550  8684  8768 I ViewRootImpl@53d5083[InstrumentationActivityInvoker$EmptyActivity]: Received frameCommittedCallback lastAttemptedDrawFrameNum=1 didProduceBuffer=true
07-28 17:18:52.553  8684  8768 D OpenGLRenderer: CFMS:: SetUp Pid : 8684    Tid : 8768
07-28 17:18:52.554  8684  8768 W Parcel  : Expecting binder but got null!
07-28 17:18:52.554  8684  8684 I ViewRootImpl@53d5083[InstrumentationActivityInvoker$EmptyActivity]: onSyncComplete
07-28 17:18:52.555  8684  8684 I ViewRootImpl@53d5083[InstrumentationActivityInvoker$EmptyActivity]: setupSync seqId=0 mSyncId=0 fn=1 caller=android.view.ViewRootImpl$$ExternalSyntheticLambda11.accept:6 android.window.SurfaceSyncer.lambda$setupSync$1$android-window-SurfaceSyncer:128 android.window.SurfaceSyncer$$ExternalSyntheticLambda1.accept:8 android.window.SurfaceSyncer$SyncSet.checkIfSyncIsComplete:382 android.window.SurfaceSyncer$SyncSet.markSyncReady:359 android.window.SurfaceSyncer.markSyncReady:151 android.view.ViewRootImpl.performTraversals:4503
07-28 17:18:52.555  8684  8684 I ViewRootImpl@53d5083[InstrumentationActivityInvoker$EmptyActivity]: reportDrawFinished seqId=0 mSyncId=-1 fn=1 mSurfaceChangedTransaction=0xb400007297b63b00
07-28 17:18:52.556  8684  8684 I ViewRootImpl@60c5276[VerticalListActivity]: MSG_WINDOW_FOCUS_CHANGED 0 0
07-28 17:18:52.557  3393 16210 I RecentModel: onTaskStackChangedBackground
07-28 17:18:52.560  1127  1127 D BufferStateLayer: com.example.dogglers/androidx.test.core.app.InstrumentationActivityInvoker$EmptyActivity$_8684#175933 setBuffer frameId=1, bufferId=37297495998485 fenceId=562, w= 1080, h=2400
07-28 17:18:52.561  1624  1669 I SemDvfsHyPerManager: acquire hyper - AMS_RESUME_TAIL/1624@21, type = -999
07-28 17:18:52.561  1624  1669 I SemDvfsHyPerManager: acquire hyper - AMS_ACT_LAZY/1624@22, type = -999
07-28 17:18:52.564  1127  2095 I SurfaceFlinger: id=175936 createSurf flag=80000, e2115de ActivityRecordInputSink com.example.dogglers/androidx.test.core.app.InstrumentationActivityInvoker$EmptyActivity#175936
07-28 17:18:52.565  1624  1665 I ActivityTaskManager: Displayed com.example.dogglers/androidx.test.core.app.InstrumentationActivityInvoker$EmptyActivity: +128ms
07-28 17:18:52.566  3746  3746 E pageboostd: Received HALT command code 2
07-28 17:18:52.567  1090  1150 I HYPER-HAL: [RequestManager.cpp]acquire(): Acquired ID : 1353856  [1624 / 21]    HINT : AMS_RESUME_TAIL    list :
07-28 17:18:52.567  1090  1150 I mtkpower_client: perf_lock_rel, hdl:80049, tid:1150
07-28 17:18:52.567  1090  1150 I mtkpower_client: perf_lock_acq, hdl:0, dur:0, num:2, tid:1150
07-28 17:18:52.567  1093  1167 I libPowerHal: [perfLockRel] hdl:80049, idx:2
07-28 17:18:52.567  1093  1167 I libPowerHal: [PD] vendor.samsung. update cmd:1c3c000, param:1
07-28 17:18:52.567  1093  1167 I libPowerHal: [PD] (less) /proc/mcdi/state set +prefix:enable 1;
07-28 17:18:52.570  1090  1150 I mtkpower_client: ret_hdl:80051
07-28 17:18:52.570  1090  1150 I mtkpower_client: perf_lock_rel, hdl:80050, tid:1150
07-28 17:18:52.570  1127  3782 I SurfaceFlinger: id=175928 Removed Surface(name=57253a2 NavigationBar0)/@0x6398367 - animation-leash of insets_animation#175928 (124)
07-28 17:18:52.570  1127  3782 I SurfaceFlinger: id=175927 Removed Surface(name=7ae696d StatusBar)/@0x546cfe9 - animation-leash of insets_animation#175927 (124)
07-28 17:18:52.570  1093  1167 I libPowerHal: [perfLockAcq] idx:2 hdl:80051 hint:-1 pid:1090 duration:0 lock_user:vendor.samsung. => ret_hdl:80051
07-28 17:18:52.571  1093  1167 I libPowerHal: [PE] (less) /proc/mcdi/state set +prefix:enable 0;
07-28 17:18:52.572  1090  1150 I mtkpower_client: perf_lock_acq, hdl:0, dur:0, num:2, tid:1150
07-28 17:18:52.572  1093  1167 I libPowerHal: [perfLockRel] hdl:80050, idx:0
07-28 17:18:52.572  1093  1167 I libPowerHal: [PD] vendor.samsung. update cmd:1000000, param:-1
07-28 17:18:52.572  1093  1167 I libPowerHal: [PD] vendor.samsung. update cmd:1000000 param:-1
07-28 17:18:52.573  1090  1150 I mtkpower_client: ret_hdl:80052
07-28 17:18:52.573  1090  1150 I mtkpower_client: perf_lock_rel, hdl:80048, tid:1150
07-28 17:18:52.574  1093  1167 I libPowerHal: [perfLockAcq] idx:0 hdl:80052 hint:-1 pid:1090 duration:0 lock_user:vendor.samsung. => ret_hdl:80052
07-28 17:18:52.574  1093  1167 I libPowerHal: [PE] vendor.samsung. update cmd:1000000, param:0
07-28 17:18:52.574  1093  1167 I libPowerHal: [PE] vendor.samsung. update cmd:1000000 param:0
07-28 17:18:52.574  1093  1167 I libPowerHal: [perfLockRel] hdl:80048, idx:1
07-28 17:18:52.575  1090  1150 I mtkpower_client: perf_lock_acq, hdl:0, dur:0, num:2, tid:1150
07-28 17:18:52.575  1093  1167 I libPowerHal: vendor.samsung.: cpu_ctrl set cpu freq: -1 -1 -1 -1
07-28 17:18:52.576  1127  1127 I Layer   : Layer [com.example.dogglers/androidx.test.core.app.InstrumentationActivityInvoker$EmptyActivity$_8684#175933] hidden!! flag(0)
07-28 17:18:52.576  1127  1127 I Layer   : Layer [com.example.dogglers/com.example.dogglers.VerticalListActivity$_8684#175926] hidden!! flag(1)
07-28 17:18:52.577  1127  1127 I Layer   : id=175928 Destroyed Surface(name=57253a2 NavigationBar0)/@0x6398367 - animation-leash of insets_animation#175928
07-28 17:18:52.577  1127  1127 I Layer   : id=175927 Destroyed Surface(name=7ae696d StatusBar)/@0x546cfe9 - animation-leash of insets_animation#175927
07-28 17:18:52.579  1090  1150 I mtkpower_client: ret_hdl:80053
07-28 17:18:52.579  1090  1150 I mtkpower_client: perf_lock_rel, hdl:80051, tid:1150
07-28 17:18:52.579  1624  5212 D InputDispatcher: Focus entered window (0): dd3eb76 com.example.dogglers/androidx.test.core.app.InstrumentationActivityInvoker$EmptyActivity
07-28 17:18:52.582  1624  1668 I ChimeraSystemEventListener: appLaunchIntent package name is: com.example.dogglers
07-28 17:18:52.582  1093  1167 I libPowerHal: [perfLockAcq] idx:1 hdl:80053 hint:-1 pid:1090 duration:0 lock_user:vendor.samsung. => ret_hdl:80053
07-28 17:18:52.582  1093  1167 I libPowerHal: vendor.samsung.: cpu_ctrl set cpu freq: 1800000 -1 -1 -1
07-28 17:18:52.583  1090  1150 I mtkpower_client: perf_lock_acq, hdl:0, dur:0, num:2, tid:1150
07-28 17:18:52.583  1093  1167 I libPowerHal: [perfLockRel] hdl:80051, idx:2
07-28 17:18:52.583  1093  1167 I libPowerHal: [PD] vendor.samsung. update cmd:1c3c000, param:1
07-28 17:18:52.583  1093  1167 I libPowerHal: [PD] (less) /proc/mcdi/state set +prefix:enable 1;
07-28 17:18:52.584  1090  1150 I mtkpower_client: ret_hdl:80054
07-28 17:18:52.584  1090  1150 I mtkpower_client: perf_lock_rel, hdl:80052, tid:1150
07-28 17:18:52.584  1093  1167 I libPowerHal: [perfLockAcq] idx:3 hdl:80054 hint:-1 pid:1090 duration:0 lock_user:vendor.samsung. => ret_hdl:80054
07-28 17:18:52.584  1093  1167 I libPowerHal: [PE] (less) /proc/mcdi/state set +prefix:enable 0;
07-28 17:18:52.584  1624  2462 I SemDvfsHyPerManager: acquire hyper - AMS_ACT_START/1624@19, type = -999
07-28 17:18:52.584  1127  1127 D SurfaceFlinger: Display 0 HWC layers:
07-28 17:18:52.584  1127  1127 D SurfaceFlinger:      DEVICE | 0xb4000075f544c380 | 0102 | RGBA_8888    |    0.0    0.0 1080.0 2400.0 |    0    0 1080 2400 | com.example.dogglers/androidx.test.c[...]tyInvoker$EmptyActivity$_8684#175933
07-28 17:18:52.584  1127  1127 D SurfaceFlinger:      DEVICE | 0xb4000075f544c980 | 0100 | RGBA_8888    |    0.0    0.0 1080.0   80.0 |    0    0 1080   80 | StatusBar$_2897#91
07-28 17:18:52.584  1127  1127 D SurfaceFlinger:      DEVICE | 0xb400007621854780 | 0100 | RGBA_8888    |    0.0    0.0 1080.0  135.0 |    0 2265 1080 2400 | NavigationBar0$_2897#86
07-28 17:18:52.584  1127  1127 D SurfaceFlinger:      DEVICE | 0xb4000075f544b300 | 0140 | RGBA_8888    |    0.0    0.0 1080.0  150.0 |    0    0 1080  150 | ScreenDecorOverlay$_2897#100
07-28 17:18:52.584  1127  1127 D SurfaceFlinger:      DEVICE | 0xb400007621856700 | 0140 | RGBA_8888    |    0.0    0.0 1080.0  150.0 |    0 2250 1080 2400 | ScreenDecorOverlayBottom$_2897#101
07-28 17:18:52.584  1127  1127 D SurfaceFlinger:
07-28 17:18:52.584  1090  1150 I mtkpower_client: perf_lock_acq, hdl:0, dur:0, num:2, tid:1150
07-28 17:18:52.585  1093  1167 I libPowerHal: [perfLockRel] hdl:80052, idx:0
07-28 17:18:52.585  1093  1167 I libPowerHal: [PD] vendor.samsung. update cmd:1000000, param:-1
07-28 17:18:52.585  1434  1434 D connsyslogger: Open FIFO for close
07-28 17:18:52.586  1127  3782 I SurfaceFlinger: id=175937 createSurf flag=80004, ActivityRecord{f28808b u0 com.example.dogglers/androidx.test.core.app.InstrumentationActivityInvoker$EmptyActivity} t30272}#175937
07-28 17:18:52.586  1093  1167 I libPowerHal: [PD] vendor.samsung. update cmd:1000000 param:-1
07-28 17:18:52.586  1090  1150 I mtkpower_client: ret_hdl:80055
07-28 17:18:52.586  1090  1150 I HYPER-HAL: [RequestManager.cpp]releaseLocked(): Released ID : 1350565
07-28 17:18:52.586  1090  1150 I HYPER-HAL: [RequestManager.cpp]acquire(): Acquired ID : 1350565  [1624 / 19]    HINT : AMS_ACT_START    list :
07-28 17:18:52.586  1093  1167 I libPowerHal: [perfLockAcq] idx:2 hdl:80055 hint:-1 pid:1090 duration:0 lock_user:vendor.samsung. => ret_hdl:80055
07-28 17:18:52.587  1093  1167 I libPowerHal: [PE] vendor.samsung. update cmd:1000000, param:0
07-28 17:18:52.587  1093  1167 I libPowerHal: [PE] vendor.samsung. update cmd:1000000 param:0
07-28 17:18:52.587  1090  1150 I mtkpower_client: perf_lock_rel, hdl:80053, tid:1150
07-28 17:18:52.587  1090  1150 I mtkpower_client: perf_lock_acq, hdl:0, dur:0, num:2, tid:1150
07-28 17:18:52.587  1093  1167 I libPowerHal: [perfLockRel] hdl:80053, idx:1
07-28 17:18:52.588  1093  1167 I libPowerHal: vendor.samsung.: cpu_ctrl set cpu freq: -1 -1 -1 -1
07-28 17:18:52.588  3746  3746 E pageboostd: Received HALT command code 2
07-28 17:18:52.588  1090  1150 I mtkpower_client: ret_hdl:80056
07-28 17:18:52.588  1090  1150 I mtkpower_client: perf_lock_rel, hdl:80054, tid:1150
07-28 17:18:52.590  1093  1167 I libPowerHal: [perfLockAcq] idx:0 hdl:80056 hint:-1 pid:1090 duration:0 lock_user:vendor.samsung. => ret_hdl:80056
07-28 17:18:52.590  1624  1668 I SemPersonaManager: SecureFolder personaId = 150
07-28 17:18:52.590  8684  8684 I ViewRootImpl@60c5276[VerticalListActivity]: handleAppVisibility mAppVisible = true visible = false
07-28 17:18:52.591  8684  8684 I ViewRootImpl@60c5276[VerticalListActivity]: stopped(true) old = false
07-28 17:18:52.592  8684  8684 I ViewRootImpl@60c5276[VerticalListActivity]: WindowStopped on com.example.dogglers/com.example.dogglers.VerticalListActivity set to true
07-28 17:18:52.592  1093  1167 I libPowerHal: vendor.samsung.: cpu_ctrl set cpu freq: 1800000 -1 -1 -1
07-28 17:18:52.593  1093  1167 I libPowerHal: [perfLockRel] hdl:80054, idx:3
07-28 17:18:52.594  1093  1167 I libPowerHal: [PD] vendor.samsung. update cmd:1c3c000, param:1
07-28 17:18:52.594  1090  1150 I mtkpower_client: perf_lock_acq, hdl:0, dur:0, num:2, tid:1150
07-28 17:18:52.594  1093  1167 I libPowerHal: [PD] (less) /proc/mcdi/state set +prefix:enable 1;
07-28 17:18:52.595  1093  1167 I libPowerHal: [perfLockAcq] idx:1 hdl:80057 hint:-1 pid:1090 duration:0 lock_user:vendor.samsung. => ret_hdl:80057
07-28 17:18:52.595  8684  8684 D LifecycleMonitor: Lifecycle status change: com.example.dogglers.VerticalListActivity@dc0b4f0 in: STOPPED
07-28 17:18:52.595  1093  1167 I libPowerHal: [PE] (less) /proc/mcdi/state set +prefix:enable 0;
07-28 17:18:52.596  1090  1150 I mtkpower_client: ret_hdl:80057
07-28 17:18:52.596  1090  1150 I mtkpower_client: perf_lock_rel, hdl:80055, tid:1150
07-28 17:18:52.596  8684  8684 V ActivityScenario: Update currentActivityStage to STOPPED, currentActivity=com.example.dogglers.VerticalListActivity@dc0b4f0
07-28 17:18:52.597  1093  1167 I libPowerHal: [perfLockRel] hdl:80055, idx:2
07-28 17:18:52.597  1093  1167 I libPowerHal: [PD] vendor.samsung. update cmd:1000000, param:-1
07-28 17:18:52.598  1093  1167 I libPowerHal: [PD] vendor.samsung. update cmd:1000000 param:-1
07-28 17:18:52.598  1090  1150 I mtkpower_client: perf_lock_acq, hdl:0, dur:0, num:2, tid:1150
07-28 17:18:52.598  1093  1167 I libPowerHal: [perfLockAcq] idx:2 hdl:80058 hint:-1 pid:1090 duration:0 lock_user:vendor.samsung. => ret_hdl:80058
07-28 17:18:52.598  1093  1167 I libPowerHal: [PE] vendor.samsung. update cmd:1000000, param:0
07-28 17:18:52.598  1093  1167 I libPowerHal: [PE] vendor.samsung. update cmd:1000000 param:0
07-28 17:18:52.599  1090  1150 I mtkpower_client: ret_hdl:80058
07-28 17:18:52.600  8684  8684 I MSHandlerLifeCycle: removeMultiSplitHandler: no exist. decor=DecorView@9ab6bc6[VerticalListActivity]
07-28 17:18:52.601  8684  8684 D LifecycleMonitor: Lifecycle status change: com.example.dogglers.VerticalListActivity@dc0b4f0 in: DESTROYED
07-28 17:18:52.602  8684  8684 V ActivityScenario: Update currentActivityStage to DESTROYED, currentActivity=null
07-28 17:18:52.606  8684  8684 I MSHandlerLifeCycle: removeMultiSplitHandler: no exist. decor=DecorView@9ab6bc6[VerticalListActivity]
07-28 17:18:52.606  8684  8768 D OpenGLRenderer: setSurface called with nullptr
07-28 17:18:52.606  8684  8768 D OpenGLRenderer: setSurface() destroyed EGLSurface
07-28 17:18:52.606  8684  8768 D OpenGLRenderer: destroyEglSurface
07-28 17:18:52.608  8684  8684 I ViewRootImpl@60c5276[VerticalListActivity]: dispatchDetachedFromWindow
07-28 17:18:52.608  1624  5715 D InputTransport: Input channel destroyed: 'f87807e', fd=1347
07-28 17:18:52.609  1624  5715 W InputManager-JNI: Input channel object 'f87807e com.example.dogglers/com.example.dogglers.VerticalListActivity (client)' was disposed without first being removed with the input manager!
07-28 17:18:52.609  1624  5715 D InputTransport: Input channel destroyed: 'f87807e', fd=1354
07-28 17:18:52.611  1127  3782 I SurfaceFlinger: id=175938 createSurf flag=24004, Surface(name=d8adfc2 InputMethod)/@0xc2b360e - animation-leash of insets_animation#175938
07-28 17:18:52.615  8684  8704 D BLASTBufferQueue: [ViewRootImpl@60c5276[VerticalListActivity]#6](f:0,a:1) destructor()
07-28 17:18:52.616  8684  8684 D InputTransport: Input channel destroyed: 'f87807e', fd=117
07-28 17:18:52.616  8684  8704 D BufferQueueConsumer: [ViewRootImpl@60c5276[VerticalListActivity]#6(BLAST Consumer)6](id:21ec00000006,api:0,p:-1,c:8684) disconnect
07-28 17:18:52.617  1127  3782 I SurfaceFlinger: id=175899 Removed Surface(name=d8adfc2 InputMethod)/@0xc2b360e - animation-leash of insets_animation#175899 (124)
07-28 17:18:52.617  5607  5607 I InputMethodService: removeImeSurface
07-28 17:18:52.617  5607  5607 I MSHandlerLifeCycle: check: return. pkg=com.samsung.android.honeyboard isActivity=false callers=com.android.internal.policy.DecorView.setVisibility:4411 android.app.Dialog.hide:767 android.inputmethodservice.InputMethodService.removeImeSurface:1290 android.inputmethodservice.InputMethodService.scheduleImeSurfaceRemoval:1279 android.inputmethodservice.InputMethodService.-$$Nest$mscheduleImeSurfaceRemoval:0
07-28 17:18:52.617  5607  5607 I MSHandlerLifeCycle: removeMultiSplitHandler: no exist. decor=DecorView@4ed7bdc[InputMethod]
07-28 17:18:52.620  1127  2095 I SurfaceFlinger: id=175924 Removed ea4aeb8 ActivityRecordInputSink com.example.dogglers/.VerticalListActivity#175924 (124)
07-28 17:18:52.624  8684  8684 I ViewRootImpl@53d5083[InstrumentationActivityInvoker$EmptyActivity]: MSG_WINDOW_FOCUS_CHANGED 1 0
07-28 17:18:52.625  8684  8684 I ViewRootImpl@53d5083[InstrumentationActivityInvoker$EmptyActivity]: mThreadedRenderer.initializeIfNeeded()#2 mSurface={isValid=true 0xb40000728abb4000}
07-28 17:18:52.625  8684  8684 D InputMethodManager: startInputInner - Id : 0
07-28 17:18:52.626  8684  8684 I InputMethodManager: startInputInner - mService.startInputOrWindowGainedFocus
07-28 17:18:52.626  1127  1127 I Layer   : id=175926 removeFromCurrentState com.example.dogglers/com.example.dogglers.VerticalListActivity$_8684#175926 (124)
07-28 17:18:52.626  1127  1127 I Layer   : id=175925 removeFromCurrentState f87807e com.example.dogglers/com.example.dogglers.VerticalListActivity#175925 (124)
07-28 17:18:52.626  1127  1127 I Layer   : id=175930 removeFromCurrentState Surface(name=d8adfc2 InputMethod)/@0xc2b360e - animation-leash of insets_animation#175930 (124)
07-28 17:18:52.626  1127  1127 I SurfaceFlinger: id=175926 Removed com.example.dogglers/com.example.dogglers.VerticalListActivity$_8684#175926 (124)
07-28 17:18:52.626  1127  1127 I SurfaceFlinger: id=175925 Removed f87807e com.example.dogglers/com.example.dogglers.VerticalListActivity#175925 (124)
07-28 17:18:52.626  1127  1127 I SurfaceFlinger: id=175930 Removed Surface(name=d8adfc2 InputMethod)/@0xc2b360e - animation-leash of insets_animation#175930 (124)
07-28 17:18:52.627  1127  1127 I Layer   : id=175899 Destroyed Surface(name=d8adfc2 InputMethod)/@0xc2b360e - animation-leash of insets_animation#175899
07-28 17:18:52.627  1127  1127 I Layer   : id=175925 Destroyed f87807e com.example.dogglers/com.example.dogglers.VerticalListActivity#175925
07-28 17:18:52.627  1127  1127 I BufferQueueDebug: [com.example.dogglers/com.example.dogglers.VerticalListActivity$_8684#175926](this:0xb4000075f4bb6838,id:-1,api:0,p:-1,c:1127) onDestructor()
07-28 17:18:52.627  1127  1127 I Layer   : id=175926 Destroyed com.example.dogglers/com.example.dogglers.VerticalListActivity$_8684#175926
07-28 17:18:52.627  1127  1127 I Layer   : id=175930 Destroyed Surface(name=d8adfc2 InputMethod)/@0xc2b360e - animation-leash of insets_animation#175930
07-28 17:18:52.635  1624  2462 D InputMethodManagerService: mDesktopModeManager null!
07-28 17:18:52.635  1624  2462 V InputMethodManagerService: getDisplayIdOfInputMethodWindowToBeAdded: displayId=0
07-28 17:18:52.636  1624  2462 D InputMethodManagerService: isImeSwitcherDisabledPackage : false
07-28 17:18:52.637  1624  2462 D InputMethodManagerService: checkDisplayOfStartInputAndUpdateKeyboard: displayId=0, mFocusedDisplayId=0
07-28 17:18:52.638  1624  2462 D InputTransport: Input channel constructed: 'ClientS', fd=855
07-28 17:18:52.638  1624  2462 D InputTransport: Input channel destroyed: 'ClientS', fd=855
07-28 17:18:52.638  5607  5607 I HBD     : HoneyBoardService onFinishInput
07-28 17:18:52.639  5607  5607 I HBD     : a IC have been unbinding,  RemoteInputConnection{idHash=#4aad872}
07-28 17:18:52.639  5607  5607 I HBD     : HoneyBoardService [PF_CL][onFinishInput]  1 ms
07-28 17:18:52.639  5607  5607 I HBD     : HoneyBoardService [IMI] onStartInput - caller pid : 8684 , caller uid : 10520
07-28 17:18:52.639  5607  5607 I HBD     : j updateConfigs
07-28 17:18:52.639  5607  5607 I HBD     : j isEnabledNightMode : false
07-28 17:18:52.639  5607  5607 I HBD     : a IC have been binding, RemoteInputConnection{idHash=#4aad872}
07-28 17:18:52.639  1127  2095 I SurfaceFlinger: id=175939 createSurf flag=24004, Surface(name=d8adfc2 InputMethod)/@0xc2b360e - animation-leash of insets_animation#175939
07-28 17:18:52.640  5607  5607 I HBD     : h [EditorInputType]setPrivateImeOptionsToTable privateImeOptions ( null )
07-28 17:18:52.640  5607  5607 I HBD     : b incognitoMode : false
07-28 17:18:52.640  5607  5607 I HBD     : a needOff = true , isForceOff = false, isNullInputClass : true
07-28 17:18:52.640  5607  5607 I HBD     : h getDefaultInputRange : UNKNOWN
07-28 17:18:52.640  5607  5607 I HBD     : h getDefaultInputRange : UNKNOWN
07-28 17:18:52.640  5607  5607 I HBD     : h getDefaultInputRange : UNKNOWN
07-28 17:18:52.640  3393  3758 I QuickstepModelDelegate: Widget predictions updated
07-28 17:18:52.643  1127  1127 I Layer   : id=175923 removeFromCurrentState ActivityRecord{3aaa491 u0 com.example.dogglers/.VerticalListActivity} t30272}#175923 (121)
07-28 17:18:52.643  1127  1127 I Layer   : id=175924 removeFromCurrentState ea4aeb8 ActivityRecordInputSink com.example.dogglers/.VerticalListActivity#175924 (121)
07-28 17:18:52.643  8869  8916 D skia    : SkJpegCodec::onGetPixels +
07-28 17:18:52.643  1127  1127 I Layer   : id=175938 removeFromCurrentState Surface(name=d8adfc2 InputMethod)/@0xc2b360e - animation-leash of insets_animation#175938 (121)
07-28 17:18:52.644  1127  1127 I SurfaceFlinger: id=175923 Removed ActivityRecord{3aaa491 u0 com.example.dogglers/.VerticalListActivity} t30272}#175923 (121)
07-28 17:18:52.644  1127  1127 I Layer   : id=175923 Destroyed ActivityRecord{3aaa491 u0 com.example.dogglers/.VerticalListActivity} t30272}#175923
07-28 17:18:52.644  1127  1127 I Layer   : id=175924 Destroyed ea4aeb8 ActivityRecordInputSink com.example.dogglers/.VerticalListActivity#175924
07-28 17:18:52.645  8684  8684 D LifecycleMonitor: Lifecycle status change: androidx.test.core.app.InstrumentationActivityInvoker$EmptyActivity@118aa6 in: PAUSED
07-28 17:18:52.645  8684  8684 V ActivityScenario: Activity lifecycle changed event received but ignored because the intent does not match. startActivityIntent=Intent { act=android.intent.action.MAIN cat=[android.intent.category.LAUNCHER] cmp=com.example.dogglers/.VerticalListActivity }, activity.getIntent()=Intent { act=android.intent.action.MAIN cat=[android.intent.category.LAUNCHER] flg=0x10000000 cmp=com.example.dogglers/androidx.test.core.app.InstrumentationActivityInvoker$EmptyActivity }, activity=androidx.test.core.app.InstrumentationActivityInvoker$EmptyActivity@118aa6
07-28 17:18:52.649  5607  5607 I HBD     : a needOff = true , isForceOff = false, isNullInputClass : true
07-28 17:18:52.649  5607  5607 I HBD     : a update cached prediction status : false
07-28 17:18:52.649  5607  5607 I HBD     : h getDefaultInputRange : UNKNOWN
07-28 17:18:52.649  5607  5607 I HBD     : a currentState : 0
07-28 17:18:52.650  5607  5607 I HBD     : a [UpdatePolicy] [post] a: 0 cl: 3342336 kit: [0/0] vt: 0 ir: 1
07-28 17:18:52.650  5607  5607 I HBD     : a [NRIC] resetNoResponseState
07-28 17:18:52.650  5607  5607 I HBD     : a needOff = true , isForceOff = false, isNullInputClass : true
07-28 17:18:52.650  5607  5607 I HBD     : a update cached prediction status : false
07-28 17:18:52.652  1624  2024 D InputDispatcher: Focused application(0): ActivityRecord{f28808b u0 com.example.dogglers/androidx.test.core.app.InstrumentationActivityInvoker$EmptyActivity} t30272}
07-28 17:18:52.652  5607  5607 I HBD     : HoneyBoardService [PF_OP][onStartInput]  13 ms
07-28 17:18:52.659  8684  8684 D LifecycleMonitor: Lifecycle status change: androidx.test.core.app.InstrumentationActivityInvoker$BootstrapActivity@435f3ec in: DESTROYED
07-28 17:18:52.659  8684  8684 V ActivityScenario: Activity lifecycle changed event received but ignored because the intent does not match. startActivityIntent=Intent { act=android.intent.action.MAIN cat=[android.intent.category.LAUNCHER] cmp=com.example.dogglers/.VerticalListActivity }, activity.getIntent()=Intent { act=android.intent.action.MAIN cat=[android.intent.category.LAUNCHER] flg=0x10008000 cmp=com.example.dogglers/androidx.test.core.app.InstrumentationActivityInvoker$BootstrapActivity (has extras) }, activity=androidx.test.core.app.InstrumentationActivityInvoker$BootstrapActivity@435f3ec
07-28 17:18:52.659  1127  1127 I SurfaceFlinger: [dd3eb76 com.example.dogglers/androidx.test.core.app.InstrumentationActivityInvoker$EmptyActivity#175932] FrameRatePriority: -1
07-28 17:18:52.660  1624  1668 I SemPersonaManager: SecureFolder personaId = 150
07-28 17:18:52.662  1127  2095 I SurfaceFlinger: id=175922 Removed 8579fca ActivityRecordInputSink com.example.dogglers/androidx.test.core.app.InstrumentationActivityInvoker$BootstrapActivity#175922 (119)
07-28 17:18:52.666  1624  2462 D InputMethodManagerService: isImeSwitcherDisabledPackage : false
07-28 17:18:52.667  5607  5607 I InputMethodService: removeImeSurface
07-28 17:18:52.668  5607  5607 I MSHandlerLifeCycle: check: return. pkg=com.samsung.android.honeyboard isActivity=false callers=com.android.internal.policy.DecorView.setVisibility:4411 android.app.Dialog.hide:767 android.inputmethodservice.InputMethodService.removeImeSurface:1290 android.inputmethodservice.InputMethodService.scheduleImeSurfaceRemoval:1279 android.inputmethodservice.InputMethodService.-$$Nest$mscheduleImeSurfaceRemoval:0
07-28 17:18:52.668  5607  5607 I MSHandlerLifeCycle: removeMultiSplitHandler: no exist. decor=DecorView@4ed7bdc[InputMethod]
07-28 17:18:52.671  1624  1666 I GestureDetector: handleMessage LONG_PRESS
07-28 17:18:52.672  1624  1624 I GestureDetector: handleMessage LONG_PRESS
07-28 17:18:52.672  1624  1668 D EnterpriseDeviceManagerService: isMdmAdminPresentInternal() : MDM Admin Found - com.samsung.knox.securefolder
07-28 17:18:52.673  1624  3919 I MediaSessionMonitor: Media session stopped : not playing state
07-28 17:18:52.673  8684  8684 D LifecycleMonitor: Lifecycle status change: androidx.test.core.app.InstrumentationActivityInvoker$EmptyActivity@20486c4 in: PRE_ON_CREATE
07-28 17:18:52.674  8684  8684 V ActivityScenario: Activity lifecycle changed event received but ignored because the intent does not match. startActivityIntent=Intent { act=android.intent.action.MAIN cat=[android.intent.category.LAUNCHER] cmp=com.example.dogglers/.VerticalListActivity }, activity.getIntent()=Intent { act=android.intent.action.MAIN cat=[android.intent.category.LAUNCHER] flg=0x10000000 cmp=com.example.dogglers/androidx.test.core.app.InstrumentationActivityInvoker$EmptyActivity }, activity=androidx.test.core.app.InstrumentationActivityInvoker$EmptyActivity@20486c4
07-28 17:18:52.676  1127  1127 I Layer   : id=175917 removeFromCurrentState ActivityRecord{3ac53b u0 com.example.dogglers/androidx.test.core.app.InstrumentationActivityInvoker$BootstrapActivity} t30272}#175917 (119)
07-28 17:18:52.676  1127  1127 I Layer   : id=175922 removeFromCurrentState 8579fca ActivityRecordInputSink com.example.dogglers/androidx.test.core.app.InstrumentationActivityInvoker$BootstrapActivity#175922 (119)
07-28 17:18:52.676  1127  1127 D SurfaceFlinger: [input] inputWindowCommands.focusRequests size is 1
07-28 17:18:52.676  1127  1127 I SurfaceFlinger: id=175917 Removed ActivityRecord{3ac53b u0 com.example.dogglers/androidx.test.core.app.InstrumentationActivityInvoker$BootstrapActivity} t30272}#175917 (119)
07-28 17:18:52.677  1127  1127 I Layer   : id=175917 Destroyed ActivityRecord{3ac53b u0 com.example.dogglers/androidx.test.core.app.InstrumentationActivityInvoker$BootstrapActivity} t30272}#175917
07-28 17:18:52.677  1127  1127 I Layer   : id=175922 Destroyed 8579fca ActivityRecordInputSink com.example.dogglers/androidx.test.core.app.InstrumentationActivityInvoker$BootstrapActivity#175922
07-28 17:18:52.678  1127  1386 D SurfaceFlinger: [input] setFocusedWindow: <null>
07-28 17:18:52.678  8869  8916 D skia    : SkJpegCodec::onGetPixels -
07-28 17:18:52.678  1624  5212 D InputDispatcher: Focus request (0): <null> but waiting because NOT_FOCUSABLE
07-28 17:18:52.678  1624  5212 D InputDispatcher: Focus left window (0): dd3eb76 com.example.dogglers/androidx.test.core.app.InstrumentationActivityInvoker$EmptyActivity
07-28 17:18:52.684  8684  8684 I DecorView: [INFO] isPopOver=false config=true
07-28 17:18:52.685  8684  8684 I DecorView: updateCaptionType: isFloating=false isApplication=true hasWindowDecorCaption=false this=DecorView@4e36073[]
07-28 17:18:52.685  8684  8684 D DecorView: setCaptionType = 0, this = DecorView@4e36073[]
07-28 17:18:52.689  8684  8684 I DecorView: getCurrentDensityDpi: from real metrics. densityDpi=450 msg=resources_loaded
07-28 17:18:52.689  8684  8684 I DecorView: setWindowBackground: isPopOver=false color=ff010101 d=android.graphics.drawable.StateListDrawable@8254b30
07-28 17:18:52.690  8684  8684 D LifecycleMonitor: Lifecycle status change: androidx.test.core.app.InstrumentationActivityInvoker$EmptyActivity@20486c4 in: CREATED
07-28 17:18:52.690  8684  8684 V ActivityScenario: Activity lifecycle changed event received but ignored because the intent does not match. startActivityIntent=Intent { act=android.intent.action.MAIN cat=[android.intent.category.LAUNCHER] cmp=com.example.dogglers/.VerticalListActivity }, activity.getIntent()=Intent { act=android.intent.action.MAIN cat=[android.intent.category.LAUNCHER] flg=0x10000000 cmp=com.example.dogglers/androidx.test.core.app.InstrumentationActivityInvoker$EmptyActivity }, activity=androidx.test.core.app.InstrumentationActivityInvoker$EmptyActivity@20486c4
07-28 17:18:52.692  8684  8684 D LifecycleMonitor: Lifecycle status change: androidx.test.core.app.InstrumentationActivityInvoker$EmptyActivity@20486c4 in: STARTED
07-28 17:18:52.692  8684  8684 V ActivityScenario: Activity lifecycle changed event received but ignored because the intent does not match. startActivityIntent=Intent { act=android.intent.action.MAIN cat=[android.intent.category.LAUNCHER] cmp=com.example.dogglers/.VerticalListActivity }, activity.getIntent()=Intent { act=android.intent.action.MAIN cat=[android.intent.category.LAUNCHER] flg=0x10000000 cmp=com.example.dogglers/androidx.test.core.app.InstrumentationActivityInvoker$EmptyActivity }, activity=androidx.test.core.app.InstrumentationActivityInvoker$EmptyActivity@20486c4
07-28 17:18:52.695  8684  8684 D LifecycleMonitor: Lifecycle status change: androidx.test.core.app.InstrumentationActivityInvoker$EmptyActivity@20486c4 in: RESUMED
07-28 17:18:52.695  8684  8684 V ActivityScenario: Activity lifecycle changed event received but ignored because the intent does not match. startActivityIntent=Intent { act=android.intent.action.MAIN cat=[android.intent.category.LAUNCHER] cmp=com.example.dogglers/.VerticalListActivity }, activity.getIntent()=Intent { act=android.intent.action.MAIN cat=[android.intent.category.LAUNCHER] flg=0x10000000 cmp=com.example.dogglers/androidx.test.core.app.InstrumentationActivityInvoker$EmptyActivity }, activity=androidx.test.core.app.InstrumentationActivityInvoker$EmptyActivity@20486c4
07-28 17:18:52.695  8684  8684 I MSHandlerLifeCycle: check: return. pkg=com.example.dogglers parent=null callers=com.android.internal.policy.DecorView.setVisibility:4411 android.app.ActivityThread.handleResumeActivity:5476 android.app.servertransaction.ResumeActivityItem.execute:54 android.app.servertransaction.ActivityTransactionItem.execute:45 android.app.servertransaction.TransactionExecutor.executeLifecycleState:176
07-28 17:18:52.696  8684  8684 I MSHandlerLifeCycle: removeMultiSplitHandler: no exist. decor=DecorView@4e36073[]
07-28 17:18:52.696  1127  2095 D SurfaceFlinger: [SF client] NEW(0xb4000075f4bc40e0) for (8684:com.example.dogglers)
07-28 17:18:52.699  8684  8768 D NativeCustomFrequencyManager: [NativeCFMS] BpCustomFrequencyManager::BpCustomFrequencyManager()
07-28 17:18:52.702  1624  2462 D InputTransport: Input channel constructed: 'adc9529', fd=862
07-28 17:18:52.702  1624  2462 D InputTransport: Input channel constructed: 'adc9529', fd=876
07-28 17:18:52.702  1624  2462 D InputTransport: Input channel constructed: 'adc9529', fd=880
07-28 17:18:52.702  1127  3782 I SurfaceFlinger: id=175940 createSurf flag=80004, adc9529 com.example.dogglers/androidx.test.core.app.InstrumentationActivityInvoker$EmptyActivity#175940
07-28 17:18:52.703  1624  2462 D InputTransport: Input channel destroyed: 'adc9529', fd=880
