07-28 18:56:31.396  9007  9007 D InsetsController: onStateChanged: InsetsState: {mDisplayFrame=Rect(0, 0 - 1080, 2400), mDisplayCutout=DisplayCutout{insets=Rect(0, 80 - 0, 0) waterfall=Insets{left=0, top=0, right=0, bottom=0} boundingRect={Bounds=[Rect(0, 0 - 0, 0), Rect(468, 0 - 612, 80), Rect(0, 0 - 0, 0), Rect(0, 0 - 0, 0)]} cutoutPathParserInfo={CutoutPathParserInfo{displayWidth=1080 displayHeight=2400 physicalDisplayWidth=1080 physicalDisplayHeight=2400 density={2.625} cutoutSpec={M 0,0 H -27.42857142857143 V 30.47619047619048 H 27.42857142857143 V 0 H 0 Z @dp} rotation={0} scale={1.0} physicalPixelDisplaySizeRatio={1.0}}}}, mRoundedCorners=RoundedCorners{[RoundedCorner{position=TopLeft, radius=90, center=Point(90, 90)}, RoundedCorner{position=TopRight, radius=90, center=Point(990, 90)}, RoundedCorner{position=BottomRight, radius=90, center=Point(990, 2310)}, RoundedCorner{position=BottomLeft, radius=90, center=Point(90, 2310)}]}  mRoundedCornerFrame=Rect(0, 0 - 1080, 2400), mPrivacyIndicatorBounds=PrivacyIndicatorBounds {static bounds=Rect(956, 0 - 1080, 80) rotation=0}, mSources= { InsetsSource: {mType=ITYPE_STATUS_BAR, mFrame=[0,0][1080,80], mVisible=true, mInsetsRoundedCornerFrame=false}, InsetsSource: {mType=ITYPE_NAVIGATION_BAR, mFrame=[0,2265][1080,2400], mVisible=true, mInsetsRoundedCornerFrame=false}, InsetsSource: {mType=ITYPE_LEFT_GESTURES, mFrame=[0,0][0,2400], mVisible=true, mInsetsRoundedCornerFrame=false}, InsetsSource: {mType=ITYPE_RIGHT_GESTURES, mFrame=[1080,0][1080,2400], mVisible=true, mInsetsRoundedCornerFrame=false}, InsetsSource: {mType=ITYPE_TOP_MANDATORY_GESTURES, mFrame=[0,0][1080,114], mVisible=true, mInsetsRoundedCornerFrame=false}, InsetsSource: {mType=ITYPE_BOTTOM_MANDATORY_GESTURES, mFrame=[0,2265][1080,2400], mVisible=true, mInsetsRoundedCornerFrame=false}, InsetsSource: {mType=ITYPE_LEFT_DISPLAY_CUTOUT, mFrame=[0,0][-100000,2400], mVisible=true, mInsetsRoundedCornerFrame=false}, InsetsSource: {mType=ITYPE_TOP_DISPLAY_CUTOUT, mFrame=[0,0][1080,80], mVisible=true, mInsetsRoundedCornerFrame=false}, InsetsSource: {mType=ITYPE_RIGHT_DISPLAY_CUTOUT, mFrame=[100000,0][1080,2400], mVisible=true, mInsetsRoundedCornerFrame=false}, InsetsSource: {mType=ITYPE_BOTTOM_DISPLAY_CUTOUT, mFrame=[0,100000][1080,2400], mVisible=true, mInsetsRoundedCornerFrame=false}, InsetsSource: {mType=ITYPE_TOP_TAPPABLE_ELEMENT, mFrame=[0,0][1080,80], mVisible=true, mInsetsRoundedCornerFrame=false}, InsetsSource: {mType=ITYPE_BOTTOM_TAPPABLE_ELEMENT, mFrame=[0,2265][1080,2400], mVisible=true, mInsetsRoundedCornerFrame=false} } host=com.example.dogglers/androidx.test.core.app.InstrumentationActivityInvoker$EmptyActivity from=android.view.ViewRootImpl.setView:1732
07-28 18:56:31.398  9007  9007 I ViewRootImpl@9fe84b7[InstrumentationActivityInvoker$EmptyActivity]: setView = com.android.internal.policy.DecorView@9629b51 TM=true
07-28 18:56:31.399  9007  9007 I MSHandlerLifeCycle: removeMultiSplitHandler: no exist. decor=DecorView@9629b51[InstrumentationActivityInvoker$EmptyActivity]
07-28 18:56:31.399  1624  1745 D AnalyticsContainerHandler: handleMessage : { when=0 what=1 target=com.android.server.knox.KnoxAnalyticsContainer$AnalyticsHandler }
07-28 18:56:31.410 26793 26793 I A       : onPause
07-28 18:56:31.412  9007  9007 I ViewRootImpl@9fe84b7[InstrumentationActivityInvoker$EmptyActivity]: performTraversals params={(0,0)(fillxfill) sim={adjust=pan forwardNavigation} ty=BASE_APPLICATION wanim=0x1030001
07-28 18:56:31.412  9007  9007 I ViewRootImpl@9fe84b7[InstrumentationActivityInvoker$EmptyActivity]:   fl=1810100
07-28 18:56:31.412  9007  9007 I ViewRootImpl@9fe84b7[InstrumentationActivityInvoker$EmptyActivity]:   pfl=12020040
07-28 18:56:31.412  9007  9007 I ViewRootImpl@9fe84b7[InstrumentationActivityInvoker$EmptyActivity]:   bhv=DEFAULT
07-28 18:56:31.412  9007  9007 I ViewRootImpl@9fe84b7[InstrumentationActivityInvoker$EmptyActivity]:   fitSides= naviIconColor=0
07-28 18:56:31.412  9007  9007 I ViewRootImpl@9fe84b7[InstrumentationActivityInvoker$EmptyActivity]:   sfl=100000}
07-28 18:56:31.414  9007  9007 I ViewRootImpl@9fe84b7[InstrumentationActivityInvoker$EmptyActivity]: performTraversals mFirst=true windowShouldResize=true viewVisibilityChanged=false mForceNextWindowRelayout=false params={(0,0)(fillxfill) sim={adjust=pan forwardNavigation} ty=BASE_APPLICATION wanim=0x1030001
07-28 18:56:31.414  9007  9007 I ViewRootImpl@9fe84b7[InstrumentationActivityInvoker$EmptyActivity]:   fl=1810100
07-28 18:56:31.414  9007  9007 I ViewRootImpl@9fe84b7[InstrumentationActivityInvoker$EmptyActivity]:   pfl=12020040
07-28 18:56:31.414  9007  9007 I ViewRootImpl@9fe84b7[InstrumentationActivityInvoker$EmptyActivity]:   bhv=DEFAULT
07-28 18:56:31.414  9007  9007 I ViewRootImpl@9fe84b7[InstrumentationActivityInvoker$EmptyActivity]:   fitSides= naviIconColor=0
07-28 18:56:31.414  9007  9007 I ViewRootImpl@9fe84b7[InstrumentationActivityInvoker$EmptyActivity]:   sfl=100000}
07-28 18:56:31.414  2212  2212 I HdmBroadcastRecvUpd: (REDACTED) received broadcast: %s
07-28 18:56:31.414  1624  5216 V WindowManager: Relayout Window{60aa528 u0 com.example.dogglers/androidx.test.core.app.InstrumentationActivityInvoker$EmptyActivity}: viewVisibility=0 req=1080x2400 d0
07-28 18:56:31.415  2212  2405 I HdmHotwordRequestListen: (REDACTED) received broadcast: %s
07-28 18:56:31.415  2212  2405 I SodaTriggeringFrontend: (REDACTED) #onConfigUpdate. requester: %s
07-28 18:56:31.415  1127  1176 I BufferQueueDebug: [com.example.dogglers/androidx.test.core.app.InstrumentationActivityInvoker$EmptyActivity$_9007#178877](this:0xb4000075f5524838,id:-1,api:0,p:-1,c:-1) BufferQueue core=(1127:/system/bin/surfaceflinger)
07-28 18:56:31.415  2212  2402 I SodaTriggeringFrontend: #onConfigUpdate inside sequencer
07-28 18:56:31.415  1127  1176 I SurfaceFlinger: id=178877 createSurf flag=40004, com.example.dogglers/androidx.test.core.app.InstrumentationActivityInvoker$EmptyActivity$_9007#178877
07-28 18:56:31.415  2212  2402 I HotwordConfigUtils: (REDACTED) Voice Match (Speaker-id) supported : %b
07-28 18:56:31.415  2212  2402 I HotwordConfigUtils: (REDACTED) hotword enrollment state is enrolled:  %b, speakerId model exist: %b. Voice Match supported : %b
07-28 18:56:31.415  2212  2402 I HotwordConfigUtils: (REDACTED) isHotwordAvailable():  %b, isHotwordEnabled() %b
07-28 18:56:31.415  2212  2402 I HotwordConfigUtils: (REDACTED) isHotwordAvailable():  %b, isHotwordEnabled() %b
07-28 18:56:31.415  2212  2402 I HotwordConfigUtils: (REDACTED) Hotword enrollment state : %s.
07-28 18:56:31.415  2212  2402 I HotwordConfigUtils: (REDACTED) Voice Match (Speaker-id) supported : %b
07-28 18:56:31.415  2212  2402 I HotwordConfigUtils: (REDACTED) Voice Match (Speaker-id) supported : %b
07-28 18:56:31.415  2212  2402 I HotwordConfigUtils: (REDACTED) hotword enrollment state is enrolled:  %b, speakerId model exist: %b, voice match supported : %b
07-28 18:56:31.415  2212  2402 I HotwordConfigUtils: (REDACTED) Hotword isNonVoiceMatchHotwordEnabled: %b, isHotwordAvailable : %b, isHotwordEnabled : %b, isVoiceMatchSupported: %b, isHotwordEnrolled: %b.
07-28 18:56:31.416  2212  2402 I SodaTriggeringFrontend: (REDACTED) Ignore the legacy hotword request. voice match enabled %b, isHotwordSupported %b, isIncompleteEnrollmentState %b, nonVoiceMatchHotwordEnabled %b
07-28 18:56:31.419  1127  1176 I SurfaceFlinger: id=178878 createSurf flag=24000, Surface(name=f59a3f7 StatusBar)/@0xc90eccd - animation-leash of insets_animation#178878
07-28 18:56:31.419  1127  1176 I SurfaceFlinger: id=178879 createSurf flag=24000, Surface(name=3aacd27 NavigationBar0)/@0x501b17d - animation-leash of insets_animation#178879
07-28 18:56:31.420  1624  2791 D SemNscXgbMsL1: Probability - Cloud gaming: [0.20737098]
07-28 18:56:31.420  1624  2791 D SemNscXgbMsL1: Probability - Real time: [0.26911876]
07-28 18:56:31.420  1624  2791 D SemNscXgbMsL1: Probability - Non real time: [0.39018786]
07-28 18:56:31.420  1624  2791 D SemNscXgbMsL1: 1 sample inference time: 0.330769 msecs
07-28 18:56:31.421  1624  2791 D SemNscXgbL2Rt: L2 RT 1 sample inference time: 0.646461 msecs
07-28 18:56:31.421  1624  2791 D SemNscXgbL2Nrt: L2 NRT 1 sample inference time: 0.560077 msecs
07-28 18:56:31.421  1624  5216 V WindowManager: Relayout hash=60aa528, pid=9007, syncId=-1: mAttrs={(0,0)(fillxfill) sim={adjust=pan forwardNavigation} ty=BASE_APPLICATION wanim=0x1030001
07-28 18:56:31.421  1624  5216 V WindowManager:   fl=1810100
07-28 18:56:31.421  1624  5216 V WindowManager:   pfl=12020040
07-28 18:56:31.421  1624  5216 V WindowManager:   apr=LIGHT_NAVIGATION_BARS
07-28 18:56:31.421  1624  5216 V WindowManager:   bhv=DEFAULT
07-28 18:56:31.421  1624  5216 V WindowManager:   fitSides= naviIconColor=0
07-28 18:56:31.421  1624  5216 V WindowManager:   sfl=100000}
07-28 18:56:31.424  9007  9007 D InsetsController: onStateChanged: InsetsState: {mDisplayFrame=Rect(0, 0 - 1080, 2400), mDisplayCutout=DisplayCutout{insets=Rect(0, 80 - 0, 0) waterfall=Insets{left=0, top=0, right=0, bottom=0} boundingRect={Bounds=[Rect(0, 0 - 0, 0), Rect(468, 0 - 612, 80), Rect(0, 0 - 0, 0), Rect(0, 0 - 0, 0)]} cutoutPathParserInfo={CutoutPathParserInfo{displayWidth=1080 displayHeight=2400 physicalDisplayWidth=1080 physicalDisplayHeight=2400 density={2.625} cutoutSpec={M 0,0 H -27.42857142857143 V 30.47619047619048 H 27.42857142857143 V 0 H 0 Z @dp} rotation={0} scale={1.0} physicalPixelDisplaySizeRatio={1.0}}}}, mRoundedCorners=RoundedCorners{[RoundedCorner{position=TopLeft, radius=90, center=Point(90, 90)}, RoundedCorner{position=TopRight, radius=90, center=Point(990, 90)}, RoundedCorner{position=BottomRight, radius=90, center=Point(990, 2310)}, RoundedCorner{position=BottomLeft, radius=90, center=Point(90, 2310)}]}  mRoundedCornerFrame=Rect(0, 0 - 1080, 2400), mPrivacyIndicatorBounds=PrivacyIndicatorBounds {static bounds=Rect(956, 0 - 1080, 80) rotation=0}, mSources= { InsetsSource: {mType=ITYPE_STATUS_BAR, mFrame=[0,0][1080,80], mVisible=true, mInsetsRoundedCornerFrame=false}, InsetsSource: {mType=ITYPE_NAVIGATION_BAR, mFrame=[0,2265][1080,2400], mVisible=true, mInsetsRoundedCornerFrame=false}, InsetsSource: {mType=ITYPE_LEFT_GESTURES, mFrame=[0,0][0,2400], mVisible=true, mInsetsRoundedCornerFrame=false}, InsetsSource: {mType=ITYPE_RIGHT_GESTURES, mFrame=[1080,0][1080,2400], mVisible=true, mInsetsRoundedCornerFrame=false}, InsetsSource: {mType=ITYPE_TOP_MANDATORY_GESTURES, mFrame=[0,0][1080,114], mVisible=true, mInsetsRoundedCornerFrame=false}, InsetsSource: {mType=ITYPE_BOTTOM_MANDATORY_GESTURES, mFrame=[0,2265][1080,2400], mVisible=true, mInsetsRoundedCornerFrame=false}, InsetsSource: {mType=ITYPE_LEFT_DISPLAY_CUTOUT, mFrame=[0,0][-100000,2400], mVisible=true, mInsetsRoundedCornerFrame=false}, InsetsSource: {mType=ITYPE_TOP_DISPLAY_CUTOUT, mFrame=[0,0][1080,80], mVisible=true, mInsetsRoundedCornerFrame=false}, InsetsSource: {mType=ITYPE_RIGHT_DISPLAY_CUTOUT, mFrame=[100000,0][1080,2400], mVisible=true, mInsetsRoundedCornerFrame=false}, InsetsSource: {mType=ITYPE_BOTTOM_DISPLAY_CUTOUT, mFrame=[0,100000][1080,2400], mVisible=true, mInsetsRoundedCornerFrame=false}, InsetsSource: {mType=ITYPE_TOP_TAPPABLE_ELEMENT, mFrame=[0,0][1080,80], mVisible=true, mInsetsRoundedCornerFrame=false}, InsetsSource: {mType=ITYPE_BOTTOM_TAPPABLE_ELEMENT, mFrame=[0,2265][1080,2400], mVisible=true, mInsetsRoundedCornerFrame=false}, InsetsSource: {mType=ITYPE_IME, mFrame=[0,0][0,0], mVisibleFrame=[0,1243][1080,2400], mVisible=false, mInsetsRoundedCornerFrame=false} } host=com.example.dogglers/androidx.test.core.app.InstrumentationActivityInvoker$EmptyActivity from=android.view.ViewRootImpl.relayoutWindow:9802
07-28 18:56:31.426  9007  9007 I ViewRootImpl@9fe84b7[InstrumentationActivityInvoker$EmptyActivity]: updateBlastSurfaceIfNeeded mBlastBufferQueue=null isSameSurfaceControl=false
07-28 18:56:31.426  9007  9007 D BufferQueueConsumer: [](id:232f00000004,api:0,p:-1,c:9007) connect: controlledByApp=false
07-28 18:56:31.427  9007  9007 I BLASTBufferQueue: new BLASTBufferQueue, mName= ViewRootImpl@9fe84b7[InstrumentationActivityInvoker$EmptyActivity] mNativeObject= 0xb400007316106080 sc.mNativeObject= 0xb400007297b090a0 caller= android.view.ViewRootImpl.updateBlastSurfaceIfNeeded:2909 android.view.ViewRootImpl.relayoutWindow:9847 android.view.ViewRootImpl.performTraversals:3884 android.view.ViewRootImpl.doTraversal:3116 android.view.ViewRootImpl$TraversalRunnable.run:10885 android.view.Choreographer$CallbackRecord.run:1301 android.view.Choreographer$CallbackRecord.run:1309 android.view.Choreographer.doCallbacks:923 android.view.Choreographer.doFrame:852 android.view.Choreographer$FrameDisplayEventReceiver.run:1283
07-28 18:56:31.427  9007  9007 I BLASTBufferQueue: update, w= 1080 h= 2400 mName = ViewRootImpl@9fe84b7[InstrumentationActivityInvoker$EmptyActivity] mNativeObject= 0xb400007316106080 sc.mNativeObject= 0xb400007297b090a0 format= -1 caller= android.graphics.BLASTBufferQueue.<init>:84 android.view.ViewRootImpl.updateBlastSurfaceIfNeeded:2909 android.view.ViewRootImpl.relayoutWindow:9847 android.view.ViewRootImpl.performTraversals:3884 android.view.ViewRootImpl.doTraversal:3116 android.view.ViewRootImpl$TraversalRunnable.run:10885
07-28 18:56:31.428  9007  9007 I ViewRootImpl@9fe84b7[InstrumentationActivityInvoker$EmptyActivity]: Relayout returned: old=(0,0,1080,2400) new=(0,0,1080,2400) req=(1080,2400)0 dur=12 res=0x3 s={true 0xb400007297c56800} ch=true seqId=0
07-28 18:56:31.430  9007  9007 I ViewRootImpl@9fe84b7[InstrumentationActivityInvoker$EmptyActivity]: mThreadedRenderer.initialize() mSurface={isValid=true 0xb400007297c56800} hwInitialized=true
07-28 18:56:31.430  9007  9037 D OpenGLRenderer: eglCreateWindowSurface
07-28 18:56:31.430 26793 26793 I A       : onStop
07-28 18:56:31.432  9007  9007 I ViewRootImpl@9fe84b7[InstrumentationActivityInvoker$EmptyActivity]: reportNextDraw android.view.ViewRootImpl.performTraversals:4438 android.view.ViewRootImpl.doTraversal:3116 android.view.ViewRootImpl$TraversalRunnable.run:10885 android.view.Choreographer$CallbackRecord.run:1301 android.view.Choreographer$CallbackRecord.run:1309
07-28 18:56:31.432  9007  9007 I ViewRootImpl@9fe84b7[InstrumentationActivityInvoker$EmptyActivity]: Setup new sync id=0
07-28 18:56:31.432  9007  9007 I ViewRootImpl@9fe84b7[InstrumentationActivityInvoker$EmptyActivity]: Setting syncFrameCallback
07-28 18:56:31.432  9007  9007 I ViewRootImpl@9fe84b7[InstrumentationActivityInvoker$EmptyActivity]: registerCallbacksForSync syncBuffer=false
07-28 18:56:31.435  9007  9063 I ViewRootImpl@9fe84b7[InstrumentationActivityInvoker$EmptyActivity]: Received frameDrawingCallback syncResult=0 frameNum=1.
07-28 18:56:31.435  9007  9063 I ViewRootImpl@9fe84b7[InstrumentationActivityInvoker$EmptyActivity]: Setting up sync and frameCommitCallback
07-28 18:56:31.439  9007  9037 I BLASTBufferQueue: [ViewRootImpl@9fe84b7[InstrumentationActivityInvoker$EmptyActivity]#4](f:0,a:0) onFrameAvailable the first frame is available
07-28 18:56:31.439  9007  9037 D BLASTBufferQueue: [ViewRootImpl@9fe84b7[InstrumentationActivityInvoker$EmptyActivity]#4](f:0,a:1) acquireNextBufferLocked size=1080x2400 mFrameNumber=1 applyTransaction=true mTimestamp=1010960238749795(auto) mPendingTransactions.size=0 graphicBufferId=38684770435085 transform=0
07-28 18:56:31.440  9007  9037 I ViewRootImpl@9fe84b7[InstrumentationActivityInvoker$EmptyActivity]: Received frameCommittedCallback lastAttemptedDrawFrameNum=1 didProduceBuffer=true
07-28 18:56:31.440  1127  1127 I Layer   : id=178871 removeFromCurrentState Surface(name=f59a3f7 StatusBar)/@0xc90eccd - animation-leash of insets_animation#178871 (121)
07-28 18:56:31.440  1127  1127 I Layer   : id=178872 removeFromCurrentState Surface(name=3aacd27 NavigationBar0)/@0x501b17d - animation-leash of insets_animation#178872 (121)
07-28 18:56:31.440  1127  1127 I SurfaceFlinger: [60aa528 com.example.dogglers/androidx.test.core.app.InstrumentationActivityInvoker$EmptyActivity#178876] FrameRatePriority: 1
07-28 18:56:31.440  1127  1127 D SurfaceFlinger: [input] inputWindowCommands.focusRequests size is 1
07-28 18:56:31.441  1127  1386 D SurfaceFlinger: [input] setFocusedWindow: 60aa528 com.example.dogglers/androidx.test.core.app.InstrumentationActivityInvoker$EmptyActivity
07-28 18:56:31.441  9007  9037 D OpenGLRenderer: CFMS:: SetUp Pid : 9007    Tid : 9037
07-28 18:56:31.442  9007  9037 W Parcel  : Expecting binder but got null!
07-28 18:56:31.442  1624  5216 D InputDispatcher: Focus request (0): 60aa528 com.example.dogglers/androidx.test.core.app.InstrumentationActivityInvoker$EmptyActivity but waiting because NOT_VISIBLE
07-28 18:56:31.442  9007  9007 I ViewRootImpl@9fe84b7[InstrumentationActivityInvoker$EmptyActivity]: onSyncComplete
07-28 18:56:31.443  9007  9007 I ViewRootImpl@9fe84b7[InstrumentationActivityInvoker$EmptyActivity]: setupSync seqId=0 mSyncId=0 fn=1 caller=android.view.ViewRootImpl$$ExternalSyntheticLambda11.accept:6 android.window.SurfaceSyncer.lambda$setupSync$1$android-window-SurfaceSyncer:128 android.window.SurfaceSyncer$$ExternalSyntheticLambda1.accept:8 android.window.SurfaceSyncer$SyncSet.checkIfSyncIsComplete:382 android.window.SurfaceSyncer$SyncSet.markSyncReady:359 android.window.SurfaceSyncer.markSyncReady:151 android.view.ViewRootImpl.performTraversals:4503
07-28 18:56:31.443  9007  9007 I ViewRootImpl@9fe84b7[InstrumentationActivityInvoker$EmptyActivity]: reportDrawFinished seqId=0 mSyncId=-1 fn=1 mSurfaceChangedTransaction=0xb400007297bb7000
07-28 18:56:31.443  9007  9007 I ViewRootImpl@361d3c8[VerticalListActivity]: MSG_WINDOW_FOCUS_CHANGED 0 0
07-28 18:56:31.447  1624  1665 I ActivityTaskManager: Displayed com.example.dogglers/androidx.test.core.app.InstrumentationActivityInvoker$EmptyActivity: +106ms
07-28 18:56:31.447  1624  1669 I SemDvfsHyPerManager: acquire hyper - AMS_RESUME_TAIL/1624@21, type = -999
07-28 18:56:31.448  1624  1669 I SemDvfsHyPerManager: acquire hyper - AMS_ACT_LAZY/1624@22, type = -999
07-28 18:56:31.448  1090  1150 I HYPER-HAL: [RequestManager.cpp]acquire(): Acquired ID : 1353856  [1624 / 21]    HINT : AMS_RESUME_TAIL    list :
07-28 18:56:31.448  1090  1150 I mtkpower_client: perf_lock_rel, hdl:81798, tid:1150
07-28 18:56:31.448  3746  3746 E pageboostd: Received HALT command code 2
07-28 18:56:31.448  1090  1150 I mtkpower_client: perf_lock_acq, hdl:0, dur:0, num:2, tid:1150
07-28 18:56:31.448  1093  1167 I libPowerHal: [perfLockRel] hdl:81798, idx:3
07-28 18:56:31.449  1093  1167 I libPowerHal: vendor.samsung.: cpu_ctrl set cpu freq: -1 -1 -1 -1
07-28 18:56:31.449  1127  1176 I SurfaceFlinger: id=178880 createSurf flag=80000, 156ed0c ActivityRecordInputSink com.example.dogglers/androidx.test.core.app.InstrumentationActivityInvoker$EmptyActivity#178880
07-28 18:56:31.449  1090  1150 I mtkpower_client: ret_hdl:81801
07-28 18:56:31.449  1090  1150 I mtkpower_client: perf_lock_rel, hdl:81799, tid:1150
07-28 18:56:31.450  1093  1167 I libPowerHal: [perfLockAcq] idx:0 hdl:81801 hint:-1 pid:1090 duration:0 lock_user:vendor.samsung. => ret_hdl:81801
07-28 18:56:31.450  1093  1167 I libPowerHal: vendor.samsung.: cpu_ctrl set cpu freq: 1800000 -1 -1 -1
07-28 18:56:31.450  1090  1150 I mtkpower_client: perf_lock_acq, hdl:0, dur:0, num:2, tid:1150
07-28 18:56:31.450  1093  1167 I libPowerHal: [perfLockRel] hdl:81799, idx:1
07-28 18:56:31.450  1093  1167 I libPowerHal: [PD] vendor.samsung. update cmd:1c3c000, param:1
07-28 18:56:31.451  1093  1167 I libPowerHal: [PD] (less) /proc/mcdi/state set +prefix:enable 1;
07-28 18:56:31.451  1090  1150 I mtkpower_client: ret_hdl:81802
07-28 18:56:31.451  1093  1167 I libPowerHal: [perfLockAcq] idx:1 hdl:81802 hint:-1 pid:1090 duration:0 lock_user:vendor.samsung. => ret_hdl:81802
07-28 18:56:31.451  1090  1150 I mtkpower_client: perf_lock_rel, hdl:81800, tid:1150
07-28 18:56:31.452  1093  1167 I libPowerHal: [PE] (less) /proc/mcdi/state set +prefix:enable 0;
07-28 18:56:31.452  1090  1150 I mtkpower_client: perf_lock_acq, hdl:0, dur:0, num:2, tid:1150
07-28 18:56:31.452  1093  1167 I libPowerHal: [perfLockRel] hdl:81800, idx:2
07-28 18:56:31.452  1093  1167 I libPowerHal: [PD] vendor.samsung. update cmd:1000000, param:-1
07-28 18:56:31.453  1093  1167 I libPowerHal: [PD] vendor.samsung. update cmd:1000000 param:-1
07-28 18:56:31.453  1090  1150 I mtkpower_client: ret_hdl:81803
07-28 18:56:31.453  1093  1167 I libPowerHal: [perfLockAcq] idx:2 hdl:81803 hint:-1 pid:1090 duration:0 lock_user:vendor.samsung. => ret_hdl:81803
07-28 18:56:31.453  1090  1150 I HYPER-HAL: [RequestManager.cpp]releaseLocked(): Released ID : 1350565
07-28 18:56:31.454  1093  1167 I libPowerHal: [PE] vendor.samsung. update cmd:1000000, param:0
07-28 18:56:31.454  1093  1167 I libPowerHal: [PE] vendor.samsung. update cmd:1000000 param:0
07-28 18:56:31.457  1127  1127 D BufferStateLayer: com.example.dogglers/androidx.test.core.app.InstrumentationActivityInvoker$EmptyActivity$_9007#178877 setBuffer frameId=1, bufferId=38684770435085 fenceId=460, w= 1080, h=2400
07-28 18:56:31.457  1127  1127 I Layer   : Layer [com.example.dogglers/com.example.dogglers.VerticalListActivity$_9007#178870] hidden!! flag(1)
07-28 18:56:31.458  1127  2023 I SurfaceFlinger: id=178872 Removed Surface(name=3aacd27 NavigationBar0)/@0x501b17d - animation-leash of insets_animation#178872 (122)
07-28 18:56:31.458  1127  3782 I SurfaceFlinger: id=178871 Removed Surface(name=f59a3f7 StatusBar)/@0xc90eccd - animation-leash of insets_animation#178871 (122)
07-28 18:56:31.458  9007  9007 I ViewRootImpl@361d3c8[VerticalListActivity]: handleAppVisibility mAppVisible = true visible = false
07-28 18:56:31.459  1624  4919 D InputDispatcher: Focus entered window (0): 60aa528 com.example.dogglers/androidx.test.core.app.InstrumentationActivityInvoker$EmptyActivity
07-28 18:56:31.460  1624  1668 I ChimeraSystemEventListener: appLaunchIntent package name is: com.example.dogglers
07-28 18:56:31.462  9007  9007 I ViewRootImpl@361d3c8[VerticalListActivity]: stopped(true) old = false
07-28 18:56:31.462  9007  9007 I ViewRootImpl@361d3c8[VerticalListActivity]: WindowStopped on com.example.dogglers/com.example.dogglers.VerticalListActivity set to true
07-28 18:56:31.463  3746  3746 E pageboostd: Received HALT command code 2
07-28 18:56:31.463  9007  9007 D LifecycleMonitor: Lifecycle status change: com.example.dogglers.VerticalListActivity@a5852b2 in: STOPPED
07-28 18:56:31.464  9007  9007 V ActivityScenario: Update currentActivityStage to STOPPED, currentActivity=com.example.dogglers.VerticalListActivity@a5852b2
07-28 18:56:31.465  1127  1127 D SurfaceFlinger: Display 0 HWC layers:
07-28 18:56:31.465  1127  1127 D SurfaceFlinger:      DEVICE | 0xb4000075f544d100 | 0102 | RGBA_8888    |    0.0    0.0 1080.0 2400.0 |    0    0 1080 2400 | com.example.dogglers/androidx.test.c[...]tyInvoker$EmptyActivity$_9007#178877
07-28 18:56:31.465  1127  1127 D SurfaceFlinger:      DEVICE | 0xb400007623228f80 | 0100 | RGBA_8888    |    0.0    0.0 1080.0   80.0 |    0    0 1080   80 | StatusBar$_17091#176350
07-28 18:56:31.465  1127  1127 D SurfaceFlinger:      DEVICE | 0xb4000075f544cb00 | 0100 | RGBA_8888    |    0.0    0.0 1080.0  135.0 |    0 2265 1080 2400 | NavigationBar0$_17091#176345
07-28 18:56:31.465  1127  1127 D SurfaceFlinger:      DEVICE | 0xb4000076232f1a80 | 0140 | RGBA_8888    |    0.0    0.0 1080.0  150.0 |    0    0 1080  150 | ScreenDecorOverlay$_17091#176358
07-28 18:56:31.465  1127  1127 D SurfaceFlinger:      DEVICE | 0xb400007621856400 | 0140 | RGBA_8888    |    0.0    0.0 1080.0  150.0 |    0 2250 1080 2400 | ScreenDecorOverlayBottom$_17091#176359
07-28 18:56:31.465  1127  1127 D SurfaceFlinger:
07-28 18:56:31.465  1624  5216 I SemDvfsHyPerManager: acquire hyper - AMS_ACT_START/1624@19, type = -999
07-28 18:56:31.465  1090  1150 I HYPER-HAL: [RequestManager.cpp]acquire(): Acquired ID : 1350565  [1624 / 19]    HINT : AMS_ACT_START    list :
07-28 18:56:31.466  1090  1150 I mtkpower_client: perf_lock_rel, hdl:81801, tid:1150
07-28 18:56:31.466  1127  3782 I SurfaceFlinger: id=178881 createSurf flag=80004, ActivityRecord{7a5e16c u0 com.example.dogglers/androidx.test.core.app.InstrumentationActivityInvoker$EmptyActivity} t30330}#178881
07-28 18:56:31.466  1090  1150 I mtkpower_client: perf_lock_acq, hdl:0, dur:0, num:2, tid:1150
07-28 18:56:31.466  1093  1167 I libPowerHal: [perfLockRel] hdl:81801, idx:0
07-28 18:56:31.467  1093  1167 I libPowerHal: vendor.samsung.: cpu_ctrl set cpu freq: -1 -1 -1 -1
07-28 18:56:31.467  1090  1150 I mtkpower_client: ret_hdl:81804
07-28 18:56:31.467  1090  1150 I mtkpower_client: perf_lock_rel, hdl:81802, tid:1150
07-28 18:56:31.467  1093  1167 I libPowerHal: [perfLockAcq] idx:0 hdl:81804 hint:-1 pid:1090 duration:0 lock_user:vendor.samsung. => ret_hdl:81804
07-28 18:56:31.468  1093  1167 I libPowerHal: vendor.samsung.: cpu_ctrl set cpu freq: 1800000 -1 -1 -1
07-28 18:56:31.468  1090  1150 I mtkpower_client: perf_lock_acq, hdl:0, dur:0, num:2, tid:1150
07-28 18:56:31.468  1093  1167 I libPowerHal: [perfLockRel] hdl:81802, idx:1
07-28 18:56:31.468  1093  1167 I libPowerHal: [PD] vendor.samsung. update cmd:1c3c000, param:1
07-28 18:56:31.469  1093  1167 I libPowerHal: [PD] (less) /proc/mcdi/state set +prefix:enable 1;
07-28 18:56:31.469  1090  1150 I mtkpower_client: ret_hdl:81805
07-28 18:56:31.469  1093  1167 I libPowerHal: [perfLockAcq] idx:3 hdl:81805 hint:-1 pid:1090 duration:0 lock_user:vendor.samsung. => ret_hdl:81805
07-28 18:56:31.470  1090  1150 I mtkpower_client: perf_lock_rel, hdl:81803, tid:1150
07-28 18:56:31.470  1093  1167 I libPowerHal: [PE] (less) /proc/mcdi/state set +prefix:enable 0;
07-28 18:56:31.470  1090  1150 I mtkpower_client: perf_lock_acq, hdl:0, dur:0, num:2, tid:1150
07-28 18:56:31.471  1093  1167 I libPowerHal: [perfLockRel] hdl:81803, idx:2
07-28 18:56:31.471  1093  1167 I libPowerHal: [PD] vendor.samsung. update cmd:1000000, param:-1
07-28 18:56:31.471  1093  1167 I libPowerHal: [PD] vendor.samsung. update cmd:1000000 param:-1
07-28 18:56:31.471  1090  1150 I mtkpower_client: ret_hdl:81806
07-28 18:56:31.471  1093  1167 I libPowerHal: [perfLockAcq] idx:1 hdl:81806 hint:-1 pid:1090 duration:0 lock_user:vendor.samsung. => ret_hdl:81806
07-28 18:56:31.472  1093  1167 I libPowerHal: [PE] vendor.samsung. update cmd:1000000, param:0
07-28 18:56:31.472  1093  1167 I libPowerHal: [PE] vendor.samsung. update cmd:1000000 param:0
07-28 18:56:31.472  9007  9007 I MSHandlerLifeCycle: removeMultiSplitHandler: no exist. decor=DecorView@1f41498[VerticalListActivity]
07-28 18:56:31.472  3393 10716 I RecentModel: onTaskStackChangedBackground
07-28 18:56:31.473  1624  1668 D PersonaActivityHelper: Activity not in resumed state, do not run immediate lock
07-28 18:56:31.473  9007  9007 D LifecycleMonitor: Lifecycle status change: com.example.dogglers.VerticalListActivity@a5852b2 in: DESTROYED
07-28 18:56:31.474  9007  9007 V ActivityScenario: Update currentActivityStage to DESTROYED, currentActivity=null
07-28 18:56:31.474  1127  1127 I Layer   : id=178871 Destroyed Surface(name=f59a3f7 StatusBar)/@0xc90eccd - animation-leash of insets_animation#178871
07-28 18:56:31.474  1127  1127 I Layer   : id=178872 Destroyed Surface(name=3aacd27 NavigationBar0)/@0x501b17d - animation-leash of insets_animation#178872
07-28 18:56:31.476  9007  9007 I MSHandlerLifeCycle: removeMultiSplitHandler: no exist. decor=DecorView@1f41498[VerticalListActivity]
07-28 18:56:31.477  9007  9037 D OpenGLRenderer: setSurface called with nullptr
07-28 18:56:31.477  9007  9037 D OpenGLRenderer: setSurface() destroyed EGLSurface
07-28 18:56:31.477  9007  9037 D OpenGLRenderer: destroyEglSurface
07-28 18:56:31.479  9007  9037 D BLASTBufferQueue: [ViewRootImpl@361d3c8[VerticalListActivity]#3](f:0,a:1) destructor()
07-28 18:56:31.479  9007  9037 D BufferQueueConsumer: [ViewRootImpl@361d3c8[VerticalListActivity]#3(BLAST Consumer)3](id:232f00000003,api:0,p:-1,c:9007) disconnect
07-28 18:56:31.479  9007  9007 I ViewRootImpl@361d3c8[VerticalListActivity]: dispatchDetachedFromWindow
07-28 18:56:31.480  1624  2705 D InputTransport: Input channel destroyed: '1417257', fd=1045
07-28 18:56:31.480  1624  2705 W InputManager-JNI: Input channel object '1417257 com.example.dogglers/com.example.dogglers.VerticalListActivity (client)' was disposed without first being removed with the input manager!
07-28 18:56:31.480  1624  2705 D InputTransport: Input channel destroyed: '1417257', fd=1047
07-28 18:56:31.482  1127  3782 I SurfaceFlinger: id=178882 createSurf flag=24004, Surface(name=d8adfc2 InputMethod)/@0xc2b360e - animation-leash of insets_animation#178882
07-28 18:56:31.485  9007  9007 D InputTransport: Input channel destroyed: '1417257', fd=115
07-28 18:56:31.485  1127  2023 I SurfaceFlinger: id=178850 Removed Surface(name=d8adfc2 InputMethod)/@0xc2b360e - animation-leash of insets_animation#178850 (122)
07-28 18:56:31.485  5607  5607 I InputMethodService: removeImeSurface
07-28 18:56:31.486  5607  5607 I MSHandlerLifeCycle: check: return. pkg=com.samsung.android.honeyboard isActivity=false callers=com.android.internal.policy.DecorView.setVisibility:4411 android.app.Dialog.hide:767 android.inputmethodservice.InputMethodService.removeImeSurface:1290 android.inputmethodservice.InputMethodService.scheduleImeSurfaceRemoval:1279 android.inputmethodservice.InputMethodService.-$$Nest$mscheduleImeSurfaceRemoval:0
07-28 18:56:31.486  5607  5607 I MSHandlerLifeCycle: removeMultiSplitHandler: no exist. decor=DecorView@4ed7bdc[InputMethod]
07-28 18:56:31.486  1127  2023 I SurfaceFlinger: id=178868 Removed a8d0d49 ActivityRecordInputSink com.example.dogglers/.VerticalListActivity#178868 (122)
07-28 18:56:31.488  1090  9077 I mtkpower_client: perf_lock_rel, hdl:81805, tid:9077
07-28 18:56:31.489  1093  1167 I libPowerHal: [perfLockRel] hdl:81805, idx:3
07-28 18:56:31.489  1090  9077 I mtkpower_client: perf_lock_acq, hdl:0, dur:0, num:2, tid:9077
07-28 18:56:31.489  1093  1167 I libPowerHal: [PD] vendor.samsung. update cmd:1c3c000, param:1
07-28 18:56:31.489  1093  1167 I libPowerHal: [PD] (less) /proc/mcdi/state set +prefix:enable 1;
07-28 18:56:31.490  1127  1127 I Layer   : id=178870 removeFromCurrentState com.example.dogglers/com.example.dogglers.VerticalListActivity$_9007#178870 (122)
07-28 18:56:31.490  1090  9077 I mtkpower_client: ret_hdl:81807
07-28 18:56:31.490  1127  1127 I Layer   : id=178869 removeFromCurrentState 1417257 com.example.dogglers/com.example.dogglers.VerticalListActivity#178869 (122)
07-28 18:56:31.490  1093  1167 I libPowerHal: [perfLockAcq] idx:2 hdl:81807 hint:-1 pid:1090 duration:0 lock_user:vendor.samsung. => ret_hdl:81807
07-28 18:56:31.490  1127  1127 I Layer   : id=178874 removeFromCurrentState Surface(name=d8adfc2 InputMethod)/@0xc2b360e - animation-leash of insets_animation#178874 (122)
07-28 18:56:31.490  1090  9077 I mtkpower_client: perf_lock_rel, hdl:81804, tid:9077
07-28 18:56:31.490  1093  1167 I libPowerHal: [PE] (less) /proc/mcdi/state set +prefix:enable 0;
07-28 18:56:31.490  1127  1127 I SurfaceFlinger: id=178870 Removed com.example.dogglers/com.example.dogglers.VerticalListActivity$_9007#178870 (122)
07-28 18:56:31.490  1127  1127 I SurfaceFlinger: id=178869 Removed 1417257 com.example.dogglers/com.example.dogglers.VerticalListActivity#178869 (122)
07-28 18:56:31.490  1093  1167 I libPowerHal: [perfLockRel] hdl:81804, idx:0
07-28 18:56:31.490  1090  9077 I mtkpower_client: perf_lock_acq, hdl:0, dur:0, num:2, tid:9077
07-28 18:56:31.491  1093  1167 I libPowerHal: vendor.samsung.: cpu_ctrl set cpu freq: -1 -1 -1 -1
07-28 18:56:31.491  1127  1127 I Layer   : id=178850 Destroyed Surface(name=d8adfc2 InputMethod)/@0xc2b360e - animation-leash of insets_animation#178850
07-28 18:56:31.491  1127  1127 I Layer   : id=178869 Destroyed 1417257 com.example.dogglers/com.example.dogglers.VerticalListActivity#178869
07-28 18:56:31.491  9007  9007 D LifecycleMonitor: Lifecycle status change: androidx.test.core.app.InstrumentationActivityInvoker$EmptyActivity@87fdeea in: PAUSED
07-28 18:56:31.491  1127  1127 I BufferQueueDebug: [com.example.dogglers/com.example.dogglers.VerticalListActivity$_9007#178870](this:0xb4000075f0a65838,id:-1,api:0,p:-1,c:1127) onDestructor()
07-28 18:56:31.491  1127  1127 I Layer   : id=178870 Destroyed com.example.dogglers/com.example.dogglers.VerticalListActivity$_9007#178870
07-28 18:56:31.491  1093  1167 I libPowerHal: [perfLockAcq] idx:0 hdl:81808 hint:-1 pid:1090 duration:0 lock_user:vendor.samsung. => ret_hdl:81808
07-28 18:56:31.491  1090  9077 I mtkpower_client: ret_hdl:81808
07-28 18:56:31.491  1093  1167 I libPowerHal: vendor.samsung.: cpu_ctrl set cpu freq: 1800000 -1 -1 -1
07-28 18:56:31.491  1090  9077 I HYPER-HAL: [RequestManager.cpp]releaseLocked(): Released ID : 1370371
07-28 18:56:31.491  9007  9007 V ActivityScenario: Activity lifecycle changed event received but ignored because the intent does not match. startActivityIntent=Intent { act=android.intent.action.MAIN cat=[android.intent.category.LAUNCHER] cmp=com.example.dogglers/.VerticalListActivity }, activity.getIntent()=Intent { act=android.intent.action.MAIN cat=[android.intent.category.LAUNCHER] flg=0x10000000 cmp=com.example.dogglers/androidx.test.core.app.InstrumentationActivityInvoker$EmptyActivity }, activity=androidx.test.core.app.InstrumentationActivityInvoker$EmptyActivity@87fdeea
07-28 18:56:31.499  1624  5216 D InputDispatcher: Focused application(0): ActivityRecord{7a5e16c u0 com.example.dogglers/androidx.test.core.app.InstrumentationActivityInvoker$EmptyActivity} t30330}
07-28 18:56:31.503  9007  9007 I ViewRootImpl@9fe84b7[InstrumentationActivityInvoker$EmptyActivity]: MSG_WINDOW_FOCUS_CHANGED 1 0
07-28 18:56:31.504  9007  9007 I ViewRootImpl@9fe84b7[InstrumentationActivityInvoker$EmptyActivity]: mThreadedRenderer.initializeIfNeeded()#2 mSurface={isValid=true 0xb400007297c56800}
07-28 18:56:31.504  9007  9007 D InputMethodManager: startInputInner - Id : 0
07-28 18:56:31.504  9007  9007 I InputMethodManager: startInputInner - mService.startInputOrWindowGainedFocus
07-28 18:56:31.504  1624  1668 I SemPersonaManager: SecureFolder personaId = 150
07-28 18:56:31.505  1624  5216 D InputMethodManagerService: mDesktopModeManager null!
07-28 18:56:31.505  1624  5216 V InputMethodManagerService: getDisplayIdOfInputMethodWindowToBeAdded: displayId=0
07-28 18:56:31.506  1624  5216 D InputMethodManagerService: isImeSwitcherDisabledPackage : false
07-28 18:56:31.506  1127  1127 I Layer   : id=178867 removeFromCurrentState ActivityRecord{791164e u0 com.example.dogglers/.VerticalListActivity} t30330}#178867 (119)
07-28 18:56:31.506  1127  1127 I Layer   : id=178868 removeFromCurrentState a8d0d49 ActivityRecordInputSink com.example.dogglers/.VerticalListActivity#178868 (119)
07-28 18:56:31.506  1127  1127 I SurfaceFlinger: [60aa528 com.example.dogglers/androidx.test.core.app.InstrumentationActivityInvoker$EmptyActivity#178876] FrameRatePriority: -1
07-28 18:56:31.507  1127  1127 I SurfaceFlinger: id=178867 Removed ActivityRecord{791164e u0 com.example.dogglers/.VerticalListActivity} t30330}#178867 (119)
07-28 18:56:31.507  1624  5216 D InputMethodManagerService: checkDisplayOfStartInputAndUpdateKeyboard: displayId=0, mFocusedDisplayId=0
07-28 18:56:31.507  1624  5216 D InputTransport: Input channel constructed: 'ClientS', fd=1047
07-28 18:56:31.507  1624  5216 D InputTransport: Input channel destroyed: 'ClientS', fd=1047
07-28 18:56:31.507  1127  1127 I Layer   : id=178867 Destroyed ActivityRecord{791164e u0 com.example.dogglers/.VerticalListActivity} t30330}#178867
07-28 18:56:31.507  1127  1127 I Layer   : id=178868 Destroyed a8d0d49 ActivityRecordInputSink com.example.dogglers/.VerticalListActivity#178868
07-28 18:56:31.507  5607  5607 I HBD     : HoneyBoardService onFinishInput
07-28 18:56:31.508  5607  5607 I HBD     : a IC have been unbinding,  RemoteInputConnection{idHash=#3bd8b}
07-28 18:56:31.508  5607  5607 I HBD     : HoneyBoardService [PF_CL][onFinishInput]  1 ms
07-28 18:56:31.508  5607  5607 I HBD     : HoneyBoardService [IMI] onStartInput - caller pid : 9007 , caller uid : 10520
07-28 18:56:31.508  5607  5607 I HBD     : j updateConfigs
07-28 18:56:31.508  5607  5607 I HBD     : j isEnabledNightMode : false
07-28 18:56:31.509  5607  5607 I HBD     : a IC have been binding, RemoteInputConnection{idHash=#3bd8b}
07-28 18:56:31.509  5607  5607 I HBD     : h [EditorInputType]setPrivateImeOptionsToTable privateImeOptions ( null )
07-28 18:56:31.509  9007  9007 D LifecycleMonitor: Lifecycle status change: androidx.test.core.app.InstrumentationActivityInvoker$BootstrapActivity@5400f4e in: DESTROYED
07-28 18:56:31.509  5607  5607 I HBD     : b incognitoMode : false
07-28 18:56:31.509  5607  5607 I HBD     : a needOff = true , isForceOff = false, isNullInputClass : true
07-28 18:56:31.509  1127  2023 I SurfaceFlinger: id=178874 Removed Surface(name=d8adfc2 InputMethod)/@0xc2b360e - animation-leash of insets_animation#178874 (117)
07-28 18:56:31.509  5607  5607 I HBD     : h getDefaultInputRange : UNKNOWN
07-28 18:56:31.509  5607  5607 I HBD     : h getDefaultInputRange : UNKNOWN
07-28 18:56:31.509  5607  5607 I HBD     : h getDefaultInputRange : UNKNOWN
07-28 18:56:31.509  9007  9007 V ActivityScenario: Activity lifecycle changed event received but ignored because the intent does not match. startActivityIntent=Intent { act=android.intent.action.MAIN cat=[android.intent.category.LAUNCHER] cmp=com.example.dogglers/.VerticalListActivity }, activity.getIntent()=Intent { act=android.intent.action.MAIN cat=[android.intent.category.LAUNCHER] flg=0x10008000 cmp=com.example.dogglers/androidx.test.core.app.InstrumentationActivityInvoker$BootstrapActivity (has extras) }, activity=androidx.test.core.app.InstrumentationActivityInvoker$BootstrapActivity@5400f4e
07-28 18:56:31.509  1127  2023 I SurfaceFlinger: id=178883 createSurf flag=24004, Surface(name=d8adfc2 InputMethod)/@0xc2b360e - animation-leash of insets_animation#178883
07-28 18:56:31.511  5607  5607 I HBD     : a needOff = true , isForceOff = false, isNullInputClass : true
07-28 18:56:31.511  5607  5607 I HBD     : a update cached prediction status : false
07-28 18:56:31.511  5607  5607 I HBD     : h getDefaultInputRange : UNKNOWN
07-28 18:56:31.511  5607  5607 I HBD     : a currentState : 0
07-28 18:56:31.512  5607  5607 I HBD     : a [UpdatePolicy] [post] a: 0 cl: 65538 kit: [0/0] vt: 0 ir: 1
07-28 18:56:31.512  5607  5607 I HBD     : a [NRIC] resetNoResponseState
07-28 18:56:31.512  5607  5607 I HBD     : a needOff = true , isForceOff = false, isNullInputClass : true
07-28 18:56:31.512  5607  5607 I HBD     : a update cached prediction status : false
07-28 18:56:31.513  5607  5607 I HBD     : HoneyBoardService [PF_OP][onStartInput]  5 ms
07-28 18:56:31.514  1127  2023 I SurfaceFlinger: id=178866 Removed ae94533 ActivityRecordInputSink com.example.dogglers/androidx.test.core.app.InstrumentationActivityInvoker$BootstrapActivity#178866 (118)
07-28 18:56:31.516  1624  1668 D EnterpriseDeviceManagerService: isMdmAdminPresentInternal() : MDM Admin Found - com.samsung.knox.securefolder
07-28 18:56:31.518  1624  3919 I MediaSessionMonitor: Media session stopped : not playing state
07-28 18:56:31.519  9007  9007 D LifecycleMonitor: Lifecycle status change: androidx.test.core.app.InstrumentationActivityInvoker$EmptyActivity@d8dbfa8 in: PRE_ON_CREATE
07-28 18:56:31.519  9007  9007 V ActivityScenario: Activity lifecycle changed event received but ignored because the intent does not match. startActivityIntent=Intent { act=android.intent.action.MAIN cat=[android.intent.category.LAUNCHER] cmp=com.example.dogglers/.VerticalListActivity }, activity.getIntent()=Intent { act=android.intent.action.MAIN cat=[android.intent.category.LAUNCHER] flg=0x10000000 cmp=com.example.dogglers/androidx.test.core.app.InstrumentationActivityInvoker$EmptyActivity }, activity=androidx.test.core.app.InstrumentationActivityInvoker$EmptyActivity@d8dbfa8
07-28 18:56:31.523  1127  1127 D SurfaceFlinger: [input] inputWindowCommands.focusRequests size is 1
07-28 18:56:31.523  1127  1127 I Layer   : id=178882 removeFromCurrentState Surface(name=d8adfc2 InputMethod)/@0xc2b360e - animation-leash of insets_animation#178882 (118)
07-28 18:56:31.523  1127  1127 I Layer   : id=178861 removeFromCurrentState ActivityRecord{da30f0 u0 com.example.dogglers/androidx.test.core.app.InstrumentationActivityInvoker$BootstrapActivity} t30330}#178861 (118)
07-28 18:56:31.523  1127  1127 I Layer   : id=178866 removeFromCurrentState ae94533 ActivityRecordInputSink com.example.dogglers/androidx.test.core.app.InstrumentationActivityInvoker$BootstrapActivity#178866 (118)
07-28 18:56:31.524  1127  1127 I SurfaceFlinger: id=178861 Removed ActivityRecord{da30f0 u0 com.example.dogglers/androidx.test.core.app.InstrumentationActivityInvoker$BootstrapActivity} t30330}#178861 (118)
07-28 18:56:31.524  1127  1127 I Layer   : id=178874 Destroyed Surface(name=d8adfc2 InputMethod)/@0xc2b360e - animation-leash of insets_animation#178874
07-28 18:56:31.524  1127  1127 I Layer   : id=178861 Destroyed ActivityRecord{da30f0 u0 com.example.dogglers/androidx.test.core.app.InstrumentationActivityInvoker$BootstrapActivity} t30330}#178861
07-28 18:56:31.524  1127  1127 I Layer   : id=178866 Destroyed ae94533 ActivityRecordInputSink com.example.dogglers/androidx.test.core.app.InstrumentationActivityInvoker$BootstrapActivity#178866
07-28 18:56:31.525  1127  1386 D SurfaceFlinger: [input] setFocusedWindow: <null>
07-28 18:56:31.525  1624  4919 D InputDispatcher: Focus request (0): <null> but waiting because NOT_FOCUSABLE
07-28 18:56:31.526  1624  4919 D InputDispatcher: Focus left window (0): 60aa528 com.example.dogglers/androidx.test.core.app.InstrumentationActivityInvoker$EmptyActivity
07-28 18:56:31.526  9007  9007 I DecorView: [INFO] isPopOver=false config=true
07-28 18:56:31.526  9007  9007 I DecorView: updateCaptionType: isFloating=false isApplication=true hasWindowDecorCaption=false this=DecorView@a0409a7[]
07-28 18:56:31.526  9007  9007 D DecorView: setCaptionType = 0, this = DecorView@a0409a7[]
07-28 18:56:31.529  9007  9007 I DecorView: getCurrentDensityDpi: from real metrics. densityDpi=450 msg=resources_loaded
07-28 18:56:31.530  9007  9007 I DecorView: setWindowBackground: isPopOver=false color=ff010101 d=android.graphics.drawable.StateListDrawable@cd32e54
07-28 18:56:31.530  9007  9007 D LifecycleMonitor: Lifecycle status change: androidx.test.core.app.InstrumentationActivityInvoker$EmptyActivity@d8dbfa8 in: CREATED
07-28 18:56:31.531  9007  9007 V ActivityScenario: Activity lifecycle changed event received but ignored because the intent does not match. startActivityIntent=Intent { act=android.intent.action.MAIN cat=[android.intent.category.LAUNCHER] cmp=com.example.dogglers/.VerticalListActivity }, activity.getIntent()=Intent { act=android.intent.action.MAIN cat=[android.intent.category.LAUNCHER] flg=0x10000000 cmp=com.example.dogglers/androidx.test.core.app.InstrumentationActivityInvoker$EmptyActivity }, activity=androidx.test.core.app.InstrumentationActivityInvoker$EmptyActivity@d8dbfa8
07-28 18:56:31.532  9007  9007 D LifecycleMonitor: Lifecycle status change: androidx.test.core.app.InstrumentationActivityInvoker$EmptyActivity@d8dbfa8 in: STARTED
07-28 18:56:31.533  9007  9007 V ActivityScenario: Activity lifecycle changed event received but ignored because the intent does not match. startActivityIntent=Intent { act=android.intent.action.MAIN cat=[android.intent.category.LAUNCHER] cmp=com.example.dogglers/.VerticalListActivity }, activity.getIntent()=Intent { act=android.intent.action.MAIN cat=[android.intent.category.LAUNCHER] flg=0x10000000 cmp=com.example.dogglers/androidx.test.core.app.InstrumentationActivityInvoker$EmptyActivity }, activity=androidx.test.core.app.InstrumentationActivityInvoker$EmptyActivity@d8dbfa8
07-28 18:56:31.535  9007  9007 D LifecycleMonitor: Lifecycle status change: androidx.test.core.app.InstrumentationActivityInvoker$EmptyActivity@d8dbfa8 in: RESUMED
07-28 18:56:31.535  9007  9007 V ActivityScenario: Activity lifecycle changed event received but ignored because the intent does not match. startActivityIntent=Intent { act=android.intent.action.MAIN cat=[android.intent.category.LAUNCHER] cmp=com.example.dogglers/.VerticalListActivity }, activity.getIntent()=Intent { act=android.intent.action.MAIN cat=[android.intent.category.LAUNCHER] flg=0x10000000 cmp=com.example.dogglers/androidx.test.core.app.InstrumentationActivityInvoker$EmptyActivity }, activity=androidx.test.core.app.InstrumentationActivityInvoker$EmptyActivity@d8dbfa8
07-28 18:56:31.536  9007  9007 I MSHandlerLifeCycle: check: return. pkg=com.example.dogglers parent=null callers=com.android.internal.policy.DecorView.setVisibility:4411 android.app.ActivityThread.handleResumeActivity:5476 android.app.servertransaction.ResumeActivityItem.execute:54 android.app.servertransaction.ActivityTransactionItem.execute:45 android.app.servertransaction.TransactionExecutor.executeLifecycleState:176
07-28 18:56:31.536  9007  9007 I MSHandlerLifeCycle: removeMultiSplitHandler: no exist. decor=DecorView@a0409a7[]
07-28 18:56:31.537  1127  2023 D SurfaceFlinger: [SF client] NEW(0xb40000762185cbc0) for (9007:com.example.dogglers)
07-28 18:56:31.539  9007  9037 D NativeCustomFrequencyManager: [NativeCFMS] BpCustomFrequencyManager::BpCustomFrequencyManager()
07-28 18:56:31.542  1624  2705 D InputTransport: Input channel constructed: '8d5b0a3', fd=1057
07-28 18:56:31.542  1624  2705 D InputTransport: Input channel constructed: '8d5b0a3', fd=1058
07-28 18:56:31.542  1624  2705 D InputTransport: Input channel constructed: '8d5b0a3', fd=1059
07-28 18:56:31.543  1127  1176 I SurfaceFlinger: id=178884 createSurf flag=80004, 8d5b0a3 com.example.dogglers/androidx.test.core.app.InstrumentationActivityInvoker$EmptyActivity#178884
07-28 18:56:31.544  1624  2705 D InputTransport: Input channel destroyed: '8d5b0a3', fd=1059
07-28 18:56:31.546  9007  9007 D InsetsController: onStateChanged: InsetsState: {mDisplayFrame=Rect(0, 0 - 1080, 2400), mDisplayCutout=DisplayCutout{insets=Rect(0, 80 - 0, 0) waterfall=Insets{left=0, top=0, right=0, bottom=0} boundingRect={Bounds=[Rect(0, 0 - 0, 0), Rect(468, 0 - 612, 80), Rect(0, 0 - 0, 0), Rect(0, 0 - 0, 0)]} cutoutPathParserInfo={CutoutPathParserInfo{displayWidth=1080 displayHeight=2400 physicalDisplayWidth=1080 physicalDisplayHeight=2400 density={2.625} cutoutSpec={M 0,0 H -27.42857142857143 V 30.47619047619048 H 27.42857142857143 V 0 H 0 Z @dp} rotation={0} scale={1.0} physicalPixelDisplaySizeRatio={1.0}}}}, mRoundedCorners=RoundedCorners{[RoundedCorner{position=TopLeft, radius=90, center=Point(90, 90)}, RoundedCorner{position=TopRight, radius=90, center=Point(990, 90)}, RoundedCorner{position=BottomRight, radius=90, center=Point(990, 2310)}, RoundedCorner{position=BottomLeft, radius=90, center=Point(90, 2310)}]}  mRoundedCornerFrame=Rect(0, 0 - 1080, 2400), mPrivacyIndicatorBounds=PrivacyIndicatorBounds {static bounds=Rect(956, 0 - 1080, 80) rotation=0}, mSources= { InsetsSource: {mType=ITYPE_STATUS_BAR, mFrame=[0,0][1080,80], mVisible=true, mInsetsRoundedCornerFrame=false}, InsetsSource: {mType=ITYPE_NAVIGATION_BAR, mFrame=[0,2265][1080,2400], mVisible=true, mInsetsRoundedCornerFrame=false}, InsetsSource: {mType=ITYPE_LEFT_GESTURES, mFrame=[0,0][0,2400], mVisible=true, mInsetsRoundedCornerFrame=false}, InsetsSource: {mType=ITYPE_RIGHT_GESTURES, mFrame=[1080,0][1080,2400], mVisible=true, mInsetsRoundedCornerFrame=false}, InsetsSource: {mType=ITYPE_TOP_MANDATORY_GESTURES, mFrame=[0,0][1080,114], mVisible=true, mInsetsRoundedCornerFrame=false}, InsetsSource: {mType=ITYPE_BOTTOM_MANDATORY_GESTURES, mFrame=[0,2265][1080,2400], mVisible=true, mInsetsRoundedCornerFrame=false}, InsetsSource: {mType=ITYPE_LEFT_DISPLAY_CUTOUT, mFrame=[0,0][-100000,2400], mVisible=true, mInsetsRoundedCornerFrame=false}, InsetsSource: {mType=ITYPE_TOP_DISPLAY_CUTOUT, mFrame=[0,0][1080,80], mVisible=true, mInsetsRoundedCornerFrame=false}, InsetsSource: {mType=ITYPE_RIGHT_DISPLAY_CUTOUT, mFrame=[100000,0][1080,2400], mVisible=true, mInsetsRoundedCornerFrame=false}, InsetsSource: {mType=ITYPE_BOTTOM_DISPLAY_CUTOUT, mFrame=[0,100000][1080,2400], mVisible=true, mInsetsRoundedCornerFrame=false}, InsetsSource: {mType=ITYPE_TOP_TAPPABLE_ELEMENT, mFrame=[0,0][1080,80], mVisible=true, mInsetsRoundedCornerFrame=false}, InsetsSource: {mType=ITYPE_BOTTOM_TAPPABLE_ELEMENT, mFrame=[0,2265][1080,2400], mVisible=true, mInsetsRoundedCornerFrame=false} } host=com.example.dogglers/androidx.test.core.app.InstrumentationActivityInvoker$EmptyActivity from=android.view.ViewRootImpl.setView:1732
07-28 18:56:31.548  9007  9007 I ViewRootImpl@70081fd[InstrumentationActivityInvoker$EmptyActivity]: setView = com.android.internal.policy.DecorView@a0409a7 TM=true
07-28 18:56:31.549  9007  9007 I MSHandlerLifeCycle: removeMultiSplitHandler: no exist. decor=DecorView@a0409a7[InstrumentationActivityInvoker$EmptyActivity]
07-28 18:56:31.549  1624  1745 D AnalyticsContainerHandler: handleMessage : { when=0 what=1 target=com.android.server.knox.KnoxAnalyticsContainer$AnalyticsHandler }
07-28 18:56:31.551  1624  2705 D InputMethodManagerService: isImeSwitcherDisabledPackage : false
07-28 18:56:31.552  5607  5607 I InputMethodService: removeImeSurface
07-28 18:56:31.552  5607  5607 I MSHandlerLifeCycle: check: return. pkg=com.samsung.android.honeyboard isActivity=false callers=com.android.internal.policy.DecorView.setVisibility:4411 android.app.Dialog.hide:767 android.inputmethodservice.InputMethodService.removeImeSurface:1290 android.inputmethodservice.InputMethodService.scheduleImeSurfaceRemoval:1279 android.inputmethodservice.InputMethodService.-$$Nest$mscheduleImeSurfaceRemoval:0
07-28 18:56:31.552  5607  5607 I MSHandlerLifeCycle: removeMultiSplitHandler: no exist. decor=DecorView@4ed7bdc[InputMethod]
