07-28 17:18:50.662  8684  8761 I TestRunner: started: vertical_scroll_content_at_last_position(com.example.dogglers.VerticalListTests)
07-28 17:18:50.662  1127  1127 I Layer   : id=175863 removeFromCurrentState com.example.dogglers/androidx.test.core.app.InstrumentationActivityInvoker$EmptyActivity$_8684#175863 (112)
07-28 17:18:50.662  1127  1127 I Layer   : id=175862 removeFromCurrentState 506f8c4 com.example.dogglers/androidx.test.core.app.InstrumentationActivityInvoker$EmptyActivity#175862 (112)
07-28 17:18:50.662  1127  1127 I Layer   : id=175859 removeFromCurrentState ActivityRecord{53531ce u0 com.example.dogglers/androidx.test.core.app.InstrumentationActivityInvoker$EmptyActivity} t30270}#175859 (112)
07-28 17:18:50.662  1127  1127 I Layer   : id=175866 removeFromCurrentState 10a66c9 ActivityRecordInputSink com.example.dogglers/androidx.test.core.app.InstrumentationActivityInvoker$EmptyActivity#175866 (112)
07-28 17:18:50.662  1127  1127 I Layer   : id=175838 removeFromCurrentState Task=30270#175838 (112)
07-28 17:18:50.663  1127  1127 I Layer   : id=175876 removeFromCurrentState Task=30270#175876 (112)
07-28 17:18:50.663  1127  1127 I SurfaceFlinger: id=175859 Removed ActivityRecord{53531ce u0 com.example.dogglers/androidx.test.core.app.InstrumentationActivityInvoker$EmptyActivity} t30270}#175859 (112)
07-28 17:18:50.663  1127  1127 I SurfaceFlinger: id=175876 Removed Task=30270#175876 (112)
07-28 17:18:50.663  1127  1127 I SurfaceFlinger: id=175863 Removed com.example.dogglers/androidx.test.core.app.InstrumentationActivityInvoker$EmptyActivity$_8684#175863 (112)
07-28 17:18:50.663  1127  1127 I SurfaceFlinger: id=175862 Removed 506f8c4 com.example.dogglers/androidx.test.core.app.InstrumentationActivityInvoker$EmptyActivity#175862 (112)
07-28 17:18:50.663  1127  1127 I Layer   : id=175876 Destroyed Task=30270#175876
07-28 17:18:50.663  1127  1127 I Layer   : id=175867 Destroyed Surface(name=d8adfc2 InputMethod)/@0xc2b360e - animation-leash of insets_animation#175867
07-28 17:18:50.664  1127  1127 I Layer   : id=175859 Destroyed ActivityRecord{53531ce u0 com.example.dogglers/androidx.test.core.app.InstrumentationActivityInvoker$EmptyActivity} t30270}#175859
07-28 17:18:50.664  1127  1127 I Layer   : id=175862 Destroyed 506f8c4 com.example.dogglers/androidx.test.core.app.InstrumentationActivityInvoker$EmptyActivity#175862
07-28 17:18:50.664  1127  1127 I BufferQueueDebug: [com.example.dogglers/androidx.test.core.app.InstrumentationActivityInvoker$EmptyActivity$_8684#175863](this:0xb4000075f550f838,id:-1,api:0,p:-1,c:1127) onDestructor()
07-28 17:18:50.664  1127  1127 I Layer   : id=175863 Destroyed com.example.dogglers/androidx.test.core.app.InstrumentationActivityInvoker$EmptyActivity$_8684#175863
07-28 17:18:50.664  1127  1127 I Layer   : id=175866 Destroyed 10a66c9 ActivityRecordInputSink com.example.dogglers/androidx.test.core.app.InstrumentationActivityInvoker$EmptyActivity#175866
07-28 17:18:50.669  8684  8761 W Settings: Setting always_finish_activities has moved from android.provider.Settings.System to android.provider.Settings.Global, returning read-only value.
07-28 17:18:50.677  1624  1668 I ChimeraSystemEventListener: appLaunchIntent package name is: com.example.dogglers
07-28 17:18:50.678  3746  3746 E pageboostd: Received HALT command code 2
07-28 17:18:50.680  1624  5932 D PkgPredictorService-IpmAdcpController: create a new DexPreloadTask pkg:com.example.dogglers  path:/data/app/~~KwWEaLvC3N8lGKrKk0eQLw==/com.example.dogglers-qTYCQ1SZN0zaUgqutcjCEg==
07-28 17:18:50.680  1624  3610 I SemDvfsHyPerManager: acquire hyper - AMS_APP_SWITCH/1624@32, type = -999
07-28 17:18:50.680  1090  1150 I HYPER-HAL: [RequestManager.cpp]acquire(): Acquired ID : 1372028  [1624 / 32]    HINT : AMS_ACT_SWITCH    list :
07-28 17:18:50.681  1127  3782 I SurfaceFlinger: id=175877 createSurf flag=24004, Task=30271#175877
07-28 17:18:50.681  1090  1150 I mtkpower_client: perf_lock_rel, hdl:80002, tid:1150
07-28 17:18:50.681  1090  1150 I mtkpower_client: perf_lock_acq, hdl:0, dur:0, num:2, tid:1150
07-28 17:18:50.682  1093  1167 I libPowerHal: [perfLockRel] hdl:80002, idx:0
07-28 17:18:50.682  1093  1167 I libPowerHal: [PD] vendor.samsung. update cmd:1c3c000, param:1
07-28 17:18:50.682  1093  1167 I libPowerHal: [PD] (less) /proc/mcdi/state set +prefix:enable 1;
07-28 17:18:50.682  5208  5208 I SemDvfsHyPerManager: acquire hyper - APP_START_SHORT/5208@12, type = -999
07-28 17:18:50.683  1090  1150 I mtkpower_client: ret_hdl:80004
07-28 17:18:50.683  1090  1150 I mtkpower_client: perf_lock_rel, hdl:80003, tid:1150
07-28 17:18:50.683  1093  1167 I libPowerHal: [perfLockAcq] idx:3 hdl:80004 hint:-1 pid:1090 duration:0 lock_user:vendor.samsung. => ret_hdl:80004
07-28 17:18:50.683  1624  3610 E libprocessgroup: Failed to find cgroup for tid 3610
07-28 17:18:50.683  1093  1167 I libPowerHal: [PE] (less) /proc/mcdi/state set +prefix:enable 0;
07-28 17:18:50.683  1624  3610 W libprocessgroup: Failed to apply DoSomethingOlaf task profile: Try again
07-28 17:18:50.684  1090  1150 I mtkpower_client: perf_lock_acq, hdl:0, dur:0, num:2, tid:1150
07-28 17:18:50.684  1093  1167 I libPowerHal: [perfLockRel] hdl:80003, idx:2
07-28 17:18:50.684  1093  1167 I libPowerHal: vendor.samsung.: cpu_ctrl set cpu freq: -1 -1 -1 -1
07-28 17:18:50.684  1090  1150 I mtkpower_client: ret_hdl:80005
07-28 17:18:50.685  1090  1150 I mtkpower_client: perf_lock_rel, hdl:80001, tid:1150
07-28 17:18:50.685  1093  1167 I libPowerHal: [perfLockAcq] idx:0 hdl:80005 hint:-1 pid:1090 duration:0 lock_user:vendor.samsung. => ret_hdl:80005
07-28 17:18:50.685  1093  1167 I libPowerHal: vendor.samsung.: cpu_ctrl set cpu freq: 1800000 -1 -1 -1
07-28 17:18:50.685  1090  1150 I mtkpower_client: perf_lock_acq, hdl:0, dur:0, num:2, tid:1150
07-28 17:18:50.686  1093  1167 I libPowerHal: [perfLockRel] hdl:80001, idx:1
07-28 17:18:50.686  1127  3782 I SurfaceFlinger: id=175878 createSurf flag=80004, ActivityRecord{4b747d8 u0 com.example.dogglers/androidx.test.core.app.InstrumentationActivityInvoker$BootstrapActivity} t30271}#175878
07-28 17:18:50.686  1093  1167 I libPowerHal: [PD] vendor.samsung. update cmd:1000000, param:-1
07-28 17:18:50.686  1093  1167 I libPowerHal: [PD] vendor.samsung. update cmd:1000000 param:-1
07-28 17:18:50.686  1090  1150 I mtkpower_client: ret_hdl:80006
07-28 17:18:50.687  1093  1167 I libPowerHal: [perfLockAcq] idx:1 hdl:80006 hint:-1 pid:1090 duration:0 lock_user:vendor.samsung. => ret_hdl:80006
07-28 17:18:50.687  1090  1150 I HYPER-HAL: [RequestManager.cpp]acquire(): Acquired ID : 13626822  [5208 / 12]    HINT : APP_START    list : [TIMEOUT / 1500]
07-28 17:18:50.687  1093  1167 I libPowerHal: [PE] vendor.samsung. update cmd:1000000, param:0
07-28 17:18:50.687  1093  1167 I libPowerHal: [PE] vendor.samsung. update cmd:1000000 param:0
07-28 17:18:50.689  2857  3871 D WifiHAL : event received NL80211_CMD_NEW_SCAN_RESULTS
07-28 17:18:50.691  1624  5216 D WifiNl80211Manager: Scan result ready event
07-28 17:18:50.691  1624  5216 D WifiNative: Scan result ready event
07-28 17:18:50.692  3226  3898 D IpClient/wlan0: interfaceLinkStateChanged: ifindex 40 up
07-28 17:18:50.694  1127  3782 D SurfaceFlinger: [SF client] NEW(0xb40000762185d100) for (2897:com.android.systemui)
07-28 17:18:50.694  1624  2462 I SemDvfsHyPerManager: acquire hyper - AMS_APP_LAUNCH/1624@20, type = -999
07-28 17:18:50.695  1090  1150 I HYPER-HAL: [RequestManager.cpp]acquire(): Acquired ID : 1352210  [1624 / 20]    HINT : AMS_APP_LAUNCH    list :
07-28 17:18:50.696  5208  5208 I SemDvfsHyPerManager: acquire hyper - APP_START/5208@14, type = -999
07-28 17:18:50.696  1090  1150 I HYPER-HAL: [RequestManager.cpp]acquire(): Acquired ID : 13637267  [5208 / 14]    HINT : APP_START    list :
07-28 17:18:50.697  3393  3393 I BaseActivity: removeActivityFlags, flags : 16
07-28 17:18:50.697  3393  3393 I BaseActivity: removeActivityFlags, flags : 6
07-28 17:18:50.697  3393  3393 I DragController: endDrag
07-28 17:18:50.697  3393  3393 W LauncherAppWidgetHost: setShouldListenFlag, mFlags:15 flag:resume on:false isFront:false
07-28 17:18:50.697  3393  3393 I SPayUpdater: updateSpayHandler launcher activity is paused false
07-28 17:18:50.697  2897  2960 D NativeCustomFrequencyManager: [NativeCFMS] BpCustomFrequencyManager::BpCustomFrequencyManager()
07-28 17:18:50.699  1624  1688 W libprocessgroup: Failed to open /dev/blkio//cgroup.procs: No such file or directory
07-28 17:18:50.700  1233  9321 I CameraService: onUidStateChanged: uid=10063, procState is changed. (0 -> 1)
07-28 17:18:50.701  1624  5212 D InputTransport: Input channel constructed: 'a44d233', fd=1334
07-28 17:18:50.701  1624  5212 D InputTransport: Input channel constructed: 'a44d233', fd=1336
07-28 17:18:50.701  1624  5212 D InputTransport: Input channel constructed: 'a44d233', fd=1337
07-28 17:18:50.701  1127  3782 I SurfaceFlinger: id=175879 createSurf flag=80004, a44d233 Splash Screen com.example.dogglers#175879
07-28 17:18:50.703  1624  5212 D InputTransport: Input channel destroyed: 'a44d233', fd=1337
07-28 17:18:50.703  1624  2783 V SemWifiScanPool: updateScanResult, partial scan:2 configKeys: 27 pool_bssid:33 pool_configKeys:31
07-28 17:18:50.704  2897  2945 D InsetsController: onStateChanged: InsetsState: {mDisplayFrame=Rect(0, 0 - 1080, 2400), mDisplayCutout=DisplayCutout{insets=Rect(0, 80 - 0, 0) waterfall=Insets{left=0, top=0, right=0, bottom=0} boundingRect={Bounds=[Rect(0, 0 - 0, 0), Rect(468, 0 - 612, 80), Rect(0, 0 - 0, 0), Rect(0, 0 - 0, 0)]} cutoutPathParserInfo={CutoutPathParserInfo{displayWidth=1080 displayHeight=2400 physicalDisplayWidth=1080 physicalDisplayHeight=2400 density={2.625} cutoutSpec={M 0,0 H -27.42857142857143 V 30.47619047619048 H 27.42857142857143 V 0 H 0 Z @dp} rotation={0} scale={1.0} physicalPixelDisplaySizeRatio={1.0}}}}, mRoundedCorners=RoundedCorners{[RoundedCorner{position=TopLeft, radius=90, center=Point(90, 90)}, RoundedCorner{position=TopRight, radius=90, center=Point(990, 90)}, RoundedCorner{position=BottomRight, radius=90, center=Point(990, 2310)}, RoundedCorner{position=BottomLeft, radius=90, center=Point(90, 2310)}]}  mRoundedCornerFrame=Rect(0, 0 - 1080, 2400), mPrivacyIndicatorBounds=PrivacyIndicatorBounds {static bounds=Rect(956, 0 - 1080, 80) rotation=0}, mSources= { InsetsSource: {mType=ITYPE_STATUS_BAR, mFrame=[0,0][1080,80], mVisible=true, mInsetsRoundedCornerFrame=false}, InsetsSource: {mType=ITYPE_NAVIGATION_BAR, mFrame=[0,2265][1080,2400], mVisible=true, mInsetsRoundedCornerFrame=false}, InsetsSource: {mType=ITYPE_LEFT_GESTURES, mFrame=[0,0][0,2400], mVisible=true, mInsetsRoundedCornerFrame=false}, InsetsSource: {mType=ITYPE_RIGHT_GESTURES, mFrame=[1080,0][1080,2400], mVisible=true, mInsetsRoundedCornerFrame=false}, InsetsSource: {mType=ITYPE_TOP_MANDATORY_GESTURES, mFrame=[0,0][1080,114], mVisible=true, mInsetsRoundedCornerFrame=false}, InsetsSource: {mType=ITYPE_BOTTOM_MANDATORY_GESTURES, mFrame=[0,2265][1080,2400], mVisible=true, mInsetsRoundedCornerFrame=false}, InsetsSource: {mType=ITYPE_LEFT_DISPLAY_CUTOUT, mFrame=[0,0][-100000,2400], mVisible=true, mInsetsRoundedCornerFrame=false}, InsetsSource: {mType=ITYPE_TOP_DISPLAY_CUTOUT, mFrame=[0,0][1080,80], mVisible=true, mInsetsRoundedCornerFrame=false}, InsetsSource: {mType=ITYPE_RIGHT_DISPLAY_CUTOUT, mFrame=[100000,0][1080,2400], mVisible=true, mInsetsRoundedCornerFrame=false}, InsetsSource: {mType=ITYPE_BOTTOM_DISPLAY_CUTOUT, mFrame=[0,100000][1080,2400], mVisible=true, mInsetsRoundedCornerFrame=false}, InsetsSource: {mType=ITYPE_TOP_TAPPABLE_ELEMENT, mFrame=[0,0][1080,80], mVisible=true, mInsetsRoundedCornerFrame=false}, InsetsSource: {mType=ITYPE_BOTTOM_TAPPABLE_ELEMENT, mFrame=[0,2265][1080,2400], mVisible=true, mInsetsRoundedCornerFrame=false} } host=Splash Screen com.example.dogglers from=android.view.ViewRootImpl.setView:1732
07-28 17:18:50.706  2897  2945 I ViewRootImpl@bdf63a3[dogglers]: setView = android.widget.FrameLayout@27a96ff TM=true
07-28 17:18:50.707  2857  2857 I WifiHAL : Get link layer stats
07-28 17:18:50.707  2857  2857 I WifiHAL : GetLinkStatsCommand::create
07-28 17:18:50.707  2857  2857 D android.hardware.wifi@1.0-service-lazy: WifiRequest::create vendor command to iface 40, vendor_id=0x1a11, subcmd=0x1200, res=0
07-28 17:18:50.707  2857  2857 I android.hardware.wifi@1.0-service-lazy: WifiCommand::requestResponse err=-95
07-28 17:18:50.707  2857  2857 I WifiHAL : wifi_get_link_stats: result=-3
07-28 17:18:50.707  8787  8850 I SCS@AiSearch user 0: (InitialIndexingWorker) [androidx.work-2] entering in doWork():
07-28 17:18:50.707  8787  8850 I SCS@AiSearch user 0: (InitialIndexingWorker) [androidx.work-2] entering in initAllIndexes():
07-28 17:18:50.708  8787  8850 I SCS@AiSearch user 0: (WorkerUtils) [androidx.work-2] entering in handleLocaleChange():
07-28 17:18:50.708  8787  8850 I SCS@AiSearch user 0: (WorkerUtils) [androidx.work-2] leaving from handleLocaleChange():
07-28 17:18:50.711  8787  8850 I SCS@AiSearch user 0: (ANALOGY) initIndexImpl: took 2 ms
07-28 17:18:50.711  1624  5256 D InputDispatcher: Focused application(0): ActivityRecord{4b747d8 u0 com.example.dogglers/androidx.test.core.app.InstrumentationActivityInvoker$BootstrapActivity} t30271}
07-28 17:18:50.712  8787  8850 W SCS@AiSearch user 0: (s) The resource for the current locale is not found : res/values-ru-RU/synonyms.xml
07-28 17:18:50.714  8787  8850 I SCS@AiSearch user 0: (SYNONYM) initIndexImpl: took 2 ms
07-28 17:18:50.714  2897  2945 I ViewRootImpl@bdf63a3[dogglers]: performTraversals params={(0,0)(fillxfill) sim={adjust=pan} ty=APPLICATION_STARTING fmt=TRANSLUCENT wanim=0x1030001
07-28 17:18:50.714  2897  2945 I ViewRootImpl@bdf63a3[dogglers]:   fl=81030118
07-28 17:18:50.714  2897  2945 I ViewRootImpl@bdf63a3[dogglers]:   pfl=16000010
07-28 17:18:50.714  2897  2945 I ViewRootImpl@bdf63a3[dogglers]:   bhv=DEFAULT
07-28 17:18:50.714  2897  2945 I ViewRootImpl@bdf63a3[dogglers]:   fitSides= naviIconColor=0}
07-28 17:18:50.715  2897  2945 I ViewRootImpl@bdf63a3[dogglers]: performTraversals mFirst=true windowShouldResize=true viewVisibilityChanged=false mForceNextWindowRelayout=false params={(0,0)(fillxfill) sim={adjust=pan} ty=APPLICATION_STARTING fmt=TRANSLUCENT wanim=0x1030001
07-28 17:18:50.715  2897  2945 I ViewRootImpl@bdf63a3[dogglers]:   fl=81030118
07-28 17:18:50.715  2897  2945 I ViewRootImpl@bdf63a3[dogglers]:   pfl=16000010
07-28 17:18:50.715  2897  2945 I ViewRootImpl@bdf63a3[dogglers]:   bhv=DEFAULT
07-28 17:18:50.715  2897  2945 I ViewRootImpl@bdf63a3[dogglers]:   fitSides= naviIconColor=0}
07-28 17:18:50.715  8787  8850 I SCS@AiSearch user 0: (g) Creating collector for CONTACTS
07-28 17:18:50.717  3393  3393 I TopTaskTracker: onTaskMovedToFront : taskId = 30271
07-28 17:18:50.719  1624  5715 V WindowManager: Relayout Window{a44d233 u0 Splash Screen com.example.dogglers}: viewVisibility=0 req=1080x2400 d0
07-28 17:18:50.719  1127  3782 I BufferQueueDebug: [Splash Screen com.example.dogglers$_2897#175880](this:0xb4000075f0842838,id:-1,api:0,p:-1,c:-1) BufferQueue core=(1127:/system/bin/surfaceflinger)
07-28 17:18:50.719  1127  3782 I SurfaceFlinger: id=175880 createSurf flag=40004, Splash Screen com.example.dogglers$_2897#175880
07-28 17:18:50.721  1624  1688 W libprocessgroup: Failed to open /dev/blkio//cgroup.procs: No such file or directory
07-28 17:18:50.721  8787  8850 I SCS@AiSearch user 0: (ContactsRelation) initRelationDataFromContactsProvider called
07-28 17:18:50.724  1624  1688 W libprocessgroup: Failed to open /dev/blkio//cgroup.procs: No such file or directory
07-28 17:18:50.724  1624  5715 V WindowManager: Relayout hash=a44d233, pid=2897, syncId=-1: mAttrs={(0,0)(fillxfill) sim={adjust=pan} ty=APPLICATION_STARTING fmt=TRANSLUCENT wanim=0x1030001
07-28 17:18:50.724  1624  5715 V WindowManager:   fl=81030118
07-28 17:18:50.724  1624  5715 V WindowManager:   pfl=16000010
07-28 17:18:50.724  1624  5715 V WindowManager:   bhv=DEFAULT
07-28 17:18:50.724  1624  5715 V WindowManager:   fitSides= naviIconColor=0}
07-28 17:18:50.724  1624  1688 W libprocessgroup: Failed to open /dev/blkio//cgroup.procs: No such file or directory
07-28 17:18:50.725  1624  2720 E WifiVendorHal: getWifiLinkLayerStats_1_5_Internal(l.1179) failed {.code = ERROR_NOT_SUPPORTED, .description = }
07-28 17:18:50.725  2897  2945 D InsetsController: onStateChanged: InsetsState: {mDisplayFrame=Rect(0, 0 - 1080, 2400), mDisplayCutout=DisplayCutout{insets=Rect(0, 80 - 0, 0) waterfall=Insets{left=0, top=0, right=0, bottom=0} boundingRect={Bounds=[Rect(0, 0 - 0, 0), Rect(468, 0 - 612, 80), Rect(0, 0 - 0, 0), Rect(0, 0 - 0, 0)]} cutoutPathParserInfo={CutoutPathParserInfo{displayWidth=1080 displayHeight=2400 physicalDisplayWidth=1080 physicalDisplayHeight=2400 density={2.625} cutoutSpec={M 0,0 H -27.42857142857143 V 30.47619047619048 H 27.42857142857143 V 0 H 0 Z @dp} rotation={0} scale={1.0} physicalPixelDisplaySizeRatio={1.0}}}}, mRoundedCorners=RoundedCorners{[RoundedCorner{position=TopLeft, radius=90, center=Point(90, 90)}, RoundedCorner{position=TopRight, radius=90, center=Point(990, 90)}, RoundedCorner{position=BottomRight, radius=90, center=Point(990, 2310)}, RoundedCorner{position=BottomLeft, radius=90, center=Point(90, 2310)}]}  mRoundedCornerFrame=Rect(0, 0 - 1080, 2400), mPrivacyIndicatorBounds=PrivacyIndicatorBounds {static bounds=Rect(956, 0 - 1080, 80) rotation=0}, mSources= { InsetsSource: {mType=ITYPE_STATUS_BAR, mFrame=[0,0][1080,80], mVisible=true, mInsetsRoundedCornerFrame=false}, InsetsSource: {mType=ITYPE_NAVIGATION_BAR, mFrame=[0,2265][1080,2400], mVisible=true, mInsetsRoundedCornerFrame=false}, InsetsSource: {mType=ITYPE_LEFT_GESTURES, mFrame=[0,0][0,2400], mVisible=true, mInsetsRoundedCornerFrame=false}, InsetsSource: {mType=ITYPE_RIGHT_GESTURES, mFrame=[1080,0][1080,2400], mVisible=true, mInsetsRoundedCornerFrame=false}, InsetsSource: {mType=ITYPE_TOP_MANDATORY_GESTURES, mFrame=[0,0][1080,114], mVisible=true, mInsetsRoundedCornerFrame=false}, InsetsSource: {mType=ITYPE_BOTTOM_MANDATORY_GESTURES, mFrame=[0,2265][1080,2400], mVisible=true, mInsetsRoundedCornerFrame=false}, InsetsSource: {mType=ITYPE_LEFT_DISPLAY_CUTOUT, mFrame=[0,0][-100000,2400], mVisible=true, mInsetsRoundedCornerFrame=false}, InsetsSource: {mType=ITYPE_TOP_DISPLAY_CUTOUT, mFrame=[0,0][1080,80], mVisible=true, mInsetsRoundedCornerFrame=false}, InsetsSource: {mType=ITYPE_RIGHT_DISPLAY_CUTOUT, mFrame=[100000,0][1080,2400], mVisible=true, mInsetsRoundedCornerFrame=false}, InsetsSource: {mType=ITYPE_BOTTOM_DISPLAY_CUTOUT, mFrame=[0,100000][1080,2400], mVisible=true, mInsetsRoundedCornerFrame=false}, InsetsSource: {mType=ITYPE_TOP_TAPPABLE_ELEMENT, mFrame=[0,0][1080,80], mVisible=true, mInsetsRoundedCornerFrame=false}, InsetsSource: {mType=ITYPE_BOTTOM_TAPPABLE_ELEMENT, mFrame=[0,2265][1080,2400], mVisible=true, mInsetsRoundedCornerFrame=false}, InsetsSource: {mType=ITYPE_IME, mFrame=[0,0][0,0], mVisibleFrame=[0,1243][1080,2400], mVisible=false, mInsetsRoundedCornerFrame=false} } host=Splash Screen com.example.dogglers from=android.view.ViewRootImpl.relayoutWindow:9802
07-28 17:18:50.727  2897  2945 I ViewRootImpl@bdf63a3[dogglers]: updateBlastSurfaceIfNeeded mBlastBufferQueue=null isSameSurfaceControl=false
07-28 17:18:50.727  2897  2945 D BufferQueueConsumer: [](id:b5100001ea2,api:0,p:-1,c:2897) connect: controlledByApp=false
07-28 17:18:50.727  1624  1668 I SemPersonaManager: SecureFolder personaId = 150
07-28 17:18:50.728  2897  2945 I BLASTBufferQueue: new BLASTBufferQueue, mName= ViewRootImpl@bdf63a3[dogglers] mNativeObject= 0xb40000726e7d3280 sc.mNativeObject= 0xb4000072932013a0 caller= android.view.ViewRootImpl.updateBlastSurfaceIfNeeded:2909 android.view.ViewRootImpl.relayoutWindow:9847 android.view.ViewRootImpl.performTraversals:3884 android.view.ViewRootImpl.doTraversal:3116 android.view.ViewRootImpl$TraversalRunnable.run:10885 android.view.Choreographer$CallbackRecord.run:1301 android.view.Choreographer$CallbackRecord.run:1309 android.view.Choreographer.doCallbacks:923 android.view.Choreographer.doFrame:852 android.view.Choreographer$FrameDisplayEventReceiver.run:1283
07-28 17:18:50.728  2897  2945 I BLASTBufferQueue: update, w= 1080 h= 2400 mName = ViewRootImpl@bdf63a3[dogglers] mNativeObject= 0xb40000726e7d3280 sc.mNativeObject= 0xb4000072932013a0 format= -3 caller= android.graphics.BLASTBufferQueue.<init>:84 android.view.ViewRootImpl.updateBlastSurfaceIfNeeded:2909 android.view.ViewRootImpl.relayoutWindow:9847 android.view.ViewRootImpl.performTraversals:3884 android.view.ViewRootImpl.doTraversal:3116 android.view.ViewRootImpl$TraversalRunnable.run:10885
07-28 17:18:50.728  8684  8684 D LifecycleMonitor: Lifecycle status change: androidx.test.core.app.InstrumentationActivityInvoker$BootstrapActivity@54ef850 in: PRE_ON_CREATE
07-28 17:18:50.729  8684  8684 V ActivityScenario: Activity lifecycle changed event received but ignored because the intent does not match. startActivityIntent=Intent { act=android.intent.action.MAIN cat=[android.intent.category.LAUNCHER] cmp=com.example.dogglers/.VerticalListActivity }, activity.getIntent()=Intent { act=android.intent.action.MAIN cat=[android.intent.category.LAUNCHER] flg=0x10008000 cmp=com.example.dogglers/androidx.test.core.app.InstrumentationActivityInvoker$BootstrapActivity (has extras) }, activity=androidx.test.core.app.InstrumentationActivityInvoker$BootstrapActivity@54ef850
07-28 17:18:50.729  1127  1127 I SurfaceFlinger: [b2bc12 com.sec.android.app.launcher/com.sec.android.app.launcher.activities.LauncherActivity#131] FrameRatePriority: -1
07-28 17:18:50.729  2897  2945 I ViewRootImpl@bdf63a3[dogglers]: Relayout returned: old=(0,0,1080,2400) new=(0,0,1080,2400) req=(1080,2400)0 dur=12 res=0x3 s={true 0xb400007264248800} ch=true seqId=0
07-28 17:18:50.729  1127  1127 D SurfaceFlinger: [input] inputWindowCommands.focusRequests size is 1
07-28 17:18:50.730  2897  2945 I ViewRootImpl@bdf63a3[dogglers]: mThreadedRenderer.initialize() mSurface={isValid=true 0xb400007264248800} hwInitialized=true
07-28 17:18:50.730  2897  2960 D OpenGLRenderer: eglCreateWindowSurface
07-28 17:18:50.731  1127  1386 D SurfaceFlinger: [input] setFocusedWindow: <null>
07-28 17:18:50.731  1624  5212 D InputDispatcher: Focus left window (0): b2bc12 com.sec.android.app.launcher/com.sec.android.app.launcher.activities.LauncherActivity
07-28 17:18:50.732  3393  3393 I ViewRootImpl@c6ee0f[LauncherActivity]: MSG_WINDOW_FOCUS_CHANGED 0 0
07-28 17:18:50.732  3393  3393 I BaseActivity: removeActivityFlags, flags : 8
07-28 17:18:50.733  1090  8833 I mtkpower_client: perf_lock_rel, hdl:80004, tid:8833
07-28 17:18:50.734  1093  1167 I libPowerHal: [perfLockRel] hdl:80004, idx:3
07-28 17:18:50.734  1093  1167 I libPowerHal: [PD] vendor.samsung. update cmd:1c3c000, param:1
07-28 17:18:50.734  1090  8833 I mtkpower_client: perf_lock_acq, hdl:0, dur:0, num:2, tid:8833
07-28 17:18:50.735  1093  1167 I libPowerHal: [PD] (less) /proc/mcdi/state set +prefix:enable 1;
07-28 17:18:50.735  2897  2945 I ViewRootImpl@bdf63a3[dogglers]: reportNextDraw android.view.ViewRootImpl.performTraversals:4438 android.view.ViewRootImpl.doTraversal:3116 android.view.ViewRootImpl$TraversalRunnable.run:10885 android.view.Choreographer$CallbackRecord.run:1301 android.view.Choreographer$CallbackRecord.run:1309
07-28 17:18:50.735  2897  2945 I ViewRootImpl@bdf63a3[dogglers]: Setup new sync id=0
07-28 17:18:50.735  2897  2945 I ViewRootImpl@bdf63a3[dogglers]: Setting syncFrameCallback
07-28 17:18:50.735  2897  2945 I ViewRootImpl@bdf63a3[dogglers]: registerCallbacksForSync syncBuffer=false
07-28 17:18:50.736  1093  1167 I libPowerHal: [perfLockAcq] idx:2 hdl:80007 hint:-1 pid:1090 duration:0 lock_user:vendor.samsung. => ret_hdl:80007
07-28 17:18:50.736  1090  8833 I mtkpower_client: ret_hdl:80007
07-28 17:18:50.736  1093  1167 I libPowerHal: [PE] (less) /proc/mcdi/state set +prefix:enable 0;
07-28 17:18:50.736  1090  8833 I mtkpower_client: perf_lock_rel, hdl:80006, tid:8833
07-28 17:18:50.736  2897  2986 I ViewRootImpl@bdf63a3[dogglers]: Received frameDrawingCallback syncResult=0 frameNum=1.
07-28 17:18:50.736  2897  2986 I ViewRootImpl@bdf63a3[dogglers]: Setting up sync and frameCommitCallback
07-28 17:18:50.737  1090  8833 I mtkpower_client: perf_lock_acq, hdl:0, dur:0, num:2, tid:8833
07-28 17:18:50.737  1093  1167 I libPowerHal: [perfLockRel] hdl:80006, idx:1
07-28 17:18:50.737  1093  1167 I libPowerHal: [PD] vendor.samsung. update cmd:1000000, param:-1
07-28 17:18:50.737  1093  1167 I libPowerHal: [PD] vendor.samsung. update cmd:1000000 param:-1
07-28 17:18:50.740  8684  8684 I DecorView: [INFO] isPopOver=false config=true
07-28 17:18:50.740  8684  8684 I DecorView: updateCaptionType: isFloating=false isApplication=true hasWindowDecorCaption=false this=DecorView@544786f[]
07-28 17:18:50.740  8684  8684 D DecorView: setCaptionType = 0, this = DecorView@544786f[]
07-28 17:18:50.740  8787  8850 I SCS@AiSearch user 0: (CORRELATED) initIndexImpl: took 0 ms
07-28 17:18:50.741  8787  8850 I SCS@AiSearch user 0: (CONTACTS) initIndexImpl: took 0 ms
07-28 17:18:50.741  8787  8850 I SCS@AiSearch user 0: (CALLLOG) initIndexImpl: took 0 ms
07-28 17:18:50.741  8787  8850 I SCS@AiSearch user 0: (CALENDAR) initIndexImpl: took 0 ms
07-28 17:18:50.741  8787  8850 I SCS@AiSearch user 0: (TASKS) initIndexImpl: took 0 ms
07-28 17:18:50.741  8787  8850 I SCS@AiSearch user 0: (REMINDER) initIndexImpl: took 0 ms
07-28 17:18:50.742  1090  8833 I mtkpower_client: ret_hdl:80008
07-28 17:18:50.742  1090  8833 I HYPER-HAL: [RequestManager.cpp]releaseLocked(): Released ID : 1353856
07-28 17:18:50.742  1093  1167 I libPowerHal: [perfLockAcq] idx:1 hdl:80008 hint:-1 pid:1090 duration:0 lock_user:vendor.samsung. => ret_hdl:80008
07-28 17:18:50.742  8787  8850 I SCS@AiSearch user 0: (AppsDataObserver) scheduling worker CMD_SCAN
07-28 17:18:50.742  1093  1167 I libPowerHal: [PE] vendor.samsung. update cmd:1000000, param:0
07-28 17:18:50.743  1093  1167 I libPowerHal: [PE] vendor.samsung. update cmd:1000000 param:0
07-28 17:18:50.744  8787  8850 I SCS@AiSearch user 0: (APPLICATIONS) initIndexImpl: took 2 ms
07-28 17:18:50.744  2897  2960 I BLASTBufferQueue: [ViewRootImpl@bdf63a3[dogglers]#7842](f:0,a:0) onFrameAvailable the first frame is available
07-28 17:18:50.745  8787  8850 I SCS@AiSearch user 0: (AOSP_MP) initIndexImpl: took 0 ms
07-28 17:18:50.745  8684  8684 I DecorView: getCurrentDensityDpi: from real metrics. densityDpi=450 msg=resources_loaded
07-28 17:18:50.745  8787  8850 I SCS@AiSearch user 0: (IMAGES) initIndexImpl: took 0 ms
07-28 17:18:50.745  2897  2960 D BLASTBufferQueue: [ViewRootImpl@bdf63a3[dogglers]#7842](f:0,a:1) acquireNextBufferLocked size=1080x2400 mFrameNumber=1 applyTransaction=true mTimestamp=1006960299296711(auto) mPendingTransactions.size=0 graphicBufferId=12442520341800 transform=0
07-28 17:18:50.745  8684  8684 I DecorView: setWindowBackground: isPopOver=false color=ff010101 d=android.graphics.drawable.StateListDrawable@fb3497c
07-28 17:18:50.746  2897  2960 I ViewRootImpl@bdf63a3[dogglers]: Received frameCommittedCallback lastAttemptedDrawFrameNum=1 didProduceBuffer=true
07-28 17:18:50.747  8684  8684 D LifecycleMonitor: Lifecycle status change: androidx.test.core.app.InstrumentationActivityInvoker$BootstrapActivity@54ef850 in: CREATED
07-28 17:18:50.747  2897  2960 D OpenGLRenderer: CFMS:: SetUp Pid : 2897    Tid : 2960
07-28 17:18:50.747  8787  8850 I SCS@AiSearch user 0: (SchedulingManager) scheduleSaLogging: Result:: androidx.work.impl.utils.futures.SettableFuture@fa429d4[status=PENDING]
07-28 17:18:50.747  2897  2960 W Parcel  : Expecting binder but got null!
07-28 17:18:50.747  8787  8850 I SCS@AiSearch user 0: (InitialIndexingWorker) [androidx.work-2] leaving from initAllIndexes():
07-28 17:18:50.747  8684  8684 V ActivityScenario: Activity lifecycle changed event received but ignored because the intent does not match. startActivityIntent=Intent { act=android.intent.action.MAIN cat=[android.intent.category.LAUNCHER] cmp=com.example.dogglers/.VerticalListActivity }, activity.getIntent()=Intent { act=android.intent.action.MAIN cat=[android.intent.category.LAUNCHER] flg=0x10008000 cmp=com.example.dogglers/androidx.test.core.app.InstrumentationActivityInvoker$BootstrapActivity (has extras) }, activity=androidx.test.core.app.InstrumentationActivityInvoker$BootstrapActivity@54ef850
07-28 17:18:50.747  2897  2945 I ViewRootImpl@bdf63a3[dogglers]: onSyncComplete
07-28 17:18:50.747  2897  2945 I ViewRootImpl@bdf63a3[dogglers]: setupSync seqId=0 mSyncId=0 fn=1 caller=android.view.ViewRootImpl$$ExternalSyntheticLambda11.accept:6 android.window.SurfaceSyncer.lambda$setupSync$1$android-window-SurfaceSyncer:128 android.window.SurfaceSyncer$$ExternalSyntheticLambda1.accept:8 android.window.SurfaceSyncer$SyncSet.checkIfSyncIsComplete:382 android.window.SurfaceSyncer$SyncSet.markSyncReady:359 android.window.SurfaceSyncer.markSyncReady:151 android.view.ViewRootImpl.performTraversals:4503
07-28 17:18:50.748  2897  2945 I ViewRootImpl@bdf63a3[dogglers]: reportDrawFinished seqId=0 mSyncId=-1 fn=1 mSurfaceChangedTransaction=0xb4000073156cfa00
07-28 17:18:50.748  1624  1668 D EnterpriseDeviceManagerService: isMdmAdminPresentInternal() : MDM Admin Found - com.samsung.knox.securefolder
07-28 17:18:50.749  8684  8684 D LifecycleMonitor: Lifecycle status change: androidx.test.core.app.InstrumentationActivityInvoker$BootstrapActivity@54ef850 in: STARTED
07-28 17:18:50.750  8684  8684 V ActivityScenario: Activity lifecycle changed event received but ignored because the intent does not match. startActivityIntent=Intent { act=android.intent.action.MAIN cat=[android.intent.category.LAUNCHER] cmp=com.example.dogglers/.VerticalListActivity }, activity.getIntent()=Intent { act=android.intent.action.MAIN cat=[android.intent.category.LAUNCHER] flg=0x10008000 cmp=com.example.dogglers/androidx.test.core.app.InstrumentationActivityInvoker$BootstrapActivity (has extras) }, activity=androidx.test.core.app.InstrumentationActivityInvoker$BootstrapActivity@54ef850
07-28 17:18:50.750  8787  8850 I SCS@AiSearch user 0: (BaseCollector::CONTACTS) enqueue ObserverWorker name: CONTACTS policy: KEEP
07-28 17:18:50.750  8787  8850 I SCS@AiSearch user 0: (g) Creating collector for CALLLOG
07-28 17:18:50.750  3393  3393 I BadgeRenderer: Invalid count : 0
07-28 17:18:50.750  1624  5212 D PackageManager: setEnabledSetting : userId = 0 packageName = com.samsung.android.scs cmp = androidx.work.impl.background.systemalarm.RescheduleReceiver newState = 1 callingPackage = 10112/com.samsung.android.scs
07-28 17:18:50.751  3393  3393 I BadgeRenderer: Invalid count : 0
07-28 17:18:50.751  1624  5212 D ApplicationPolicy: getApplicationStateEnabled : pkg = com.samsung.android.scs userId : 0
07-28 17:18:50.752  1624  5212 D ApplicationPolicy: getApplicationComponentState : pkg = com.samsung.android.scs userId : 0
07-28 17:18:50.753  1127  2095 I SurfaceFlinger: id=175881 createSurf flag=24000, Surface(name=Task=1)/@0x652d09a - animation-leash of app_transition#175881
07-28 17:18:50.753  3393  3393 I BadgeRenderer: Invalid count : 0
07-28 17:18:50.753  3393  3393 I BadgeRenderer: Invalid count : 0
07-28 17:18:50.753  3393  3393 I BadgeRenderer: Invalid count : 0
07-28 17:18:50.753  3393  3393 I BadgeRenderer: Invalid count : 0
07-28 17:18:50.754  3393  3393 I BadgeRenderer: Invalid count : 0
07-28 17:18:50.754  8787  8850 I SCS@AiSearch user 0: (BaseCollector::CALLLOG) enqueue ObserverWorker name: CALLLOG policy: KEEP
07-28 17:18:50.754  3393  3393 I BadgeRenderer: Invalid count : 0
07-28 17:18:50.754  8787  8850 I SCS@AiSearch user 0: (g) Creating collector for CALENDAR
07-28 17:18:50.755  1127  2095 I SurfaceFlinger: id=175882 createSurf flag=24004, Surface(name=Task=30271)/@0xf1eed4c - animation-leash of app_transition#175882
07-28 17:18:50.755  8787  8850 I SCS@AiSearch user 0: (BaseCollector::CALENDAR) enqueue ObserverWorker name: CALENDAR policy: KEEP
07-28 17:18:50.756  8787  8850 I SCS@AiSearch user 0: (g) Creating collector for TASKS
07-28 17:18:50.757  8787  8850 I SCS@AiSearch user 0: (BaseCollector::TASKS) enqueue ObserverWorker name: TASKS policy: KEEP
07-28 17:18:50.757  8787  8850 I SCS@AiSearch user 0: (g) Creating collector for REMINDER
07-28 17:18:50.759  8787  8850 I SCS@AiSearch user 0: (BaseCollector::REMINDER) enqueue ObserverWorker name: REMINDER policy: KEEP
07-28 17:18:50.759  8787  8850 I SCS@AiSearch user 0: (g) Creating collector for AOSP_MP
07-28 17:18:50.759  1127  2095 I SurfaceFlinger: id=175883 createSurf flag=80000, 2d246bb ActivityRecordInputSink com.example.dogglers/androidx.test.core.app.InstrumentationActivityInvoker$BootstrapActivity#175883
07-28 17:18:50.762  1127  1127 D BufferStateLayer: Splash Screen com.example.dogglers$_2897#175880 setBuffer frameId=1, bufferId=12442520341800 fenceId=560, w= 1080, h=2400
07-28 17:18:50.764  1624  1688 W libprocessgroup: Failed to open /dev/blkio//cgroup.procs: No such file or directory
07-28 17:18:50.765  1624  3919 I MediaSessionMonitor: Media session stopped : not playing state
07-28 17:18:50.767  1624  1688 W libprocessgroup: Failed to open /dev/blkio//cgroup.procs: No such file or directory
07-28 17:18:50.767  2897  2939 D Bubbles : onLocusVisibilityChanged: LocusId[17_chars] visible=false
07-28 17:18:50.768  3393  3393 I ViewRootImpl@c6ee0f[LauncherActivity]: handleAppVisibility mAppVisible = true visible = false
07-28 17:18:50.769  3746  3746 E pageboostd: Received HALT command code 2
07-28 17:18:50.771  1127  2095 I SurfaceFlinger: id=175884 createSurf flag=80004, ActivityRecord{bd95d02 u0 com.example.dogglers/.VerticalListActivity} t30271}#175884
07-28 17:18:50.771  8787  8850 I SCS@AiSearch user 0: (BaseCollector::AOSP_MP) enqueue ObserverWorker name: AOSP_MP policy: KEEP
07-28 17:18:50.772  8787  8850 I SCS@AiSearch user 0: (g) Creating collector for GALLERY
07-28 17:18:50.773  8787  8850 I SCS@AiSearch user 0: (BaseCollector::GALLERY) enqueue ObserverWorker name: GALLERY policy: KEEP
07-28 17:18:50.773  8787  8850 E SCS@AiSearch user 0: (CollectorManager) App collector was null for : com.samsung.android.scs.documents
07-28 17:18:50.774  8787  8850 I SCS@AiSearch user 0: (InitialIndexingWorker) Indexing time: 0.066seconds
07-28 17:18:50.775  2897  3598 D WallpaperService: dispatchAppVisibility onVisibilityChanged(): false
07-28 17:18:50.776  2897  2897 D WallpaperService: reportVisibility onVisibilityChanged visible: false
07-28 17:18:50.776  2897  3005 I ImageWallpaper[GLEngine]:  onVisibilityChanged false , 0
07-28 17:18:50.776  1127  2095 I SurfaceFlinger: id=175885 createSurf flag=80000, 40c2e4d ActivityRecordInputSink com.example.dogglers/.VerticalListActivity#175885
07-28 17:18:50.779  1127  1127 I Layer   : Layer [Splash Screen com.example.dogglers$_2897#175880] hidden!! flag(0)
07-28 17:18:50.779  1127  1127 I Layer   : id=175881 removeFromCurrentState Surface(name=Task=1)/@0x652d09a - animation-leash of app_transition#175881 (115)
07-28 17:18:50.779  1127  1127 I Layer   : Layer [com.sec.android.app.launcher/com.sec.android.app.launcher.activities.LauncherActivity$_3393#175868] hidden!! flag(1)
07-28 17:18:50.780  1127  2095 I SurfaceFlinger: id=175881 Removed Surface(name=Task=1)/@0x652d09a - animation-leash of app_transition#175881 (115)
07-28 17:18:50.780  2897 23031 I ViewRootImpl@bdf63a3[dogglers]: Resizing android.view.ViewRootImpl@6e2ccc: frame = [0,0][1080,2400] reportDraw = false forceLayout = false syncSeqId = 0
07-28 17:18:50.780  2897  2945 I ViewRootImpl@bdf63a3[dogglers]: handleResized, msg = 4 frames=ClientWindowFrames{frame=[0,0][1080,2400] display=[0,0][1080,2400] parentFrame=[0,0][0,0] parentClippedByDisplayCutout=false} forceNextWindowRelayout=false displayId=0 resizeMode=-1 frameChanged=false displayFrameChanged=false configChanged=false displayChanged=false
07-28 17:18:50.781  8684  8684 D LifecycleMonitor: Lifecycle status change: androidx.test.core.app.InstrumentationActivityInvoker$BootstrapActivity@54ef850 in: RESUMED
07-28 17:18:50.782  8684  8684 V ActivityScenario: Activity lifecycle changed event received but ignored because the intent does not match. startActivityIntent=Intent { act=android.intent.action.MAIN cat=[android.intent.category.LAUNCHER] cmp=com.example.dogglers/.VerticalListActivity }, activity.getIntent()=Intent { act=android.intent.action.MAIN cat=[android.intent.category.LAUNCHER] flg=0x10008000 cmp=com.example.dogglers/androidx.test.core.app.InstrumentationActivityInvoker$BootstrapActivity (has extras) }, activity=androidx.test.core.app.InstrumentationActivityInvoker$BootstrapActivity@54ef850
07-28 17:18:50.786  3393  3393 I ViewRootImpl@c6ee0f[LauncherActivity]: performTraversals mFirst=false windowShouldResize=false viewVisibilityChanged=true mForceNextWindowRelayout=false params=null
07-28 17:18:50.787  1127  1127 D SurfaceFlinger: Display 0 HWC layers:
07-28 17:18:50.787  1127  1127 D SurfaceFlinger:      DEVICE | 0xb400007623229400 | 0100 | RGBA_8888    |    0.0    0.0 1080.0 2400.0 |    0    0 1080 2400 | Splash Screen com.example.dogglers$_2897#175880
07-28 17:18:50.787  1127  1127 D SurfaceFlinger:      DEVICE | 0xb4000075f544c980 | 0100 | RGBA_8888    |    0.0    0.0 1080.0   80.0 |    0    0 1080   80 | StatusBar$_2897#91
07-28 17:18:50.787  1127  1127 D SurfaceFlinger:      DEVICE | 0xb400007623228f80 | 0100 | RGBA_8888    |    0.0    0.0 1080.0  135.0 |    0 2265 1080 2400 | NavigationBar0$_2897#86
07-28 17:18:50.787  1127  1127 D SurfaceFlinger:      DEVICE | 0xb4000075f544b300 | 0140 | RGBA_8888    |    0.0    0.0 1080.0  150.0 |    0    0 1080  150 | ScreenDecorOverlay$_2897#100
07-28 17:18:50.787  1127  1127 D SurfaceFlinger:      DEVICE | 0xb400007621856700 | 0140 | RGBA_8888    |    0.0    0.0 1080.0  150.0 |    0 2250 1080 2400 | ScreenDecorOverlayBottom$_2897#101
07-28 17:18:50.787  1127  1127 D SurfaceFlinger:
07-28 17:18:50.787  1624  5212 V WindowManager: Relayout Window{b2bc12 u0 com.sec.android.app.launcher/com.sec.android.app.launcher.activities.LauncherActivity}: viewVisibility=8 req=1080x2400 d0
07-28 17:18:50.791  8684  8684 D LifecycleMonitor: Lifecycle status change: androidx.test.core.app.InstrumentationActivityInvoker$BootstrapActivity@54ef850 in: PAUSED
07-28 17:18:50.791  1624  5212 V WindowManager: Relayout hash=b2bc12, pid=3393, syncId=-1: mAttrs={(0,0)(fillxfill) sim={adjust=nothing forwardNavigation} layoutInDisplayCutoutMode=shortEdges ty=BASE_APPLICATION fmt=TRANSPARENT wanim=0x10302f4
07-28 17:18:50.791  1624  5212 V WindowManager:   fl=81910100
07-28 17:18:50.791  1624  5212 V WindowManager:   pfl=1e020040
07-28 17:18:50.791  1624  5212 V WindowManager:   vsysui=1700
07-28 17:18:50.791  1624  5212 V WindowManager:   bhv=SHOW_TRANSIENT_BARS_BY_SWIPE
07-28 17:18:50.791  1624  5212 V WindowManager:   fitSides= naviIconColor=0}
07-28 17:18:50.791  8684  8684 V ActivityScenario: Activity lifecycle changed event received but ignored because the intent does not match. startActivityIntent=Intent { act=android.intent.action.MAIN cat=[android.intent.category.LAUNCHER] cmp=com.example.dogglers/.VerticalListActivity }, activity.getIntent()=Intent { act=android.intent.action.MAIN cat=[android.intent.category.LAUNCHER] flg=0x10008000 cmp=com.example.dogglers/androidx.test.core.app.InstrumentationActivityInvoker$BootstrapActivity (has extras) }, activity=androidx.test.core.app.InstrumentationActivityInvoker$BootstrapActivity@54ef850
07-28 17:18:50.794  3393  3393 I ViewRootImpl@c6ee0f[LauncherActivity]: Relayout returned: old=(0,0,1080,2400) new=(0,0,1080,2400) req=(1080,2400)8 dur=7 res=0x2 s={false 0x0} ch=true seqId=0
07-28 17:18:50.795  1127  1127 I Layer   : id=175882 removeFromCurrentState Surface(name=Task=30271)/@0xf1eed4c - animation-leash of app_transition#175882 (115)
07-28 17:18:50.795  1127  1127 I SurfaceFlinger: id=175882 Removed Surface(name=Task=30271)/@0xf1eed4c - animation-leash of app_transition#175882 (115)
07-28 17:18:50.796  1127  1127 I Layer   : id=175881 Destroyed Surface(name=Task=1)/@0x652d09a - animation-leash of app_transition#175881
07-28 17:18:50.796  1127  1127 I Layer   : id=175882 Destroyed Surface(name=Task=30271)/@0xf1eed4c - animation-leash of app_transition#175882
07-28 17:18:50.797  1624  5715 D InputDispatcher: Focused application(0): ActivityRecord{bd95d02 u0 com.example.dogglers/.VerticalListActivity} t30271}
07-28 17:18:50.803  8787  8820 I WM-WorkerWrapper: Worker result SUCCESS for Work [ id=f21cc4d9-99e8-4898-8869-3b8f80a9f004, tags={ com.samsung.android.scs.ai.search.scheduling.workers.InitialIndexingWorker, InitialIndexingWorker } ]
07-28 17:18:50.807  3393  3393 I ViewRootImpl@c6ee0f[LauncherActivity]: stopped(true) old = false
07-28 17:18:50.808  3393  3393 I ViewRootImpl@c6ee0f[LauncherActivity]: WindowStopped on com.sec.android.app.launcher/com.sec.android.app.launcher.activities.LauncherActivity set to true
07-28 17:18:50.808  1624  1668 I SemPersonaManager: SecureFolder personaId = 150
07-28 17:18:50.808  3393  3393 I Launcher: !@Boot_DEBUG: Launcher.onStop()
07-28 17:18:50.808  3393  3393 I Launcher: !@Boot_EBS_D: Launcher.onStop()
07-28 17:18:50.808  3393  3393 I BaseActivity: removeActivityFlags, flags : 17
07-28 17:18:50.808  3393  3756 I IMM_LC  : hsifw() - flag : 0
07-28 17:18:50.808  3393  3393 W LauncherAppWidgetHost: setShouldListenFlag, mFlags:7 flag:start on:false isFront:false
07-28 17:18:50.809  3393  3756 I IMM_LC  : hsifw() - mService.hideSoftInput
07-28 17:18:50.809  1624  5216 I AppWidgetServiceImpl: stopListening callbacks : null
07-28 17:18:50.809  3393  3393 W LauncherAppWidgetHost: stopListening, mFlags:2 isFront:false
07-28 17:18:50.809  3393  3393 W Launcher.NotificationListener: removeNotificationsChangedListener
07-28 17:18:50.809  3393  3393 I Launcher.NotificationListener: unregisterObserver, this is not notificationService!!
07-28 17:18:50.810  3393  3393 I BadgeCountUpdaterImpl: onNotificationsChangedDisConnected
07-28 17:18:50.814  3393  3393 I MSHandlerLifeCycle: removeMultiSplitHandler: no exist. decor=DecorView@4f24386[LauncherActivity]
07-28 17:18:50.814  3393  3758 I LiveIconUpdateEventHandler: cancelMinuteChangeAlarm
07-28 17:18:50.817  8684  8684 D LifecycleMonitor: Lifecycle status change: com.example.dogglers.VerticalListActivity@4494c14 in: PRE_ON_CREATE
07-28 17:18:50.818  8684  8684 V ActivityScenario: Activity lifecycle changed event received but ignored because the reported transition was not ON_CREATE while the last known transition was PRE_ON_CREATE
07-28 17:18:50.819  1624  1668 D EnterpriseDeviceManagerService: isMdmAdminPresentInternal() : MDM Admin Found - com.samsung.knox.securefolder
07-28 17:18:50.819  8787  8852 I SCS@AiSearch user 0: (AppsDataWorker) [androidx.work-3] entering in doWork():
07-28 17:18:50.819  8787  8852 I SCS@AiSearch user 0: (AppsDataObserver) [androidx.work-3] entering in execute():
07-28 17:18:50.819  8787  8852 I SCS@AiSearch user 0: (AppsDataObserver-CMD_SCAN) Scanning applications for indexing...
07-28 17:18:50.820  1624  3919 I MediaSessionMonitor: Media session stopped : not playing state
07-28 17:18:50.830  8684  8684 I DecorView: [INFO] isPopOver=false config=true
07-28 17:18:50.830  8684  8684 I DecorView: updateCaptionType: isFloating=false isApplication=true hasWindowDecorCaption=false this=DecorView@433860a[]
07-28 17:18:50.830  8684  8684 D DecorView: setCaptionType = 0, this = DecorView@433860a[]
07-28 17:18:50.833  8684  8684 I DecorView: getCurrentDensityDpi: from real metrics. densityDpi=450 msg=resources_loaded
07-28 17:18:50.833  8684  8684 I DecorView: setWindowBackground: isPopOver=false color=ffffffff d=android.graphics.drawable.ColorDrawable@1f41498
07-28 17:18:50.845  1127  1127 I Layer   : id=175868 removeFromCurrentState com.sec.android.app.launcher/com.sec.android.app.launcher.activities.LauncherActivity$_3393#175868 (113)
07-28 17:18:50.845  1127  1127 I SurfaceFlinger: id=175868 Removed com.sec.android.app.launcher/com.sec.android.app.launcher.activities.LauncherActivity$_3393#175868 (113)
07-28 17:18:50.845  1127  1127 I BufferQueueDebug: [com.sec.android.app.launcher/com.sec.android.app.launcher.activities.LauncherActivity$_3393#175868](this:0xb4000075f5551838,id:-1,api:0,p:-1,c:1127) onDestructor()
07-28 17:18:50.845  1127  1127 I Layer   : id=175868 Destroyed com.sec.android.app.launcher/com.sec.android.app.launcher.activities.LauncherActivity$_3393#175868
07-28 17:18:50.847  8684  8684 D LifecycleMonitor: Lifecycle status change: com.example.dogglers.VerticalListActivity@4494c14 in: CREATED
07-28 17:18:50.847  8684  8684 V ActivityScenario: Update currentActivityStage to CREATED, currentActivity=com.example.dogglers.VerticalListActivity@4494c14
07-28 17:18:50.850  8684  8684 D LifecycleMonitor: Lifecycle status change: com.example.dogglers.VerticalListActivity@4494c14 in: STARTED
07-28 17:18:50.850  8684  8684 V ActivityScenario: Update currentActivityStage to STARTED, currentActivity=com.example.dogglers.VerticalListActivity@4494c14
07-28 17:18:50.851  8684  8684 D LifecycleMonitor: Lifecycle status change: com.example.dogglers.VerticalListActivity@4494c14 in: RESUMED
07-28 17:18:50.852  8684  8684 V ActivityScenario: Update currentActivityStage to RESUMED, currentActivity=com.example.dogglers.VerticalListActivity@4494c14
07-28 17:18:50.852  8684  8684 I MSHandlerLifeCycle: check: return. pkg=com.example.dogglers parent=null callers=com.android.internal.policy.DecorView.setVisibility:4411 android.app.ActivityThread.handleResumeActivity:5476 android.app.servertransaction.ResumeActivityItem.execute:54 android.app.servertransaction.ActivityTransactionItem.execute:45 android.app.servertransaction.TransactionExecutor.executeLifecycleState:176
07-28 17:18:50.852  8684  8684 I MSHandlerLifeCycle: removeMultiSplitHandler: no exist. decor=DecorView@433860a[]
07-28 17:18:50.853  1127  3782 D SurfaceFlinger: [SF client] NEW(0xb40000762185e280) for (8684:com.example.dogglers)
07-28 17:18:50.856  8787  8852 I SCS@AiSearch user 0: (m) Schema: name: com.samsung.android.contacts , Major version: 35 , Minor version: 0
07-28 17:18:50.857  8684  8768 D NativeCustomFrequencyManager: [NativeCFMS] BpCustomFrequencyManager::BpCustomFrequencyManager()
07-28 17:18:50.859  1624  5216 D InputTransport: Input channel constructed: '2c335f ', fd=1333
07-28 17:18:50.859  1624  5216 D InputTransport: Input channel constructed: '2c335f ', fd=1344
07-28 17:18:50.859  1624  5216 D InputTransport: Input channel constructed: '2c335f ', fd=1345
07-28 17:18:50.859  8787  8852 I SCS@AiSearch user 0: (m) Schema: name: com.android.settings , Major version: 4 , Minor version: 0
07-28 17:18:50.860  1127  3782 I SurfaceFlinger: id=175886 createSurf flag=80004, 2c335f com.example.dogglers/com.example.dogglers.VerticalListActivity#175886
07-28 17:18:50.861  1624  5216 D InputTransport: Input channel destroyed: '2c335f ', fd=1345
07-28 17:18:50.863  8684  8684 D InsetsController: onStateChanged: InsetsState: {mDisplayFrame=Rect(0, 0 - 1080, 2400), mDisplayCutout=DisplayCutout{insets=Rect(0, 80 - 0, 0) waterfall=Insets{left=0, top=0, right=0, bottom=0} boundingRect={Bounds=[Rect(0, 0 - 0, 0), Rect(468, 0 - 612, 80), Rect(0, 0 - 0, 0), Rect(0, 0 - 0, 0)]} cutoutPathParserInfo={CutoutPathParserInfo{displayWidth=1080 displayHeight=2400 physicalDisplayWidth=1080 physicalDisplayHeight=2400 density={2.625} cutoutSpec={M 0,0 H -27.42857142857143 V 30.47619047619048 H 27.42857142857143 V 0 H 0 Z @dp} rotation={0} scale={1.0} physicalPixelDisplaySizeRatio={1.0}}}}, mRoundedCorners=RoundedCorners{[RoundedCorner{position=TopLeft, radius=90, center=Point(90, 90)}, RoundedCorner{position=TopRight, radius=90, center=Point(990, 90)}, RoundedCorner{position=BottomRight, radius=90, center=Point(990, 2310)}, RoundedCorner{position=BottomLeft, radius=90, center=Point(90, 2310)}]}  mRoundedCornerFrame=Rect(0, 0 - 1080, 2400), mPrivacyIndicatorBounds=PrivacyIndicatorBounds {static bounds=Rect(956, 0 - 1080, 80) rotation=0}, mSources= { InsetsSource: {mType=ITYPE_STATUS_BAR, mFrame=[0,0][1080,80], mVisible=true, mInsetsRoundedCornerFrame=false}, InsetsSource: {mType=ITYPE_NAVIGATION_BAR, mFrame=[0,2265][1080,2400], mVisible=true, mInsetsRoundedCornerFrame=false}, InsetsSource: {mType=ITYPE_LEFT_GESTURES, mFrame=[0,0][0,2400], mVisible=true, mInsetsRoundedCornerFrame=false}, InsetsSource: {mType=ITYPE_RIGHT_GESTURES, mFrame=[1080,0][1080,2400], mVisible=true, mInsetsRoundedCornerFrame=false}, InsetsSource: {mType=ITYPE_TOP_MANDATORY_GESTURES, mFrame=[0,0][1080,114], mVisible=true, mInsetsRoundedCornerFrame=false}, InsetsSource: {mType=ITYPE_BOTTOM_MANDATORY_GESTURES, mFrame=[0,2265][1080,2400], mVisible=true, mInsetsRoundedCornerFrame=false}, InsetsSource: {mType=ITYPE_LEFT_DISPLAY_CUTOUT, mFrame=[0,0][-100000,2400], mVisible=true, mInsetsRoundedCornerFrame=false}, InsetsSource: {mType=ITYPE_TOP_DISPLAY_CUTOUT, mFrame=[0,0][1080,80], mVisible=true, mInsetsRoundedCornerFrame=false}, InsetsSource: {mType=ITYPE_RIGHT_DISPLAY_CUTOUT, mFrame=[100000,0][1080,2400], mVisible=true, mInsetsRoundedCornerFrame=false}, InsetsSource: {mType=ITYPE_BOTTOM_DISPLAY_CUTOUT, mFrame=[0,100000][1080,2400], mVisible=true, mInsetsRoundedCornerFrame=false}, InsetsSource: {mType=ITYPE_TOP_TAPPABLE_ELEMENT, mFrame=[0,0][1080,80], mVisible=true, mInsetsRoundedCornerFrame=false}, InsetsSource: {mType=ITYPE_BOTTOM_TAPPABLE_ELEMENT, mFrame=[0,2265][1080,2400], mVisible=true, mInsetsRoundedCornerFrame=false} } host=com.example.dogglers/com.example.dogglers.VerticalListActivity from=android.view.ViewRootImpl.setView:1732
07-28 17:18:50.865  8684  8684 I ViewRootImpl@2c185ba[VerticalListActivity]: setView = com.android.internal.policy.DecorView@433860a TM=true
07-28 17:18:50.866  8684  8684 I MSHandlerLifeCycle: removeMultiSplitHandler: no exist. decor=DecorView@433860a[VerticalListActivity]
