07-28 18:56:32.114  9007  9007 I ViewRootImpl@de71d4d[VerticalListActivity]:   sfl=100000}
07-28 18:56:32.115  1624  5705 V WindowManager: Relayout Window{3e4fb7f u0 com.example.dogglers/com.example.dogglers.VerticalListActivity}: viewVisibility=0 req=1080x2400 d0
07-28 18:56:32.118  1127  3782 I BufferQueueDebug: [com.example.dogglers/com.example.dogglers.VerticalListActivity$_9007#178909](this:0xb4000075f548e838,id:-1,api:0,p:-1,c:-1) BufferQueue core=(1127:/system/bin/surfaceflinger)
07-28 18:56:32.118  1127  3782 I SurfaceFlinger: id=178909 createSurf flag=40004, com.example.dogglers/com.example.dogglers.VerticalListActivity$_9007#178909
07-28 18:56:32.124  1127  3782 I SurfaceFlinger: id=178910 createSurf flag=24000, Surface(name=f59a3f7 StatusBar)/@0xc90eccd - animation-leash of insets_animation#178910
07-28 18:56:32.125  1127  3782 I SurfaceFlinger: id=178911 createSurf flag=24000, Surface(name=3aacd27 NavigationBar0)/@0x501b17d - animation-leash of insets_animation#178911
07-28 18:56:32.127  3393 16210 I TouchInteractionService: onSystemUiStateChanged, stateFlags : 131072 |allow_gesture|
07-28 18:56:32.127  3393  3393 I RecentsAnimationDeviceState: setSystemUiFlags, stateFlags : 131072
07-28 18:56:32.127  3393  3393 I TouchInteractionService: onSystemUiFlagsChanged, lastSysUIFlags : 0
07-28 18:56:32.129   539   539 I lmkd    : cached 1, sandbox(not0) 0
07-28 18:56:32.129  1624  5705 V WindowManager: Relayout hash=3e4fb7f, pid=9007, syncId=-1: mAttrs={(0,0)(fillxfill) sim={adjust=resize forwardNavigation} ty=BASE_APPLICATION wanim=0x1030309
07-28 18:56:32.129  1624  5705 V WindowManager:   fl=81810100
07-28 18:56:32.129  1624  5705 V WindowManager:   pfl=12020040
07-28 18:56:32.129  1624  5705 V WindowManager:   apr=LIGHT_NAVIGATION_BARS
07-28 18:56:32.129  1624  5705 V WindowManager:   bhv=DEFAULT
07-28 18:56:32.129  1624  5705 V WindowManager:   fitSides= naviIconColor=0
07-28 18:56:32.129  1624  5705 V WindowManager:   sfl=100000}
07-28 18:56:32.131   539   539 I lmkd    : Reclaim 'com.samsung.android.game.gos' (8365), uid 10084, oom_score_adj 915, state 19 to free 92356kB rss, 32128kB swap; reason: low watermark is breached and swap is low (2160524kB < 2348808kB)
07-28 18:56:32.133  9007  9007 I ViewRootImpl@de71d4d[VerticalListActivity]: updateBlastSurfaceIfNeeded mBlastBufferQueue=null isSameSurfaceControl=false
07-28 18:56:32.133  9007  9007 D BufferQueueConsumer: [](id:232f00000006,api:0,p:-1,c:9007) connect: controlledByApp=false
07-28 18:56:32.135  9007  9007 I BLASTBufferQueue: new BLASTBufferQueue, mName= ViewRootImpl@de71d4d[VerticalListActivity] mNativeObject= 0xb400007316105280 sc.mNativeObject= 0xb40000731fab6840 caller= android.view.ViewRootImpl.updateBlastSurfaceIfNeeded:2909 android.view.ViewRootImpl.relayoutWindow:9847 android.view.ViewRootImpl.performTraversals:3884 android.view.ViewRootImpl.doTraversal:3116 android.view.ViewRootImpl$TraversalRunnable.run:10885 android.view.Choreographer$CallbackRecord.run:1301 android.view.Choreographer$CallbackRecord.run:1309 android.view.Choreographer.doCallbacks:923 android.view.Choreographer.doFrame:852 android.view.Choreographer$FrameDisplayEventReceiver.run:1283
07-28 18:56:32.135  9007  9007 I BLASTBufferQueue: update, w= 1080 h= 2400 mName = ViewRootImpl@de71d4d[VerticalListActivity] mNativeObject= 0xb400007316105280 sc.mNativeObject= 0xb40000731fab6840 format= -1 caller= android.graphics.BLASTBufferQueue.<init>:84 android.view.ViewRootImpl.updateBlastSurfaceIfNeeded:2909 android.view.ViewRootImpl.relayoutWindow:9847 android.view.ViewRootImpl.performTraversals:3884 android.view.ViewRootImpl.doTraversal:3116 android.view.ViewRootImpl$TraversalRunnable.run:10885
07-28 18:56:32.136  9007  9007 I ViewRootImpl@de71d4d[VerticalListActivity]: Relayout returned: old=(0,0,1080,2400) new=(0,0,1080,2400) req=(1080,2400)0 dur=19 res=0x3 s={true 0xb40000728f7d4800} ch=true seqId=0
07-28 18:56:32.138  9007  9037 D OpenGLRenderer: eglCreateWindowSurface
07-28 18:56:32.139  9007  9007 I ViewRootImpl@de71d4d[VerticalListActivity]: mThreadedRenderer.initialize() mSurface={isValid=true 0xb40000728f7d4800} hwInitialized=true
07-28 18:56:32.155  1127  1127 I Layer   : id=178891 removeFromCurrentState Surface(name=f59a3f7 StatusBar)/@0xc90eccd - animation-leash of insets_animation#178891 (124)
07-28 18:56:32.155  1127  1127 I Layer   : id=178892 removeFromCurrentState Surface(name=3aacd27 NavigationBar0)/@0x501b17d - animation-leash of insets_animation#178892 (124)
07-28 18:56:32.155  1127  1127 I SurfaceFlinger: [3e4fb7f com.example.dogglers/com.example.dogglers.VerticalListActivity#178908] FrameRatePriority: 1
07-28 18:56:32.155  1127  1127 D SurfaceFlinger: [input] inputWindowCommands.focusRequests size is 1
07-28 18:56:32.156  1127  1127 I SurfaceFlinger: id=178891 Removed Surface(name=f59a3f7 StatusBar)/@0xc90eccd - animation-leash of insets_animation#178891 (124)
07-28 18:56:32.156  1127  1127 I SurfaceFlinger: id=178892 Removed Surface(name=3aacd27 NavigationBar0)/@0x501b17d - animation-leash of insets_animation#178892 (124)
07-28 18:56:32.156  1127  1127 I Layer   : id=178891 Destroyed Surface(name=f59a3f7 StatusBar)/@0xc90eccd - animation-leash of insets_animation#178891
07-28 18:56:32.156  1127  1127 I Layer   : id=178892 Destroyed Surface(name=3aacd27 NavigationBar0)/@0x501b17d - animation-leash of insets_animation#178892
07-28 18:56:32.157  1127  1386 D SurfaceFlinger: [input] setFocusedWindow: 3e4fb7f com.example.dogglers/com.example.dogglers.VerticalListActivity
07-28 18:56:32.157  1624  3704 D InputDispatcher: Focus request (0): 3e4fb7f com.example.dogglers/com.example.dogglers.VerticalListActivity but waiting because NO_WINDOW
07-28 18:56:32.158   539   539 I lmkd    : cached 1, sandbox(not0) 0
07-28 18:56:32.158  1064  1064 I Zygote  : Process 8365 exited due to signal 9 (Killed)
07-28 18:56:32.159  1624  1682 I libprocessgroup: Successfully killed process cgroup uid 10084 pid 8365 in 0ms
07-28 18:56:32.220  9007  9007 I ViewRootImpl@de71d4d[VerticalListActivity]: reportNextDraw android.view.ViewRootImpl.performTraversals:4438 android.view.ViewRootImpl.doTraversal:3116 android.view.ViewRootImpl$TraversalRunnable.run:10885 android.view.Choreographer$CallbackRecord.run:1301 android.view.Choreographer$CallbackRecord.run:1309
07-28 18:56:32.220  9007  9007 I ViewRootImpl@de71d4d[VerticalListActivity]: Setup new sync id=0
07-28 18:56:32.220  9007  9007 I ViewRootImpl@de71d4d[VerticalListActivity]: Setting syncFrameCallback
07-28 18:56:32.220  9007  9007 I ViewRootImpl@de71d4d[VerticalListActivity]: registerCallbacksForSync syncBuffer=false
07-28 18:56:32.235  9007  9063 I ViewRootImpl@de71d4d[VerticalListActivity]: Received frameDrawingCallback syncResult=0 frameNum=1.
07-28 18:56:32.235  9007  9063 I ViewRootImpl@de71d4d[VerticalListActivity]: Setting up sync and frameCommitCallback
07-28 18:56:32.243  9007  9037 I BLASTBufferQueue: [ViewRootImpl@de71d4d[VerticalListActivity]#6](f:0,a:0) onFrameAvailable the first frame is available
07-28 18:56:32.244  9007  9037 D BLASTBufferQueue: [ViewRootImpl@de71d4d[VerticalListActivity]#6](f:0,a:1) acquireNextBufferLocked size=1080x2400 mFrameNumber=1 applyTransaction=true mTimestamp=1010961042564488(auto) mPendingTransactions.size=0 graphicBufferId=38684770435092 transform=0
07-28 18:56:32.244  9007  9037 I ViewRootImpl@de71d4d[VerticalListActivity]: Received frameCommittedCallback lastAttemptedDrawFrameNum=1 didProduceBuffer=true
07-28 18:56:32.246  9007  9037 D OpenGLRenderer: CFMS:: SetUp Pid : 9007    Tid : 9037
07-28 18:56:32.247  9007  9037 W Parcel  : Expecting binder but got null!
07-28 18:56:32.247  9007  9007 I ViewRootImpl@de71d4d[VerticalListActivity]: onSyncComplete
07-28 18:56:32.247  9007  9007 I ViewRootImpl@de71d4d[VerticalListActivity]: setupSync seqId=0 mSyncId=0 fn=1 caller=android.view.ViewRootImpl$$ExternalSyntheticLambda11.accept:6 android.window.SurfaceSyncer.lambda$setupSync$1$android-window-SurfaceSyncer:128 android.window.SurfaceSyncer$$ExternalSyntheticLambda1.accept:8 android.window.SurfaceSyncer$SyncSet.checkIfSyncIsComplete:382 android.window.SurfaceSyncer$SyncSet.markSyncReady:359 android.window.SurfaceSyncer.markSyncReady:151 android.view.ViewRootImpl.performTraversals:4503
07-28 18:56:32.248  9007  9007 I ViewRootImpl@de71d4d[VerticalListActivity]: reportDrawFinished seqId=0 mSyncId=-1 fn=1 mSurfaceChangedTransaction=0xb40000728f6d5b00
07-28 18:56:32.251  1624  1669 I SemDvfsHyPerManager: acquire hyper - AMS_RESUME_TAIL/1624@21, type = -999
07-28 18:56:32.252  1624  1669 I SemDvfsHyPerManager: acquire hyper - AMS_ACT_LAZY/1624@22, type = -999
07-28 18:56:32.252  1090  1150 I HYPER-HAL: [RequestManager.cpp]acquire(): Acquired ID : 1353856  [1624 / 21]    HINT : AMS_RESUME_TAIL    list :
07-28 18:56:32.252  1624  1665 W ziparchive: Unable to open '/data/app/~~RqwEkAPnBZtTvJ-WAeAgzw==/com.example.dogglers-LNHwQbSjO_yQRomBmsyq3g==/base.dm': No such file or directory
07-28 18:56:32.252  1090  1150 I mtkpower_client: perf_lock_rel, hdl:81817, tid:1150
07-28 18:56:32.253  1090  1150 I mtkpower_client: perf_lock_acq, hdl:0, dur:0, num:2, tid:1150
07-28 18:56:32.253  1093  1167 I libPowerHal: [perfLockRel] hdl:81817, idx:0
07-28 18:56:32.253  1093  1167 I libPowerHal: [PD] vendor.samsung. update cmd:1c3c000, param:1
07-28 18:56:32.253  1093  1167 I libPowerHal: [PD] (less) /proc/mcdi/state set +prefix:enable 1;
07-28 18:56:32.254  1624  1665 I PkgPredictorService-SecIpmManagerServiceImpl: reportToNAP uid:10520 com.example.dogglers/com.example.dogglers.VerticalListActivity thisTime:408
07-28 18:56:32.254  1090  1150 I mtkpower_client: ret_hdl:81819
07-28 18:56:32.254  1090  1150 I mtkpower_client: perf_lock_rel, hdl:81818, tid:1150
07-28 18:56:32.254  1624  3610 E libprocessgroup: Failed to find cgroup for tid 3610
07-28 18:56:32.254  1624  3610 W libprocessgroup: Failed to apply DoNothingOlaf task profile: Try again
07-28 18:56:32.254  1093  1167 I libPowerHal: [perfLockAcq] idx:2 hdl:81819 hint:-1 pid:1090 duration:0 lock_user:vendor.samsung. => ret_hdl:81819
07-28 18:56:32.255  1093  1167 I libPowerHal: [PE] (less) /proc/mcdi/state set +prefix:enable 0;
07-28 18:56:32.255  1127  3782 I SurfaceFlinger: id=178912 createSurf flag=24000, Surface(name=3e4fb7f com.example.dogglers/com.example.dogglers.VerticalListActivity)/@0x7bde3e4 - animation-leash of starting_reveal#178912
07-28 18:56:32.255  1127  1127 D BufferStateLayer: com.example.dogglers/com.example.dogglers.VerticalListActivity$_9007#178909 setBuffer frameId=1, bufferId=38684770435092 fenceId=432, w= 1080, h=2400
07-28 18:56:32.255  1090  1150 I mtkpower_client: perf_lock_acq, hdl:0, dur:0, num:2, tid:1150
07-28 18:56:32.255  1093  1167 I libPowerHal: [perfLockRel] hdl:81818, idx:3
07-28 18:56:32.255  1093  1167 I libPowerHal: [PD] vendor.samsung. update cmd:1000000, param:-1
07-28 18:56:32.256  1093  1167 I libPowerHal: [PD] vendor.samsung. update cmd:1000000 param:-1
07-28 18:56:32.257  1624  2958 D InputDispatcher: Focus entered window (0): 3e4fb7f com.example.dogglers/com.example.dogglers.VerticalListActivity
07-28 18:56:32.259  9007  9007 D RootViewPicker: Root not ready - waiting: 10ms for one to appear.
07-28 18:56:32.260  1090  1150 I mtkpower_client: ret_hdl:81820
07-28 18:56:32.260  9007  9007 I ViewRootImpl@de71d4d[VerticalListActivity]: MSG_WINDOW_FOCUS_CHANGED 1 0
07-28 18:56:32.260  1090  1150 I mtkpower_client: perf_lock_rel, hdl:81819, tid:1150
07-28 18:56:32.260  9007  9007 I ViewRootImpl@de71d4d[VerticalListActivity]: mThreadedRenderer.initializeIfNeeded()#2 mSurface={isValid=true 0xb40000728f7d4800}
07-28 18:56:32.261  1127  1127 D SurfaceFlinger: Display 0 HWC layers:
07-28 18:56:32.261  1127  1127 D SurfaceFlinger:      DEVICE | 0xb4000075f544c680 | 0102 | RGBA_8888    |    0.0    0.0 1080.0 2400.0 |    0    0 1080 2400 | com.example.dogglers/com.example.dogglers.VerticalListActivity$_9007#178909
07-28 18:56:32.261  1127  1127 D SurfaceFlinger:      DEVICE | 0xb4000075f544c800 | 0100 | RGBA_8888    |    0.0    0.0 1080.0 2400.0 |    0    0 1080 2400 | Splash Screen com.example.dogglers$_17091#178902
07-28 18:56:32.261  1127  1127 D SurfaceFlinger:      DEVICE | 0xb400007623228f80 | 0100 | RGBA_8888    |    0.0    0.0 1080.0   80.0 |    0    0 1080   80 | StatusBar$_17091#176350
07-28 18:56:32.261  1127  1127 D SurfaceFlinger:      DEVICE | 0xb4000075f544b480 | 0100 | RGBA_8888    |    0.0    0.0 1080.0  135.0 |    0 2265 1080 2400 | NavigationBar0$_17091#176345
07-28 18:56:32.261  1127  1127 D SurfaceFlinger:      DEVICE | 0xb4000076232f1a80 | 0140 | RGBA_8888    |    0.0    0.0 1080.0  150.0 |    0    0 1080  150 | ScreenDecorOverlay$_17091#176358
07-28 18:56:32.261  1127  1127 D SurfaceFlinger:      DEVICE | 0xb400007621856400 | 0140 | RGBA_8888    |    0.0    0.0 1080.0  150.0 |    0 2250 1080 2400 | ScreenDecorOverlayBottom$_17091#176359
07-28 18:56:32.261  1127  1127 D SurfaceFlinger:
07-28 18:56:32.261  1624  1665 I ActivityTaskManager: Displayed com.example.dogglers/.VerticalListActivity: +408ms
07-28 18:56:32.262  9007  9007 D InputMethodManager: startInputInner - Id : 0
07-28 18:56:32.262  9007  9007 I InputMethodManager: startInputInner - mService.startInputOrWindowGainedFocus
07-28 18:56:32.262  3746  3746 E pageboostd: Received HALT command code 2
07-28 18:56:32.264  1093  1167 I libPowerHal: [perfLockAcq] idx:0 hdl:81820 hint:-1 pid:1090 duration:0 lock_user:vendor.samsung. => ret_hdl:81820
07-28 18:56:32.264  1093  1167 I libPowerHal: [PE] vendor.samsung. update cmd:1000000, param:0
07-28 18:56:32.264  1093  1167 I libPowerHal: [PE] vendor.samsung. update cmd:1000000 param:0
07-28 18:56:32.265  1090  1150 I mtkpower_client: perf_lock_acq, hdl:0, dur:0, num:2, tid:1150
07-28 18:56:32.265  1093  1167 I libPowerHal: [perfLockRel] hdl:81819, idx:2
07-28 18:56:32.266  1093  1167 I libPowerHal: [PD] vendor.samsung. update cmd:1c3c000, param:1
07-28 18:56:32.266  1093  1167 I libPowerHal: [PD] (less) /proc/mcdi/state set +prefix:enable 1;
07-28 18:56:32.267  1624  2958 D InputMethodManagerService: mDesktopModeManager null!
07-28 18:56:32.267  1090  1150 I mtkpower_client: ret_hdl:81821
07-28 18:56:32.267  1624  2958 V InputMethodManagerService: getDisplayIdOfInputMethodWindowToBeAdded: displayId=0
07-28 18:56:32.267  1090  1150 I mtkpower_client: perf_lock_rel, hdl:81815, tid:1150
07-28 18:56:32.268  1093  1167 I libPowerHal: [perfLockAcq] idx:2 hdl:81821 hint:-1 pid:1090 duration:0 lock_user:vendor.samsung. => ret_hdl:81821
07-28 18:56:32.268  1624  2958 D InputMethodManagerService: isImeSwitcherDisabledPackage : false
07-28 18:56:32.268  1093  1167 I libPowerHal: [PE] (less) /proc/mcdi/state set +prefix:enable 0;
07-28 18:56:32.269  1090  1150 I mtkpower_client: perf_lock_acq, hdl:0, dur:0, num:2, tid:1150
07-28 18:56:32.269   539   539 I lmkd    : 1(delay), 0(swap), 0(freelimit), 0(reentrymode) memory pressure events were skipped after a kill!
07-28 18:56:32.270  1093  1167 I libPowerHal: [perfLockRel] hdl:81815, idx:1
07-28 18:56:32.270  1093  1167 I libPowerHal: vendor.samsung.: cpu_ctrl set cpu freq: -1 -1 -1 -1
07-28 18:56:32.270   539   539 I lmkd    : cached 1, sandbox(not0) 0
07-28 18:56:32.270  1090  1150 I mtkpower_client: ret_hdl:81822
07-28 18:56:32.270  1090  1150 I mtkpower_client: perf_lock_rel, hdl:81820, tid:1150
07-28 18:56:32.270  1093  1167 I libPowerHal: [perfLockAcq] idx:3 hdl:81822 hint:-1 pid:1090 duration:0 lock_user:vendor.samsung. => ret_hdl:81822
07-28 18:56:32.270  1093  1167 I libPowerHal: vendor.samsung.: cpu_ctrl set cpu freq: 1800000 -1 -1 -1
07-28 18:56:32.271  1624  2958 D InputMethodManagerService: checkDisplayOfStartInputAndUpdateKeyboard: displayId=0, mFocusedDisplayId=0
07-28 18:56:32.271  1624  2958 D InputTransport: Input channel constructed: 'ClientS', fd=1063
07-28 18:56:32.271  1624  2958 D InputTransport: Input channel destroyed: 'ClientS', fd=1063
07-28 18:56:32.271  5607  5607 I HBD     : HoneyBoardService onFinishInput
07-28 18:56:32.271  1090  1150 I mtkpower_client: perf_lock_acq, hdl:0, dur:0, num:2, tid:1150
07-28 18:56:32.272  1093  1167 I libPowerHal: [perfLockRel] hdl:81820, idx:0
07-28 18:56:32.272  1093  1167 I libPowerHal: [PD] vendor.samsung. update cmd:1000000, param:-1
07-28 18:56:32.272  1093  1167 I libPowerHal: [PD] vendor.samsung. update cmd:1000000 param:-1
07-28 18:56:32.272  5607  5607 I HBD     : a IC have been unbinding,  RemoteInputConnection{idHash=#9da3e68}
07-28 18:56:32.272  5607  5607 I HBD     : HoneyBoardService [PF_CL][onFinishInput]  0 ms
07-28 18:56:32.273  1127  2023 I SurfaceFlinger: id=178913 createSurf flag=24004, Surface(name=d8adfc2 InputMethod)/@0xc2b360e - animation-leash of insets_animation#178913
07-28 18:56:32.273  5607  5607 I HBD     : HoneyBoardService [IMI] onStartInput - caller pid : 9007 , caller uid : 10520
07-28 18:56:32.273  5607  5607 I HBD     : j updateConfigs
07-28 18:56:32.273  5607  5607 I HBD     : j isEnabledNightMode : false
07-28 18:56:32.273  5607  5607 I HBD     : a IC have been binding, RemoteInputConnection{idHash=#d607281}
07-28 18:56:32.273  5607  5607 I HBD     : h [EditorInputType]setPrivateImeOptionsToTable privateImeOptions ( null )
07-28 18:56:32.273  5607  5607 I HBD     : b incognitoMode : false
07-28 18:56:32.273  5607  5607 I HBD     : a needOff = true , isForceOff = false, isNullInputClass : true
07-28 18:56:32.273 17091 17124 D OpenGLRenderer: setSurface called with nullptr
07-28 18:56:32.273  5607  5607 I HBD     : h getDefaultInputRange : UNKNOWN
07-28 18:56:32.273 17091 17124 D OpenGLRenderer: setSurface() destroyed EGLSurface
07-28 18:56:32.273 17091 17124 D OpenGLRenderer: destroyEglSurface
07-28 18:56:32.273  5607  5607 I HBD     : h getDefaultInputRange : UNKNOWN
07-28 18:56:32.273  5607  5607 I HBD     : h getDefaultInputRange : UNKNOWN
07-28 18:56:32.277  1624  1688 W libprocessgroup: Failed to open /dev/blkio//cgroup.procs: No such file or directory
07-28 18:56:32.277 17091 17121 I ViewRootImpl@377d1dd[dogglers]: performTraversals params={(0,0)(fillxfill) sim={adjust=pan} ty=APPLICATION_STARTING fmt=TRANSLUCENT wanim=0x1030001 alpha=0.0
07-28 18:56:32.277 17091 17121 I ViewRootImpl@377d1dd[dogglers]:   fl=81030118
07-28 18:56:32.277 17091 17121 I ViewRootImpl@377d1dd[dogglers]:   pfl=16000010
07-28 18:56:32.277 17091 17121 I ViewRootImpl@377d1dd[dogglers]:   bhv=DEFAULT
07-28 18:56:32.277 17091 17121 I ViewRootImpl@377d1dd[dogglers]:   fitSides= naviIconColor=0}
07-28 18:56:32.277 17091 17121 I ViewRootImpl@377d1dd[dogglers]: performTraversals mFirst=false windowShouldResize=false viewVisibilityChanged=true mForceNextWindowRelayout=false params={(0,0)(fillxfill) sim={adjust=pan} ty=APPLICATION_STARTING fmt=TRANSLUCENT wanim=0x1030001 alpha=0.0
07-28 18:56:32.277 17091 17121 I ViewRootImpl@377d1dd[dogglers]:   fl=81030118
07-28 18:56:32.277 17091 17121 I ViewRootImpl@377d1dd[dogglers]:   pfl=16000010
07-28 18:56:32.277 17091 17121 I ViewRootImpl@377d1dd[dogglers]:   bhv=DEFAULT
07-28 18:56:32.277 17091 17121 I ViewRootImpl@377d1dd[dogglers]:   fitSides= naviIconColor=0}
07-28 18:56:32.278  1624  2958 V WindowManager: Relayout Window{89b02bc u0 Splash Screen com.example.dogglers}: viewVisibility=8 req=1080x2400 d0
07-28 18:56:32.278  1233  8026 I CameraService: onUidStateChanged: uid=10063, procState is changed. (1 -> 0)
07-28 18:56:32.278  1090  1150 I mtkpower_client: ret_hdl:81823
07-28 18:56:32.278  1090  1150 I HYPER-HAL: [RequestManager.cpp]releaseLocked(): Released ID : 1372028
07-28 18:56:32.280  1093  1167 I libPowerHal: [perfLockAcq] idx:0 hdl:81823 hint:-1 pid:1090 duration:0 lock_user:vendor.samsung. => ret_hdl:81823
07-28 18:56:32.281  1093  1167 I libPowerHal: [PE] vendor.samsung. update cmd:1000000, param:0
07-28 18:56:32.281  1093  1167 I libPowerHal: [PE] vendor.samsung. update cmd:1000000 param:0
07-28 18:56:32.281  9007  9007 I ViewInteraction: Performing 'fast swipe' action on view view.getId() is <2131231207/com.example.dogglers:id/vertical_recycler_view>
07-28 18:56:32.281 17091 17091 D NavigationBar: onSystemBarAttributesChanged() -  displayId:0, appearance:16, packageName: com.example.dogglers (APPEARANCE_LIGHT_NAVIGATION_BARS ), navbarColorManagedByIme:false
07-28 18:56:32.283 17091 17091 D SamsungLightBarControlHelper: updateNavigation(Black button) isLightBar:false, hasLightBarNavigationBarFlag:true, packageName:com.example.dogglers, DirectReplying:false, NavBarColorManagerdByIme:false, ForceDarkForScrim:false, QsCustomizing:false, PanelHasWhiteBg:true
07-28 18:56:32.287  1624  2958 V WindowManager: Relayout hash=89b02bc, pid=17091, syncId=-1: mAttrs={(0,0)(fillxfill) sim={adjust=pan} ty=APPLICATION_STARTING fmt=TRANSLUCENT wanim=0x1030001 alpha=0.0
07-28 18:56:32.287  1624  2958 V WindowManager:   fl=81030118
07-28 18:56:32.287  1624  2958 V WindowManager:   pfl=16000010
07-28 18:56:32.287  1624  2958 V WindowManager:   bhv=DEFAULT
07-28 18:56:32.287  1624  2958 V WindowManager:   fitSides= naviIconColor=0}
07-28 18:56:32.287  9007  9007 D InsetsController: onStateChanged: InsetsState: {mDisplayFrame=Rect(0, 0 - 1080, 2400), mDisplayCutout=DisplayCutout{insets=Rect(0, 80 - 0, 0) waterfall=Insets{left=0, top=0, right=0, bottom=0} boundingRect={Bounds=[Rect(0, 0 - 0, 0), Rect(468, 0 - 612, 80), Rect(0, 0 - 0, 0), Rect(0, 0 - 0, 0)]} cutoutPathParserInfo={CutoutPathParserInfo{displayWidth=1080 displayHeight=2400 physicalDisplayWidth=1080 physicalDisplayHeight=2400 density={2.625} cutoutSpec={M 0,0 H -27.42857142857143 V 30.47619047619048 H 27.42857142857143 V 0 H 0 Z @dp} rotation={0} scale={1.0} physicalPixelDisplaySizeRatio={1.0}}}}, mRoundedCorners=RoundedCorners{[RoundedCorner{position=TopLeft, radius=90, center=Point(90, 90)}, RoundedCorner{position=TopRight, radius=90, center=Point(990, 90)}, RoundedCorner{position=BottomRight, radius=90, center=Point(990, 2310)}, RoundedCorner{position=BottomLeft, radius=90, center=Point(90, 2310)}]}  mRoundedCornerFrame=Rect(0, 0 - 1080, 2400), mPrivacyIndicatorBounds=PrivacyIndicatorBounds {static bounds=Rect(956, 0 - 1080, 80) rotation=0}, mSources= { InsetsSource: {mType=ITYPE_STATUS_BAR, mFrame=[0,0][1080,80], mVisible=true, mInsetsRoundedCornerFrame=false}, InsetsSource: {mType=ITYPE_NAVIGATION_BAR, mFrame=[0,2265][1080,2400], mVisible=true, mInsetsRoundedCornerFrame=false}, InsetsSource: {mType=ITYPE_LEFT_GESTURES, mFrame=[0,0][0,2400], mVisible=true, mInsetsRoundedCornerFrame=false}, InsetsSource: {mType=ITYPE_RIGHT_GESTURES, mFrame=[1080,0][1080,2400], mVisible=true, mInsetsRoundedCornerFrame=false}, InsetsSource: {mType=ITYPE_TOP_MANDATORY_GESTURES, mFrame=[0,0][1080,114], mVisible=true, mInsetsRoundedCornerFrame=false}, InsetsSource: {mType=ITYPE_BOTTOM_MANDATORY_GESTURES, mFrame=[0,2265][1080,2400], mVisible=true, mInsetsRoundedCornerFrame=false}, InsetsSource: {mType=ITYPE_LEFT_DISPLAY_CUTOUT, mFrame=[0,0][-100000,2400], mVisible=true, mInsetsRoundedCornerFrame=false}, InsetsSource: {mType=ITYPE_TOP_DISPLAY_CUTOUT, mFrame=[0,0][1080,80], mVisible=true, mInsetsRoundedCornerFrame=false}, InsetsSource: {mType=ITYPE_RIGHT_DISPLAY_CUTOUT, mFrame=[100000,0][1080,2400], mVisible=true, mInsetsRoundedCornerFrame=false}, InsetsSource: {mType=ITYPE_BOTTOM_DISPLAY_CUTOUT, mFrame=[0,100000][1080,2400], mVisible=true, mInsetsRoundedCornerFrame=false}, InsetsSource: {mType=ITYPE_TOP_TAPPABLE_ELEMENT, mFrame=[0,0][1080,80], mVisible=true, mInsetsRoundedCornerFrame=false}, InsetsSource: {mType=ITYPE_BOTTOM_TAPPABLE_ELEMENT, mFrame=[0,2265][1080,2400], mVisible=true, mInsetsRoundedCornerFrame=false}, InsetsSource: {mType=ITYPE_IME, mFrame=[0,0][0,0], mVisibleFrame=[0,1243][1080,2400], mVisible=false, mInsetsRoundedCornerFrame=false} } host=com.example.dogglers/com.example.dogglers.VerticalListActivity from=android.view.ViewRootImpl$ViewRootHandler.handleMessageImpl:6740
07-28 18:56:32.289  1127  1127 I Layer   : id=178897 removeFromCurrentState Surface(name=d8adfc2 InputMethod)/@0xc2b360e - animation-leash of insets_animation#178897 (124)
07-28 18:56:32.289  1127  1127 I Layer   : Layer [Splash Screen com.example.dogglers$_17091#178902] hidden!! flag(1)
07-28 18:56:32.289 17091 17121 D BLASTBufferQueue: [ViewRootImpl@377d1dd[dogglers]#89](f:0,a:1) destructor()
07-28 18:56:32.289  5607  5607 I HBD     : a needOff = true , isForceOff = false, isNullInputClass : true
07-28 18:56:32.289 17091 17121 D BufferQueueConsumer: [ViewRootImpl@377d1dd[dogglers]#89(BLAST Consumer)89](id:42c300000059,api:0,p:-1,c:17091) disconnect
07-28 18:56:32.289  5607  5607 I HBD     : a update cached prediction status : false
07-28 18:56:32.289  1127  1127 I SurfaceFlinger: id=178897 Removed Surface(name=d8adfc2 InputMethod)/@0xc2b360e - animation-leash of insets_animation#178897 (124)
07-28 18:56:32.290  5607  5607 I HBD     : h getDefaultInputRange : UNKNOWN
07-28 18:56:32.290  1127  1127 I Layer   : id=178897 Destroyed Surface(name=d8adfc2 InputMethod)/@0xc2b360e - animation-leash of insets_animation#178897
07-28 18:56:32.290  5607  5607 I HBD     : a currentState : 0
07-28 18:56:32.290  1624  2958 D InputDispatcher: Inject motion (9007/10520): action=0x0, time=1010961084000000, f=0x0, d=0 dsdx=1.000000 dtdx=0.000000
07-28 18:56:32.290 17091 17121 I ViewRootImpl@377d1dd[dogglers]: Relayout returned: old=(0,0,1080,2400) new=(0,0,1080,2400) req=(1080,2400)8 dur=12 res=0x2 s={false 0x0} ch=true seqId=0
07-28 18:56:32.290  5607  5607 I HBD     : a [UpdatePolicy] [post] a: 0 cl: 65538 kit: [0/0] vt: 0 ir: 1
07-28 18:56:32.290  5607  5607 I HBD     : a [NRIC] resetNoResponseState
07-28 18:56:32.291  5607  5607 I HBD     : a needOff = true , isForceOff = false, isNullInputClass : true
07-28 18:56:32.291  5607  5607 I HBD     : a update cached prediction status : false
07-28 18:56:32.291  1624  2033 W InputDispatcher: obscured by 89b02bc Splash
07-28 18:56:32.291  1624  2033 I InputDispatcher: Delivering touch to (17091): action: 0x4, f=0x0, d=0, '3aacd27', t=0
07-28 18:56:32.291 17091 17121 I ViewRootImpl@377d1dd[dogglers]: dispatchDetachedFromWindow
07-28 18:56:32.291  1624  2033 I InputDispatcher: Delivering touch to (9007): action: 0x0, f=0x1, d=0, '3e4fb7f', t=0
07-28 18:56:32.293  5607  5607 I HBD     : HoneyBoardService [PF_OP][onStartInput]  20 ms
07-28 18:56:32.295  1127  1127 D SurfaceFlinger: Display 0 HWC layers:
07-28 18:56:32.295  1127  1127 D SurfaceFlinger:      DEVICE | 0xb4000075f544cc80 | 0102 | RGBA_8888    |    0.0    0.0 1080.0 2400.0 |    0    0 1080 2400 | com.example.dogglers/com.example.dogglers.VerticalListActivity$_9007#178909
07-28 18:56:32.295  1127  1127 D SurfaceFlinger:      DEVICE | 0xb400007623228f80 | 0100 | RGBA_8888    |    0.0    0.0 1080.0   80.0 |    0    0 1080   80 | StatusBar$_17091#176350
07-28 18:56:32.295  1127  1127 D SurfaceFlinger:      DEVICE | 0xb4000075f544b480 | 0100 | RGBA_8888    |    0.0    0.0 1080.0  135.0 |    0 2265 1080 2400 | NavigationBar0$_17091#176345
07-28 18:56:32.295  1127  1127 D SurfaceFlinger:      DEVICE | 0xb4000076232f1a80 | 0140 | RGBA_8888    |    0.0    0.0 1080.0  150.0 |    0    0 1080  150 | ScreenDecorOverlay$_17091#176358
07-28 18:56:32.295  1127  1127 D SurfaceFlinger:      DEVICE | 0xb400007621856400 | 0140 | RGBA_8888    |    0.0    0.0 1080.0  150.0 |    0 2250 1080 2400 | ScreenDecorOverlayBottom$_17091#176359
07-28 18:56:32.295  1127  1127 D SurfaceFlinger:
07-28 18:56:32.295  1624  3704 D InputTransport: Input channel destroyed: '89b02bc', fd=1079
07-28 18:56:32.295  1624  3704 W InputManager-JNI: Input channel object '89b02bc Splash Screen com.example.dogglers (client)' was disposed without first being removed with the input manager!
07-28 18:56:32.295  1624  3704 D InputTransport: Input channel destroyed: '89b02bc', fd=1080
07-28 18:56:32.300 17091 17121 D InputTransport: Input channel destroyed: '89b02bc', fd=256
07-28 18:56:32.300  1624  2705 D InputMethodManagerService: isImeSwitcherDisabledPackage : false
07-28 18:56:32.300  1624  1666 I GestureDetector: obtain mCurrentDownEvent. id: -490220552 caller: com.android.server.wm.SystemGesturesPointerEventListener.onPointerEvent:203 com.android.server.wm.PointerEventDispatcher.onInputEvent:53 android.view.InputEventReceiver.dispatchInputEvent:285
07-28 18:56:32.301  1624  1666 I GestureDetector: obtain mCurrentDownEvent. id: -490220552 caller: com.android.server.wm.SystemPerformancePointerEventListener.onPointerEvent:89 com.android.server.wm.PointerEventDispatcher.onInputEvent:53 android.view.InputEventReceiver.dispatchInputEvent:285
07-28 18:56:32.301  5607  5607 I InputMethodService: removeImeSurface
07-28 18:56:32.302  5607  5607 I MSHandlerLifeCycle: check: return. pkg=com.samsung.android.honeyboard isActivity=false callers=com.android.internal.policy.DecorView.setVisibility:4411 android.app.Dialog.hide:767 android.inputmethodservice.InputMethodService.removeImeSurface:1290 android.inputmethodservice.InputMethodService.scheduleImeSurfaceRemoval:1279 android.inputmethodservice.InputMethodService.-$$Nest$mscheduleImeSurfaceRemoval:0
07-28 18:56:32.302  5607  5607 I MSHandlerLifeCycle: removeMultiSplitHandler: no exist. decor=DecorView@4ed7bdc[InputMethod]
07-28 18:56:32.303  9007  9007 I ViewRootImpl@de71d4d[VerticalListActivity]: ViewPostIme pointer 0
07-28 18:56:32.305  1127  1127 I Layer   : id=178901 removeFromCurrentState 89b02bc Splash Screen com.example.dogglers#178901 (123)
07-28 18:56:32.305  1127  1127 I Layer   : id=178902 removeFromCurrentState Splash Screen com.example.dogglers$_17091#178902 (123)
07-28 18:56:32.305  1127  1127 I Layer   : id=178912 removeFromCurrentState Surface(name=3e4fb7f com.example.dogglers/com.example.dogglers.VerticalListActivity)/@0x7bde3e4 - animation-leash of starting_reveal#178912 (123)
07-28 18:56:32.305  1127  1127 I Layer   : id=178902 removeFromCurrentState Splash Screen com.example.dogglers$_17091#178902 (123)
07-28 18:56:32.305  1127  1127 I SurfaceFlinger: id=178901 Removed 89b02bc Splash Screen com.example.dogglers#178901 (123)
07-28 18:56:32.305  1127  1127 I SurfaceFlinger: id=178902 Removed Splash Screen com.example.dogglers$_17091#178902 (123)
07-28 18:56:32.306  1624  2825 D BrightnessHandler: inject brightness = 74.0, Brightness: 0.28941175
07-28 18:56:32.306  1127  1127 I Layer   : id=178901 Destroyed 89b02bc Splash Screen com.example.dogglers#178901
07-28 18:56:32.306  1127  1127 I BufferQueueDebug: [Splash Screen com.example.dogglers$_17091#178902](this:0xb4000075f54dd838,id:-1,api:0,p:-1,c:1127) onDestructor()
07-28 18:56:32.306  1127  1127 I Layer   : id=178902 Destroyed Splash Screen com.example.dogglers$_17091#178902
07-28 18:56:32.306  1085  1085 I SensorsHub: LightSensor::injectSensorData: brightness 74
07-28 18:56:32.309  1624  2825 D BrightnessHandler: inject brightness = 74.0, Brightness: 0.28941175
07-28 18:56:32.310  1085  1085 I SensorsHub: LightSensor::injectSensorData: brightness 74
07-28 18:56:32.310  1624  2825 D BrightnessHandler: inject brightness = 74.0, Brightness: 0.28941175
07-28 18:56:32.310  1085  1085 I SensorsHub: LightSensor::injectSensorData: brightness 74
07-28 18:56:32.311  1624  2825 D BrightnessHandler: inject brightness = 74.0, Brightness: 0.28941175
07-28 18:56:32.311  1085  1085 I SensorsHub: LightSensor::injectSensorData: brightness 74
07-28 18:56:32.312  1091  1091 I SehLight: lcd : 74+
07-28 18:56:32.313  1093  1141 I mtkpower@impl: [setMode] type:5, enabled:0
07-28 18:56:32.317  1091  1091 I SehLight: lcd : 74-
07-28 18:56:32.342  9007  9015 I xample.dogglers: Compiler allocated 6133KB to compile void android.view.ViewRootImpl.performTraversals()
07-28 18:56:32.361 26793 26793 I A       : onPause
07-28 18:56:32.365  2212  2212 I HdmBroadcastRecvUpd: (REDACTED) received broadcast: %s
07-28 18:56:32.365  2212  2402 I HdmHotwordRequestListen: (REDACTED) received broadcast: %s
07-28 18:56:32.365  2212  2402 I SodaTriggeringFrontend: (REDACTED) #onConfigUpdate. requester: %s
07-28 18:56:32.366  2212  2401 I SodaTriggeringFrontend: #onConfigUpdate inside sequencer
07-28 18:56:32.366  2212  2401 I HotwordConfigUtils: (REDACTED) Voice Match (Speaker-id) supported : %b
07-28 18:56:32.366  2212  2401 I HotwordConfigUtils: (REDACTED) hotword enrollment state is enrolled:  %b, speakerId model exist: %b. Voice Match supported : %b
07-28 18:56:32.366  2212  2401 I HotwordConfigUtils: (REDACTED) isHotwordAvailable():  %b, isHotwordEnabled() %b
07-28 18:56:32.366  2212  2401 I HotwordConfigUtils: (REDACTED) isHotwordAvailable():  %b, isHotwordEnabled() %b
07-28 18:56:32.366  2212  2401 I HotwordConfigUtils: (REDACTED) Hotword enrollment state : %s.
07-28 18:56:32.366  2212  2401 I HotwordConfigUtils: (REDACTED) Voice Match (Speaker-id) supported : %b
07-28 18:56:32.366  2212  2401 I HotwordConfigUtils: (REDACTED) Voice Match (Speaker-id) supported : %b
07-28 18:56:32.366  2212  2401 I HotwordConfigUtils: (REDACTED) hotword enrollment state is enrolled:  %b, speakerId model exist: %b, voice match supported : %b
07-28 18:56:32.366  2212  2401 I HotwordConfigUtils: (REDACTED) Hotword isNonVoiceMatchHotwordEnabled: %b, isHotwordAvailable : %b, isHotwordEnabled : %b, isVoiceMatchSupported: %b, isHotwordEnrolled: %b.
07-28 18:56:32.367  2212  2401 I SodaTriggeringFrontend: (REDACTED) Ignore the legacy hotword request. voice match enabled %b, isHotwordSupported %b, isIncompleteEnrollmentState %b, nonVoiceMatchHotwordEnabled %b
07-28 18:56:32.383   539   539 I lmkd    : 1(delay), 0(swap), 0(freelimit), 0(reentrymode) memory pressure events were skipped after a kill!
07-28 18:56:32.420 26793 26793 I A       : onStop
07-28 18:56:32.435  1624  2791 D SemNscXgbMsL1: Probability - Cloud gaming: [0.3058842]
07-28 18:56:32.435  1624  2791 D SemNscXgbMsL1: Probability - Real time: [0.12620974]
07-28 18:56:32.435  1624  2791 D SemNscXgbMsL1: Probability - Non real time: [0.44852242]
07-28 18:56:32.435  1624  2791 D SemNscXgbMsL1: 1 sample inference time: 0.340923 msecs
07-28 18:56:32.436  1624  2791 D SemNscXgbL2Rt: L2 RT 1 sample inference time: 0.586769 msecs
07-28 18:56:32.437  1624  2791 D SemNscXgbL2Nrt: L2 NRT 1 sample inference time: 0.624 msecs
07-28 18:56:32.450  1624  5216 D InputDispatcher: Inject motion (9007/10520): action=0x1, time=1010961249000000, f=0x0, d=0 dsdx=1.000000 dtdx=0.000000
07-28 18:56:32.461  1090  9099 I mtkpower_client: perf_lock_rel, hdl:81821, tid:9099
07-28 18:56:32.461  1090  9099 I mtkpower_client: perf_lock_acq, hdl:0, dur:0, num:2, tid:9099
07-28 18:56:32.461  1093  1167 I libPowerHal: [perfLockRel] hdl:81821, idx:2
07-28 18:56:32.461  1093  1167 I libPowerHal: [PD] vendor.samsung. update cmd:1c3c000, param:1
07-28 18:56:32.461  1093  1167 I libPowerHal: [PD] (less) /proc/mcdi/state set +prefix:enable 1;
07-28 18:56:32.462  1090  9099 I mtkpower_client: ret_hdl:81824
07-28 18:56:32.462  1090  9099 I mtkpower_client: perf_lock_rel, hdl:81822, tid:9099
07-28 18:56:32.462  1093  1167 I libPowerHal: [perfLockAcq] idx:1 hdl:81824 hint:-1 pid:1090 duration:0 lock_user:vendor.samsung. => ret_hdl:81824
07-28 18:56:32.462  1093  1167 I libPowerHal: [PE] (less) /proc/mcdi/state set +prefix:enable 0;
07-28 18:56:32.463  1090  9099 I mtkpower_client: perf_lock_acq, hdl:0, dur:0, num:2, tid:9099
07-28 18:56:32.463  1093  1167 I libPowerHal: [perfLockRel] hdl:81822, idx:3
07-28 18:56:32.463  1093  1167 I libPowerHal: vendor.samsung.: cpu_ctrl set cpu freq: -1 -1 -1 -1
07-28 18:56:32.463  1090  9099 I mtkpower_client: ret_hdl:81825
07-28 18:56:32.463  1093  1167 I libPowerHal: [perfLockAcq] idx:2 hdl:81825 hint:-1 pid:1090 duration:0 lock_user:vendor.samsung. => ret_hdl:81825
07-28 18:56:32.463  1090  9099 I HYPER-HAL: [RequestManager.cpp]releaseLocked(): Released ID : 1370371
07-28 18:56:32.463  1093  1167 I libPowerHal: vendor.samsung.: cpu_ctrl set cpu freq: 1800000 -1 -1 -1
07-28 18:56:32.534  9007  9007 I ViewInteraction: Checking 'MatchesViewAssertion{viewMatcher=(view has effective visibility <VISIBLE> and view.getGlobalVisibleRect() to return non-empty rectangle)}' assertion on view an instance of android.widget.TextView and view.getText() with or without transformation to match: is "Faye"
07-28 18:56:32.534  9007  9007 E ViewAssertions: '(view has effective visibility <VISIBLE> and view.getGlobalVisibleRect() to return non-empty rectangle)' check could not be performed because view 'an instance of android.widget.TextView and view.getText() with or without transformation to match: is "Faye"' was not found.
07-28 18:56:32.539  1624  1668 I ChimeraSystemEventListener: appLaunchIntent package name is: com.example.dogglers
07-28 18:56:32.540  3746  3746 E pageboostd: Received HALT command code 2
07-28 18:56:32.541  1624  5216 I SemDvfsHyPerManager: acquire hyper - AMS_ACT_START/1624@19, type = -999
07-28 18:56:32.542  1090  1150 I HYPER-HAL: [RequestManager.cpp]acquire(): Acquired ID : 1350565  [1624 / 19]    HINT : AMS_ACT_START    list :
07-28 18:56:32.542  1090  1150 I mtkpower_client: perf_lock_rel, hdl:81825, tid:1150
07-28 18:56:32.543  1090  1150 I mtkpower_client: perf_lock_acq, hdl:0, dur:0, num:2, tid:1150
07-28 18:56:32.542  1127  2023 I SurfaceFlinger: id=178914 createSurf flag=80004, ActivityRecord{98ccc03 u0 com.example.dogglers/androidx.test.core.app.InstrumentationActivityInvoker$EmptyActivity} t30331}#178914
07-28 18:56:32.543  1093  1167 I libPowerHal: [perfLockRel] hdl:81825, idx:2
07-28 18:56:32.543  1093  1167 I libPowerHal: vendor.samsung.: cpu_ctrl set cpu freq: -1 -1 -1 -1
07-28 18:56:32.543  1090  1150 I mtkpower_client: ret_hdl:81826
07-28 18:56:32.543  1093  1167 I libPowerHal: [perfLockAcq] idx:2 hdl:81826 hint:-1 pid:1090 duration:0 lock_user:vendor.samsung. => ret_hdl:81826
07-28 18:56:32.543  1090  1150 I mtkpower_client: perf_lock_rel, hdl:81824, tid:1150
07-28 18:56:32.544  1093  1167 I libPowerHal: vendor.samsung.: cpu_ctrl set cpu freq: 1800000 -1 -1 -1
07-28 18:56:32.544  1090  1150 I mtkpower_client: perf_lock_acq, hdl:0, dur:0, num:2, tid:1150
07-28 18:56:32.544  1093  1167 I libPowerHal: [perfLockRel] hdl:81824, idx:1
07-28 18:56:32.544  1093  1167 I libPowerHal: [PD] vendor.samsung. update cmd:1c3c000, param:1
07-28 18:56:32.544  1093  1167 I libPowerHal: [PD] (less) /proc/mcdi/state set +prefix:enable 1;
07-28 18:56:32.545  1624  1668 I SemPersonaManager: SecureFolder personaId = 150
07-28 18:56:32.545  1093  1167 I libPowerHal: [perfLockAcq] idx:1 hdl:81827 hint:-1 pid:1090 duration:0 lock_user:vendor.samsung. => ret_hdl:81827
07-28 18:56:32.545  1090  1150 I mtkpower_client: ret_hdl:81827
07-28 18:56:32.545  1093  1167 I libPowerHal: [PE] (less) /proc/mcdi/state set +prefix:enable 0;
07-28 18:56:32.545  1090  1150 I mtkpower_client: perf_lock_rel, hdl:81823, tid:1150
07-28 18:56:32.545  1090  1150 I mtkpower_client: perf_lock_acq, hdl:0, dur:0, num:2, tid:1150
07-28 18:56:32.545  1093  1167 I libPowerHal: [perfLockRel] hdl:81823, idx:0
07-28 18:56:32.546  1093  1167 I libPowerHal: [PD] vendor.samsung. update cmd:1000000, param:-1
07-28 18:56:32.546  1093  1167 I libPowerHal: [PD] vendor.samsung. update cmd:1000000 param:-1
07-28 18:56:32.546  1090  1150 I mtkpower_client: ret_hdl:81828
07-28 18:56:32.546  1093  1167 I libPowerHal: [perfLockAcq] idx:0 hdl:81828 hint:-1 pid:1090 duration:0 lock_user:vendor.samsung. => ret_hdl:81828
07-28 18:56:32.546  1093  1167 I libPowerHal: [PE] vendor.samsung. update cmd:1000000, param:0
07-28 18:56:32.546  1093  1167 I libPowerHal: [PE] vendor.samsung. update cmd:1000000 param:0
07-28 18:56:32.551  9007  9007 D LifecycleMonitor: Lifecycle status change: com.example.dogglers.VerticalListActivity@e54558f in: PAUSED
07-28 18:56:32.552  9007  9007 V ActivityScenario: Update currentActivityStage to PAUSED, currentActivity=com.example.dogglers.VerticalListActivity@e54558f
07-28 18:56:32.558  1624  2705 D InputDispatcher: Focused application(0): ActivityRecord{98ccc03 u0 com.example.dogglers/androidx.test.core.app.InstrumentationActivityInvoker$EmptyActivity} t30331}
07-28 18:56:32.560  1090  9112 I mtkpower_client: perf_lock_rel, hdl:81827, tid:9112
07-28 18:56:32.560  1090  9112 I mtkpower_client: perf_lock_acq, hdl:0, dur:0, num:2, tid:9112
07-28 18:56:32.561  1093  1167 I libPowerHal: [perfLockRel] hdl:81827, idx:1
07-28 18:56:32.561  1093  1167 I libPowerHal: [PD] vendor.samsung. update cmd:1c3c000, param:1
07-28 18:56:32.561  1093  1167 I libPowerHal: [PD] (less) /proc/mcdi/state set +prefix:enable 1;
07-28 18:56:32.561  1090  9112 I mtkpower_client: ret_hdl:81829
07-28 18:56:32.561  1090  9112 I mtkpower_client: perf_lock_rel, hdl:81828, tid:9112
07-28 18:56:32.561  1093  1167 I libPowerHal: [perfLockAcq] idx:1 hdl:81829 hint:-1 pid:1090 duration:0 lock_user:vendor.samsung. => ret_hdl:81829
07-28 18:56:32.562  1093  1167 I libPowerHal: [PE] (less) /proc/mcdi/state set +prefix:enable 0;
07-28 18:56:32.562  1090  9112 I mtkpower_client: perf_lock_acq, hdl:0, dur:0, num:2, tid:9112
07-28 18:56:32.562  1093  1167 I libPowerHal: [perfLockRel] hdl:81828, idx:0
07-28 18:56:32.562  1093  1167 I libPowerHal: [PD] vendor.samsung. update cmd:1000000, param:-1
07-28 18:56:32.563  1093  1167 I libPowerHal: [PD] vendor.samsung. update cmd:1000000 param:-1
07-28 18:56:32.563  1624  1668 I SemPersonaManager: SecureFolder personaId = 150
07-28 18:56:32.564  1090  9112 I mtkpower_client: ret_hdl:81830
07-28 18:56:32.564  1090  9112 I HYPER-HAL: [RequestManager.cpp]releaseLocked(): Released ID : 1353856
07-28 18:56:32.564  1093  1167 I libPowerHal: [perfLockAcq] idx:0 hdl:81830 hint:-1 pid:1090 duration:0 lock_user:vendor.samsung. => ret_hdl:81830
07-28 18:56:32.565  1093  1167 I libPowerHal: [PE] vendor.samsung. update cmd:1000000, param:0
07-28 18:56:32.565  1093  1167 I libPowerHal: [PE] vendor.samsung. update cmd:1000000 param:0
07-28 18:56:32.568  9007  9007 D LifecycleMonitor: Lifecycle status change: androidx.test.core.app.InstrumentationActivityInvoker$EmptyActivity@84b173d in: PRE_ON_CREATE
07-28 18:56:32.568  9007  9007 V ActivityScenario: Activity lifecycle changed event received but ignored because the intent does not match. startActivityIntent=Intent { act=android.intent.action.MAIN cat=[android.intent.category.LAUNCHER] cmp=com.example.dogglers/.VerticalListActivity }, activity.getIntent()=Intent { act=android.intent.action.MAIN cat=[android.intent.category.LAUNCHER] flg=0x10000000 cmp=com.example.dogglers/androidx.test.core.app.InstrumentationActivityInvoker$EmptyActivity }, activity=androidx.test.core.app.InstrumentationActivityInvoker$EmptyActivity@84b173d
07-28 18:56:32.571  1127  1127 I SurfaceFlinger: [3e4fb7f com.example.dogglers/com.example.dogglers.VerticalListActivity#178908] FrameRatePriority: -1
07-28 18:56:32.574  1080  1169 I hwcomposer: [HWCDisplay] [Display_0 (type:1)] fps:37.395916,dur:1016.15,max:233.34,min:11.00
07-28 18:56:32.575  9007  9007 I DecorView: [INFO] isPopOver=false config=true
07-28 18:56:32.575  9007  9007 I DecorView: updateCaptionType: isFloating=false isApplication=true hasWindowDecorCaption=false this=DecorView@1f56200[]
07-28 18:56:32.575  9007  9007 D DecorView: setCaptionType = 0, this = DecorView@1f56200[]
07-28 18:56:32.579  1624  1668 D EnterpriseDeviceManagerService: isMdmAdminPresentInternal() : MDM Admin Found - com.samsung.knox.securefolder
07-28 18:56:32.579  9007  9007 I DecorView: getCurrentDensityDpi: from real metrics. densityDpi=450 msg=resources_loaded
07-28 18:56:32.579  9007  9007 I DecorView: setWindowBackground: isPopOver=false color=ff010101 d=android.graphics.drawable.StateListDrawable@556ea39
07-28 18:56:32.579  1624  3919 I MediaSessionMonitor: Media session stopped : not playing state
07-28 18:56:32.580  9007  9007 D LifecycleMonitor: Lifecycle status change: androidx.test.core.app.InstrumentationActivityInvoker$EmptyActivity@84b173d in: CREATED
07-28 18:56:32.580  9007  9007 V ActivityScenario: Activity lifecycle changed event received but ignored because the intent does not match. startActivityIntent=Intent { act=android.intent.action.MAIN cat=[android.intent.category.LAUNCHER] cmp=com.example.dogglers/.VerticalListActivity }, activity.getIntent()=Intent { act=android.intent.action.MAIN cat=[android.intent.category.LAUNCHER] flg=0x10000000 cmp=com.example.dogglers/androidx.test.core.app.InstrumentationActivityInvoker$EmptyActivity }, activity=androidx.test.core.app.InstrumentationActivityInvoker$EmptyActivity@84b173d
07-28 18:56:32.582  9007  9007 D LifecycleMonitor: Lifecycle status change: androidx.test.core.app.InstrumentationActivityInvoker$EmptyActivity@84b173d in: STARTED
07-28 18:56:32.582  9007  9007 V ActivityScenario: Activity lifecycle changed event received but ignored because the intent does not match. startActivityIntent=Intent { act=android.intent.action.MAIN cat=[android.intent.category.LAUNCHER] cmp=com.example.dogglers/.VerticalListActivity }, activity.getIntent()=Intent { act=android.intent.action.MAIN cat=[android.intent.category.LAUNCHER] flg=0x10000000 cmp=com.example.dogglers/androidx.test.core.app.InstrumentationActivityInvoker$EmptyActivity }, activity=androidx.test.core.app.InstrumentationActivityInvoker$EmptyActivity@84b173d
07-28 18:56:32.585  9007  9007 D LifecycleMonitor: Lifecycle status change: androidx.test.core.app.InstrumentationActivityInvoker$EmptyActivity@84b173d in: RESUMED
07-28 18:56:32.585  9007  9007 V ActivityScenario: Activity lifecycle changed event received but ignored because the intent does not match. startActivityIntent=Intent { act=android.intent.action.MAIN cat=[android.intent.category.LAUNCHER] cmp=com.example.dogglers/.VerticalListActivity }, activity.getIntent()=Intent { act=android.intent.action.MAIN cat=[android.intent.category.LAUNCHER] flg=0x10000000 cmp=com.example.dogglers/androidx.test.core.app.InstrumentationActivityInvoker$EmptyActivity }, activity=androidx.test.core.app.InstrumentationActivityInvoker$EmptyActivity@84b173d
07-28 18:56:32.586  9007  9007 I MSHandlerLifeCycle: check: return. pkg=com.example.dogglers parent=null callers=com.android.internal.policy.DecorView.setVisibility:4411 android.app.ActivityThread.handleResumeActivity:5476 android.app.servertransaction.ResumeActivityItem.execute:54 android.app.servertransaction.ActivityTransactionItem.execute:45 android.app.servertransaction.TransactionExecutor.executeLifecycleState:176
07-28 18:56:32.586  9007  9007 I MSHandlerLifeCycle: removeMultiSplitHandler: no exist. decor=DecorView@1f56200[]
07-28 18:56:32.587  1127  2023 D SurfaceFlinger: [SF client] NEW(0xb40000762185ec20) for (9007:com.example.dogglers)
07-28 18:56:32.588  1127  1127 D SurfaceFlinger: [input] inputWindowCommands.focusRequests size is 1
07-28 18:56:32.589  1127  1386 D SurfaceFlinger: [input] setFocusedWindow: <null>
07-28 18:56:32.589  1624  5216 D InputDispatcher: Focus left window (0): 3e4fb7f com.example.dogglers/com.example.dogglers.VerticalListActivity
07-28 18:56:32.590  9007  9037 D NativeCustomFrequencyManager: [NativeCFMS] BpCustomFrequencyManager::BpCustomFrequencyManager()
07-28 18:56:32.592  1624  5216 D InputTransport: Input channel constructed: 'f9e7eae', fd=1079
07-28 18:56:32.592  1624  5216 D InputTransport: Input channel constructed: 'f9e7eae', fd=1080
07-28 18:56:32.592  1624  5216 D InputTransport: Input channel constructed: 'f9e7eae', fd=1082
07-28 18:56:32.593  1127  3782 I SurfaceFlinger: id=178915 createSurf flag=80004, f9e7eae com.example.dogglers/androidx.test.core.app.InstrumentationActivityInvoker$EmptyActivity#178915
07-28 18:56:32.594  1624  5216 D InputTransport: Input channel destroyed: 'f9e7eae', fd=1082
