07-28 18:56:29.916  9007  9007 E FBI     : Can't load library: dlopen failed: library "libmagtsync.so" not found
07-28 18:56:29.917  9007  9007 I ViewRootImpl@528ab3[VerticalListActivity]: Relayout returned: old=(0,0,1080,2400) new=(0,0,1080,2400) req=(1080,2400)0 dur=15 res=0x3 s={true 0xb40000731604b000} ch=true seqId=0
07-28 18:56:29.918  9007  9007 I ViewRootImpl@528ab3[VerticalListActivity]: mThreadedRenderer.initialize() mSurface={isValid=true 0xb40000731604b000} hwInitialized=true
07-28 18:56:29.919  1127  1176 E HWComposer: getSupportedContentTypes: getSupportedContentTypes failed for display 0: Unsupported (8)
07-28 18:56:29.921  9007  9037 D OpenGLRenderer: eglCreateWindowSurface
07-28 18:56:29.926  1127  1127 I Layer   : id=178813 removeFromCurrentState Surface(name=f59a3f7 StatusBar)/@0xc90eccd - animation-leash of insets_animation#178813 (114)
07-28 18:56:29.926  1127  1127 I Layer   : id=178814 removeFromCurrentState Surface(name=3aacd27 NavigationBar0)/@0x501b17d - animation-leash of insets_animation#178814 (114)
07-28 18:56:29.926  1127  1127 I SurfaceFlinger: [1d3ab1f com.example.dogglers/com.example.dogglers.VerticalListActivity#178830] FrameRatePriority: 1
07-28 18:56:29.926  1127  1127 D SurfaceFlinger: [input] inputWindowCommands.focusRequests size is 1
07-28 18:56:29.926  1127  1127 I SurfaceFlinger: id=178813 Removed Surface(name=f59a3f7 StatusBar)/@0xc90eccd - animation-leash of insets_animation#178813 (114)
07-28 18:56:29.926  1127  1127 I SurfaceFlinger: id=178814 Removed Surface(name=3aacd27 NavigationBar0)/@0x501b17d - animation-leash of insets_animation#178814 (114)
07-28 18:56:29.927  1127  1127 I Layer   : id=178813 Destroyed Surface(name=f59a3f7 StatusBar)/@0xc90eccd - animation-leash of insets_animation#178813
07-28 18:56:29.927  1127  1127 I Layer   : id=178814 Destroyed Surface(name=3aacd27 NavigationBar0)/@0x501b17d - animation-leash of insets_animation#178814
07-28 18:56:29.928  1127  1386 D SurfaceFlinger: [input] setFocusedWindow: 1d3ab1f com.example.dogglers/com.example.dogglers.VerticalListActivity
07-28 18:56:29.928  1624  4919 D InputDispatcher: Focus request (0): 1d3ab1f com.example.dogglers/com.example.dogglers.VerticalListActivity but waiting because NO_WINDOW
07-28 18:56:29.930   540   548 I servicemanager: Could not find android.hardware.graphics.allocator.IAllocator/default in the VINTF manifest.
07-28 18:56:29.932  9007  9061 E ion     : ioctl c0044901 failed with code -1: Invalid argument
07-28 18:56:29.981  9007  9007 D skia    : SkJpegCodec::onGetPixels +
07-28 18:56:29.988  9007  9007 D skia    : SkJpegCodec::onGetPixels -
07-28 18:56:30.012  9007  9007 D skia    : SkJpegCodec::onGetPixels +
07-28 18:56:30.021  9007  9007 D skia    : SkJpegCodec::onGetPixels -
07-28 18:56:30.024 26793 26793 I A       : onPause
07-28 18:56:30.028  2212  2212 I HdmBroadcastRecvUpd: (REDACTED) received broadcast: %s
07-28 18:56:30.029  2212  2404 I HdmHotwordRequestListen: (REDACTED) received broadcast: %s
07-28 18:56:30.029  2212  2404 I SodaTriggeringFrontend: (REDACTED) #onConfigUpdate. requester: %s
07-28 18:56:30.029  2212  2404 I SodaTriggeringFrontend: #onConfigUpdate inside sequencer
07-28 18:56:30.029  2212  2404 I HotwordConfigUtils: (REDACTED) Voice Match (Speaker-id) supported : %b
07-28 18:56:30.029  2212  2404 I HotwordConfigUtils: (REDACTED) hotword enrollment state is enrolled:  %b, speakerId model exist: %b. Voice Match supported : %b
07-28 18:56:30.029  2212  2404 I HotwordConfigUtils: (REDACTED) isHotwordAvailable():  %b, isHotwordEnabled() %b
07-28 18:56:30.029  2212  2404 I HotwordConfigUtils: (REDACTED) isHotwordAvailable():  %b, isHotwordEnabled() %b
07-28 18:56:30.029  2212  2404 I HotwordConfigUtils: (REDACTED) Hotword enrollment state : %s.
07-28 18:56:30.030  2212  2404 I HotwordConfigUtils: (REDACTED) Voice Match (Speaker-id) supported : %b
07-28 18:56:30.030  2212  2404 I HotwordConfigUtils: (REDACTED) Voice Match (Speaker-id) supported : %b
07-28 18:56:30.030  2212  2404 I HotwordConfigUtils: (REDACTED) hotword enrollment state is enrolled:  %b, speakerId model exist: %b, voice match supported : %b
07-28 18:56:30.030  2212  2404 I HotwordConfigUtils: (REDACTED) Hotword isNonVoiceMatchHotwordEnabled: %b, isHotwordAvailable : %b, isHotwordEnabled : %b, isVoiceMatchSupported: %b, isHotwordEnrolled: %b.
07-28 18:56:30.030  2212  2404 I SodaTriggeringFrontend: (REDACTED) Ignore the legacy hotword request. voice match enabled %b, isHotwordSupported %b, isIncompleteEnrollmentState %b, nonVoiceMatchHotwordEnabled %b
07-28 18:56:30.041  9007  9007 D skia    : SkJpegCodec::onGetPixels +
07-28 18:56:30.048  9007  9007 D skia    : SkJpegCodec::onGetPixels -
07-28 18:56:30.058  9007  9007 I ViewRootImpl@528ab3[VerticalListActivity]: reportNextDraw android.view.ViewRootImpl.performTraversals:4438 android.view.ViewRootImpl.doTraversal:3116 android.view.ViewRootImpl$TraversalRunnable.run:10885 android.view.Choreographer$CallbackRecord.run:1301 android.view.Choreographer$CallbackRecord.run:1309
07-28 18:56:30.058  9007  9007 I ViewRootImpl@528ab3[VerticalListActivity]: Setup new sync id=0
07-28 18:56:30.059  9007  9007 I ViewRootImpl@528ab3[VerticalListActivity]: Setting syncFrameCallback
07-28 18:56:30.059  9007  9007 I ViewRootImpl@528ab3[VerticalListActivity]: registerCallbacksForSync syncBuffer=false
07-28 18:56:30.062 26793 26793 I A       : onStop
07-28 18:56:30.072  9007  9063 I ViewRootImpl@528ab3[VerticalListActivity]: Received frameDrawingCallback syncResult=0 frameNum=1.
07-28 18:56:30.072  9007  9063 I ViewRootImpl@528ab3[VerticalListActivity]: Setting up sync and frameCommitCallback
07-28 18:56:30.073  9007  9037 D hw-ProcessState: Binder ioctl to enable oneway spam detection failed: Invalid argument
07-28 18:56:30.216  9007  9037 I BLASTBufferQueue: [ViewRootImpl@528ab3[VerticalListActivity]#0](f:0,a:0) onFrameAvailable the first frame is available
07-28 18:56:30.217  9007  9037 D BLASTBufferQueue: [ViewRootImpl@528ab3[VerticalListActivity]#0](f:0,a:1) acquireNextBufferLocked size=1080x2400 mFrameNumber=1 applyTransaction=true mTimestamp=1010959016050949(auto) mPendingTransactions.size=0 graphicBufferId=38684770435074 transform=0
07-28 18:56:30.217  9007  9037 I ViewRootImpl@528ab3[VerticalListActivity]: Received frameCommittedCallback lastAttemptedDrawFrameNum=1 didProduceBuffer=true
07-28 18:56:30.218  9007  9037 D OpenGLRenderer: CFMS:: SetUp Pid : 9007    Tid : 9037
07-28 18:56:30.220  9007  9037 W Parcel  : Expecting binder but got null!
07-28 18:56:30.220  9007  9007 I ViewRootImpl@528ab3[VerticalListActivity]: onSyncComplete
07-28 18:56:30.221  9007  9007 I ViewRootImpl@528ab3[VerticalListActivity]: setupSync seqId=0 mSyncId=0 fn=1 caller=android.view.ViewRootImpl$$ExternalSyntheticLambda11.accept:6 android.window.SurfaceSyncer.lambda$setupSync$1$android-window-SurfaceSyncer:128 android.window.SurfaceSyncer$$ExternalSyntheticLambda1.accept:8 android.window.SurfaceSyncer$SyncSet.checkIfSyncIsComplete:382 android.window.SurfaceSyncer$SyncSet.markSyncReady:359 android.window.SurfaceSyncer.markSyncReady:151 android.view.ViewRootImpl.performTraversals:4503
07-28 18:56:30.221  9007  9007 I ViewRootImpl@528ab3[VerticalListActivity]: reportDrawFinished seqId=0 mSyncId=-1 fn=1 mSurfaceChangedTransaction=0xb4000073295c0f00
07-28 18:56:30.225  1127  1127 I ClientCache: add: Cache owner=0xb4000075f54526c0
07-28 18:56:30.225  1127  1127 D BufferStateLayer: com.example.dogglers/com.example.dogglers.VerticalListActivity$_9007#178831 setBuffer frameId=1, bufferId=38684770435074 fenceId=447, w= 1080, h=2400
07-28 18:56:30.228  1624  1669 I SemDvfsHyPerManager: acquire hyper - AMS_RESUME_TAIL/1624@21, type = -999
07-28 18:56:30.228  1624  1669 I SemDvfsHyPerManager: acquire hyper - AMS_ACT_LAZY/1624@22, type = -999
07-28 18:56:30.229  1624  1665 W ziparchive: Unable to open '/data/app/~~RqwEkAPnBZtTvJ-WAeAgzw==/com.example.dogglers-LNHwQbSjO_yQRomBmsyq3g==/base.dm': No such file or directory
07-28 18:56:30.230  1624  3610 E libprocessgroup: Failed to find cgroup for tid 3610
07-28 18:56:30.230  1624  3610 W libprocessgroup: Failed to apply DoNothingOlaf task profile: Try again
07-28 18:56:30.230  1624  1665 I PkgPredictorService-SecIpmManagerServiceImpl: reportToNAP uid:10520 com.example.dogglers/com.example.dogglers.VerticalListActivity thisTime:734
07-28 18:56:30.232  1090  1150 I HYPER-HAL: [RequestManager.cpp]acquire(): Acquired ID : 1353856  [1624 / 21]    HINT : AMS_RESUME_TAIL    list :
07-28 18:56:30.233  1624  1665 I ActivityTaskManager: Displayed com.example.dogglers/.VerticalListActivity: +734ms
07-28 18:56:30.233  1127  1176 I SurfaceFlinger: id=178834 createSurf flag=24000, Surface(name=1d3ab1f com.example.dogglers/com.example.dogglers.VerticalListActivity)/@0xaaa3770 - animation-leash of starting_reveal#178834
07-28 18:56:30.233  1090  1150 I mtkpower_client: perf_lock_rel, hdl:81766, tid:1150
07-28 18:56:30.233  3746  3746 E pageboostd: Received HALT command code 2
07-28 18:56:30.234  1090  1150 I mtkpower_client: perf_lock_acq, hdl:0, dur:0, num:2, tid:1150
07-28 18:56:30.234  1090  1150 I mtkpower_client: ret_hdl:81769
07-28 18:56:30.234  1090  1150 I mtkpower_client: perf_lock_rel, hdl:81768, tid:1150
07-28 18:56:30.235  1093  1167 I libPowerHal: [perfLockRel] hdl:81766, idx:3
07-28 18:56:30.235  1093  1167 I libPowerHal: [PD] vendor.samsung. update cmd:1c3c000, param:1
07-28 18:56:30.235  1093  1167 I libPowerHal: [PD] (less) /proc/mcdi/state set +prefix:enable 1;
07-28 18:56:30.236  1093  1167 I libPowerHal: [perfLockAcq] idx:2 hdl:81769 hint:-1 pid:1090 duration:0 lock_user:vendor.samsung. => ret_hdl:81769
07-28 18:56:30.236  1093  1167 I libPowerHal: [PE] (less) /proc/mcdi/state set +prefix:enable 0;
07-28 18:56:30.237  1090  1150 I mtkpower_client: perf_lock_acq, hdl:0, dur:0, num:2, tid:1150
07-28 18:56:30.237  1093  1167 I libPowerHal: [perfLockRel] hdl:81768, idx:1
07-28 18:56:30.237  1093  1167 I libPowerHal: [PD] vendor.samsung. update cmd:1000000, param:-1
07-28 18:56:30.238  1093  1167 I libPowerHal: [PD] vendor.samsung. update cmd:1000000 param:-1
07-28 18:56:30.238  1090  1150 I mtkpower_client: ret_hdl:81770
07-28 18:56:30.238  1093  1167 I libPowerHal: [perfLockAcq] idx:1 hdl:81770 hint:-1 pid:1090 duration:0 lock_user:vendor.samsung. => ret_hdl:81770
07-28 18:56:30.238  1090  1150 I mtkpower_client: perf_lock_rel, hdl:81769, tid:1150
07-28 18:56:30.239  1093  1167 I libPowerHal: [PE] vendor.samsung. update cmd:1000000, param:0
07-28 18:56:30.239  1093  1167 I libPowerHal: [PE] vendor.samsung. update cmd:1000000 param:0
07-28 18:56:30.239  1090  1150 I mtkpower_client: perf_lock_acq, hdl:0, dur:0, num:2, tid:1150
07-28 18:56:30.239  1093  1167 I libPowerHal: [perfLockRel] hdl:81769, idx:2
07-28 18:56:30.239  1093  1167 I libPowerHal: [PD] vendor.samsung. update cmd:1c3c000, param:1
07-28 18:56:30.239  1093  1167 I libPowerHal: [PD] (less) /proc/mcdi/state set +prefix:enable 1;
07-28 18:56:30.240  1090  1150 I mtkpower_client: ret_hdl:81771
07-28 18:56:30.240  1093  1167 I libPowerHal: [perfLockAcq] idx:3 hdl:81771 hint:-1 pid:1090 duration:0 lock_user:vendor.samsung. => ret_hdl:81771
07-28 18:56:30.240  1090  1150 I mtkpower_client: perf_lock_rel, hdl:81767, tid:1150
07-28 18:56:30.240  1093  1167 I libPowerHal: [PE] (less) /proc/mcdi/state set +prefix:enable 0;
07-28 18:56:30.241  1090  1150 I mtkpower_client: perf_lock_acq, hdl:0, dur:0, num:2, tid:1150
07-28 18:56:30.241  1093  1167 I libPowerHal: [perfLockRel] hdl:81767, idx:0
07-28 18:56:30.241  1093  1167 I libPowerHal: vendor.samsung.: cpu_ctrl set cpu freq: -1 -1 -1 -1
07-28 18:56:30.242  1127  1127 I Layer   : Layer [com.example.dogglers/com.example.dogglers.VerticalListActivity$_9007#178831] hidden!! flag(0)
07-28 18:56:30.242  1090  1150 I mtkpower_client: ret_hdl:81772
07-28 18:56:30.242  1090  1150 I mtkpower_client: perf_lock_rel, hdl:81770, tid:1150
07-28 18:56:30.242  1093  1167 I libPowerHal: [perfLockAcq] idx:0 hdl:81772 hint:-1 pid:1090 duration:0 lock_user:vendor.samsung. => ret_hdl:81772
07-28 18:56:30.242  1093  1167 I libPowerHal: vendor.samsung.: cpu_ctrl set cpu freq: 1800000 -1 -1 -1
07-28 18:56:30.243  1090  1150 I mtkpower_client: perf_lock_acq, hdl:0, dur:0, num:2, tid:1150
07-28 18:56:30.243  1093  1167 I libPowerHal: [perfLockRel] hdl:81770, idx:1
07-28 18:56:30.243  1624  5212 D InputDispatcher: Focus entered window (0): 1d3ab1f com.example.dogglers/com.example.dogglers.VerticalListActivity
07-28 18:56:30.243  1093  1167 I libPowerHal: [PD] vendor.samsung. update cmd:1000000, param:-1
07-28 18:56:30.243 17091 17124 D OpenGLRenderer: setSurface called with nullptr
07-28 18:56:30.243 17091 17124 D OpenGLRenderer: setSurface() destroyed EGLSurface
07-28 18:56:30.243 17091 17124 D OpenGLRenderer: destroyEglSurface
07-28 18:56:30.244  1093  1167 I libPowerHal: [PD] vendor.samsung. update cmd:1000000 param:-1
07-28 18:56:30.244  1233  9704 I CameraService: onUidStateChanged: uid=10063, procState is changed. (1 -> 0)
07-28 18:56:30.246  1624  1688 W libprocessgroup: Failed to open /dev/blkio//cgroup.procs: No such file or directory
07-28 18:56:30.246  1090  1150 I mtkpower_client: ret_hdl:81773
07-28 18:56:30.246  1093  1167 I libPowerHal: [perfLockAcq] idx:1 hdl:81773 hint:-1 pid:1090 duration:0 lock_user:vendor.samsung. => ret_hdl:81773
07-28 18:56:30.246  1093  1167 I libPowerHal: [PE] vendor.samsung. update cmd:1000000, param:0
07-28 18:56:30.246  1090  1150 I HYPER-HAL: [RequestManager.cpp]releaseLocked(): Released ID : 1372028
07-28 18:56:30.246  1093  1167 I libPowerHal: [PE] vendor.samsung. update cmd:1000000 param:0
07-28 18:56:30.247  1127  1127 D SurfaceFlinger: Display 0 HWC layers:
07-28 18:56:30.247  1127  1127 D SurfaceFlinger:      DEVICE | 0xb400007621854a80 | 0102 | RGBA_8888    |    0.0    0.0 1080.0 2400.0 |    0    0 1080 2400 | com.example.dogglers/com.example.dogglers.VerticalListActivity$_9007#178831
07-28 18:56:30.247  1127  1127 D SurfaceFlinger:      DEVICE | 0xb4000075f544d700 | 0100 | RGBA_8888    |    0.0    0.0 1080.0 2400.0 |    0    0 1080 2400 | Splash Screen com.example.dogglers$_17091#178824
07-28 18:56:30.247  1127  1127 D SurfaceFlinger:      DEVICE | 0xb400007623228f80 | 0100 | RGBA_8888    |    0.0    0.0 1080.0   80.0 |    0    0 1080   80 | StatusBar$_17091#176350
07-28 18:56:30.247  1127  1127 D SurfaceFlinger:      DEVICE | 0xb4000075f544b480 | 0100 | RGBA_8888    |    0.0    0.0 1080.0  135.0 |    0 2265 1080 2400 | NavigationBar0$_17091#176345
07-28 18:56:30.247  1127  1127 D SurfaceFlinger:      DEVICE | 0xb4000076232f1a80 | 0140 | RGBA_8888    |    0.0    0.0 1080.0  150.0 |    0    0 1080  150 | ScreenDecorOverlay$_17091#176358
07-28 18:56:30.247  1127  1127 D SurfaceFlinger:      DEVICE | 0xb400007621856400 | 0140 | RGBA_8888    |    0.0    0.0 1080.0  150.0 |    0 2250 1080 2400 | ScreenDecorOverlayBottom$_17091#176359
07-28 18:56:30.247  1127  1127 D SurfaceFlinger:
07-28 18:56:30.248  9007  9007 I ViewRootImpl@528ab3[VerticalListActivity]: MSG_WINDOW_FOCUS_CHANGED 1 0
07-28 18:56:30.249  9007  9007 I ViewRootImpl@528ab3[VerticalListActivity]: mThreadedRenderer.initializeIfNeeded()#2 mSurface={isValid=true 0xb40000731604b000}
07-28 18:56:30.250 17091 17121 I ViewRootImpl@954f6c0[dogglers]: performTraversals params={(0,0)(fillxfill) sim={adjust=pan} ty=APPLICATION_STARTING fmt=TRANSLUCENT wanim=0x1030001 alpha=0.0
07-28 18:56:30.250 17091 17121 I ViewRootImpl@954f6c0[dogglers]:   fl=81030118
07-28 18:56:30.250 17091 17121 I ViewRootImpl@954f6c0[dogglers]:   pfl=16000010
07-28 18:56:30.250 17091 17121 I ViewRootImpl@954f6c0[dogglers]:   bhv=DEFAULT
07-28 18:56:30.250 17091 17121 I ViewRootImpl@954f6c0[dogglers]:   fitSides= naviIconColor=0}
07-28 18:56:30.251  9007  9007 D InputMethodManager: startInputInner - Id : 0
07-28 18:56:30.252 17091 17121 I ViewRootImpl@954f6c0[dogglers]: performTraversals mFirst=false windowShouldResize=false viewVisibilityChanged=true mForceNextWindowRelayout=false params={(0,0)(fillxfill) sim={adjust=pan} ty=APPLICATION_STARTING fmt=TRANSLUCENT wanim=0x1030001 alpha=0.0
07-28 18:56:30.252 17091 17121 I ViewRootImpl@954f6c0[dogglers]:   fl=81030118
07-28 18:56:30.252 17091 17121 I ViewRootImpl@954f6c0[dogglers]:   pfl=16000010
07-28 18:56:30.252 17091 17121 I ViewRootImpl@954f6c0[dogglers]:   bhv=DEFAULT
07-28 18:56:30.252 17091 17121 I ViewRootImpl@954f6c0[dogglers]:   fitSides= naviIconColor=0}
07-28 18:56:30.252  9007  9007 I InputMethodManager: startInputInner - mService.startInputOrWindowGainedFocus
07-28 18:56:30.253  1624  5212 V WindowManager: Relayout Window{f4f4b2d u0 Splash Screen com.example.dogglers}: viewVisibility=8 req=1080x2400 d0
07-28 18:56:30.255 17091 17091 D NavigationBar: onSystemBarAttributesChanged() -  displayId:0, appearance:16, packageName: com.example.dogglers (APPEARANCE_LIGHT_NAVIGATION_BARS ), navbarColorManagedByIme:false
07-28 18:56:30.257 17091 17091 D SamsungLightBarControlHelper: updateNavigation(Black button) isLightBar:false, hasLightBarNavigationBarFlag:true, packageName:com.example.dogglers, DirectReplying:false, NavBarColorManagerdByIme:false, ForceDarkForScrim:false, QsCustomizing:false, PanelHasWhiteBg:true
07-28 18:56:30.258  1624  5212 V WindowManager: Relayout hash=f4f4b2d, pid=17091, syncId=-1: mAttrs={(0,0)(fillxfill) sim={adjust=pan} ty=APPLICATION_STARTING fmt=TRANSLUCENT wanim=0x1030001 alpha=0.0
07-28 18:56:30.258  1624  5212 V WindowManager:   fl=81030118
07-28 18:56:30.258  1624  5212 V WindowManager:   pfl=16000010
07-28 18:56:30.258  1624  5212 V WindowManager:   bhv=DEFAULT
07-28 18:56:30.258  1624  5212 V WindowManager:   fitSides= naviIconColor=0}
07-28 18:56:30.259  1127  1127 I Layer   : Layer [Splash Screen com.example.dogglers$_17091#178824] hidden!! flag(1)
07-28 18:56:30.259  1624  4919 D InputMethodManagerService: mDesktopModeManager null!
07-28 18:56:30.259  1624  4919 V InputMethodManagerService: getDisplayIdOfInputMethodWindowToBeAdded: displayId=0
07-28 18:56:30.259 17091 17121 D InsetsController: onStateChanged: InsetsState: {mDisplayFrame=Rect(0, 0 - 1080, 2400), mDisplayCutout=DisplayCutout{insets=Rect(0, 80 - 0, 0) waterfall=Insets{left=0, top=0, right=0, bottom=0} boundingRect={Bounds=[Rect(0, 0 - 0, 0), Rect(468, 0 - 612, 80), Rect(0, 0 - 0, 0), Rect(0, 0 - 0, 0)]} cutoutPathParserInfo={CutoutPathParserInfo{displayWidth=1080 displayHeight=2400 physicalDisplayWidth=1080 physicalDisplayHeight=2400 density={2.625} cutoutSpec={M 0,0 H -27.42857142857143 V 30.47619047619048 H 27.42857142857143 V 0 H 0 Z @dp} rotation={0} scale={1.0} physicalPixelDisplaySizeRatio={1.0}}}}, mRoundedCorners=RoundedCorners{[RoundedCorner{position=TopLeft, radius=90, center=Point(90, 90)}, RoundedCorner{position=TopRight, radius=90, center=Point(990, 90)}, RoundedCorner{position=BottomRight, radius=90, center=Point(990, 2310)}, RoundedCorner{position=BottomLeft, radius=90, center=Point(90, 2310)}]}  mRoundedCornerFrame=Rect(0, 0 - 1080, 2400), mPrivacyIndicatorBounds=PrivacyIndicatorBounds {static bounds=Rect(956, 0 - 1080, 80) rotation=0}, mSources= { InsetsSource: {mType=ITYPE_STATUS_BAR, mFrame=[0,0][1080,80], mVisible=true, mInsetsRoundedCornerFrame=false}, InsetsSource: {mType=ITYPE_NAVIGATION_BAR, mFrame=[0,2265][1080,2400], mVisible=true, mInsetsRoundedCornerFrame=false}, InsetsSource: {mType=ITYPE_LEFT_GESTURES, mFrame=[0,0][0,2400], mVisible=true, mInsetsRoundedCornerFrame=false}, InsetsSource: {mType=ITYPE_RIGHT_GESTURES, mFrame=[1080,0][1080,2400], mVisible=true, mInsetsRoundedCornerFrame=false}, InsetsSource: {mType=ITYPE_TOP_MANDATORY_GESTURES, mFrame=[0,0][1080,114], mVisible=true, mInsetsRoundedCornerFrame=false}, InsetsSource: {mType=ITYPE_BOTTOM_MANDATORY_GESTURES, mFrame=[0,2265][1080,2400], mVisible=true, mInsetsRoundedCornerFrame=false}, InsetsSource: {mType=ITYPE_LEFT_DISPLAY_CUTOUT, mFrame=[0,0][-100000,2400], mVisible=true, mInsetsRoundedCornerFrame=false}, InsetsSource: {mType=ITYPE_TOP_DISPLAY_CUTOUT, mFrame=[0,0][1080,80], mVisible=true, mInsetsRoundedCornerFrame=false}, InsetsSource: {mType=ITYPE_RIGHT_DISPLAY_CUTOUT, mFrame=[100000,0][1080,2400], mVisible=true, mInsetsRoundedCornerFrame=false}, InsetsSource: {mType=ITYPE_BOTTOM_DISPLAY_CUTOUT, mFrame=[0,100000][1080,2400], mVisible=true, mInsetsRoundedCornerFrame=false}, InsetsSource: {mType=ITYPE_TOP_TAPPABLE_ELEMENT, mFrame=[0,0][1080,80], mVisible=true, mInsetsRoundedCornerFrame=false}, InsetsSource: {mType=ITYPE_BOTTOM_TAPPABLE_ELEMENT, mFrame=[0,2265][1080,2400], mVisible=true, mInsetsRoundedCornerFrame=false} } host=Splash Screen com.example.dogglers from=android.view.ViewRootImpl.relayoutWindow:9802
07-28 18:56:30.260  1624  4919 D InputTransport: Input channel constructed: 'ClientS', fd=1040
07-28 18:56:30.260  1624  4919 D InputTransport: Input channel constructed: 'ClientS', fd=1041
07-28 18:56:30.261 17091 17121 D BLASTBufferQueue: [ViewRootImpl@954f6c0[dogglers]#87](f:0,a:1) destructor()
07-28 18:56:30.261 17091 17121 D BufferQueueConsumer: [ViewRootImpl@954f6c0[dogglers]#87(BLAST Consumer)87](id:42c300000057,api:0,p:-1,c:17091) disconnect
07-28 18:56:30.262  1624  4919 D InputTransport: Input channel destroyed: 'ClientS', fd=1041
07-28 18:56:30.262 17091 17121 I ViewRootImpl@954f6c0[dogglers]: Relayout returned: old=(0,0,1080,2400) new=(0,0,1080,2400) req=(1080,2400)8 dur=9 res=0x2 s={false 0x0} ch=true seqId=0
07-28 18:56:30.263 17091 17121 I ViewRootImpl@954f6c0[dogglers]: dispatchDetachedFromWindow
07-28 18:56:30.265  1127  1127 D SurfaceFlinger: Display 0 HWC layers:
07-28 18:56:30.265  1127  1127 D SurfaceFlinger:      DEVICE | 0xb4000075f544c980 | 0102 | RGBA_8888    |    0.0    0.0 1080.0 2400.0 |    0    0 1080 2400 | com.example.dogglers/com.example.dogglers.VerticalListActivity$_9007#178831
07-28 18:56:30.265  1127  1127 D SurfaceFlinger:      DEVICE | 0xb400007623228f80 | 0100 | RGBA_8888    |    0.0    0.0 1080.0   80.0 |    0    0 1080   80 | StatusBar$_17091#176350
07-28 18:56:30.265  1127  1127 D SurfaceFlinger:      DEVICE | 0xb4000075f544b480 | 0100 | RGBA_8888    |    0.0    0.0 1080.0  135.0 |    0 2265 1080 2400 | NavigationBar0$_17091#176345
07-28 18:56:30.265  1127  1127 D SurfaceFlinger:      DEVICE | 0xb4000076232f1a80 | 0140 | RGBA_8888    |    0.0    0.0 1080.0  150.0 |    0    0 1080  150 | ScreenDecorOverlay$_17091#176358
07-28 18:56:30.265  1127  1127 D SurfaceFlinger:      DEVICE | 0xb400007621856400 | 0140 | RGBA_8888    |    0.0    0.0 1080.0  150.0 |    0 2250 1080 2400 | ScreenDecorOverlayBottom$_17091#176359
07-28 18:56:30.265  1127  1127 D SurfaceFlinger:
07-28 18:56:30.266  1624  4919 D InputTransport: Input channel destroyed: 'f4f4b2d', fd=802
07-28 18:56:30.266  1624  4919 W InputManager-JNI: Input channel object 'f4f4b2d Splash Screen com.example.dogglers (client)' was disposed without first being removed with the input manager!
07-28 18:56:30.267  1624  4919 D InputTransport: Input channel destroyed: 'f4f4b2d', fd=973
07-28 18:56:30.268  1624  5212 D InputMethodManagerService: isImeSwitcherDisabledPackage : false
07-28 18:56:30.271 19079 19092 I FontLog : (REDACTED) Received query %s, URI %s
07-28 18:56:30.272 19079 19092 I FontLog : (REDACTED) Query [%s] resolved to %s
07-28 18:56:30.274 17091 17121 D InputTransport: Input channel destroyed: 'f4f4b2d', fd=212
07-28 18:56:30.275  1127  1127 I Layer   : id=178823 removeFromCurrentState f4f4b2d Splash Screen com.example.dogglers#178823 (113)
07-28 18:56:30.275  1127  1127 I Layer   : id=178824 removeFromCurrentState Splash Screen com.example.dogglers$_17091#178824 (113)
07-28 18:56:30.275  1127  1127 I Layer   : id=178834 removeFromCurrentState Surface(name=1d3ab1f com.example.dogglers/com.example.dogglers.VerticalListActivity)/@0xaaa3770 - animation-leash of starting_reveal#178834 (113)
07-28 18:56:30.275  1127  1127 I Layer   : id=178824 removeFromCurrentState Splash Screen com.example.dogglers$_17091#178824 (113)
07-28 18:56:30.276  1127  1127 I SurfaceFlinger: id=178823 Removed f4f4b2d Splash Screen com.example.dogglers#178823 (113)
07-28 18:56:30.276  1127  1127 I SurfaceFlinger: id=178824 Removed Splash Screen com.example.dogglers$_17091#178824 (113)
07-28 18:56:30.276  9007  9007 W xample.dogglers: Accessing hidden method Landroid/os/MessageQueue;->next()Landroid/os/Message; (unsupported, reflection, allowed)
07-28 18:56:30.276  9007  9007 W xample.dogglers: Accessing hidden field Landroid/os/MessageQueue;->mMessages:Landroid/os/Message; (unsupported, reflection, allowed)
07-28 18:56:30.277  9007  9007 W xample.dogglers: Accessing hidden method Landroid/os/Message;->recycleUnchecked()V (unsupported, reflection, allowed)
07-28 18:56:30.277 19079 19092 I FontLog : (REDACTED) Fetch %s end status %s
07-28 18:56:30.277  1127  1127 I Layer   : id=178823 Destroyed f4f4b2d Splash Screen com.example.dogglers#178823
07-28 18:56:30.278  1127  1127 I BufferQueueDebug: [Splash Screen com.example.dogglers$_17091#178824](this:0xb4000075f085c838,id:-1,api:0,p:-1,c:1127) onDestructor()
07-28 18:56:30.278  1127  1127 I Layer   : id=178824 Destroyed Splash Screen com.example.dogglers$_17091#178824
07-28 18:56:30.283  9007  9007 W xample.dogglers: Accessing hidden method Landroid/view/WindowManagerGlobal;->getInstance()Landroid/view/WindowManagerGlobal; (unsupported, reflection, allowed)
07-28 18:56:30.284  9007  9007 W xample.dogglers: Accessing hidden field Landroid/view/WindowManagerGlobal;->mViews:Ljava/util/ArrayList; (unsupported, reflection, allowed)
07-28 18:56:30.284  9007  9007 W xample.dogglers: Accessing hidden field Landroid/view/WindowManagerGlobal;->mParams:Ljava/util/ArrayList; (unsupported, reflection, allowed)
07-28 18:56:30.284 19079 19092 I FontLog : (REDACTED) Pulling font file for id = %d, cache size = %d
07-28 18:56:30.284  1093  1141 I mtkpower@impl: [setMode] type:5, enabled:0
07-28 18:56:30.286  1624  5212 D InputMethodManagerService: checkDisplayOfStartInputAndUpdateKeyboard: displayId=0, mFocusedDisplayId=0
07-28 18:56:30.286  1624  5212 D InputTransport: Input channel constructed: 'ClientS', fd=802
07-28 18:56:30.286  1624  5212 D InputTransport: Input channel destroyed: 'ClientS', fd=802
07-28 18:56:30.287  5607  5607 I HBD     : HoneyBoardService onFinishInput
07-28 18:56:30.287  5607  5607 I HBD     : a IC have been unbinding,  RemoteInputConnection{idHash=#562367c}
07-28 18:56:30.287  5607  5607 I HBD     : HoneyBoardService [PF_CL][onFinishInput]  0 ms
07-28 18:56:30.288  5607  5607 I HBD     : HoneyBoardService [IMI] onStartInput - caller pid : 9007 , caller uid : 10520
07-28 18:56:30.288  5607  5607 I HBD     : j updateConfigs
07-28 18:56:30.288  5607  5607 I HBD     : j isEnabledNightMode : false
07-28 18:56:30.288  5607  5607 I HBD     : a IC have been binding, RemoteInputConnection{idHash=#7532b05}
07-28 18:56:30.288  5607  5607 I HBD     : h [EditorInputType]setPrivateImeOptionsToTable privateImeOptions ( null )
07-28 18:56:30.288  5607  5607 I HBD     : b incognitoMode : false
07-28 18:56:30.289  5607  5607 I HBD     : a needOff = true , isForceOff = false, isNullInputClass : true
07-28 18:56:30.289  5607  5607 I HBD     : h getDefaultInputRange : UNKNOWN
07-28 18:56:30.289  5607  5607 I HBD     : h getDefaultInputRange : UNKNOWN
07-28 18:56:30.289  5607  5607 I HBD     : h getDefaultInputRange : UNKNOWN
07-28 18:56:30.290  1127  3782 I SurfaceFlinger: id=178835 createSurf flag=24004, Surface(name=d8adfc2 InputMethod)/@0xc2b360e - animation-leash of insets_animation#178835
07-28 18:56:30.290  5607  5607 I HBD     : a needOff = true , isForceOff = false, isNullInputClass : true
07-28 18:56:30.290  5607  5607 I HBD     : a update cached prediction status : false
07-28 18:56:30.291  5607  5607 I HBD     : h getDefaultInputRange : UNKNOWN
07-28 18:56:30.291  5607  5607 I HBD     : a currentState : 0
07-28 18:56:30.291  5607  5607 I HBD     : a [UpdatePolicy] [post] a: 0 cl: 65538 kit: [0/0] vt: 0 ir: 1
07-28 18:56:30.292  5607  5607 I HBD     : a [NRIC] resetNoResponseState
07-28 18:56:30.292  5607  5607 I HBD     : a needOff = true , isForceOff = false, isNullInputClass : true
07-28 18:56:30.292  5607  5607 I HBD     : a update cached prediction status : false
07-28 18:56:30.293  5607  5607 I HBD     : HoneyBoardService [PF_OP][onStartInput]  5 ms
07-28 18:56:30.293 19079 19092 I FontLog : (REDACTED) Pulling font file for id = %d, cache size = %d
07-28 18:56:30.294  9007  9007 I ViewInteraction: Checking 'com.example.dogglers.BaseTest$DrawableMatcher$RecyclerViewAssertion@ba4779f' assertion on view view.getId() is <2131231207/com.example.dogglers:id/vertical_recycler_view>
07-28 18:56:30.295  9007  9007 D InputMethodManager: startInputInner - Id : 0
07-28 18:56:30.297  9007  9007 D InsetsController: onStateChanged: InsetsState: {mDisplayFrame=Rect(0, 0 - 1080, 2400), mDisplayCutout=DisplayCutout{insets=Rect(0, 80 - 0, 0) waterfall=Insets{left=0, top=0, right=0, bottom=0} boundingRect={Bounds=[Rect(0, 0 - 0, 0), Rect(468, 0 - 612, 80), Rect(0, 0 - 0, 0), Rect(0, 0 - 0, 0)]} cutoutPathParserInfo={CutoutPathParserInfo{displayWidth=1080 displayHeight=2400 physicalDisplayWidth=1080 physicalDisplayHeight=2400 density={2.625} cutoutSpec={M 0,0 H -27.42857142857143 V 30.47619047619048 H 27.42857142857143 V 0 H 0 Z @dp} rotation={0} scale={1.0} physicalPixelDisplaySizeRatio={1.0}}}}, mRoundedCorners=RoundedCorners{[RoundedCorner{position=TopLeft, radius=90, center=Point(90, 90)}, RoundedCorner{position=TopRight, radius=90, center=Point(990, 90)}, RoundedCorner{position=BottomRight, radius=90, center=Point(990, 2310)}, RoundedCorner{position=BottomLeft, radius=90, center=Point(90, 2310)}]}  mRoundedCornerFrame=Rect(0, 0 - 1080, 2400), mPrivacyIndicatorBounds=PrivacyIndicatorBounds {static bounds=Rect(956, 0 - 1080, 80) rotation=0}, mSources= { InsetsSource: {mType=ITYPE_STATUS_BAR, mFrame=[0,0][1080,80], mVisible=true, mInsetsRoundedCornerFrame=false}, InsetsSource: {mType=ITYPE_NAVIGATION_BAR, mFrame=[0,2265][1080,2400], mVisible=true, mInsetsRoundedCornerFrame=false}, InsetsSource: {mType=ITYPE_LEFT_GESTURES, mFrame=[0,0][0,2400], mVisible=true, mInsetsRoundedCornerFrame=false}, InsetsSource: {mType=ITYPE_RIGHT_GESTURES, mFrame=[1080,0][1080,2400], mVisible=true, mInsetsRoundedCornerFrame=false}, InsetsSource: {mType=ITYPE_TOP_MANDATORY_GESTURES, mFrame=[0,0][1080,114], mVisible=true, mInsetsRoundedCornerFrame=false}, InsetsSource: {mType=ITYPE_BOTTOM_MANDATORY_GESTURES, mFrame=[0,2265][1080,2400], mVisible=true, mInsetsRoundedCornerFrame=false}, InsetsSource: {mType=ITYPE_LEFT_DISPLAY_CUTOUT, mFrame=[0,0][-100000,2400], mVisible=true, mInsetsRoundedCornerFrame=false}, InsetsSource: {mType=ITYPE_TOP_DISPLAY_CUTOUT, mFrame=[0,0][1080,80], mVisible=true, mInsetsRoundedCornerFrame=false}, InsetsSource: {mType=ITYPE_RIGHT_DISPLAY_CUTOUT, mFrame=[100000,0][1080,2400], mVisible=true, mInsetsRoundedCornerFrame=false}, InsetsSource: {mType=ITYPE_BOTTOM_DISPLAY_CUTOUT, mFrame=[0,100000][1080,2400], mVisible=true, mInsetsRoundedCornerFrame=false}, InsetsSource: {mType=ITYPE_TOP_TAPPABLE_ELEMENT, mFrame=[0,0][1080,80], mVisible=true, mInsetsRoundedCornerFrame=false}, InsetsSource: {mType=ITYPE_BOTTOM_TAPPABLE_ELEMENT, mFrame=[0,2265][1080,2400], mVisible=true, mInsetsRoundedCornerFrame=false}, InsetsSource: {mType=ITYPE_IME, mFrame=[0,0][0,0], mVisibleFrame=[0,1243][1080,2400], mVisible=false, mInsetsRoundedCornerFrame=false} } host=com.example.dogglers/com.example.dogglers.VerticalListActivity from=android.view.ViewRootImpl$ViewRootHandler.handleMessageImpl:6740
07-28 18:56:30.299  1624  5302 D InputMethodManagerService: isImeSwitcherDisabledPackage : false
07-28 18:56:30.300  5607  5607 I InputMethodService: removeImeSurface
07-28 18:56:30.300  5607  5607 I MSHandlerLifeCycle: check: return. pkg=com.samsung.android.honeyboard isActivity=false callers=com.android.internal.policy.DecorView.setVisibility:4411 android.app.Dialog.hide:767 android.inputmethodservice.InputMethodService.removeImeSurface:1290 android.inputmethodservice.InputMethodService.scheduleImeSurfaceRemoval:1279 android.inputmethodservice.InputMethodService.-$$Nest$mscheduleImeSurfaceRemoval:0
07-28 18:56:30.301  5607  5607 I MSHandlerLifeCycle: removeMultiSplitHandler: no exist. decor=DecorView@4ed7bdc[InputMethod]
07-28 18:56:30.308  1127  1127 I Layer   : id=178819 removeFromCurrentState Surface(name=d8adfc2 InputMethod)/@0xc2b360e - animation-leash of insets_animation#178819 (112)
07-28 18:56:30.308  1127  1127 I SurfaceFlinger: id=178819 Removed Surface(name=d8adfc2 InputMethod)/@0xc2b360e - animation-leash of insets_animation#178819 (112)
07-28 18:56:30.308  1127  1127 I Layer   : id=178819 Destroyed Surface(name=d8adfc2 InputMethod)/@0xc2b360e - animation-leash of insets_animation#178819
07-28 18:56:30.315  1624  1668 I ChimeraSystemEventListener: appLaunchIntent package name is: com.example.dogglers
07-28 18:56:30.315  3746  3746 E pageboostd: Received HALT command code 2
07-28 18:56:30.317  1624  5302 I SemDvfsHyPerManager: acquire hyper - AMS_ACT_START/1624@19, type = -999
07-28 18:56:30.317  1090  1150 I HYPER-HAL: [RequestManager.cpp]acquire(): Acquired ID : 1350565  [1624 / 19]    HINT : AMS_ACT_START    list :
07-28 18:56:30.318  1090  1150 I mtkpower_client: perf_lock_rel, hdl:81772, tid:1150
07-28 18:56:30.318  1127  3782 I SurfaceFlinger: id=178836 createSurf flag=80004, ActivityRecord{b4b3cd2 u0 com.example.dogglers/androidx.test.core.app.InstrumentationActivityInvoker$EmptyActivity} t30329}#178836
07-28 18:56:30.318  1090  1150 I mtkpower_client: perf_lock_acq, hdl:0, dur:0, num:2, tid:1150
07-28 18:56:30.318  1093  1167 I libPowerHal: [perfLockRel] hdl:81772, idx:0
07-28 18:56:30.319  1093  1167 I libPowerHal: vendor.samsung.: cpu_ctrl set cpu freq: -1 -1 -1 -1
07-28 18:56:30.319  1090  1150 I mtkpower_client: ret_hdl:81774
07-28 18:56:30.319  1090  1150 I mtkpower_client: perf_lock_rel, hdl:81771, tid:1150
07-28 18:56:30.319  1093  1167 I libPowerHal: [perfLockAcq] idx:2 hdl:81774 hint:-1 pid:1090 duration:0 lock_user:vendor.samsung. => ret_hdl:81774
07-28 18:56:30.319  1093  1167 I libPowerHal: vendor.samsung.: cpu_ctrl set cpu freq: 1800000 -1 -1 -1
07-28 18:56:30.320  1090  1150 I mtkpower_client: perf_lock_acq, hdl:0, dur:0, num:2, tid:1150
07-28 18:56:30.320  1624  1668 I SemPersonaManager: SecureFolder personaId = 150
07-28 18:56:30.321  1090  1150 I mtkpower_client: ret_hdl:81775
07-28 18:56:30.321  1090  1150 I mtkpower_client: perf_lock_rel, hdl:81773, tid:1150
07-28 18:56:30.321  1093  1167 I libPowerHal: [perfLockRel] hdl:81771, idx:3
07-28 18:56:30.321  1093  1167 I libPowerHal: [PD] vendor.samsung. update cmd:1c3c000, param:1
07-28 18:56:30.322  1093  1167 I libPowerHal: [PD] (less) /proc/mcdi/state set +prefix:enable 1;
07-28 18:56:30.322  1093  1167 I libPowerHal: [perfLockAcq] idx:0 hdl:81775 hint:-1 pid:1090 duration:0 lock_user:vendor.samsung. => ret_hdl:81775
07-28 18:56:30.323  1093  1167 I libPowerHal: [PE] (less) /proc/mcdi/state set +prefix:enable 0;
07-28 18:56:30.323  1090  1150 I mtkpower_client: perf_lock_acq, hdl:0, dur:0, num:2, tid:1150
07-28 18:56:30.323  1093  1167 I libPowerHal: [perfLockRel] hdl:81773, idx:1
07-28 18:56:30.323  1093  1167 I libPowerHal: [PD] vendor.samsung. update cmd:1000000, param:-1
07-28 18:56:30.323  1093  1167 I libPowerHal: [PD] vendor.samsung. update cmd:1000000 param:-1
07-28 18:56:30.324  1090  1150 I mtkpower_client: ret_hdl:81776
07-28 18:56:30.324  1093  1167 I libPowerHal: [perfLockAcq] idx:1 hdl:81776 hint:-1 pid:1090 duration:0 lock_user:vendor.samsung. => ret_hdl:81776
07-28 18:56:30.324  1093  1167 I libPowerHal: [PE] vendor.samsung. update cmd:1000000, param:0
07-28 18:56:30.324  1093  1167 I libPowerHal: [PE] vendor.samsung. update cmd:1000000 param:0
07-28 18:56:30.328  9007  9007 D LifecycleMonitor: Lifecycle status change: com.example.dogglers.VerticalListActivity@f46de37 in: PAUSED
07-28 18:56:30.328  9007  9007 V ActivityScenario: Update currentActivityStage to PAUSED, currentActivity=com.example.dogglers.VerticalListActivity@f46de37
07-28 18:56:30.335  1624  5212 D InputDispatcher: Focused application(0): ActivityRecord{b4b3cd2 u0 com.example.dogglers/androidx.test.core.app.InstrumentationActivityInvoker$EmptyActivity} t30329}
07-28 18:56:30.341  1127  1127 I SurfaceFlinger: [1d3ab1f com.example.dogglers/com.example.dogglers.VerticalListActivity#178830] FrameRatePriority: -1
07-28 18:56:30.341  1624  1668 I SemPersonaManager: SecureFolder personaId = 150
07-28 18:56:30.346  9007  9007 D LifecycleMonitor: Lifecycle status change: androidx.test.core.app.InstrumentationActivityInvoker$EmptyActivity@5e8e369 in: PRE_ON_CREATE
07-28 18:56:30.346  9007  9007 V ActivityScenario: Activity lifecycle changed event received but ignored because the intent does not match. startActivityIntent=Intent { act=android.intent.action.MAIN cat=[android.intent.category.LAUNCHER] cmp=com.example.dogglers/.VerticalListActivity }, activity.getIntent()=Intent { act=android.intent.action.MAIN cat=[android.intent.category.LAUNCHER] flg=0x10000000 cmp=com.example.dogglers/androidx.test.core.app.InstrumentationActivityInvoker$EmptyActivity }, activity=androidx.test.core.app.InstrumentationActivityInvoker$EmptyActivity@5e8e369
07-28 18:56:30.353  9007  9007 I DecorView: [INFO] isPopOver=false config=true
07-28 18:56:30.353  9007  9007 I DecorView: updateCaptionType: isFloating=false isApplication=true hasWindowDecorCaption=false this=DecorView@5f30d1c[]
07-28 18:56:30.353  9007  9007 D DecorView: setCaptionType = 0, this = DecorView@5f30d1c[]
07-28 18:56:30.357  9007  9007 I DecorView: getCurrentDensityDpi: from real metrics. densityDpi=450 msg=resources_loaded
07-28 18:56:30.357  9007  9007 I DecorView: setWindowBackground: isPopOver=false color=ff010101 d=android.graphics.drawable.StateListDrawable@6234d25
07-28 18:56:30.358  9007  9007 D LifecycleMonitor: Lifecycle status change: androidx.test.core.app.InstrumentationActivityInvoker$EmptyActivity@5e8e369 in: CREATED
07-28 18:56:30.358  1127  1127 D SurfaceFlinger: [input] inputWindowCommands.focusRequests size is 1
07-28 18:56:30.358  9007  9007 V ActivityScenario: Activity lifecycle changed event received but ignored because the intent does not match. startActivityIntent=Intent { act=android.intent.action.MAIN cat=[android.intent.category.LAUNCHER] cmp=com.example.dogglers/.VerticalListActivity }, activity.getIntent()=Intent { act=android.intent.action.MAIN cat=[android.intent.category.LAUNCHER] flg=0x10000000 cmp=com.example.dogglers/androidx.test.core.app.InstrumentationActivityInvoker$EmptyActivity }, activity=androidx.test.core.app.InstrumentationActivityInvoker$EmptyActivity@5e8e369
07-28 18:56:30.359  1624  1668 D EnterpriseDeviceManagerService: isMdmAdminPresentInternal() : MDM Admin Found - com.samsung.knox.securefolder
07-28 18:56:30.359  1127  1386 D SurfaceFlinger: [input] setFocusedWindow: <null>
07-28 18:56:30.360  1624  5302 D InputDispatcher: Focus request (0): <null> but waiting because NOT_FOCUSABLE
07-28 18:56:30.360  1624  5302 D InputDispatcher: Focus left window (0): 1d3ab1f com.example.dogglers/com.example.dogglers.VerticalListActivity
07-28 18:56:30.360  9007  9007 D LifecycleMonitor: Lifecycle status change: androidx.test.core.app.InstrumentationActivityInvoker$EmptyActivity@5e8e369 in: STARTED
07-28 18:56:30.361  9007  9007 V ActivityScenario: Activity lifecycle changed event received but ignored because the intent does not match. startActivityIntent=Intent { act=android.intent.action.MAIN cat=[android.intent.category.LAUNCHER] cmp=com.example.dogglers/.VerticalListActivity }, activity.getIntent()=Intent { act=android.intent.action.MAIN cat=[android.intent.category.LAUNCHER] flg=0x10000000 cmp=com.example.dogglers/androidx.test.core.app.InstrumentationActivityInvoker$EmptyActivity }, activity=androidx.test.core.app.InstrumentationActivityInvoker$EmptyActivity@5e8e369
07-28 18:56:30.361  1624  3919 I MediaSessionMonitor: Media session stopped : not playing state
07-28 18:56:30.363  9007  9007 D LifecycleMonitor: Lifecycle status change: androidx.test.core.app.InstrumentationActivityInvoker$EmptyActivity@5e8e369 in: RESUMED
07-28 18:56:30.364  9007  9007 V ActivityScenario: Activity lifecycle changed event received but ignored because the intent does not match. startActivityIntent=Intent { act=android.intent.action.MAIN cat=[android.intent.category.LAUNCHER] cmp=com.example.dogglers/.VerticalListActivity }, activity.getIntent()=Intent { act=android.intent.action.MAIN cat=[android.intent.category.LAUNCHER] flg=0x10000000 cmp=com.example.dogglers/androidx.test.core.app.InstrumentationActivityInvoker$EmptyActivity }, activity=androidx.test.core.app.InstrumentationActivityInvoker$EmptyActivity@5e8e369
07-28 18:56:30.365  9007  9007 I MSHandlerLifeCycle: check: return. pkg=com.example.dogglers parent=null callers=com.android.internal.policy.DecorView.setVisibility:4411 android.app.ActivityThread.handleResumeActivity:5476 android.app.servertransaction.ResumeActivityItem.execute:54 android.app.servertransaction.ActivityTransactionItem.execute:45 android.app.servertransaction.TransactionExecutor.executeLifecycleState:176
07-28 18:56:30.365  9007  9007 I MSHandlerLifeCycle: removeMultiSplitHandler: no exist. decor=DecorView@5f30d1c[]
07-28 18:56:30.366  1127  1176 D SurfaceFlinger: [SF client] NEW(0xb40000762185cd80) for (9007:com.example.dogglers)
07-28 18:56:30.369  9007  9037 D NativeCustomFrequencyManager: [NativeCFMS] BpCustomFrequencyManager::BpCustomFrequencyManager()
07-28 18:56:30.371  1624  5212 D InputTransport: Input channel constructed: 'a5711c9', fd=1041
07-28 18:56:30.371  1624  5212 D InputTransport: Input channel constructed: 'a5711c9', fd=1042
07-28 18:56:30.371  1624  5212 D InputTransport: Input channel constructed: 'a5711c9', fd=1043
07-28 18:56:30.372  1127  1176 I SurfaceFlinger: id=178837 createSurf flag=80004, a5711c9 com.example.dogglers/androidx.test.core.app.InstrumentationActivityInvoker$EmptyActivity#178837
07-28 18:56:30.372  1624  5212 D InputTransport: Input channel destroyed: 'a5711c9', fd=1043
07-28 18:56:30.374  9007  9007 D InsetsController: onStateChanged: InsetsState: {mDisplayFrame=Rect(0, 0 - 1080, 2400), mDisplayCutout=DisplayCutout{insets=Rect(0, 80 - 0, 0) waterfall=Insets{left=0, top=0, right=0, bottom=0} boundingRect={Bounds=[Rect(0, 0 - 0, 0), Rect(468, 0 - 612, 80), Rect(0, 0 - 0, 0), Rect(0, 0 - 0, 0)]} cutoutPathParserInfo={CutoutPathParserInfo{displayWidth=1080 displayHeight=2400 physicalDisplayWidth=1080 physicalDisplayHeight=2400 density={2.625} cutoutSpec={M 0,0 H -27.42857142857143 V 30.47619047619048 H 27.42857142857143 V 0 H 0 Z @dp} rotation={0} scale={1.0} physicalPixelDisplaySizeRatio={1.0}}}}, mRoundedCorners=RoundedCorners{[RoundedCorner{position=TopLeft, radius=90, center=Point(90, 90)}, RoundedCorner{position=TopRight, radius=90, center=Point(990, 90)}, RoundedCorner{position=BottomRight, radius=90, center=Point(990, 2310)}, RoundedCorner{position=BottomLeft, radius=90, center=Point(90, 2310)}]}  mRoundedCornerFrame=Rect(0, 0 - 1080, 2400), mPrivacyIndicatorBounds=PrivacyIndicatorBounds {static bounds=Rect(956, 0 - 1080, 80) rotation=0}, mSources= { InsetsSource: {mType=ITYPE_STATUS_BAR, mFrame=[0,0][1080,80], mVisible=true, mInsetsRoundedCornerFrame=false}, InsetsSource: {mType=ITYPE_NAVIGATION_BAR, mFrame=[0,2265][1080,2400], mVisible=true, mInsetsRoundedCornerFrame=false}, InsetsSource: {mType=ITYPE_LEFT_GESTURES, mFrame=[0,0][0,2400], mVisible=true, mInsetsRoundedCornerFrame=false}, InsetsSource: {mType=ITYPE_RIGHT_GESTURES, mFrame=[1080,0][1080,2400], mVisible=true, mInsetsRoundedCornerFrame=false}, InsetsSource: {mType=ITYPE_TOP_MANDATORY_GESTURES, mFrame=[0,0][1080,114], mVisible=true, mInsetsRoundedCornerFrame=false}, InsetsSource: {mType=ITYPE_BOTTOM_MANDATORY_GESTURES, mFrame=[0,2265][1080,2400], mVisible=true, mInsetsRoundedCornerFrame=false}, InsetsSource: {mType=ITYPE_LEFT_DISPLAY_CUTOUT, mFrame=[0,0][-100000,2400], mVisible=true, mInsetsRoundedCornerFrame=false}, InsetsSource: {mType=ITYPE_TOP_DISPLAY_CUTOUT, mFrame=[0,0][1080,80], mVisible=true, mInsetsRoundedCornerFrame=false}, InsetsSource: {mType=ITYPE_RIGHT_DISPLAY_CUTOUT, mFrame=[100000,0][1080,2400], mVisible=true, mInsetsRoundedCornerFrame=false}, InsetsSource: {mType=ITYPE_BOTTOM_DISPLAY_CUTOUT, mFrame=[0,100000][1080,2400], mVisible=true, mInsetsRoundedCornerFrame=false}, InsetsSource: {mType=ITYPE_TOP_TAPPABLE_ELEMENT, mFrame=[0,0][1080,80], mVisible=true, mInsetsRoundedCornerFrame=false}, InsetsSource: {mType=ITYPE_BOTTOM_TAPPABLE_ELEMENT, mFrame=[0,2265][1080,2400], mVisible=true, mInsetsRoundedCornerFrame=false} } host=com.example.dogglers/androidx.test.core.app.InstrumentationActivityInvoker$EmptyActivity from=android.view.ViewRootImpl.setView:1732
07-28 18:56:30.376  9007  9007 I ViewRootImpl@e274efa[InstrumentationActivityInvoker$EmptyActivity]: setView = com.android.internal.policy.DecorView@5f30d1c TM=true
07-28 18:56:30.377  9007  9007 I MSHandlerLifeCycle: removeMultiSplitHandler: no exist. decor=DecorView@5f30d1c[InstrumentationActivityInvoker$EmptyActivity]
07-28 18:56:30.378  1624  1745 D AnalyticsContainerHandler: handleMessage : { when=0 what=1 target=com.android.server.knox.KnoxAnalyticsContainer$AnalyticsHandler }
07-28 18:56:30.386  9007  9007 I ViewRootImpl@e274efa[InstrumentationActivityInvoker$EmptyActivity]: performTraversals params={(0,0)(fillxfill) sim={adjust=pan forwardNavigation} ty=BASE_APPLICATION wanim=0x1030001
07-28 18:56:30.386  9007  9007 I ViewRootImpl@e274efa[InstrumentationActivityInvoker$EmptyActivity]:   fl=1810100
07-28 18:56:30.386  9007  9007 I ViewRootImpl@e274efa[InstrumentationActivityInvoker$EmptyActivity]:   pfl=12020040
07-28 18:56:30.386  9007  9007 I ViewRootImpl@e274efa[InstrumentationActivityInvoker$EmptyActivity]:   bhv=DEFAULT
07-28 18:56:30.386  9007  9007 I ViewRootImpl@e274efa[InstrumentationActivityInvoker$EmptyActivity]:   fitSides= naviIconColor=0
07-28 18:56:30.386  9007  9007 I ViewRootImpl@e274efa[InstrumentationActivityInvoker$EmptyActivity]:   sfl=100000}
07-28 18:56:30.388  9007  9007 I ViewRootImpl@e274efa[InstrumentationActivityInvoker$EmptyActivity]: performTraversals mFirst=true windowShouldResize=true viewVisibilityChanged=false mForceNextWindowRelayout=false params={(0,0)(fillxfill) sim={adjust=pan forwardNavigation} ty=BASE_APPLICATION wanim=0x1030001
07-28 18:56:30.388  9007  9007 I ViewRootImpl@e274efa[InstrumentationActivityInvoker$EmptyActivity]:   fl=1810100
07-28 18:56:30.388  9007  9007 I ViewRootImpl@e274efa[InstrumentationActivityInvoker$EmptyActivity]:   pfl=12020040
07-28 18:56:30.388  9007  9007 I ViewRootImpl@e274efa[InstrumentationActivityInvoker$EmptyActivity]:   bhv=DEFAULT
07-28 18:56:30.388  9007  9007 I ViewRootImpl@e274efa[InstrumentationActivityInvoker$EmptyActivity]:   fitSides= naviIconColor=0
07-28 18:56:30.388  9007  9007 I ViewRootImpl@e274efa[InstrumentationActivityInvoker$EmptyActivity]:   sfl=100000}
07-28 18:56:30.389  1624  5216 V WindowManager: Relayout Window{a5711c9 u0 com.example.dogglers/androidx.test.core.app.InstrumentationActivityInvoker$EmptyActivity}: viewVisibility=0 req=1080x2400 d0
07-28 18:56:30.389  1127  1176 I BufferQueueDebug: [com.example.dogglers/androidx.test.core.app.InstrumentationActivityInvoker$EmptyActivity$_9007#178838](this:0xb4000075f536a838,id:-1,api:0,p:-1,c:-1) BufferQueue core=(1127:/system/bin/surfaceflinger)
07-28 18:56:30.390  1127  1176 I SurfaceFlinger: id=178838 createSurf flag=40004, com.example.dogglers/androidx.test.core.app.InstrumentationActivityInvoker$EmptyActivity$_9007#178838
07-28 18:56:30.393  1127  1176 I SurfaceFlinger: id=178839 createSurf flag=24000, Surface(name=f59a3f7 StatusBar)/@0xc90eccd - animation-leash of insets_animation#178839
07-28 18:56:30.394  1127  1176 I SurfaceFlinger: id=178840 createSurf flag=24000, Surface(name=3aacd27 NavigationBar0)/@0x501b17d - animation-leash of insets_animation#178840
07-28 18:56:30.397  1624  5216 V WindowManager: Relayout hash=a5711c9, pid=9007, syncId=-1: mAttrs={(0,0)(fillxfill) sim={adjust=pan forwardNavigation} ty=BASE_APPLICATION wanim=0x1030001
07-28 18:56:30.397  1624  5216 V WindowManager:   fl=1810100
07-28 18:56:30.397  1624  5216 V WindowManager:   pfl=12020040
07-28 18:56:30.397  1624  5216 V WindowManager:   apr=LIGHT_NAVIGATION_BARS
07-28 18:56:30.397  1624  5216 V WindowManager:   bhv=DEFAULT
07-28 18:56:30.397  1624  5216 V WindowManager:   fitSides= naviIconColor=0
07-28 18:56:30.397  1624  5216 V WindowManager:   sfl=100000}
