07-28 18:56:32.769  1127  3782 I SurfaceFlinger: id=178924 createSurf flag=40004, com.example.dogglers/androidx.test.core.app.InstrumentationActivityInvoker$EmptyActivity$_9007#178924
07-28 18:56:32.772  1127  3782 I SurfaceFlinger: id=178925 createSurf flag=24000, Surface(name=f59a3f7 StatusBar)/@0xc90eccd - animation-leash of insets_animation#178925
07-28 18:56:32.773  1127  3782 I SurfaceFlinger: id=178926 createSurf flag=24000, Surface(name=3aacd27 NavigationBar0)/@0x501b17d - animation-leash of insets_animation#178926
07-28 18:56:32.775  1624  5705 V WindowManager: Relayout hash=4fec64b, pid=9007, syncId=-1: mAttrs={(0,0)(fillxfill) sim={adjust=pan forwardNavigation} ty=BASE_APPLICATION wanim=0x1030001
07-28 18:56:32.775  1624  5705 V WindowManager:   fl=1810100
07-28 18:56:32.775  1624  5705 V WindowManager:   pfl=12020040
07-28 18:56:32.775  1624  5705 V WindowManager:   apr=LIGHT_NAVIGATION_BARS
07-28 18:56:32.775  1624  5705 V WindowManager:   bhv=DEFAULT
07-28 18:56:32.775  1624  5705 V WindowManager:   fitSides= naviIconColor=0
07-28 18:56:32.775  1624  5705 V WindowManager:   sfl=100000}
07-28 18:56:32.778  9007  9007 D InsetsController: onStateChanged: InsetsState: {mDisplayFrame=Rect(0, 0 - 1080, 2400), mDisplayCutout=DisplayCutout{insets=Rect(0, 80 - 0, 0) waterfall=Insets{left=0, top=0, right=0, bottom=0} boundingRect={Bounds=[Rect(0, 0 - 0, 0), Rect(468, 0 - 612, 80), Rect(0, 0 - 0, 0), Rect(0, 0 - 0, 0)]} cutoutPathParserInfo={CutoutPathParserInfo{displayWidth=1080 displayHeight=2400 physicalDisplayWidth=1080 physicalDisplayHeight=2400 density={2.625} cutoutSpec={M 0,0 H -27.42857142857143 V 30.47619047619048 H 27.42857142857143 V 0 H 0 Z @dp} rotation={0} scale={1.0} physicalPixelDisplaySizeRatio={1.0}}}}, mRoundedCorners=RoundedCorners{[RoundedCorner{position=TopLeft, radius=90, center=Point(90, 90)}, RoundedCorner{position=TopRight, radius=90, center=Point(990, 90)}, RoundedCorner{position=BottomRight, radius=90, center=Point(990, 2310)}, RoundedCorner{position=BottomLeft, radius=90, center=Point(90, 2310)}]}  mRoundedCornerFrame=Rect(0, 0 - 1080, 2400), mPrivacyIndicatorBounds=PrivacyIndicatorBounds {static bounds=Rect(956, 0 - 1080, 80) rotation=0}, mSources= { InsetsSource: {mType=ITYPE_STATUS_BAR, mFrame=[0,0][1080,80], mVisible=true, mInsetsRoundedCornerFrame=false}, InsetsSource: {mType=ITYPE_NAVIGATION_BAR, mFrame=[0,2265][1080,2400], mVisible=true, mInsetsRoundedCornerFrame=false}, InsetsSource: {mType=ITYPE_LEFT_GESTURES, mFrame=[0,0][0,2400], mVisible=true, mInsetsRoundedCornerFrame=false}, InsetsSource: {mType=ITYPE_RIGHT_GESTURES, mFrame=[1080,0][1080,2400], mVisible=true, mInsetsRoundedCornerFrame=false}, InsetsSource: {mType=ITYPE_TOP_MANDATORY_GESTURES, mFrame=[0,0][1080,114], mVisible=true, mInsetsRoundedCornerFrame=false}, InsetsSource: {mType=ITYPE_BOTTOM_MANDATORY_GESTURES, mFrame=[0,2265][1080,2400], mVisible=true, mInsetsRoundedCornerFrame=false}, InsetsSource: {mType=ITYPE_LEFT_DISPLAY_CUTOUT, mFrame=[0,0][-100000,2400], mVisible=true, mInsetsRoundedCornerFrame=false}, InsetsSource: {mType=ITYPE_TOP_DISPLAY_CUTOUT, mFrame=[0,0][1080,80], mVisible=true, mInsetsRoundedCornerFrame=false}, InsetsSource: {mType=ITYPE_RIGHT_DISPLAY_CUTOUT, mFrame=[100000,0][1080,2400], mVisible=true, mInsetsRoundedCornerFrame=false}, InsetsSource: {mType=ITYPE_BOTTOM_DISPLAY_CUTOUT, mFrame=[0,100000][1080,2400], mVisible=true, mInsetsRoundedCornerFrame=false}, InsetsSource: {mType=ITYPE_TOP_TAPPABLE_ELEMENT, mFrame=[0,0][1080,80], mVisible=true, mInsetsRoundedCornerFrame=false}, InsetsSource: {mType=ITYPE_BOTTOM_TAPPABLE_ELEMENT, mFrame=[0,2265][1080,2400], mVisible=true, mInsetsRoundedCornerFrame=false}, InsetsSource: {mType=ITYPE_IME, mFrame=[0,0][0,0], mVisibleFrame=[0,1243][1080,2400], mVisible=false, mInsetsRoundedCornerFrame=false} } host=com.example.dogglers/androidx.test.core.app.InstrumentationActivityInvoker$EmptyActivity from=android.view.ViewRootImpl.relayoutWindow:9802
07-28 18:56:32.779  9007  9007 I ViewRootImpl@44bea5c[InstrumentationActivityInvoker$EmptyActivity]: updateBlastSurfaceIfNeeded mBlastBufferQueue=null isSameSurfaceControl=false
07-28 18:56:32.780  9007  9007 D BufferQueueConsumer: [](id:232f00000008,api:0,p:-1,c:9007) connect: controlledByApp=false
07-28 18:56:32.780  9007  9007 I BLASTBufferQueue: new BLASTBufferQueue, mName= ViewRootImpl@44bea5c[InstrumentationActivityInvoker$EmptyActivity] mNativeObject= 0xb400007316104800 sc.mNativeObject= 0xb40000730f3ebc80 caller= android.view.ViewRootImpl.updateBlastSurfaceIfNeeded:2909 android.view.ViewRootImpl.relayoutWindow:9847 android.view.ViewRootImpl.performTraversals:3884 android.view.ViewRootImpl.doTraversal:3116 android.view.ViewRootImpl$TraversalRunnable.run:10885 android.view.Choreographer$CallbackRecord.run:1301 android.view.Choreographer$CallbackRecord.run:1309 android.view.Choreographer.doCallbacks:923 android.view.Choreographer.doFrame:852 android.view.Choreographer$FrameDisplayEventReceiver.run:1283
07-28 18:56:32.780  9007  9007 I BLASTBufferQueue: update, w= 1080 h= 2400 mName = ViewRootImpl@44bea5c[InstrumentationActivityInvoker$EmptyActivity] mNativeObject= 0xb400007316104800 sc.mNativeObject= 0xb40000730f3ebc80 format= -1 caller= android.graphics.BLASTBufferQueue.<init>:84 android.view.ViewRootImpl.updateBlastSurfaceIfNeeded:2909 android.view.ViewRootImpl.relayoutWindow:9847 android.view.ViewRootImpl.performTraversals:3884 android.view.ViewRootImpl.doTraversal:3116 android.view.ViewRootImpl$TraversalRunnable.run:10885
07-28 18:56:32.781  9007  9007 I ViewRootImpl@44bea5c[InstrumentationActivityInvoker$EmptyActivity]: Relayout returned: old=(0,0,1080,2400) new=(0,0,1080,2400) req=(1080,2400)0 dur=12 res=0x3 s={true 0xb400007296575800} ch=true seqId=0
07-28 18:56:32.783  9007  9007 I ViewRootImpl@44bea5c[InstrumentationActivityInvoker$EmptyActivity]: mThreadedRenderer.initialize() mSurface={isValid=true 0xb400007296575800} hwInitialized=true
07-28 18:56:32.783  9007  9037 D OpenGLRenderer: eglCreateWindowSurface
07-28 18:56:32.784  1624  1624 I GestureDetector: handleMessage LONG_PRESS
07-28 18:56:32.785  1624  1666 I GestureDetector: handleMessage LONG_PRESS
07-28 18:56:32.785  9007  9007 I ViewRootImpl@44bea5c[InstrumentationActivityInvoker$EmptyActivity]: reportNextDraw android.view.ViewRootImpl.performTraversals:4438 android.view.ViewRootImpl.doTraversal:3116 android.view.ViewRootImpl$TraversalRunnable.run:10885 android.view.Choreographer$CallbackRecord.run:1301 android.view.Choreographer$CallbackRecord.run:1309
07-28 18:56:32.786  9007  9007 I ViewRootImpl@44bea5c[InstrumentationActivityInvoker$EmptyActivity]: Setup new sync id=0
07-28 18:56:32.786  9007  9007 I ViewRootImpl@44bea5c[InstrumentationActivityInvoker$EmptyActivity]: Setting syncFrameCallback
07-28 18:56:32.786  9007  9007 I ViewRootImpl@44bea5c[InstrumentationActivityInvoker$EmptyActivity]: registerCallbacksForSync syncBuffer=false
07-28 18:56:32.788  1127  1127 I Layer   : id=178917 removeFromCurrentState Surface(name=f59a3f7 StatusBar)/@0xc90eccd - animation-leash of insets_animation#178917 (124)
07-28 18:56:32.788  1127  1127 I Layer   : id=176343 removeFromCurrentState f59a3f7 StatusBar#176343 (124)
07-28 18:56:32.788  1127  1127 I Layer   : id=176350 removeFromCurrentState StatusBar$_17091#176350 (124)
07-28 18:56:32.788  1127  1127 I Layer   : id=176343 addToCurrentState f59a3f7 StatusBar#176343 (124)
07-28 18:56:32.788  1127  1127 I Layer   : id=176350 addToCurrentState StatusBar$_17091#176350 (124)
07-28 18:56:32.788  1127  1127 I Layer   : id=178918 removeFromCurrentState Surface(name=3aacd27 NavigationBar0)/@0x501b17d - animation-leash of insets_animation#178918 (124)
07-28 18:56:32.788  1127  1127 I SurfaceFlinger: [4fec64b com.example.dogglers/androidx.test.core.app.InstrumentationActivityInvoker$EmptyActivity#178923] FrameRatePriority: 1
07-28 18:56:32.788  1127  1127 D SurfaceFlinger: [input] inputWindowCommands.focusRequests size is 1
07-28 18:56:32.789  9007  9063 I ViewRootImpl@44bea5c[InstrumentationActivityInvoker$EmptyActivity]: Received frameDrawingCallback syncResult=0 frameNum=1.
07-28 18:56:32.789  9007  9063 I ViewRootImpl@44bea5c[InstrumentationActivityInvoker$EmptyActivity]: Setting up sync and frameCommitCallback
07-28 18:56:32.790  1127  1386 D SurfaceFlinger: [input] setFocusedWindow: 4fec64b com.example.dogglers/androidx.test.core.app.InstrumentationActivityInvoker$EmptyActivity
07-28 18:56:32.790  1624  2705 D InputDispatcher: Focus request (0): 4fec64b com.example.dogglers/androidx.test.core.app.InstrumentationActivityInvoker$EmptyActivity but waiting because NOT_VISIBLE
07-28 18:56:32.793  9007  9037 I BLASTBufferQueue: [ViewRootImpl@44bea5c[InstrumentationActivityInvoker$EmptyActivity]#8](f:0,a:0) onFrameAvailable the first frame is available
07-28 18:56:32.793  9007  9037 D BLASTBufferQueue: [ViewRootImpl@44bea5c[InstrumentationActivityInvoker$EmptyActivity]#8](f:0,a:1) acquireNextBufferLocked size=1080x2400 mFrameNumber=1 applyTransaction=true mTimestamp=1010961592571872(auto) mPendingTransactions.size=0 graphicBufferId=38684770435097 transform=0
07-28 18:56:32.794  9007  9037 I ViewRootImpl@44bea5c[InstrumentationActivityInvoker$EmptyActivity]: Received frameCommittedCallback lastAttemptedDrawFrameNum=1 didProduceBuffer=true
07-28 18:56:32.795  9007  9037 D OpenGLRenderer: CFMS:: SetUp Pid : 9007    Tid : 9037
07-28 18:56:32.795  9007  9037 W Parcel  : Expecting binder but got null!
07-28 18:56:32.795  9007  9007 I ViewRootImpl@44bea5c[InstrumentationActivityInvoker$EmptyActivity]: onSyncComplete
07-28 18:56:32.796  9007  9007 I ViewRootImpl@44bea5c[InstrumentationActivityInvoker$EmptyActivity]: setupSync seqId=0 mSyncId=0 fn=1 caller=android.view.ViewRootImpl$$ExternalSyntheticLambda11.accept:6 android.window.SurfaceSyncer.lambda$setupSync$1$android-window-SurfaceSyncer:128 android.window.SurfaceSyncer$$ExternalSyntheticLambda1.accept:8 android.window.SurfaceSyncer$SyncSet.checkIfSyncIsComplete:382 android.window.SurfaceSyncer$SyncSet.markSyncReady:359 android.window.SurfaceSyncer.markSyncReady:151 android.view.ViewRootImpl.performTraversals:4503
07-28 18:56:32.797  9007  9007 I ViewRootImpl@44bea5c[InstrumentationActivityInvoker$EmptyActivity]: reportDrawFinished seqId=0 mSyncId=-1 fn=1 mSurfaceChangedTransaction=0xb400007316478900
07-28 18:56:32.797  9007  9007 I ViewRootImpl@275487e[InstrumentationActivityInvoker$EmptyActivity]: MSG_WINDOW_FOCUS_CHANGED 0 0
07-28 18:56:32.801  1624  1665 I ActivityTaskManager: Displayed com.example.dogglers/androidx.test.core.app.InstrumentationActivityInvoker$EmptyActivity: +139ms
07-28 18:56:32.801  1624  1669 I SemDvfsHyPerManager: acquire hyper - AMS_RESUME_TAIL/1624@21, type = -999
07-28 18:56:32.801  1624  1669 I SemDvfsHyPerManager: acquire hyper - AMS_ACT_LAZY/1624@22, type = -999
07-28 18:56:32.801  3746  3746 E pageboostd: Received HALT command code 2
07-28 18:56:32.801  1090  1150 I HYPER-HAL: [RequestManager.cpp]acquire(): Acquired ID : 1353856  [1624 / 21]    HINT : AMS_RESUME_TAIL    list :
07-28 18:56:32.801  1090  1150 I mtkpower_client: perf_lock_rel, hdl:81836, tid:1150
07-28 18:56:32.802  1090  1150 I mtkpower_client: perf_lock_acq, hdl:0, dur:0, num:2, tid:1150
07-28 18:56:32.802  1093  1167 I libPowerHal: [perfLockRel] hdl:81836, idx:3
07-28 18:56:32.802  1093  1167 I libPowerHal: vendor.samsung.: cpu_ctrl set cpu freq: -1 -1 -1 -1
07-28 18:56:32.802  1127  3782 I SurfaceFlinger: id=178927 createSurf flag=80000, c382674 ActivityRecordInputSink com.example.dogglers/androidx.test.core.app.InstrumentationActivityInvoker$EmptyActivity#178927
07-28 18:56:32.802  1090  1150 I mtkpower_client: ret_hdl:81839
07-28 18:56:32.802  1090  1150 I mtkpower_client: perf_lock_rel, hdl:81837, tid:1150
07-28 18:56:32.803  1093  1167 I libPowerHal: [perfLockAcq] idx:2 hdl:81839 hint:-1 pid:1090 duration:0 lock_user:vendor.samsung. => ret_hdl:81839
07-28 18:56:32.803  1093  1167 I libPowerHal: vendor.samsung.: cpu_ctrl set cpu freq: 1800000 -1 -1 -1
07-28 18:56:32.803  1090  1150 I mtkpower_client: perf_lock_acq, hdl:0, dur:0, num:2, tid:1150
07-28 18:56:32.803  1093  1167 I libPowerHal: [perfLockRel] hdl:81837, idx:1
07-28 18:56:32.804  1093  1167 I libPowerHal: [PD] vendor.samsung. update cmd:1c3c000, param:1
07-28 18:56:32.804  1093  1167 I libPowerHal: [PD] (less) /proc/mcdi/state set +prefix:enable 1;
07-28 18:56:32.805  1127  1127 D BufferStateLayer: com.example.dogglers/androidx.test.core.app.InstrumentationActivityInvoker$EmptyActivity$_9007#178924 setBuffer frameId=1, bufferId=38684770435097 fenceId=416, w= 1080, h=2400
07-28 18:56:32.805  1090  1150 I mtkpower_client: ret_hdl:81840
07-28 18:56:32.805  1127  1127 I Layer   : Layer [com.example.dogglers/androidx.test.core.app.InstrumentationActivityInvoker$EmptyActivity$_9007#178916] hidden!! flag(1)
07-28 18:56:32.805  1090  1150 I mtkpower_client: perf_lock_rel, hdl:81838, tid:1150
07-28 18:56:32.805  1093  1167 I libPowerHal: [perfLockAcq] idx:1 hdl:81840 hint:-1 pid:1090 duration:0 lock_user:vendor.samsung. => ret_hdl:81840
07-28 18:56:32.805  1093  1167 I libPowerHal: [PE] (less) /proc/mcdi/state set +prefix:enable 0;
07-28 18:56:32.806  1090  1150 I mtkpower_client: perf_lock_acq, hdl:0, dur:0, num:2, tid:1150
07-28 18:56:32.806  1093  1167 I libPowerHal: [perfLockRel] hdl:81838, idx:0
07-28 18:56:32.806  1093  1167 I libPowerHal: [PD] vendor.samsung. update cmd:1000000, param:-1
07-28 18:56:32.806  1093  1167 I libPowerHal: [PD] vendor.samsung. update cmd:1000000 param:-1
07-28 18:56:32.808  1127  1176 I SurfaceFlinger: id=178918 Removed Surface(name=3aacd27 NavigationBar0)/@0x501b17d - animation-leash of insets_animation#178918 (125)
07-28 18:56:32.808  1090  1150 I mtkpower_client: ret_hdl:81841
07-28 18:56:32.808  1127  1176 I SurfaceFlinger: id=178917 Removed Surface(name=f59a3f7 StatusBar)/@0xc90eccd - animation-leash of insets_animation#178917 (125)
07-28 18:56:32.808  1090  1150 I HYPER-HAL: [RequestManager.cpp]releaseLocked(): Released ID : 1350565
07-28 18:56:32.808  1093  1167 I libPowerHal: [perfLockAcq] idx:0 hdl:81841 hint:-1 pid:1090 duration:0 lock_user:vendor.samsung. => ret_hdl:81841
07-28 18:56:32.808  1093  1167 I libPowerHal: [PE] vendor.samsung. update cmd:1000000, param:0
07-28 18:56:32.809  1093  1167 I libPowerHal: [PE] vendor.samsung. update cmd:1000000 param:0
07-28 18:56:32.809  1624  5216 D InputDispatcher: Focus entered window (0): 4fec64b com.example.dogglers/androidx.test.core.app.InstrumentationActivityInvoker$EmptyActivity
07-28 18:56:32.810  9007  9007 I ViewRootImpl@275487e[InstrumentationActivityInvoker$EmptyActivity]: handleAppVisibility mAppVisible = true visible = false
07-28 18:56:32.813  1127  1127 D SurfaceFlinger: Display 0 HWC layers:
07-28 18:56:32.813  1127  1127 D SurfaceFlinger:      DEVICE | 0xb4000075f544d280 | 0102 | RGBA_8888    |    0.0    0.0 1080.0 2400.0 |    0    0 1080 2400 | com.example.dogglers/androidx.test.c[...]tyInvoker$EmptyActivity$_9007#178924
07-28 18:56:32.813  1127  1127 D SurfaceFlinger:      DEVICE | 0xb400007623228f80 | 0100 | RGBA_8888    |    0.0    0.0 1080.0   80.0 |    0    0 1080   80 | StatusBar$_17091#176350
07-28 18:56:32.813  1127  1127 D SurfaceFlinger:      DEVICE | 0xb4000075f544cb00 | 0100 | RGBA_8888    |    0.0    0.0 1080.0  135.0 |    0 2265 1080 2400 | NavigationBar0$_17091#176345
07-28 18:56:32.813  1127  1127 D SurfaceFlinger:      DEVICE | 0xb4000076232f1a80 | 0140 | RGBA_8888    |    0.0    0.0 1080.0  150.0 |    0    0 1080  150 | ScreenDecorOverlay$_17091#176358
07-28 18:56:32.813  1127  1127 D SurfaceFlinger:      DEVICE | 0xb400007621856400 | 0140 | RGBA_8888    |    0.0    0.0 1080.0  150.0 |    0 2250 1080 2400 | ScreenDecorOverlayBottom$_17091#176359
07-28 18:56:32.813  1127  1127 D SurfaceFlinger:
07-28 18:56:32.814  1624  2705 D InputDispatcher: Focused application(0): ActivityRecord{e1dc2e0 u0 com.sec.android.app.launcher/.activities.LauncherActivity} t7}
07-28 18:56:32.820  9007  9007 I ViewRootImpl@44bea5c[InstrumentationActivityInvoker$EmptyActivity]: MSG_WINDOW_FOCUS_CHANGED 1 0
07-28 18:56:32.820  3393  3393 I TopTaskTracker: onTaskMovedToFront : taskId = 7
07-28 18:56:32.820  9007  9007 I ViewRootImpl@44bea5c[InstrumentationActivityInvoker$EmptyActivity]: mThreadedRenderer.initializeIfNeeded()#2 mSurface={isValid=true 0xb400007296575800}
07-28 18:56:32.821  1624  1668 D PersonaActivityHelper: Activity not in resumed state, do not run immediate lock
07-28 18:56:32.821  1127  1127 I SurfaceFlinger: [4fec64b com.example.dogglers/androidx.test.core.app.InstrumentationActivityInvoker$EmptyActivity#178923] FrameRatePriority: -1
07-28 18:56:32.821  9007  9007 D InputMethodManager: startInputInner - Id : 0
07-28 18:56:32.821  9007  9007 I InputMethodManager: startInputInner - mService.startInputOrWindowGainedFocus
07-28 18:56:32.821  1127  1127 I Layer   : id=178917 Destroyed Surface(name=f59a3f7 StatusBar)/@0xc90eccd - animation-leash of insets_animation#178917
07-28 18:56:32.821  1127  1127 I Layer   : id=178918 Destroyed Surface(name=3aacd27 NavigationBar0)/@0x501b17d - animation-leash of insets_animation#178918
07-28 18:56:32.821  3393 16210 I RecentModel: onTaskStackChangedBackground
07-28 18:56:32.824  1624  2705 D InputMethodManagerService: mDesktopModeManager null!
07-28 18:56:32.824  1624  2705 V InputMethodManagerService: getDisplayIdOfInputMethodWindowToBeAdded: displayId=0
07-28 18:56:32.824  1624  2705 D InputMethodManagerService: isImeSwitcherDisabledPackage : false
07-28 18:56:32.825  1624  2705 D InputMethodManagerService: checkDisplayOfStartInputAndUpdateKeyboard: displayId=0, mFocusedDisplayId=0
07-28 18:56:32.825  1624  2705 D InputTransport: Input channel constructed: 'ClientS', fd=1085
07-28 18:56:32.825  1624  2705 D InputTransport: Input channel destroyed: 'ClientS', fd=1085
07-28 18:56:32.826  5607  5607 I HBD     : HoneyBoardService onFinishInput
07-28 18:56:32.826  5607  5607 I HBD     : a IC have been unbinding,  RemoteInputConnection{idHash=#d607281}
07-28 18:56:32.826  5607  5607 I HBD     : HoneyBoardService [PF_CL][onFinishInput]  0 ms
07-28 18:56:32.827  5607  5607 I HBD     : HoneyBoardService [IMI] onStartInput - caller pid : 9007 , caller uid : 10520
07-28 18:56:32.827  5607  5607 I HBD     : j updateConfigs
07-28 18:56:32.827  5607  5607 I HBD     : j isEnabledNightMode : false
07-28 18:56:32.827  5607  5607 I HBD     : a IC have been binding, RemoteInputConnection{idHash=#d607281}
07-28 18:56:32.827  5607  5607 I HBD     : h [EditorInputType]setPrivateImeOptionsToTable privateImeOptions ( null )
07-28 18:56:32.827  1127  1176 I SurfaceFlinger: id=178928 createSurf flag=24004, Surface(name=d8adfc2 InputMethod)/@0xc2b360e - animation-leash of insets_animation#178928
07-28 18:56:32.827  5607  5607 I HBD     : b incognitoMode : false
07-28 18:56:32.827  5607  5607 I HBD     : a needOff = true , isForceOff = false, isNullInputClass : true
07-28 18:56:32.827  9007  9007 I ViewRootImpl@275487e[InstrumentationActivityInvoker$EmptyActivity]: stopped(true) old = false
07-28 18:56:32.827  9007  9007 I ViewRootImpl@275487e[InstrumentationActivityInvoker$EmptyActivity]: WindowStopped on com.example.dogglers/androidx.test.core.app.InstrumentationActivityInvoker$EmptyActivity set to true
07-28 18:56:32.827  5607  5607 I HBD     : h getDefaultInputRange : UNKNOWN
07-28 18:56:32.827  5607  5607 I HBD     : h getDefaultInputRange : UNKNOWN
07-28 18:56:32.827  5607  5607 I HBD     : h getDefaultInputRange : UNKNOWN
07-28 18:56:32.828  9007  9007 D LifecycleMonitor: Lifecycle status change: androidx.test.core.app.InstrumentationActivityInvoker$EmptyActivity@84b173d in: STOPPED
07-28 18:56:32.829  9007  9007 V ActivityScenario: Activity lifecycle changed event received but ignored because the intent does not match. startActivityIntent=Intent { act=android.intent.action.MAIN cat=[android.intent.category.LAUNCHER] cmp=com.example.dogglers/.VerticalListActivity }, activity.getIntent()=Intent { act=android.intent.action.MAIN cat=[android.intent.category.LAUNCHER] flg=0x10000000 cmp=com.example.dogglers/androidx.test.core.app.InstrumentationActivityInvoker$EmptyActivity }, activity=androidx.test.core.app.InstrumentationActivityInvoker$EmptyActivity@84b173d
07-28 18:56:32.829  5607  5607 I HBD     : a needOff = true , isForceOff = false, isNullInputClass : true
07-28 18:56:32.829  5607  5607 I HBD     : a update cached prediction status : false
07-28 18:56:32.829  5607  5607 I HBD     : h getDefaultInputRange : UNKNOWN
07-28 18:56:32.829  5607  5607 I HBD     : a currentState : 0
07-28 18:56:32.830  5607  5607 I HBD     : a [UpdatePolicy] [post] a: 0 cl: 65538 kit: [0/0] vt: 0 ir: 1
07-28 18:56:32.830  5607  5607 I HBD     : a [NRIC] resetNoResponseState
07-28 18:56:32.830  5607  5607 I HBD     : a needOff = true , isForceOff = false, isNullInputClass : true
07-28 18:56:32.830  5607  5607 I HBD     : a update cached prediction status : false
07-28 18:56:32.831  9007  9007 I MSHandlerLifeCycle: removeMultiSplitHandler: no exist. decor=DecorView@1f56200[InstrumentationActivityInvoker$EmptyActivity]
07-28 18:56:32.831  5607  5607 I HBD     : HoneyBoardService [PF_OP][onStartInput]  4 ms
07-28 18:56:32.832  9007  9037 D OpenGLRenderer: setSurface called with nullptr
07-28 18:56:32.832  9007  9037 D OpenGLRenderer: setSurface() destroyed EGLSurface
07-28 18:56:32.832  9007  9037 D OpenGLRenderer: destroyEglSurface
07-28 18:56:32.834  9007  9037 D BLASTBufferQueue: [ViewRootImpl@275487e[InstrumentationActivityInvoker$EmptyActivity]#7](f:0,a:1) destructor()
07-28 18:56:32.834  9007  9037 D BufferQueueConsumer: [ViewRootImpl@275487e[InstrumentationActivityInvoker$EmptyActivity]#7(BLAST Consumer)7](id:232f00000007,api:0,p:-1,c:9007) disconnect
07-28 18:56:32.835  9007  9007 I ViewRootImpl@275487e[InstrumentationActivityInvoker$EmptyActivity]: performTraversals mFirst=false windowShouldResize=false viewVisibilityChanged=true mForceNextWindowRelayout=false params=null
07-28 18:56:32.836  1624  2705 V WindowManager: Relayout Window{f9e7eae u0 com.example.dogglers/androidx.test.core.app.InstrumentationActivityInvoker$EmptyActivity}: viewVisibility=8 req=1080x2400 d0
07-28 18:56:32.838  1127  1127 D SurfaceFlinger: [input] inputWindowCommands.focusRequests size is 1
07-28 18:56:32.838  1127  1127 I Layer   : id=178922 removeFromCurrentState Surface(name=d8adfc2 InputMethod)/@0xc2b360e - animation-leash of insets_animation#178922 (124)
07-28 18:56:32.839  1624  2705 V WindowManager: Relayout hash=f9e7eae, pid=9007, syncId=-1: mAttrs={(0,0)(fillxfill) sim={adjust=pan forwardNavigation} ty=BASE_APPLICATION wanim=0x1030001
07-28 18:56:32.839  1624  2705 V WindowManager:   fl=1810100
07-28 18:56:32.839  1624  2705 V WindowManager:   pfl=12020040
07-28 18:56:32.839  1624  2705 V WindowManager:   apr=LIGHT_NAVIGATION_BARS
07-28 18:56:32.839  1624  2705 V WindowManager:   bhv=DEFAULT
07-28 18:56:32.839  1624  2705 V WindowManager:   fitSides= naviIconColor=0
07-28 18:56:32.839  1624  2705 V WindowManager:   sfl=100000}
07-28 18:56:32.840  1127  1386 D SurfaceFlinger: [input] setFocusedWindow: <null>
07-28 18:56:32.840  1624  2705 D InputDispatcher: Focus left window (0): 4fec64b com.example.dogglers/androidx.test.core.app.InstrumentationActivityInvoker$EmptyActivity
07-28 18:56:32.841  1127  1176 I SurfaceFlinger: id=178922 Removed Surface(name=d8adfc2 InputMethod)/@0xc2b360e - animation-leash of insets_animation#178922 (124)
07-28 18:56:32.842  9007  9007 I ViewRootImpl@275487e[InstrumentationActivityInvoker$EmptyActivity]: Relayout returned: old=(0,0,1080,2400) new=(0,0,1080,2400) req=(1080,2400)8 dur=7 res=0x2 s={false 0x0} ch=false seqId=0
07-28 18:56:32.845  9007  9007 D LifecycleMonitor: Lifecycle status change: androidx.test.core.app.InstrumentationActivityInvoker$EmptyActivity@84b173d in: DESTROYED
07-28 18:56:32.845  9007  9007 V ActivityScenario: Activity lifecycle changed event received but ignored because the intent does not match. startActivityIntent=Intent { act=android.intent.action.MAIN cat=[android.intent.category.LAUNCHER] cmp=com.example.dogglers/.VerticalListActivity }, activity.getIntent()=Intent { act=android.intent.action.MAIN cat=[android.intent.category.LAUNCHER] flg=0x10000000 cmp=com.example.dogglers/androidx.test.core.app.InstrumentationActivityInvoker$EmptyActivity }, activity=androidx.test.core.app.InstrumentationActivityInvoker$EmptyActivity@84b173d
07-28 18:56:32.846  9007  9007 I MSHandlerLifeCycle: removeMultiSplitHandler: no exist. decor=DecorView@1f56200[InstrumentationActivityInvoker$EmptyActivity]
07-28 18:56:32.846  9007  9037 D OpenGLRenderer: setSurface called with nullptr
07-28 18:56:32.847  9007  9007 I ViewRootImpl@275487e[InstrumentationActivityInvoker$EmptyActivity]: dispatchDetachedFromWindow
07-28 18:56:32.847  1624  2705 D InputTransport: Input channel destroyed: 'f9e7eae', fd=1079
07-28 18:56:32.847  1624  2705 W InputManager-JNI: Input channel object 'f9e7eae com.example.dogglers/androidx.test.core.app.InstrumentationActivityInvoker$EmptyActivity (client)' was disposed without first being removed with the input manager!
07-28 18:56:32.847  1624  2705 D InputTransport: Input channel destroyed: 'f9e7eae', fd=1080
07-28 18:56:32.850  9007  9007 D InputTransport: Input channel destroyed: 'f9e7eae', fd=142
07-28 18:56:32.852  1127  1176 I SurfaceFlinger: id=178919 Removed 875e4b2 ActivityRecordInputSink com.example.dogglers/androidx.test.core.app.InstrumentationActivityInvoker$EmptyActivity#178919 (124)
07-28 18:56:32.854  9007  9007 D LifecycleMonitor: Lifecycle status change: androidx.test.core.app.InstrumentationActivityInvoker$EmptyActivity@4e36073 in: PAUSED
07-28 18:56:32.854  1127  1127 I Layer   : id=178916 removeFromCurrentState com.example.dogglers/androidx.test.core.app.InstrumentationActivityInvoker$EmptyActivity$_9007#178916 (124)
07-28 18:56:32.854  9007  9007 V ActivityScenario: Activity lifecycle changed event received but ignored because the intent does not match. startActivityIntent=Intent { act=android.intent.action.MAIN cat=[android.intent.category.LAUNCHER] cmp=com.example.dogglers/.VerticalListActivity }, activity.getIntent()=Intent { act=android.intent.action.MAIN cat=[android.intent.category.LAUNCHER] flg=0x10000000 cmp=com.example.dogglers/androidx.test.core.app.InstrumentationActivityInvoker$EmptyActivity }, activity=androidx.test.core.app.InstrumentationActivityInvoker$EmptyActivity@4e36073
07-28 18:56:32.854  1127  1127 I Layer   : id=178915 removeFromCurrentState f9e7eae com.example.dogglers/androidx.test.core.app.InstrumentationActivityInvoker$EmptyActivity#178915 (124)
07-28 18:56:32.854  1127  1127 I SurfaceFlinger: id=178916 Removed com.example.dogglers/androidx.test.core.app.InstrumentationActivityInvoker$EmptyActivity$_9007#178916 (124)
07-28 18:56:32.855  1127  1127 I SurfaceFlinger: id=178915 Removed f9e7eae com.example.dogglers/androidx.test.core.app.InstrumentationActivityInvoker$EmptyActivity#178915 (124)
07-28 18:56:32.855  1127  1127 I Layer   : id=178922 Destroyed Surface(name=d8adfc2 InputMethod)/@0xc2b360e - animation-leash of insets_animation#178922
07-28 18:56:32.855  1127  1127 I Layer   : id=178915 Destroyed f9e7eae com.example.dogglers/androidx.test.core.app.InstrumentationActivityInvoker$EmptyActivity#178915
07-28 18:56:32.855  1127  1127 I BufferQueueDebug: [com.example.dogglers/androidx.test.core.app.InstrumentationActivityInvoker$EmptyActivity$_9007#178916](this:0xb4000075f0b5d838,id:-1,api:0,p:-1,c:1127) onDestructor()
07-28 18:56:32.855  1127  1127 I Layer   : id=178916 Destroyed com.example.dogglers/androidx.test.core.app.InstrumentationActivityInvoker$EmptyActivity$_9007#178916
07-28 18:56:32.856  1624  2705 I SemDvfsHyPerManager: acquire hyper - AMS_APP_HOME/1624@31, type = -999
07-28 18:56:32.857  1090  1150 I HYPER-HAL: [RequestManager.cpp]acquire(): Acquired ID : 1370371  [1624 / 31]    HINT : AMS_APP_HOME    list :
07-28 18:56:32.857  1090  1150 I mtkpower_client: perf_lock_rel, hdl:81840, tid:1150
07-28 18:56:32.857  1090  1150 I mtkpower_client: perf_lock_acq, hdl:0, dur:0, num:2, tid:1150
07-28 18:56:32.858  1093  1167 I libPowerHal: [perfLockRel] hdl:81840, idx:1
07-28 18:56:32.858  1093  1167 I libPowerHal: [PD] vendor.samsung. update cmd:1c3c000, param:1
07-28 18:56:32.858  1093  1167 I libPowerHal: [PD] (less) /proc/mcdi/state set +prefix:enable 1;
07-28 18:56:32.858  5208  5208 I SemDvfsHyPerManager: acquire hyper - APP_START_HOME/5208@13, type = -999
07-28 18:56:32.859  3393  3393 I ViewRootImpl@c6ee0f[LauncherActivity]: handleAppVisibility mAppVisible = false visible = true
07-28 18:56:32.859  1090  1150 I mtkpower_client: ret_hdl:81842
07-28 18:56:32.859  1093  1167 I libPowerHal: [perfLockAcq] idx:3 hdl:81842 hint:-1 pid:1090 duration:0 lock_user:vendor.samsung. => ret_hdl:81842
07-28 18:56:32.859  1090  1150 I mtkpower_client: perf_lock_rel, hdl:81839, tid:1150
07-28 18:56:32.859  1093  1167 I libPowerHal: [PE] (less) /proc/mcdi/state set +prefix:enable 0;
07-28 18:56:32.860  1090  1150 I mtkpower_client: perf_lock_acq, hdl:0, dur:0, num:2, tid:1150
07-28 18:56:32.860  1093  1167 I libPowerHal: [perfLockRel] hdl:81839, idx:2
07-28 18:56:32.860  1093  1167 I libPowerHal: vendor.samsung.: cpu_ctrl set cpu freq: -1 -1 -1 -1
07-28 18:56:32.861  1090  1150 I mtkpower_client: ret_hdl:81843
07-28 18:56:32.861  1093  1167 I libPowerHal: [perfLockAcq] idx:1 hdl:81843 hint:-1 pid:1090 duration:0 lock_user:vendor.samsung. => ret_hdl:81843
07-28 18:56:32.861  1090  1150 I HYPER-HAL: [RequestManager.cpp]acquire(): Acquired ID : 13632044  [5208 / 13]    HINT : APP_START    list : [KERNEL_APP_START_NOTIFY / 0] [TIMEOUT / 1500]
07-28 18:56:32.861  1093  1167 I libPowerHal: vendor.samsung.: cpu_ctrl set cpu freq: 1800000 -1 -1 -1
07-28 18:56:32.863  3393  3393 I ViewRootImpl@c6ee0f[LauncherActivity]: stopped(false) old = true
07-28 18:56:32.863  3393  3393 I ViewRootImpl@c6ee0f[LauncherActivity]: WindowStopped on com.sec.android.app.launcher/com.sec.android.app.launcher.activities.LauncherActivity set to false
07-28 18:56:32.864  3393  3393 I Launcher: !@Boot_DEBUG: Launcher.onStart()
07-28 18:56:32.864  3393  3393 I Launcher: !@Boot_EBS_D: Launcher.onStart()
07-28 18:56:32.864  3393  3393 I BaseActivity: addActivityFlags, flags : 1
07-28 18:56:32.864  3393  3393 W LauncherAppWidgetHost: setShouldListenFlag, mFlags:2 flag:start on:true isFront:false
07-28 18:56:32.864  3393  3393 W Launcher: onStart isListening : false isLoading false
07-28 18:56:32.866  2857  2857 I WifiHAL : Get link layer stats
07-28 18:56:32.866  2857  2857 I WifiHAL : GetLinkStatsCommand::create
07-28 18:56:32.866  2857  2857 D android.hardware.wifi@1.0-service-lazy: WifiRequest::create vendor command to iface 40, vendor_id=0x1a11, subcmd=0x1200, res=0
07-28 18:56:32.866  2857  2857 I android.hardware.wifi@1.0-service-lazy: WifiCommand::requestResponse err=-95
07-28 18:56:32.866  2857  2857 I WifiHAL : wifi_get_link_stats: result=-3
07-28 18:56:32.866  3393  3393 I MSHandlerLifeCycle: removeMultiSplitHandler: no exist. decor=DecorView@4f24386[LauncherActivity]
07-28 18:56:32.866  3393  3393 I ViewRootImpl@c6ee0f[LauncherActivity]: stopped(false) old = false
07-28 18:56:32.866  3393  3393 I Launcher: !@Boot_DEBUG: Launcher.onResume()
07-28 18:56:32.867  3393  3393 I Launcher: !@Boot_EBS_D: Launcher.onResume()
07-28 18:56:32.867  3393  3393 I BaseActivity: addActivityFlags, flags : 18
07-28 18:56:32.867  1624  2720 E WifiVendorHal: getWifiLinkLayerStats_1_5_Internal(l.1179) failed {.code = ERROR_NOT_SUPPORTED, .description = }
07-28 18:56:32.867  3393  3393 I BaseActivity: removeActivityFlags, flags : 32
07-28 18:56:32.867  3393  3393 I AppsSearchBar: restoreCurrentCellLayoutAlpha: null
07-28 18:56:32.867  3393  3756 I IMM_LC  : hsifw() - flag : 0
07-28 18:56:32.867  3393  3756 I IMM_LC  : hsifw() - mService.hideSoftInput
07-28 18:56:32.867  9007  9007 I ViewRootImpl@44bea5c[InstrumentationActivityInvoker$EmptyActivity]: MSG_WINDOW_FOCUS_CHANGED 0 0
07-28 18:56:32.868  3393  3393 W SearchLauncherServiceMover: isMoving : false
07-28 18:56:32.869  3393  6080 I Launcher: DisplayMetrics from Resources : DisplayMetrics{density=2.8125, width=1080, height=2185, scaledDensity=3.6562498, xdpi=409.432, ydpi=411.891}
07-28 18:56:32.869  3393  3393 I Launcher: setWallpaperOffsets
07-28 18:56:32.869  3393  6080 I Launcher: realMetrics from Wm : DisplayMetrics{density=2.8125, width=1080, height=2400, scaledDensity=2.8125, xdpi=409.432, ydpi=411.891}
07-28 18:56:32.869  3393  6080 I Launcher: Launcher DeviceProfile onResume availSize: 1080x2263 windowSize: 1080x2400 isLandscape: false
07-28 18:56:32.869  9007  9030 E TestRunner: failed: vertical_scrolling(com.example.dogglers.VerticalListTests)
07-28 18:56:32.869  9007  9030 E TestRunner: ----- begin exception -----
07-28 18:56:32.870  1624  5705 D InputMethodManagerService: isImeSwitcherDisabledPackage : false
07-28 18:56:32.870  1624  1688 W libprocessgroup: Failed to open /dev/blkio//cgroup.procs: No such file or directory
07-28 18:56:32.871 26793 26793 I A       : onStart
07-28 18:56:32.871  1127  1127 I Layer   : id=178914 removeFromCurrentState ActivityRecord{98ccc03 u0 com.example.dogglers/androidx.test.core.app.InstrumentationActivityInvoker$EmptyActivity} t30331}#178914 (121)
07-28 18:56:32.871  3393  3758 I LiveIconUpdateEventHandler: cancelMinuteChangeAlarm
07-28 18:56:32.871  1624  1688 W libprocessgroup: Failed to open /dev/blkio//cgroup.procs: No such file or directory
07-28 18:56:32.871  1127  1127 I Layer   : id=178919 removeFromCurrentState 875e4b2 ActivityRecordInputSink com.example.dogglers/androidx.test.core.app.InstrumentationActivityInvoker$EmptyActivity#178919 (121)
07-28 18:56:32.871  1127  1127 I SurfaceFlinger: id=178914 Removed ActivityRecord{98ccc03 u0 com.example.dogglers/androidx.test.core.app.InstrumentationActivityInvoker$EmptyActivity} t30331}#178914 (121)
07-28 18:56:32.871  1127  1127 I Layer   : id=178914 Destroyed ActivityRecord{98ccc03 u0 com.example.dogglers/androidx.test.core.app.InstrumentationActivityInvoker$EmptyActivity} t30331}#178914
07-28 18:56:32.871  1127  1127 I Layer   : id=178919 Destroyed 875e4b2 ActivityRecordInputSink com.example.dogglers/androidx.test.core.app.InstrumentationActivityInvoker$EmptyActivity#178919
07-28 18:56:32.872  1624  1688 W libprocessgroup: Failed to open /dev/blkio//cgroup.procs: No such file or directory
07-28 18:56:32.872  3393  3758 I LiveIconUpdateEventHandler: setMinuteChangeAlarm Fri Jul 28 18:57:00 GMT+03:00 2023
07-28 18:56:32.873  9007  9030 E TestRunner: androidx.test.espresso.NoMatchingViewException: No views in hierarchy found matching: an instance of android.widget.TextView and view.getText() with or without transformation to match: is "Faye"
07-28 18:56:32.873  9007  9030 E TestRunner:
07-28 18:56:32.873  9007  9030 E TestRunner: View Hierarchy:
07-28 18:56:32.873  9007  9030 E TestRunner: +>DecorView{id=-1, visibility=VISIBLE, width=1080, height=2400, has-focus=false, has-focusable=true, has-window-focus=true, is-clickable=false, is-enabled=true, is-focused=false, is-focusable=false, is-layout-requested=false, is-selected=false, layout-params={(0,0)(fillxfill) ty=BASE_APPLICATION wanim=0x1030309
07-28 18:56:32.873  9007  9030 E TestRunner:   fl=81810100
07-28 18:56:32.873  9007  9030 E TestRunner:   pfl=10020040
07-28 18:56:32.873  9007  9030 E TestRunner:   bhv=DEFAULT
07-28 18:56:32.873  9007  9030 E TestRunner:   fitSides= naviIconColor=0
07-28 18:56:32.873  9007  9030 E TestRunner:   sfl=100000}, tag=null, root-is-layout-requested=false, has-input-connection=false, x=0.0, y=0.0, child-count=3}
07-28 18:56:32.873  9007  9030 E TestRunner: |
07-28 18:56:32.873  9007  9030 E TestRunner: +->LinearLayout{id=-1, visibility=VISIBLE, width=1080, height=2265, has-focus=false, has-focusable=true, has-window-focus=true, is-clickable=false, is-enabled=true, is-focused=false, is-focusable=false, is-layout-requested=false, is-selected=false, layout-params=android.widget.FrameLayout$LayoutParams@54c2127, tag=null, root-is-layout-requested=false, has-input-connection=false, x=0.0, y=0.0, child-count=2}
07-28 18:56:32.873  9007  9030 E TestRunner: |
07-28 18:56:32.873  9007  9030 E TestRunner: +-->ViewStub{id=16908743, res-name=action_mode_bar_stub, visibility=GONE, width=0, height=0, has-focus=false, has-focusable=false, has-window-focus=true, is-clickable=false, is-enabled=true, is-focused=false, is-focusable=false, is-layout-requested=true, is-selected=false, layout-params=android.widget.LinearLayout$LayoutParams@eae2fd4, tag=null, root-is-layout-requested=false, has-input-connection=false, x=0.0, y=0.0}
07-28 18:56:32.873  9007  9030 E TestRunner: |
07-28 18:56:32.873  9007  9030 E TestRunner: +-->FrameLayout{id=-1, visibility=VISIBLE, width=1080, height=2185, has-focus=false, has-focusable=true, has-window-focus=true, is-clickable=false, is-enabled=true, is-focused=false, is-focusable=false, is-layout-requested=false, is-selected=false, layout-params=android.widget.LinearLayout$LayoutParams@e3b3c72, tag=null, root-is-layout-requested=false, has-input-connection=false, x=0.0, y=80.0, child-count=1}
07-28 18:56:32.873  9007  9030 E TestRunner: |
07-28 18:56:32.873  9007  9030 E TestRunner: +--->ActionBarOverlayLayout{id=2131230867, res-name=decor_content_parent, visibility=VISIBLE, width=1080, height=2185, has-focus=false, has-focusable=true, has-window-focus=true, is-clickable=false, is-enabled=true, is-focused=false, is-focusable=false, is-layout-requested=false, is-selected=false, layout-params=android.widget.FrameLayout$LayoutParams@af39c79, tag=null, root-is-layout-requested=false, has-input-connection=false, x=0.0, y=0.0, child-count=2}
07-28 18:56:32.873  9007  9030 E TestRunner: |
07-28 18:56:32.873  9007  9030 E TestRunner: +---->ContentFrameLayout{id=16908290, res-name=content, visibility=VISIBLE, width=1080, height=2027, has-focus=false, has-focusable=true, has-window-focus=true, is-clickable=false, is-enabled=true, is-focused=false, is-focusable=false, is-layout-requested=false, is-selected=false, layout-params=androidx.appcompat.widget.ActionBarOverlayLayout$LayoutParams@47a0e1f, tag=null, root-is-layout-requested=false, has-input-connection=false, x=0.0, y=158.0, child-count=1}
07-28 18:56:32.873  9007  9030 E TestRunner: |
07-28 18:56:32.873  9007  9030 E TestRunner: +----->FrameLayout{id=-1, visibility=VISIBLE, width=1080, height=2027, has-focus=false, has-focusable=true, has-window-focus=true, is-clickable=false, is-enabled=true, is-focused=false, is-focusable=false, is-layout-requested=false, is-selected=false, layout-params=android.widget.FrameLayout$LayoutParams@4088735, tag=null, root-is-layout-requested=false, has-input-connection=false, x=0.0, y=0.0, child-count=1}
07-28 18:56:32.873  9007  9030 E TestRunner: |
07-28 18:56:32.873  9007  9030 E TestRunner: +------>RecyclerView{id=2131231207, res-name=vertical_recycler_view, visibility=VISIBLE, width=1080, height=2027, has-focus=false, has-focusable=true, has-window-focus=true, is-clickable=false, is-enabled=true, is-focused=false, is-focusable=true, is-layout-requested=false, is-selected=false, layout-params=android.widget.FrameLayout$LayoutParams@74761b1, tag=null, root-is-layout-requested=false, has-input-connection=false, x=0.0, y=0.0, child-count=3}
07-28 18:56:32.873  9007  9030 E TestRunner: |
07-28 18:56:32.873  9007  9030 E TestRunner: +------->MaterialCardView{id=-1, visibility=VISIBLE, width=1034, height=813, has-focus=false, has-focusable=false, has-window-focus=true, is-clickable=false, is-enabled=true, is-focused=false, is-focusable=false, is-layout-requested=false, is-selected=false, layout-params=androidx.recyclerview.widget.RecyclerView$LayoutParams@4e9a217, tag=null, root-is-layout-requested=false, has-input-connection=false, x=23.0, y=23.0, is-checked=false, child-count=1}
07-28 18:56:32.873  9007  9030 E TestRunner: |
07-28 18:56:32.873  9007  9030 E TestRunner: +-------->ConstraintLayout{id=2131230851, res-name=constraint_layout, visibility=VISIBLE, width=1034, height=813, has-focus=false, has-focusable=false, has-window-focus=true, is-clickable=false, is-enabled=true, is-focused=false, is-focusable=false, is-layout-requested=false, is-selected=false, layout-params=android.widget.FrameLayout$LayoutParams@c63ae70, tag=null, root-is-layout-requested=false, has-input-connection=false, x=0.0, y=0.0, child-count=4}
07-28 18:56:32.873  9007  9030 E TestRunner: |
07-28 18:56:32.873  9007  9030 E TestRunner: +--------->AppCompatImageView{id=2131230966, res-name=item_image, visibility=VISIBLE, width=1034, height=546, has-focus=false, has-focusable=false, has-window-focus=true, is-clickable=false, is-enabled=true, is-focused=false, is-focusable=false, is-layout-requested=false, is-selected=false, layout-params=androidx.constraintlayout.widget.ConstraintLayout$LayoutParams@3795e9, tag=null, root-is-layout-requested=false, has-input-connection=false, x=0.0, y=0.0}
07-28 18:56:32.873  9007  9030 E TestRunner: |
07-28 18:56:32.873  9007  9030 E TestRunner: +--------->MaterialTextView{id=2131230886, res-name=dog_name, visibility=VISIBLE, width=225, height=98, has-focus=false, has-focusable=false, has-window-focus=true, is-clickable=false, is-enabled=true, is-focused=false, is-focusable=false, is-layout-requested=false, is-selected=false, layout-params=androidx.constraintlayout.widget.ConstraintLayout$LayoutParams@28e026e, tag=null, root-is-layout-requested=false, has-input-connection=false, x=23.0, y=569.0, text=Tzeitel, input-type=0, ime-target=false, has-links=false}
07-28 18:56:32.873  9007  9030 E TestRunner: |
07-28 18:56:32.873  9007  9030 E TestRunner: +--------->MaterialTextView{id=2131230884, res-name=dog_age, visibility=VISIBLE, width=174, height=78, has-focus=false, has-focusable=false, has-window-focus=true, is-clickable=false, is-enabled=true, is-focused=false, is-focusable=false, is-layout-requested=false, is-selected=false, layout-params=androidx.constraintlayout.widget.ConstraintLayout$LayoutParams@a48bd0f, tag=null, root-is-layout-requested=false, has-input-connection=false, x=23.0, y=712.0, text=Age: 7, input-type=0, ime-target=false, has-links=false}
07-28 18:56:32.873  9007  9030 E TestRunner: |
07-28 18:56:32.873  9007  9030 E TestRunner: +--------->MaterialTextView{id=2131230885, res-name=dog_hobby, visibility=VISIBLE, width=567, height=78, has-focus=false, has-focusable=false, has-window-focus=true, is-clickable=false, is-enabled=true, is-focused=false, is-focusable=false, is-layout-requested=false, is-selected=false, layout-params=androidx.constraintlayout.widget.ConstraintLayout$LayoutParams@32d419c, tag=null, root-is-layout-requested=false, has-input-connection=false, x=435.0, y=712.0, text=Hobbies: sunbathing, input-type=0, ime-target=false, has-links=false}
07-28 18:56:32.873  9007  9030 E TestRunner: |
07-28 18:56:32.873  9007  9030 E TestRunner: +------->MaterialCardView{id=-1, visibility=VISIBLE, width=1034, height=949, has-focus=false, has-focusable=false, has-window-focus=true, is-clickable=false, is-enabled=true, is-focused=false, is-focusable=false, is-layout-requested=false, is-selected=false, layout-params=androidx.recyclerview.widget.RecyclerView$LayoutParams@79bd77a, tag=null, root-is-layout-requested=false, has-input-connection=false, x=23.0, y=882.0, is-checked=false, child-count=1}
07-28 18:56:32.873  9007  9030 E TestRunner: |
07-28 18:56:32.873  9007  9030 E TestRunner: +-------->ConstraintLayout{id=2131230851, res-name=constraint_layout, visibility=VISIBLE, width=1034, height=949, has-focus=false, has-focusable=false, has-window-focus=true, is-clickable=false, is-enabled=true, is-focused=false, is-focusable=false, is-layout-requested=false, is-selected=false, layout-params=android.widget.FrameLayout$LayoutParams@4213f07, tag=null, root-is-layout-requested=false, has-input-connection=false, x=0.0, y=0.0, child-count=4}
07-28 18:56:32.873  9007  9030 E TestRunner: |
07-28 18:56:32.873  9007  9030 E TestRunner: +--------->AppCompatImageView{id=2131230966, res-name=item_image, visibility=VISIBLE, width=1034, height=546, has-focus=false, has-focusable=false, has-window-focus=true, is-clickable=false, is-enabled=true, is-focused=false, is-focusable=false, is-layout-requested=false, is-selected=false, layout-params=androidx.constraintlayout.widget.ConstraintLayout$LayoutParams@9c62834, tag=null, root-is-layout-requested=false, has-input-connection=false, x=0.0, y=0.0}
07-28 18:56:32.873  9007  9030 E TestRunner: |
07-28 18:56:32.873  9007  9030 E TestRunner: +--------->MaterialTextView{id=2131230886, res-name=dog_name, visibility=VISIBLE, width=185, height=98, has-focus=false, has-focusable=false, has-window-focus=true, is-clickable=false, is-enabled=true, is-focused=false, is-focusable=false, is-layout-requested=false, is-selected=false, layout-params=androidx.constraintlayout.widget.ConstraintLayout$LayoutParams@5d7265d, tag=null, root-is-layout-requested=false, has-input-connection=false, x=23.0, y=569.0, text=Leroy, input-type=0, ime-target=false, has-links=false}
07-28 18:56:32.873  9007  9030 E TestRunner: |
07-28 18:56:32.873  9007  9030 E TestRunner: +--------->MaterialTextView{id=2131230884, res-name=dog_age, visibility=VISIBLE, width=174, height=78, has-focus=false, has-focusable=false, has-window-focus=true, is-clickable=false, is-enabled=true, is-focused=false, is-focusable=false, is-layout-requested=false, is-selected=false, layout-params=androidx.constraintlayout.widget.ConstraintLayout$LayoutParams@339dbd2, tag=null, root-is-layout-requested=false, has-input-connection=false, x=23.0, y=780.0, text=Age: 4, input-type=0, ime-target=false, has-links=false}
07-28 18:56:32.873  9007  9030 E TestRunner: |
07-28 18:56:32.873  9007  9030 E TestRunner: +--------->MaterialTextView{id=2131230885, res-name=dog_hobby, visibility=VISIBLE, width=1033, height=146, has-focus=false, has-focusable=false, has-window-focus=true, is-clickable=false, is-enabled=true, is-focused=false, is-focusable=false, is-layout-requested=false, is-selected=false, layout-params=androidx.constraintlayout.widget.ConstraintLayout$LayoutParams@708c4a3, tag=null, root-is-layout-requested=false, has-input-connection=false, x=-14.0, y=780.0, text=Hobbies: sleeping in dangerous places, input-type=0, ime-target=false, has-links=false}
07-28 18:56:32.873  9007  9030 E TestRunner: |
07-28 18:56:32.873  9007  9030 E TestRunner: +------->MaterialCardView{id=-1, visibility=VISIBLE, width=1034, height=813, has-focus=false, has-focusable=false, has-window-focus=true, is-clickable=false, is-enabled=true, is-focused=false, is-focusable=false, is-layout-requested=false, is-selected=false, layout-params=androidx.recyclerview.widget.RecyclerView$LayoutParams@1e4cb59, tag=null, root-is-layout-requested=false, has-input-connection=false, x=23.0, y=1877.0, is-checked=false, child-count=1}
07-28 18:56:32.873  9007  9030 E TestRunner: |
07-28 18:56:32.873  9007  9030 E TestRunner: +-------->ConstraintLayout{id=2131230851, res-name=constraint_layout, visibility=VISIBLE, width=1034, height=813, has-focus=false, has-focusable=false, has-window-focus=true, is-clickable=false, is-enabled=true, is-focused=false, is-focusable=false, is-layout-requested=false, is-selected=false, layout-params=android.widget.FrameLayout$LayoutParams@59132a, tag=null, root-is-layout-requested=false, has-input-connection=false, x=0.0, y=0.0, child-count=4}
07-28 18:56:32.873  9007  9030 E TestRunner: |
07-28 18:56:32.873  9007  9030 E TestRunner: +--------->AppCompatImageView{id=2131230966, res-name=item_image, visibility=VISIBLE, width=1034, height=546, has-focus=false, has-focusable=false, has-window-focus=true, is-clickable=false, is-enabled=true, is-focused=false, is-focusable=false, is-layout-requested=false, is-selected=false, layout-params=androidx.constraintlayout.widget.ConstraintLayout$LayoutParams@640251b, tag=null, root-is-layout-requested=false, has-input-connection=false, x=0.0, y=0.0}
07-28 18:56:32.873  9007  9030 E TestRunner: |
07-28 18:56:32.873  9007  9030 E TestRunner: +--------->MaterialTextView{id=2131230886, res-name=dog_name, visibility=VISIBLE, width=247, height=98, has-focus=false, has-focusable=false, has-window-focus=true, is-clickable=false, is-enabled=true, is-focused=false, is-focusable=false, is-layout-requested=false, is-selected=false, layout-params=androidx.constraintlayout.widget.ConstraintLayout$LayoutParams@28036b8, tag=null, root-is-layout-requested=false, has-input-connection=false, x=23.0, y=569.0, text=Frankie, input-type=0, ime-target=false, has-links=false}
07-28 18:56:32.873  9007  9030 E TestRunner: |
07-28 18:56:32.873  9007  9030 E TestRunner: +--------->MaterialTextView{id=2131230884, res-name=dog_age, visibility=VISIBLE, width=174, height=78, has-focus=false, has-focusable=false, has-window-focus=true, is-clickable=false, is-enabled=true, is-focused=false, is-focusable=false, is-layout-requested=false, is-selected=false, layout-params=androidx.constraintlayout.widget.ConstraintLayout$LayoutParams@b938c91, tag=null, root-is-layout-requested=false, has-input-connection=false, x=23.0, y=712.0, text=Age: 2, input-type=0, ime-target=false, has-links=false}
07-28 18:56:32.873  9007  9030 E TestRunner: |
07-28 18:56:32.873  9007  9030 E TestRunner: +--------->MaterialTextView{id=2131230885, res-name=dog_hobby, visibility=VISIBLE, width=656, height=78, has-focus=false, has-focusable=false, has-window-focus=true, is-clickable=false, is-enabled=true, is-focused=false, is-focusable=false, is-layout-requested=false, is-selected=false, layout-params=androidx.constraintlayout.widget.ConstraintLayout$LayoutParams@bcd37f6, tag=null, root-is-layout-requested=false, has-input-connection=false, x=349.0, y=712.0, text=Hobbies: stealing socks, input-type=0, ime-target=false, has-links=false}
07-28 18:56:32.873  9007  9030 E TestRunner: |
