07-28 17:18:53.848  1624  2705 V WindowManager: Relayout hash=77c8c80, pid=8684, syncId=-1: mAttrs={(0,0)(fillxfill) sim={adjust=pan forwardNavigation} ty=BASE_APPLICATION wanim=0x1030001
07-28 17:18:53.848  1624  2705 V WindowManager:   fl=1810100
07-28 17:18:53.848  1624  2705 V WindowManager:   pfl=12020040
07-28 17:18:53.848  1624  2705 V WindowManager:   apr=LIGHT_NAVIGATION_BARS
07-28 17:18:53.848  1624  2705 V WindowManager:   bhv=DEFAULT
07-28 17:18:53.848  1624  2705 V WindowManager:   fitSides= naviIconColor=0
07-28 17:18:53.848  1624  2705 V WindowManager:   sfl=100000}
07-28 17:18:53.850  8991  8991 E ung.android.scs: Not starting debugger since process cannot load the jdwp agent.
07-28 17:18:53.851  8684  8684 D InsetsController: onStateChanged: InsetsState: {mDisplayFrame=Rect(0, 0 - 1080, 2400), mDisplayCutout=DisplayCutout{insets=Rect(0, 80 - 0, 0) waterfall=Insets{left=0, top=0, right=0, bottom=0} boundingRect={Bounds=[Rect(0, 0 - 0, 0), Rect(468, 0 - 612, 80), Rect(0, 0 - 0, 0), Rect(0, 0 - 0, 0)]} cutoutPathParserInfo={CutoutPathParserInfo{displayWidth=1080 displayHeight=2400 physicalDisplayWidth=1080 physicalDisplayHeight=2400 density={2.625} cutoutSpec={M 0,0 H -27.42857142857143 V 30.47619047619048 H 27.42857142857143 V 0 H 0 Z @dp} rotation={0} scale={1.0} physicalPixelDisplaySizeRatio={1.0}}}}, mRoundedCorners=RoundedCorners{[RoundedCorner{position=TopLeft, radius=90, center=Point(90, 90)}, RoundedCorner{position=TopRight, radius=90, center=Point(990, 90)}, RoundedCorner{position=BottomRight, radius=90, center=Point(990, 2310)}, RoundedCorner{position=BottomLeft, radius=90, center=Point(90, 2310)}]}  mRoundedCornerFrame=Rect(0, 0 - 1080, 2400), mPrivacyIndicatorBounds=PrivacyIndicatorBounds {static bounds=Rect(956, 0 - 1080, 80) rotation=0}, mSources= { InsetsSource: {mType=ITYPE_STATUS_BAR, mFrame=[0,0][1080,80], mVisible=true, mInsetsRoundedCornerFrame=false}, InsetsSource: {mType=ITYPE_NAVIGATION_BAR, mFrame=[0,2265][1080,2400], mVisible=true, mInsetsRoundedCornerFrame=false}, InsetsSource: {mType=ITYPE_LEFT_GESTURES, mFrame=[0,0][0,2400], mVisible=true, mInsetsRoundedCornerFrame=false}, InsetsSource: {mType=ITYPE_RIGHT_GESTURES, mFrame=[1080,0][1080,2400], mVisible=true, mInsetsRoundedCornerFrame=false}, InsetsSource: {mType=ITYPE_TOP_MANDATORY_GESTURES, mFrame=[0,0][1080,114], mVisible=true, mInsetsRoundedCornerFrame=false}, InsetsSource: {mType=ITYPE_BOTTOM_MANDATORY_GESTURES, mFrame=[0,2265][1080,2400], mVisible=true, mInsetsRoundedCornerFrame=false}, InsetsSource: {mType=ITYPE_LEFT_DISPLAY_CUTOUT, mFrame=[0,0][-100000,2400], mVisible=true, mInsetsRoundedCornerFrame=false}, InsetsSource: {mType=ITYPE_TOP_DISPLAY_CUTOUT, mFrame=[0,0][1080,80], mVisible=true, mInsetsRoundedCornerFrame=false}, InsetsSource: {mType=ITYPE_RIGHT_DISPLAY_CUTOUT, mFrame=[100000,0][1080,2400], mVisible=true, mInsetsRoundedCornerFrame=false}, InsetsSource: {mType=ITYPE_BOTTOM_DISPLAY_CUTOUT, mFrame=[0,100000][1080,2400], mVisible=true, mInsetsRoundedCornerFrame=false}, InsetsSource: {mType=ITYPE_TOP_TAPPABLE_ELEMENT, mFrame=[0,0][1080,80], mVisible=true, mInsetsRoundedCornerFrame=false}, InsetsSource: {mType=ITYPE_BOTTOM_TAPPABLE_ELEMENT, mFrame=[0,2265][1080,2400], mVisible=true, mInsetsRoundedCornerFrame=false}, InsetsSource: {mType=ITYPE_IME, mFrame=[0,0][0,0], mVisibleFrame=[0,1243][1080,2400], mVisible=false, mInsetsRoundedCornerFrame=false} } host=com.example.dogglers/androidx.test.core.app.InstrumentationActivityInvoker$EmptyActivity from=android.view.ViewRootImpl.relayoutWindow:9802
07-28 17:18:53.854  8684  8684 I ViewRootImpl@17d2e2a[InstrumentationActivityInvoker$EmptyActivity]: updateBlastSurfaceIfNeeded mBlastBufferQueue=null isSameSurfaceControl=false
07-28 17:18:53.854  8684  8684 D BufferQueueConsumer: [](id:21ec0000000b,api:0,p:-1,c:8684) connect: controlledByApp=false
07-28 17:18:53.856  8684  8684 I BLASTBufferQueue: new BLASTBufferQueue, mName= ViewRootImpl@17d2e2a[InstrumentationActivityInvoker$EmptyActivity] mNativeObject= 0xb400007316151600 sc.mNativeObject= 0xb40000728f6f5800 caller= android.view.ViewRootImpl.updateBlastSurfaceIfNeeded:2909 android.view.ViewRootImpl.relayoutWindow:9847 android.view.ViewRootImpl.performTraversals:3884 android.view.ViewRootImpl.doTraversal:3116 android.view.ViewRootImpl$TraversalRunnable.run:10885 android.view.Choreographer$CallbackRecord.run:1301 android.view.Choreographer$CallbackRecord.run:1309 android.view.Choreographer.doCallbacks:923 android.view.Choreographer.doFrame:852 android.view.Choreographer$FrameDisplayEventReceiver.run:1283
07-28 17:18:53.856  8684  8684 I BLASTBufferQueue: update, w= 1080 h= 2400 mName = ViewRootImpl@17d2e2a[InstrumentationActivityInvoker$EmptyActivity] mNativeObject= 0xb400007316151600 sc.mNativeObject= 0xb40000728f6f5800 format= -1 caller= android.graphics.BLASTBufferQueue.<init>:84 android.view.ViewRootImpl.updateBlastSurfaceIfNeeded:2909 android.view.ViewRootImpl.relayoutWindow:9847 android.view.ViewRootImpl.performTraversals:3884 android.view.ViewRootImpl.doTraversal:3116 android.view.ViewRootImpl$TraversalRunnable.run:10885
07-28 17:18:53.857  8684  8684 I ViewRootImpl@17d2e2a[InstrumentationActivityInvoker$EmptyActivity]: Relayout returned: old=(0,0,1080,2400) new=(0,0,1080,2400) req=(1080,2400)0 dur=21 res=0x3 s={true 0xb40000728ac07000} ch=true seqId=0
07-28 17:18:53.858  1127  1127 I Layer   : id=175973 removeFromCurrentState Surface(name=7ae696d StatusBar)/@0x546cfe9 - animation-leash of insets_animation#175973 (126)
07-28 17:18:53.858  8991  8991 W libc    : Access denied finding property "sys.perf.boostopt"
07-28 17:18:53.859  1127  1127 I Layer   : id=175974 removeFromCurrentState Surface(name=57253a2 NavigationBar0)/@0x6398367 - animation-leash of insets_animation#175974 (126)
07-28 17:18:53.859  1042  1042 E audit   : type=1400 audit(1690553933.856:543267): avc:  denied  { read } for  pid=8991 comm="ung.android.scs" name="u:object_r:perf_prop:s0" dev="tmpfs" ino=2289 scontext=u:r:platform_app:s0:c512,c768 tcontext=u:object_r:perf_prop:s0 tclass=file permissive=0 SEPF_SM-A325F_12_0001 audit_filtered
07-28 17:18:53.859  1127  1127 I SurfaceFlinger: [77c8c80 com.example.dogglers/androidx.test.core.app.InstrumentationActivityInvoker$EmptyActivity#175979] FrameRatePriority: 1
07-28 17:18:53.859  1127  1127 D SurfaceFlinger: [input] inputWindowCommands.focusRequests size is 1
07-28 17:18:53.859  1042  1042 E audit   : type=1300 audit(1690553933.856:543267): arch=c00000b7 syscall=56 success=no exit=-13 a0=ffffff9c a1=7fe36cf928 a2=88000 a3=0 items=0 ppid=1064 pid=8991 auid=4294967295 uid=10112 gid=10112 euid=10112 suid=10112 fsuid=10112 egid=10112 sgid=10112 fsgid=10112 tty=(none) ses=4294967295 comm="ung.android.scs" exe="/system/bin/app_process64" subj=u:r:platform_app:s0:c512,c768 key=(null)
07-28 17:18:53.859  1042  1042 E audit   : type=1327 audit(1690553933.856:543267): proctitle="zygote64"
07-28 17:18:53.859  8684  8684 I ViewRootImpl@17d2e2a[InstrumentationActivityInvoker$EmptyActivity]: mThreadedRenderer.initialize() mSurface={isValid=true 0xb40000728ac07000} hwInitialized=true
07-28 17:18:53.860  8684  8768 D OpenGLRenderer: eglCreateWindowSurface
07-28 17:18:53.860  8991  8991 D ActivityThread: setConscryptValidator
07-28 17:18:53.860  8991  8991 D ActivityThread: setConscryptValidator - put
07-28 17:18:53.861  1127  1386 D SurfaceFlinger: [input] setFocusedWindow: 77c8c80 com.example.dogglers/androidx.test.core.app.InstrumentationActivityInvoker$EmptyActivity
07-28 17:18:53.861  1624  5303 D InputDispatcher: Focus request (0): 77c8c80 com.example.dogglers/androidx.test.core.app.InstrumentationActivityInvoker$EmptyActivity but waiting because NO_WINDOW
07-28 17:18:53.862  8991  9003 W libc    : Access denied finding property "sys.perf.boostopt"
07-28 17:18:53.862  1042  1042 E audit   : type=1400 audit(1690553933.860:543268): avc:  denied  { read } for  pid=8991 comm="binder:8991_1" name="u:object_r:perf_prop:s0" dev="tmpfs" ino=2289 scontext=u:r:platform_app:s0:c512,c768 tcontext=u:object_r:perf_prop:s0 tclass=file permissive=0 SEPF_SM-A325F_12_0001 audit_filtered
07-28 17:18:53.862  1042  1042 E audit   : type=1300 audit(1690553933.860:543268): arch=c00000b7 syscall=56 success=no exit=-13 a0=ffffff9c a1=7309b702d8 a2=88000 a3=0 items=0 ppid=1064 pid=8991 auid=4294967295 uid=10112 gid=10112 euid=10112 suid=10112 fsuid=10112 egid=10112 sgid=10112 fsgid=10112 tty=(none) ses=4294967295 comm="binder:8991_1" exe="/system/bin/app_process64" subj=u:r:platform_app:s0:c512,c768 key=(null)
07-28 17:18:53.862  8684  8684 I ViewRootImpl@17d2e2a[InstrumentationActivityInvoker$EmptyActivity]: reportNextDraw android.view.ViewRootImpl.performTraversals:4438 android.view.ViewRootImpl.doTraversal:3116 android.view.ViewRootImpl$TraversalRunnable.run:10885 android.view.Choreographer$CallbackRecord.run:1301 android.view.Choreographer$CallbackRecord.run:1309
07-28 17:18:53.863  3393 16210 I RecentModel: onTaskStackChangedBackground
07-28 17:18:53.863  8684  8684 I ViewRootImpl@17d2e2a[InstrumentationActivityInvoker$EmptyActivity]: Setup new sync id=0
07-28 17:18:53.863  8684  8684 I ViewRootImpl@17d2e2a[InstrumentationActivityInvoker$EmptyActivity]: Setting syncFrameCallback
07-28 17:18:53.863  8684  8684 I ViewRootImpl@17d2e2a[InstrumentationActivityInvoker$EmptyActivity]: registerCallbacksForSync syncBuffer=false
07-28 17:18:53.867  8684  8828 I ViewRootImpl@17d2e2a[InstrumentationActivityInvoker$EmptyActivity]: Received frameDrawingCallback syncResult=0 frameNum=1.
07-28 17:18:53.867  8684  8828 I ViewRootImpl@17d2e2a[InstrumentationActivityInvoker$EmptyActivity]: Setting up sync and frameCommitCallback
07-28 17:18:53.876  8991  9005 W libc    : Access denied finding property "sys.perf.boostopt"
07-28 17:18:53.876  8684  8768 I BLASTBufferQueue: [ViewRootImpl@17d2e2a[InstrumentationActivityInvoker$EmptyActivity]#11](f:0,a:0) onFrameAvailable the first frame is available
07-28 17:18:53.877  8991  9006 W libc    : Access denied finding property "sys.perf.boostopt"
07-28 17:18:53.877  8684  8768 D BLASTBufferQueue: [ViewRootImpl@17d2e2a[InstrumentationActivityInvoker$EmptyActivity]#11](f:0,a:1) acquireNextBufferLocked size=1080x2400 mFrameNumber=1 applyTransaction=true mTimestamp=1006963430855480(auto) mPendingTransactions.size=0 graphicBufferId=37297495998498 transform=0
07-28 17:18:53.878  8684  8768 I ViewRootImpl@17d2e2a[InstrumentationActivityInvoker$EmptyActivity]: Received frameCommittedCallback lastAttemptedDrawFrameNum=1 didProduceBuffer=true
07-28 17:18:53.878  8991  8991 D CompatibilityChangeReporter: Compat change id reported: 171979766; UID 10112; state: ENABLED
07-28 17:18:53.880  8684  8768 D OpenGLRenderer: CFMS:: SetUp Pid : 8684    Tid : 8768
07-28 17:18:53.880  8684  8768 W Parcel  : Expecting binder but got null!
07-28 17:18:53.881  8684  8684 I ViewRootImpl@17d2e2a[InstrumentationActivityInvoker$EmptyActivity]: onSyncComplete
07-28 17:18:53.881  8684  8684 I ViewRootImpl@17d2e2a[InstrumentationActivityInvoker$EmptyActivity]: setupSync seqId=0 mSyncId=0 fn=1 caller=android.view.ViewRootImpl$$ExternalSyntheticLambda11.accept:6 android.window.SurfaceSyncer.lambda$setupSync$1$android-window-SurfaceSyncer:128 android.window.SurfaceSyncer$$ExternalSyntheticLambda1.accept:8 android.window.SurfaceSyncer$SyncSet.checkIfSyncIsComplete:382 android.window.SurfaceSyncer$SyncSet.markSyncReady:359 android.window.SurfaceSyncer.markSyncReady:151 android.view.ViewRootImpl.performTraversals:4503
07-28 17:18:53.882  8684  8684 I ViewRootImpl@17d2e2a[InstrumentationActivityInvoker$EmptyActivity]: reportDrawFinished seqId=0 mSyncId=-1 fn=1 mSurfaceChangedTransaction=0xb40000728aba7d00
07-28 17:18:53.882  8684  8684 I ViewRootImpl@df0649c[InstrumentationActivityInvoker$EmptyActivity]: MSG_WINDOW_FOCUS_CHANGED 0 0
07-28 17:18:53.887  1624  1669 I SemDvfsHyPerManager: acquire hyper - AMS_RESUME_TAIL/1624@21, type = -999
07-28 17:18:53.887  1624  1665 I ActivityTaskManager: Displayed com.example.dogglers/androidx.test.core.app.InstrumentationActivityInvoker$EmptyActivity: +168ms
07-28 17:18:53.887  1624  1669 I SemDvfsHyPerManager: acquire hyper - AMS_ACT_LAZY/1624@22, type = -999
07-28 17:18:53.888  3746  3746 E pageboostd: Received HALT command code 2
07-28 17:18:53.888  1090  1150 I HYPER-HAL: [RequestManager.cpp]acquire(): Acquired ID : 1353856  [1624 / 21]    HINT : AMS_RESUME_TAIL    list :
07-28 17:18:53.888  1090  1150 I mtkpower_client: perf_lock_rel, hdl:80082, tid:1150
07-28 17:18:53.888  1090  1150 I mtkpower_client: perf_lock_acq, hdl:0, dur:0, num:2, tid:1150
07-28 17:18:53.889  1093  1167 I libPowerHal: [perfLockRel] hdl:80082, idx:3
07-28 17:18:53.890  1093  1167 I libPowerHal: vendor.samsung.: cpu_ctrl set cpu freq: -1 -1 -1 -1
07-28 17:18:53.890  1090  1150 I mtkpower_client: ret_hdl:80085
07-28 17:18:53.890  1090  1150 I mtkpower_client: perf_lock_rel, hdl:80083, tid:1150
07-28 17:18:53.890  1093  1167 I libPowerHal: [perfLockAcq] idx:0 hdl:80085 hint:-1 pid:1090 duration:0 lock_user:vendor.samsung. => ret_hdl:80085
07-28 17:18:53.891  1093  1167 I libPowerHal: vendor.samsung.: cpu_ctrl set cpu freq: 1800000 -1 -1 -1
07-28 17:18:53.891  1127  2095 I SurfaceFlinger: id=175983 createSurf flag=80000, a7e119e ActivityRecordInputSink com.example.dogglers/androidx.test.core.app.InstrumentationActivityInvoker$EmptyActivity#175983
07-28 17:18:53.891  1127  1127 D BufferStateLayer: com.example.dogglers/androidx.test.core.app.InstrumentationActivityInvoker$EmptyActivity$_8684#175980 setBuffer frameId=1, bufferId=37297495998498 fenceId=555, w= 1080, h=2400
07-28 17:18:53.892  1090  1150 I mtkpower_client: perf_lock_acq, hdl:0, dur:0, num:2, tid:1150
07-28 17:18:53.894  1093  1167 I libPowerHal: [perfLockRel] hdl:80083, idx:1
07-28 17:18:53.894  1093  1167 I libPowerHal: [PD] vendor.samsung. update cmd:1c3c000, param:1
07-28 17:18:53.894  1093  1167 I libPowerHal: [PD] (less) /proc/mcdi/state set +prefix:enable 1;
07-28 17:18:53.896  1093  1167 I libPowerHal: [perfLockAcq] idx:3 hdl:80086 hint:-1 pid:1090 duration:0 lock_user:vendor.samsung. => ret_hdl:80086
07-28 17:18:53.897  1093  1167 I libPowerHal: [PE] (less) /proc/mcdi/state set +prefix:enable 0;
07-28 17:18:53.897  1090  1150 I mtkpower_client: ret_hdl:80086
07-28 17:18:53.897  1090  1150 I mtkpower_client: perf_lock_rel, hdl:80084, tid:1150
07-28 17:18:53.898  3393  3758 I QuickstepModelDelegate: Widget predictions updated
07-28 17:18:53.898  1127  1177 I SurfaceFlinger: id=175974 Removed Surface(name=57253a2 NavigationBar0)/@0x6398367 - animation-leash of insets_animation#175974 (127)
07-28 17:18:53.898  1127  1177 I SurfaceFlinger: id=175973 Removed Surface(name=7ae696d StatusBar)/@0x546cfe9 - animation-leash of insets_animation#175973 (127)
07-28 17:18:53.899  1090  1150 I mtkpower_client: perf_lock_acq, hdl:0, dur:0, num:2, tid:1150
07-28 17:18:53.900  1093  1167 I libPowerHal: [perfLockRel] hdl:80084, idx:2
07-28 17:18:53.900  1093  1167 I libPowerHal: [PD] vendor.samsung. update cmd:1000000, param:-1
07-28 17:18:53.900  8684  8684 I ViewRootImpl@df0649c[InstrumentationActivityInvoker$EmptyActivity]: handleAppVisibility mAppVisible = true visible = false
07-28 17:18:53.901  8684  8684 I ViewRootImpl@df0649c[InstrumentationActivityInvoker$EmptyActivity]: stopped(true) old = false
07-28 17:18:53.901  8684  8684 I ViewRootImpl@df0649c[InstrumentationActivityInvoker$EmptyActivity]: WindowStopped on com.example.dogglers/androidx.test.core.app.InstrumentationActivityInvoker$EmptyActivity set to true
07-28 17:18:53.902  1093  1167 I libPowerHal: [PD] vendor.samsung. update cmd:1000000 param:-1
07-28 17:18:53.902  1090  1150 I mtkpower_client: ret_hdl:80087
07-28 17:18:53.903  1093  1167 I libPowerHal: [perfLockAcq] idx:1 hdl:80087 hint:-1 pid:1090 duration:0 lock_user:vendor.samsung. => ret_hdl:80087
07-28 17:18:53.903  1090  1150 I HYPER-HAL: [RequestManager.cpp]releaseLocked(): Released ID : 1350565
07-28 17:18:53.903  8684  8684 D LifecycleMonitor: Lifecycle status change: androidx.test.core.app.InstrumentationActivityInvoker$EmptyActivity@76b27b3 in: STOPPED
07-28 17:18:53.903  1093  1167 I libPowerHal: [PE] vendor.samsung. update cmd:1000000, param:0
07-28 17:18:53.903  1093  1167 I libPowerHal: [PE] vendor.samsung. update cmd:1000000 param:0
07-28 17:18:53.904  8684  8684 V ActivityScenario: Activity lifecycle changed event received but ignored because the intent does not match. startActivityIntent=Intent { act=android.intent.action.MAIN cat=[android.intent.category.LAUNCHER] cmp=com.example.dogglers/.VerticalListActivity }, activity.getIntent()=Intent { act=android.intent.action.MAIN cat=[android.intent.category.LAUNCHER] flg=0x10000000 cmp=com.example.dogglers/androidx.test.core.app.InstrumentationActivityInvoker$EmptyActivity }, activity=androidx.test.core.app.InstrumentationActivityInvoker$EmptyActivity@76b27b3
07-28 17:18:53.907  8684  8684 I MSHandlerLifeCycle: removeMultiSplitHandler: no exist. decor=DecorView@955ad6e[InstrumentationActivityInvoker$EmptyActivity]
07-28 17:18:53.908  1127  1127 I Layer   : Layer [com.example.dogglers/androidx.test.core.app.InstrumentationActivityInvoker$EmptyActivity$_8684#175980] hidden!! flag(0)
07-28 17:18:53.908  1127  1127 I Layer   : Layer [com.example.dogglers/androidx.test.core.app.InstrumentationActivityInvoker$EmptyActivity$_8684#175972] hidden!! flag(1)
07-28 17:18:53.909  1127  1127 I Layer   : id=175974 Destroyed Surface(name=57253a2 NavigationBar0)/@0x6398367 - animation-leash of insets_animation#175974
07-28 17:18:53.909  1127  1127 I Layer   : id=175973 Destroyed Surface(name=7ae696d StatusBar)/@0x546cfe9 - animation-leash of insets_animation#175973
07-28 17:18:53.911  1624  5706 D InputDispatcher: Focus entered window (0): 77c8c80 com.example.dogglers/androidx.test.core.app.InstrumentationActivityInvoker$EmptyActivity
07-28 17:18:53.915  1624  2705 D InputDispatcher: Focused application(0): ActivityRecord{e1dc2e0 u0 com.sec.android.app.launcher/.activities.LauncherActivity} t7}
07-28 17:18:53.916  1127  1127 D SurfaceFlinger: Display 0 HWC layers:
07-28 17:18:53.916  1127  1127 D SurfaceFlinger:      DEVICE | 0xb400007623229580 | 0102 | RGBA_8888    |    0.0    0.0 1080.0 2400.0 |    0    0 1080 2400 | com.example.dogglers/androidx.test.c[...]tyInvoker$EmptyActivity$_8684#175980
07-28 17:18:53.916  1127  1127 D SurfaceFlinger:      DEVICE | 0xb4000075f544c980 | 0100 | RGBA_8888    |    0.0    0.0 1080.0   80.0 |    0    0 1080   80 | StatusBar$_2897#91
07-28 17:18:53.916  1127  1127 D SurfaceFlinger:      DEVICE | 0xb400007621854780 | 0100 | RGBA_8888    |    0.0    0.0 1080.0  135.0 |    0 2265 1080 2400 | NavigationBar0$_2897#86
07-28 17:18:53.916  1127  1127 D SurfaceFlinger:      DEVICE | 0xb4000075f544b300 | 0140 | RGBA_8888    |    0.0    0.0 1080.0  150.0 |    0    0 1080  150 | ScreenDecorOverlay$_2897#100
07-28 17:18:53.916  1127  1127 D SurfaceFlinger:      DEVICE | 0xb400007621856700 | 0140 | RGBA_8888    |    0.0    0.0 1080.0  150.0 |    0 2250 1080 2400 | ScreenDecorOverlayBottom$_2897#101
07-28 17:18:53.916  1127  1127 D SurfaceFlinger:
07-28 17:18:53.922  8684  8768 D OpenGLRenderer: setSurface called with nullptr
07-28 17:18:53.922  3393  3393 I TopTaskTracker: onTaskMovedToFront : taskId = 7
07-28 17:18:53.923  8684  8768 D OpenGLRenderer: setSurface() destroyed EGLSurface
07-28 17:18:53.923  8684  8768 D OpenGLRenderer: destroyEglSurface
07-28 17:18:53.923  1624  1668 D PersonaActivityHelper: Activity not in resumed state, do not run immediate lock
07-28 17:18:53.924  1127  1127 I SurfaceFlinger: [77c8c80 com.example.dogglers/androidx.test.core.app.InstrumentationActivityInvoker$EmptyActivity#175979] FrameRatePriority: -1
07-28 17:18:53.925  8684  8768 D BLASTBufferQueue: [ViewRootImpl@df0649c[InstrumentationActivityInvoker$EmptyActivity]#10](f:0,a:1) destructor()
07-28 17:18:53.925  8684  8768 D BufferQueueConsumer: [ViewRootImpl@df0649c[InstrumentationActivityInvoker$EmptyActivity]#10(BLAST Consumer)10](id:21ec0000000a,api:0,p:-1,c:8684) disconnect
07-28 17:18:53.926  8684  8684 I ViewRootImpl@df0649c[InstrumentationActivityInvoker$EmptyActivity]: performTraversals mFirst=false windowShouldResize=false viewVisibilityChanged=true mForceNextWindowRelayout=false params=null
07-28 17:18:53.929  1624  2705 V WindowManager: Relayout Window{c61f608 u0 com.example.dogglers/androidx.test.core.app.InstrumentationActivityInvoker$EmptyActivity}: viewVisibility=8 req=1080x2400 d0
07-28 17:18:53.934  1624  2705 V WindowManager: Relayout hash=c61f608, pid=8684, syncId=-1: mAttrs={(0,0)(fillxfill) sim={adjust=pan forwardNavigation} ty=BASE_APPLICATION wanim=0x1030001
07-28 17:18:53.934  1624  2705 V WindowManager:   fl=1810100
07-28 17:18:53.934  1624  2705 V WindowManager:   pfl=12020040
07-28 17:18:53.934  1624  2705 V WindowManager:   apr=LIGHT_NAVIGATION_BARS
07-28 17:18:53.934  1624  2705 V WindowManager:   bhv=DEFAULT
07-28 17:18:53.934  1624  2705 V WindowManager:   fitSides= naviIconColor=0
07-28 17:18:53.934  1624  2705 V WindowManager:   sfl=100000}
07-28 17:18:53.937  8684  8684 I ViewRootImpl@df0649c[InstrumentationActivityInvoker$EmptyActivity]: Relayout returned: old=(0,0,1080,2400) new=(0,0,1080,2400) req=(1080,2400)8 dur=10 res=0x2 s={false 0x0} ch=false seqId=0
07-28 17:18:53.941  1624  1688 W libprocessgroup: Failed to open /dev/blkio//cgroup.procs: No such file or directory
07-28 17:18:53.941  1127  1127 D SurfaceFlinger: [input] inputWindowCommands.focusRequests size is 1
07-28 17:18:53.942  1624  1688 W libprocessgroup: Failed to open /dev/blkio//cgroup.procs: No such file or directory
07-28 17:18:53.942  8684  8684 D LifecycleMonitor: Lifecycle status change: androidx.test.core.app.InstrumentationActivityInvoker$EmptyActivity@76b27b3 in: DESTROYED
07-28 17:18:53.942  1127  1386 D SurfaceFlinger: [input] setFocusedWindow: <null>
07-28 17:18:53.943  8684  8684 V ActivityScenario: Activity lifecycle changed event received but ignored because the intent does not match. startActivityIntent=Intent { act=android.intent.action.MAIN cat=[android.intent.category.LAUNCHER] cmp=com.example.dogglers/.VerticalListActivity }, activity.getIntent()=Intent { act=android.intent.action.MAIN cat=[android.intent.category.LAUNCHER] flg=0x10000000 cmp=com.example.dogglers/androidx.test.core.app.InstrumentationActivityInvoker$EmptyActivity }, activity=androidx.test.core.app.InstrumentationActivityInvoker$EmptyActivity@76b27b3
07-28 17:18:53.943  1624  5706 D InputDispatcher: Focus left window (0): 77c8c80 com.example.dogglers/androidx.test.core.app.InstrumentationActivityInvoker$EmptyActivity
07-28 17:18:53.946  8684  8684 I MSHandlerLifeCycle: removeMultiSplitHandler: no exist. decor=DecorView@955ad6e[InstrumentationActivityInvoker$EmptyActivity]
07-28 17:18:53.948  8991  8991 I SCS@AiSearch user 0: (SearchProvider) [main] entering in onCreate():
07-28 17:18:53.948  8991  8991 I SCS@AiSearch user 0: (SearchApplication) [main] entering in init():
07-28 17:18:53.948  8684  8768 D OpenGLRenderer: setSurface called with nullptr
07-28 17:18:53.949  8991  9010 I SCS@AiSearch user 0: (AiSearch user 0) [Thread-3] entering in init():  Logger initialization. Path: /data/user/0/com.samsung.android.scs/files/aisearch/log/
07-28 17:18:53.949  8684  8684 I ViewRootImpl@df0649c[InstrumentationActivityInvoker$EmptyActivity]: dispatchDetachedFromWindow
07-28 17:18:53.950  1624  5303 D InputTransport: Input channel destroyed: 'c61f608', fd=952
07-28 17:18:53.950  1624  5303 W InputManager-JNI: Input channel object 'c61f608 com.example.dogglers/androidx.test.core.app.InstrumentationActivityInvoker$EmptyActivity (client)' was disposed without first being removed with the input manager!
07-28 17:18:53.950  1624  5303 D InputTransport: Input channel destroyed: 'c61f608', fd=955
07-28 17:18:53.952  1127  1177 I SurfaceFlinger: id=175984 createSurf flag=24004, Surface(name=d8adfc2 InputMethod)/@0xc2b360e - animation-leash of insets_animation#175984
07-28 17:18:53.954  8991  8991 I SCS@AiSearch user 0: (SearchApplication) checkIsUpdated(): sIsUpdate = false
07-28 17:18:53.956  8684  8684 D InputTransport: Input channel destroyed: 'c61f608', fd=144
07-28 17:18:53.957  1127  2095 I SurfaceFlinger: id=175977 Removed Surface(name=d8adfc2 InputMethod)/@0xc2b360e - animation-leash of insets_animation#175977 (126)
07-28 17:18:53.957  5607  5607 I InputMethodService: removeImeSurface
07-28 17:18:53.958  5607  5607 I MSHandlerLifeCycle: check: return. pkg=com.samsung.android.honeyboard isActivity=false callers=com.android.internal.policy.DecorView.setVisibility:4411 android.app.Dialog.hide:767 android.inputmethodservice.InputMethodService.removeImeSurface:1290 android.inputmethodservice.InputMethodService.scheduleImeSurfaceRemoval:1279 android.inputmethodservice.InputMethodService.-$$Nest$mscheduleImeSurfaceRemoval:0
07-28 17:18:53.958  5607  5607 I MSHandlerLifeCycle: removeMultiSplitHandler: no exist. decor=DecorView@4ed7bdc[InputMethod]
07-28 17:18:53.958  1127  1127 I Layer   : id=175972 removeFromCurrentState com.example.dogglers/androidx.test.core.app.InstrumentationActivityInvoker$EmptyActivity$_8684#175972 (126)
07-28 17:18:53.958  1127  1127 I Layer   : id=175971 removeFromCurrentState c61f608 com.example.dogglers/androidx.test.core.app.InstrumentationActivityInvoker$EmptyActivity#175971 (126)
07-28 17:18:53.958  1127  1127 I Layer   : id=175978 removeFromCurrentState Surface(name=d8adfc2 InputMethod)/@0xc2b360e - animation-leash of insets_animation#175978 (126)
07-28 17:18:53.958  8684  8684 I ViewRootImpl@17d2e2a[InstrumentationActivityInvoker$EmptyActivity]: MSG_WINDOW_FOCUS_CHANGED 0 0
07-28 17:18:53.958  1127  1127 I SurfaceFlinger: id=175972 Removed com.example.dogglers/androidx.test.core.app.InstrumentationActivityInvoker$EmptyActivity$_8684#175972 (126)
07-28 17:18:53.958  1127  1127 I SurfaceFlinger: id=175971 Removed c61f608 com.example.dogglers/androidx.test.core.app.InstrumentationActivityInvoker$EmptyActivity#175971 (126)
07-28 17:18:53.958  1127  1127 I SurfaceFlinger: id=175978 Removed Surface(name=d8adfc2 InputMethod)/@0xc2b360e - animation-leash of insets_animation#175978 (126)
07-28 17:18:53.959  1127  1127 I Layer   : id=175977 Destroyed Surface(name=d8adfc2 InputMethod)/@0xc2b360e - animation-leash of insets_animation#175977
07-28 17:18:53.959  1127  1127 I Layer   : id=175971 Destroyed c61f608 com.example.dogglers/androidx.test.core.app.InstrumentationActivityInvoker$EmptyActivity#175971
07-28 17:18:53.959  1127  1127 I BufferQueueDebug: [com.example.dogglers/androidx.test.core.app.InstrumentationActivityInvoker$EmptyActivity$_8684#175972](this:0xb4000075f4b9b838,id:-1,api:0,p:-1,c:1127) onDestructor()
07-28 17:18:53.959  1127  1127 I Layer   : id=175972 Destroyed com.example.dogglers/androidx.test.core.app.InstrumentationActivityInvoker$EmptyActivity$_8684#175972
07-28 17:18:53.959  1127  1127 I Layer   : id=175978 Destroyed Surface(name=d8adfc2 InputMethod)/@0xc2b360e - animation-leash of insets_animation#175978
07-28 17:18:53.959  1127  3782 I SurfaceFlinger: id=175975 Removed ff877ec ActivityRecordInputSink com.example.dogglers/androidx.test.core.app.InstrumentationActivityInvoker$EmptyActivity#175975 (122)
07-28 17:18:53.962  8684  8684 D LifecycleMonitor: Lifecycle status change: androidx.test.core.app.InstrumentationActivityInvoker$EmptyActivity@1f00259 in: PAUSED
07-28 17:18:53.962  8684  8684 V ActivityScenario: Activity lifecycle changed event received but ignored because the intent does not match. startActivityIntent=Intent { act=android.intent.action.MAIN cat=[android.intent.category.LAUNCHER] cmp=com.example.dogglers/.VerticalListActivity }, activity.getIntent()=Intent { act=android.intent.action.MAIN cat=[android.intent.category.LAUNCHER] flg=0x10000000 cmp=com.example.dogglers/androidx.test.core.app.InstrumentationActivityInvoker$EmptyActivity }, activity=androidx.test.core.app.InstrumentationActivityInvoker$EmptyActivity@1f00259
07-28 17:18:53.964  1624  4919 I SemDvfsHyPerManager: acquire hyper - AMS_APP_HOME/1624@31, type = -999
07-28 17:18:53.964  1090  1150 I HYPER-HAL: [RequestManager.cpp]acquire(): Acquired ID : 1370371  [1624 / 31]    HINT : AMS_APP_HOME    list :
07-28 17:18:53.964  1090  1150 I mtkpower_client: perf_lock_rel, hdl:80086, tid:1150
07-28 17:18:53.965  1090  1150 I mtkpower_client: perf_lock_acq, hdl:0, dur:0, num:2, tid:1150
07-28 17:18:53.965  1093  1167 I libPowerHal: [perfLockRel] hdl:80086, idx:3
07-28 17:18:53.965  1093  1167 I libPowerHal: [PD] vendor.samsung. update cmd:1c3c000, param:1
07-28 17:18:53.965  1093  1167 I libPowerHal: [PD] (less) /proc/mcdi/state set +prefix:enable 1;
07-28 17:18:53.965  5208  5208 I SemDvfsHyPerManager: acquire hyper - APP_START_HOME/5208@13, type = -999
07-28 17:18:53.966  1090  1150 I mtkpower_client: ret_hdl:80088
07-28 17:18:53.966  1090  1150 I mtkpower_client: perf_lock_rel, hdl:80085, tid:1150
07-28 17:18:53.966  1093  1167 I libPowerHal: [perfLockAcq] idx:2 hdl:80088 hint:-1 pid:1090 duration:0 lock_user:vendor.samsung. => ret_hdl:80088
07-28 17:18:53.966  3393  3393 I ViewRootImpl@c6ee0f[LauncherActivity]: handleAppVisibility mAppVisible = false visible = true
07-28 17:18:53.967  1093  1167 I libPowerHal: [PE] (less) /proc/mcdi/state set +prefix:enable 0;
07-28 17:18:53.967  1090  1150 I mtkpower_client: perf_lock_acq, hdl:0, dur:0, num:2, tid:1150
07-28 17:18:53.967  1093  1167 I libPowerHal: [perfLockRel] hdl:80085, idx:0
07-28 17:18:53.967  1093  1167 I libPowerHal: vendor.samsung.: cpu_ctrl set cpu freq: -1 -1 -1 -1
07-28 17:18:53.968  1093  1167 I libPowerHal: [perfLockAcq] idx:0 hdl:80089 hint:-1 pid:1090 duration:0 lock_user:vendor.samsung. => ret_hdl:80089
07-28 17:18:53.968  1090  1150 I mtkpower_client: ret_hdl:80089
07-28 17:18:53.968  1093  1167 I libPowerHal: vendor.samsung.: cpu_ctrl set cpu freq: 1800000 -1 -1 -1
07-28 17:18:53.968  1090  1150 I HYPER-HAL: [RequestManager.cpp]acquire(): Acquired ID : 13632044  [5208 / 13]    HINT : APP_START    list : [KERNEL_APP_START_NOTIFY / 0] [TIMEOUT / 1500]
07-28 17:18:53.969  1624  5303 D PackageManager: setEnabledSetting : userId = 0 packageName = com.samsung.android.scs cmp = androidx.work.impl.background.systemjob.SystemJobService newState = 1 callingPackage = 10112/com.samsung.android.scs
07-28 17:18:53.970  1624  5303 D ApplicationPolicy: getApplicationStateEnabled : pkg = com.samsung.android.scs userId : 0
07-28 17:18:53.971  1624  5303 D ApplicationPolicy: getApplicationComponentState : pkg = com.samsung.android.scs userId : 0
07-28 17:18:53.972  3393  3393 I ViewRootImpl@c6ee0f[LauncherActivity]: stopped(false) old = true
07-28 17:18:53.972  3393  3393 I ViewRootImpl@c6ee0f[LauncherActivity]: WindowStopped on com.sec.android.app.launcher/com.sec.android.app.launcher.activities.LauncherActivity set to false
07-28 17:18:53.973  3393  3393 I Launcher: !@Boot_DEBUG: Launcher.onStart()
07-28 17:18:53.973  3393  3393 I Launcher: !@Boot_EBS_D: Launcher.onStart()
07-28 17:18:53.973  3393  3393 I BaseActivity: addActivityFlags, flags : 1
07-28 17:18:53.973  3393  3393 W LauncherAppWidgetHost: setShouldListenFlag, mFlags:2 flag:start on:true isFront:false
07-28 17:18:53.973  3393  3393 W Launcher: onStart isListening : false isLoading false
07-28 17:18:53.974  1127  1127 I Layer   : id=175970 removeFromCurrentState ActivityRecord{ddd27b5 u0 com.example.dogglers/androidx.test.core.app.InstrumentationActivityInvoker$EmptyActivity} t30273}#175970 (122)
07-28 17:18:53.974  1127  1127 I Layer   : id=175975 removeFromCurrentState ff877ec ActivityRecordInputSink com.example.dogglers/androidx.test.core.app.InstrumentationActivityInvoker$EmptyActivity#175975 (122)
07-28 17:18:53.975  1127  2095 I SurfaceFlinger: id=175970 Removed ActivityRecord{ddd27b5 u0 com.example.dogglers/androidx.test.core.app.InstrumentationActivityInvoker$EmptyActivity} t30273}#175970 (122)
07-28 17:18:53.975  8684  8684 I ViewRootImpl@17d2e2a[InstrumentationActivityInvoker$EmptyActivity]: MSG_WINDOW_FOCUS_CHANGED 0 0
07-28 17:18:53.976  3393  3393 I MSHandlerLifeCycle: removeMultiSplitHandler: no exist. decor=DecorView@4f24386[LauncherActivity]
07-28 17:18:53.976  3393  3393 I ViewRootImpl@c6ee0f[LauncherActivity]: stopped(false) old = false
07-28 17:18:53.976  3393  3393 I Launcher: !@Boot_DEBUG: Launcher.onResume()
07-28 17:18:53.976  8684  8761 E TestRunner: failed: vertical_scroll_content_at_first_position(com.example.dogglers.VerticalListTests)
07-28 17:18:53.976  3393  3393 I Launcher: !@Boot_EBS_D: Launcher.onResume()
07-28 17:18:53.976  8684  8761 E TestRunner: ----- begin exception -----
07-28 17:18:53.976  3393  3393 I BaseActivity: addActivityFlags, flags : 18
07-28 17:18:53.976  3393  3393 I BaseActivity: removeActivityFlags, flags : 32
07-28 17:18:53.976  3393  3393 I AppsSearchBar: restoreCurrentCellLayoutAlpha: null
07-28 17:18:53.976  3393  3756 I IMM_LC  : hsifw() - flag : 0
07-28 17:18:53.976  3393  3393 W SearchLauncherServiceMover: isMoving : false
07-28 17:18:53.976  3393  3756 I IMM_LC  : hsifw() - mService.hideSoftInput
07-28 17:18:53.977  3393  3393 I Launcher: setWallpaperOffsets
07-28 17:18:53.978  3393  3393 I MSHandlerLifeCycle: removeMultiSplitHandler: no exist. decor=DecorView@4f24386[LauncherActivity]
07-28 17:18:53.978  1624  1745 D AnalyticsContainerHandler: handleMessage : { when=0 what=1 target=com.android.server.knox.KnoxAnalyticsContainer$AnalyticsHandler }
07-28 17:18:53.979  3393  3393 I ViewRootImpl@c6ee0f[LauncherActivity]: performTraversals mFirst=false windowShouldResize=false viewVisibilityChanged=true mForceNextWindowRelayout=false params=null
07-28 17:18:53.980  8684  8761 E TestRunner: androidx.test.espresso.NoMatchingViewException: No views in hierarchy found matching: an instance of android.widget.TextView and view.getText() with or without transformation to match: is "Age: 7"
07-28 17:18:53.980  8684  8761 E TestRunner:
07-28 17:18:53.980  8684  8761 E TestRunner: View Hierarchy:
07-28 17:18:53.980  8684  8761 E TestRunner: +>DecorView{id=-1, visibility=VISIBLE, width=1080, height=2400, has-focus=false, has-focusable=true, has-window-focus=true, is-clickable=false, is-enabled=true, is-focused=false, is-focusable=false, is-layout-requested=false, is-selected=false, layout-params={(0,0)(fillxfill) ty=BASE_APPLICATION wanim=0x1030309
07-28 17:18:53.980  8684  8761 E TestRunner:   fl=81810100
07-28 17:18:53.980  8684  8761 E TestRunner:   pfl=10020040
07-28 17:18:53.980  8684  8761 E TestRunner:   bhv=DEFAULT
07-28 17:18:53.980  8684  8761 E TestRunner:   fitSides= naviIconColor=0
07-28 17:18:53.980  8684  8761 E TestRunner:   sfl=100000}, tag=null, root-is-layout-requested=false, has-input-connection=false, x=0.0, y=0.0, child-count=3}
07-28 17:18:53.980  8684  8761 E TestRunner: |
07-28 17:18:53.980  8684  8761 E TestRunner: +->LinearLayout{id=-1, visibility=VISIBLE, width=1080, height=2265, has-focus=false, has-focusable=true, has-window-focus=true, is-clickable=false, is-enabled=true, is-focused=false, is-focusable=false, is-layout-requested=false, is-selected=false, layout-params=android.widget.FrameLayout$LayoutParams@8c84d2d, tag=null, root-is-layout-requested=false, has-input-connection=false, x=0.0, y=0.0, child-count=2}
07-28 17:18:53.980  8684  8761 E TestRunner: |
07-28 17:18:53.980  8684  8761 E TestRunner: +-->ViewStub{id=16908743, res-name=action_mode_bar_stub, visibility=GONE, width=0, height=0, has-focus=false, has-focusable=false, has-window-focus=true, is-clickable=false, is-enabled=true, is-focused=false, is-focusable=false, is-layout-requested=true, is-selected=false, layout-params=android.widget.LinearLayout$LayoutParams@29ac262, tag=null, root-is-layout-requested=false, has-input-connection=false, x=0.0, y=0.0}
07-28 17:18:53.980  8684  8761 E TestRunner: |
07-28 17:18:53.980  8684  8761 E TestRunner: +-->FrameLayout{id=-1, visibility=VISIBLE, width=1080, height=2185, has-focus=false, has-focusable=true, has-window-focus=true, is-clickable=false, is-enabled=true, is-focused=false, is-focusable=false, is-layout-requested=false, is-selected=false, layout-params=android.widget.LinearLayout$LayoutParams@448c4b0, tag=null, root-is-layout-requested=false, has-input-connection=false, x=0.0, y=80.0, child-count=1}
07-28 17:18:53.980  8684  8761 E TestRunner: |
07-28 17:18:53.980  8684  8761 E TestRunner: +--->ActionBarOverlayLayout{id=2131230867, res-name=decor_content_parent, visibility=VISIBLE, width=1080, height=2185, has-focus=false, has-focusable=true, has-window-focus=true, is-clickable=false, is-enabled=true, is-focused=false, is-focusable=false, is-layout-requested=false, is-selected=false, layout-params=android.widget.FrameLayout$LayoutParams@8d8784f, tag=null, root-is-layout-requested=false, has-input-connection=false, x=0.0, y=0.0, child-count=2}
07-28 17:18:53.980  8684  8761 E TestRunner: |
07-28 17:18:53.980  8684  8761 E TestRunner: +---->ContentFrameLayout{id=16908290, res-name=content, visibility=VISIBLE, width=1080, height=2027, has-focus=false, has-focusable=true, has-window-focus=true, is-clickable=false, is-enabled=true, is-focused=false, is-focusable=false, is-layout-requested=false, is-selected=false, layout-params=androidx.appcompat.widget.ActionBarOverlayLayout$LayoutParams@d02f4e5, tag=null, root-is-layout-requested=false, has-input-connection=false, x=0.0, y=158.0, child-count=1}
07-28 17:18:53.980  8684  8761 E TestRunner: |
07-28 17:18:53.980  8684  8761 E TestRunner: +----->FrameLayout{id=-1, visibility=VISIBLE, width=1080, height=2027, has-focus=false, has-focusable=true, has-window-focus=true, is-clickable=false, is-enabled=true, is-focused=false, is-focusable=false, is-layout-requested=false, is-selected=false, layout-params=android.widget.FrameLayout$LayoutParams@44e4a6b, tag=null, root-is-layout-requested=false, has-input-connection=false, x=0.0, y=0.0, child-count=1}
07-28 17:18:53.980  8684  8761 E TestRunner: |
07-28 17:18:53.980  8684  8761 E TestRunner: +------>RecyclerView{id=2131231207, res-name=vertical_recycler_view, visibility=VISIBLE, width=1080, height=2027, has-focus=false, has-focusable=true, has-window-focus=true, is-clickable=false, is-enabled=true, is-focused=false, is-focusable=true, is-layout-requested=false, is-selected=false, layout-params=android.widget.FrameLayout$LayoutParams@f052247, tag=null, root-is-layout-requested=false, has-input-connection=false, x=0.0, y=0.0, child-count=3}
07-28 17:18:53.980  8684  8761 E TestRunner: |
07-28 17:18:53.980  8684  8761 E TestRunner: +------->MaterialCardView{id=-1, visibility=VISIBLE, width=1034, height=813, has-focus=false, has-focusable=false, has-window-focus=true, is-clickable=false, is-enabled=true, is-focused=false, is-focusable=false, is-layout-requested=false, is-selected=false, layout-params=androidx.recyclerview.widget.RecyclerView$LayoutParams@283db9d, tag=null, root-is-layout-requested=false, has-input-connection=false, x=23.0, y=23.0, is-checked=false, child-count=1}
07-28 17:18:53.980  8684  8761 E TestRunner: |
07-28 17:18:53.980  8684  8761 E TestRunner: +-------->ConstraintLayout{id=2131230851, res-name=constraint_layout, visibility=VISIBLE, width=1034, height=813, has-focus=false, has-focusable=false, has-window-focus=true, is-clickable=false, is-enabled=true, is-focused=false, is-focusable=false, is-layout-requested=false, is-selected=false, layout-params=android.widget.FrameLayout$LayoutParams@997135e, tag=null, root-is-layout-requested=false, has-input-connection=false, x=0.0, y=0.0, child-count=4}
07-28 17:18:53.980  8684  8761 E TestRunner: |
07-28 17:18:53.980  8684  8761 E TestRunner: +--------->AppCompatImageView{id=2131230966, res-name=item_image, visibility=VISIBLE, width=1034, height=546, has-focus=false, has-focusable=false, has-window-focus=true, is-clickable=false, is-enabled=true, is-focused=false, is-focusable=false, is-layout-requested=false, is-selected=false, layout-params=androidx.constraintlayout.widget.ConstraintLayout$LayoutParams@5ee133f, tag=null, root-is-layout-requested=false, has-input-connection=false, x=0.0, y=0.0}
07-28 17:18:53.980  8684  8761 E TestRunner: |
07-28 17:18:53.980  8684  8761 E TestRunner: +--------->MaterialTextView{id=2131230886, res-name=dog_name, visibility=VISIBLE, width=225, height=98, has-focus=false, has-focusable=false, has-window-focus=true, is-clickable=false, is-enabled=true, is-focused=false, is-focusable=false, is-layout-requested=false, is-selected=false, layout-params=androidx.constraintlayout.widget.ConstraintLayout$LayoutParams@1f5940c, tag=null, root-is-layout-requested=false, has-input-connection=false, x=23.0, y=569.0, text=Tzeitel, input-type=0, ime-target=false, has-links=false}
07-28 17:18:53.980  8684  8761 E TestRunner: |
07-28 17:18:53.980  8684  8761 E TestRunner: +--------->MaterialTextView{id=2131230884, res-name=dog_age, visibility=VISIBLE, width=35, height=78, has-focus=false, has-focusable=false, has-window-focus=true, is-clickable=false, is-enabled=true, is-focused=false, is-focusable=false, is-layout-requested=false, is-selected=false, layout-params=androidx.constraintlayout.widget.ConstraintLayout$LayoutParams@5f3e155, tag=null, root-is-layout-requested=false, has-input-connection=false, x=23.0, y=712.0, text=7, input-type=0, ime-target=false, has-links=false}
07-28 17:18:53.980  8684  8761 E TestRunner: |
07-28 17:18:53.980  8684  8761 E TestRunner: +--------->MaterialTextView{id=2131230885, res-name=dog_hobby, visibility=VISIBLE, width=567, height=78, has-focus=false, has-focusable=false, has-window-focus=true, is-clickable=false, is-enabled=true, is-focused=false, is-focusable=false, is-layout-requested=false, is-selected=false, layout-params=androidx.constraintlayout.widget.ConstraintLayout$LayoutParams@43d076a, tag=null, root-is-layout-requested=false, has-input-connection=false, x=430.0, y=712.0, text=Hobbies: sunbathing, input-type=0, ime-target=false, has-links=false}
07-28 17:18:53.980  8684  8761 E TestRunner: |
07-28 17:18:53.980  8684  8761 E TestRunner: +------->MaterialCardView{id=-1, visibility=VISIBLE, width=1034, height=949, has-focus=false, has-focusable=false, has-window-focus=true, is-clickable=false, is-enabled=true, is-focused=false, is-focusable=false, is-layout-requested=false, is-selected=false, layout-params=androidx.recyclerview.widget.RecyclerView$LayoutParams@c6de4f8, tag=null, root-is-layout-requested=false, has-input-connection=false, x=23.0, y=882.0, is-checked=false, child-count=1}
07-28 17:18:53.980  8684  8761 E TestRunner: |
07-28 17:18:53.980  8684  8761 E TestRunner: +-------->ConstraintLayout{id=2131230851, res-name=constraint_layout, visibility=VISIBLE, width=1034, height=949, has-focus=false, has-focusable=false, has-window-focus=true, is-clickable=false, is-enabled=true, is-focused=false, is-focusable=false, is-layout-requested=false, is-selected=false, layout-params=android.widget.FrameLayout$LayoutParams@437e60d, tag=null, root-is-layout-requested=false, has-input-connection=false, x=0.0, y=0.0, child-count=4}
07-28 17:18:53.980  8684  8761 E TestRunner: |
07-28 17:18:53.980  8684  8761 E TestRunner: +--------->AppCompatImageView{id=2131230966, res-name=item_image, visibility=VISIBLE, width=1034, height=546, has-focus=false, has-focusable=false, has-window-focus=true, is-clickable=false, is-enabled=true, is-focused=false, is-focusable=false, is-layout-requested=false, is-selected=false, layout-params=androidx.constraintlayout.widget.ConstraintLayout$LayoutParams@ef319c2, tag=null, root-is-layout-requested=false, has-input-connection=false, x=0.0, y=0.0}
07-28 17:18:53.980  8684  8761 E TestRunner: |
07-28 17:18:53.980  8684  8761 E TestRunner: +--------->MaterialTextView{id=2131230886, res-name=dog_name, visibility=VISIBLE, width=185, height=98, has-focus=false, has-focusable=false, has-window-focus=true, is-clickable=false, is-enabled=true, is-focused=false, is-focusable=false, is-layout-requested=false, is-selected=false, layout-params=androidx.constraintlayout.widget.ConstraintLayout$LayoutParams@d6743d3, tag=null, root-is-layout-requested=false, has-input-connection=false, x=23.0, y=569.0, text=Leroy, input-type=0, ime-target=false, has-links=false}
07-28 17:18:53.980  8684  8761 E TestRunner: |
07-28 17:18:53.980  8684  8761 E TestRunner: +--------->MaterialTextView{id=2131230884, res-name=dog_age, visibility=VISIBLE, width=35, height=78, has-focus=false, has-focusable=false, has-window-focus=true, is-clickable=false, is-enabled=true, is-focused=false, is-focusable=false, is-layout-requested=false, is-selected=false, layout-params=androidx.constraintlayout.widget.ConstraintLayout$LayoutParams@3d45b10, tag=null, root-is-layout-requested=false, has-input-connection=false, x=23.0, y=780.0, text=4, input-type=0, ime-target=false, has-links=false}
07-28 17:18:53.980  8684  8761 E TestRunner: |
07-28 17:18:53.980  8684  8761 E TestRunner: +--------->MaterialTextView{id=2131230885, res-name=dog_hobby, visibility=VISIBLE, width=1033, height=146, has-focus=false, has-focusable=false, has-window-focus=true, is-clickable=false, is-enabled=true, is-focused=false, is-focusable=false, is-layout-requested=false, is-selected=false, layout-params=androidx.constraintlayout.widget.ConstraintLayout$LayoutParams@389d609, tag=null, root-is-layout-requested=false, has-input-connection=false, x=-19.0, y=780.0, text=Hobbies: sleeping in dangerous places, input-type=0, ime-target=false, has-links=false}
07-28 17:18:53.980  8684  8761 E TestRunner: |
07-28 17:18:53.980  8684  8761 E TestRunner: +------->MaterialCardView{id=-1, visibility=VISIBLE, width=1034, height=813, has-focus=false, has-focusable=false, has-window-focus=true, is-clickable=false, is-enabled=true, is-focused=false, is-focusable=false, is-layout-requested=false, is-selected=false, layout-params=androidx.recyclerview.widget.RecyclerView$LayoutParams@5d84a2f, tag=null, root-is-layout-requested=false, has-input-connection=false, x=23.0, y=1877.0, is-checked=false, child-count=1}
07-28 17:18:53.980  8684  8761 E TestRunner: |
07-28 17:18:53.980  8684  8761 E TestRunner: +-------->ConstraintLayout{id=2131230851, res-name=constraint_layout, visibility=VISIBLE, width=1034, height=813, has-focus=false, has-focusable=false, has-window-focus=true, is-clickable=false, is-enabled=true, is-focused=false, is-focusable=false, is-layout-requested=false, is-selected=false, layout-params=android.widget.FrameLayout$LayoutParams@3a07c28, tag=null, root-is-layout-requested=false, has-input-connection=false, x=0.0, y=0.0, child-count=4}
07-28 17:18:53.980  8684  8761 E TestRunner: |
07-28 17:18:53.980  8684  8761 E TestRunner: +--------->AppCompatImageView{id=2131230966, res-name=item_image, visibility=VISIBLE, width=1034, height=546, has-focus=false, has-focusable=false, has-window-focus=true, is-clickable=false, is-enabled=true, is-focused=false, is-focusable=false, is-layout-requested=false, is-selected=false, layout-params=androidx.constraintlayout.widget.ConstraintLayout$LayoutParams@193d41, tag=null, root-is-layout-requested=false, has-input-connection=false, x=0.0, y=0.0}
07-28 17:18:53.980  8684  8761 E TestRunner: |
07-28 17:18:53.980  8684  8761 E TestRunner: +--------->MaterialTextView{id=2131230886, res-name=dog_name, visibility=VISIBLE, width=247, height=98, has-focus=false, has-focusable=false, has-window-focus=true, is-clickable=false, is-enabled=true, is-focused=false, is-focusable=false, is-layout-requested=false, is-selected=false, layout-params=androidx.constraintlayout.widget.ConstraintLayout$LayoutParams@caf12e6, tag=null, root-is-layout-requested=false, has-input-connection=false, x=23.0, y=569.0, text=Frankie, input-type=0, ime-target=false, has-links=false}
07-28 17:18:53.980  8684  8761 E TestRunner: |
07-28 17:18:53.980  8684  8761 E TestRunner: +--------->MaterialTextView{id=2131230884, res-name=dog_age, visibility=VISIBLE, width=35, height=78, has-focus=false, has-focusable=false, has-window-focus=true, is-clickable=false, is-enabled=true, is-focused=false, is-focusable=false, is-layout-requested=false, is-selected=false, layout-params=androidx.constraintlayout.widget.ConstraintLayout$LayoutParams@2315027, tag=null, root-is-layout-requested=false, has-input-connection=false, x=23.0, y=712.0, text=2, input-type=0, ime-target=false, has-links=false}
07-28 17:18:53.980  8684  8761 E TestRunner: |
07-28 17:18:53.980  8684  8761 E TestRunner: +--------->MaterialTextView{id=2131230885, res-name=dog_hobby, visibility=VISIBLE, width=656, height=78, has-focus=false, has-focusable=false, has-window-focus=true, is-clickable=false, is-enabled=true, is-focused=false, is-focusable=false, is-layout-requested=false, is-selected=false, layout-params=androidx.constraintlayout.widget.ConstraintLayout$LayoutParams@a9532d4, tag=null, root-is-layout-requested=false, has-input-connection=false, x=344.0, y=712.0, text=Hobbies: stealing socks, input-type=0, ime-target=false, has-links=false}
07-28 17:18:53.980  8684  8761 E TestRunner: |
07-28 17:18:53.980  8684  8761 E TestRunner: +---->ActionBarContainer{id=2131230774, res-name=action_bar_container, visibility=VISIBLE, width=1080, height=158, has-focus=false, has-focusable=false, has-window-focus=true, is-clickable=false, is-enabled=true, is-focused=false, is-focusable=false, is-layout-requested=false, is-selected=false, layout-params=androidx.appcompat.widget.ActionBarOverlayLayout$LayoutParams@558c7c3, tag=null, root-is-layout-requested=false, has-input-connection=false, x=0.0, y=0.0, child-count=2}
07-28 17:18:53.980  8684  8761 E TestRunner: |
