07-28 18:56:34.052  9007  9007 D InsetsController: onStateChanged: InsetsState: {mDisplayFrame=Rect(0, 0 - 1080, 2400), mDisplayCutout=DisplayCutout{insets=Rect(0, 80 - 0, 0) waterfall=Insets{left=0, top=0, right=0, bottom=0} boundingRect={Bounds=[Rect(0, 0 - 0, 0), Rect(468, 0 - 612, 80), Rect(0, 0 - 0, 0), Rect(0, 0 - 0, 0)]} cutoutPathParserInfo={CutoutPathParserInfo{displayWidth=1080 displayHeight=2400 physicalDisplayWidth=1080 physicalDisplayHeight=2400 density={2.625} cutoutSpec={M 0,0 H -27.42857142857143 V 30.47619047619048 H 27.42857142857143 V 0 H 0 Z @dp} rotation={0} scale={1.0} physicalPixelDisplaySizeRatio={1.0}}}}, mRoundedCorners=RoundedCorners{[RoundedCorner{position=TopLeft, radius=90, center=Point(90, 90)}, RoundedCorner{position=TopRight, radius=90, center=Point(990, 90)}, RoundedCorner{position=BottomRight, radius=90, center=Point(990, 2310)}, RoundedCorner{position=BottomLeft, radius=90, center=Point(90, 2310)}]}  mRoundedCornerFrame=Rect(0, 0 - 1080, 2400), mPrivacyIndicatorBounds=PrivacyIndicatorBounds {static bounds=Rect(956, 0 - 1080, 80) rotation=0}, mSources= { InsetsSource: {mType=ITYPE_STATUS_BAR, mFrame=[0,0][1080,80], mVisible=true, mInsetsRoundedCornerFrame=false}, InsetsSource: {mType=ITYPE_NAVIGATION_BAR, mFrame=[0,2265][1080,2400], mVisible=true, mInsetsRoundedCornerFrame=false}, InsetsSource: {mType=ITYPE_LEFT_GESTURES, mFrame=[0,0][0,2400], mVisible=true, mInsetsRoundedCornerFrame=false}, InsetsSource: {mType=ITYPE_RIGHT_GESTURES, mFrame=[1080,0][1080,2400], mVisible=true, mInsetsRoundedCornerFrame=false}, InsetsSource: {mType=ITYPE_TOP_MANDATORY_GESTURES, mFrame=[0,0][1080,114], mVisible=true, mInsetsRoundedCornerFrame=false}, InsetsSource: {mType=ITYPE_BOTTOM_MANDATORY_GESTURES, mFrame=[0,2265][1080,2400], mVisible=true, mInsetsRoundedCornerFrame=false}, InsetsSource: {mType=ITYPE_LEFT_DISPLAY_CUTOUT, mFrame=[0,0][-100000,2400], mVisible=true, mInsetsRoundedCornerFrame=false}, InsetsSource: {mType=ITYPE_TOP_DISPLAY_CUTOUT, mFrame=[0,0][1080,80], mVisible=true, mInsetsRoundedCornerFrame=false}, InsetsSource: {mType=ITYPE_RIGHT_DISPLAY_CUTOUT, mFrame=[100000,0][1080,2400], mVisible=true, mInsetsRoundedCornerFrame=false}, InsetsSource: {mType=ITYPE_BOTTOM_DISPLAY_CUTOUT, mFrame=[0,100000][1080,2400], mVisible=true, mInsetsRoundedCornerFrame=false}, InsetsSource: {mType=ITYPE_TOP_TAPPABLE_ELEMENT, mFrame=[0,0][1080,80], mVisible=true, mInsetsRoundedCornerFrame=false}, InsetsSource: {mType=ITYPE_BOTTOM_TAPPABLE_ELEMENT, mFrame=[0,2265][1080,2400], mVisible=true, mInsetsRoundedCornerFrame=false}, InsetsSource: {mType=ITYPE_IME, mFrame=[0,0][0,0], mVisibleFrame=[0,1243][1080,2400], mVisible=false, mInsetsRoundedCornerFrame=false} } host=com.example.dogglers/androidx.test.core.app.InstrumentationActivityInvoker$EmptyActivity from=android.view.ViewRootImpl.relayoutWindow:9802
07-28 18:56:34.055  9007  9007 I ViewRootImpl@d02f4e5[InstrumentationActivityInvoker$EmptyActivity]: updateBlastSurfaceIfNeeded mBlastBufferQueue=null isSameSurfaceControl=false
07-28 18:56:34.055  9007  9007 D BufferQueueConsumer: [](id:232f0000000a,api:0,p:-1,c:9007) connect: controlledByApp=false
07-28 18:56:34.055  9007  9007 I BLASTBufferQueue: new BLASTBufferQueue, mName= ViewRootImpl@d02f4e5[InstrumentationActivityInvoker$EmptyActivity] mNativeObject= 0xb400007316107580 sc.mNativeObject= 0xb400007297b0d4c0 caller= android.view.ViewRootImpl.updateBlastSurfaceIfNeeded:2909 android.view.ViewRootImpl.relayoutWindow:9847 android.view.ViewRootImpl.performTraversals:3884 android.view.ViewRootImpl.doTraversal:3116 android.view.ViewRootImpl$TraversalRunnable.run:10885 android.view.Choreographer$CallbackRecord.run:1301 android.view.Choreographer$CallbackRecord.run:1309 android.view.Choreographer.doCallbacks:923 android.view.Choreographer.doFrame:852 android.view.Choreographer$FrameDisplayEventReceiver.run:1283
07-28 18:56:34.056  9007  9007 I BLASTBufferQueue: update, w= 1080 h= 2400 mName = ViewRootImpl@d02f4e5[InstrumentationActivityInvoker$EmptyActivity] mNativeObject= 0xb400007316107580 sc.mNativeObject= 0xb400007297b0d4c0 format= -1 caller= android.graphics.BLASTBufferQueue.<init>:84 android.view.ViewRootImpl.updateBlastSurfaceIfNeeded:2909 android.view.ViewRootImpl.relayoutWindow:9847 android.view.ViewRootImpl.performTraversals:3884 android.view.ViewRootImpl.doTraversal:3116 android.view.ViewRootImpl$TraversalRunnable.run:10885
07-28 18:56:34.056  9007  9007 I ViewRootImpl@d02f4e5[InstrumentationActivityInvoker$EmptyActivity]: Relayout returned: old=(0,0,1080,2400) new=(0,0,1080,2400) req=(1080,2400)0 dur=13 res=0x3 s={true 0xb400007316464800} ch=true seqId=0
07-28 18:56:34.058  9007  9007 I ViewRootImpl@d02f4e5[InstrumentationActivityInvoker$EmptyActivity]: mThreadedRenderer.initialize() mSurface={isValid=true 0xb400007316464800} hwInitialized=true
07-28 18:56:34.058  9007  9037 D OpenGLRenderer: eglCreateWindowSurface
07-28 18:56:34.060  9007  9007 I ViewRootImpl@d02f4e5[InstrumentationActivityInvoker$EmptyActivity]: reportNextDraw android.view.ViewRootImpl.performTraversals:4438 android.view.ViewRootImpl.doTraversal:3116 android.view.ViewRootImpl$TraversalRunnable.run:10885 android.view.Choreographer$CallbackRecord.run:1301 android.view.Choreographer$CallbackRecord.run:1309
07-28 18:56:34.060  9007  9007 I ViewRootImpl@d02f4e5[InstrumentationActivityInvoker$EmptyActivity]: Setup new sync id=0
07-28 18:56:34.060  9007  9007 I ViewRootImpl@d02f4e5[InstrumentationActivityInvoker$EmptyActivity]: Setting syncFrameCallback
07-28 18:56:34.060  9007  9007 I ViewRootImpl@d02f4e5[InstrumentationActivityInvoker$EmptyActivity]: registerCallbacksForSync syncBuffer=false
07-28 18:56:34.063  9007  9063 I ViewRootImpl@d02f4e5[InstrumentationActivityInvoker$EmptyActivity]: Received frameDrawingCallback syncResult=0 frameNum=1.
07-28 18:56:34.063  9007  9063 I ViewRootImpl@d02f4e5[InstrumentationActivityInvoker$EmptyActivity]: Setting up sync and frameCommitCallback
07-28 18:56:34.066  9007  9037 I BLASTBufferQueue: [ViewRootImpl@d02f4e5[InstrumentationActivityInvoker$EmptyActivity]#10](f:0,a:0) onFrameAvailable the first frame is available
07-28 18:56:34.067  9007  9037 D BLASTBufferQueue: [ViewRootImpl@d02f4e5[InstrumentationActivityInvoker$EmptyActivity]#10](f:0,a:1) acquireNextBufferLocked size=1080x2400 mFrameNumber=1 applyTransaction=true mTimestamp=1010962866242642(auto) mPendingTransactions.size=0 graphicBufferId=38684770435103 transform=0
07-28 18:56:34.067  9007  9037 I ViewRootImpl@d02f4e5[InstrumentationActivityInvoker$EmptyActivity]: Received frameCommittedCallback lastAttemptedDrawFrameNum=1 didProduceBuffer=true
07-28 18:56:34.068  9007  9037 D OpenGLRenderer: CFMS:: SetUp Pid : 9007    Tid : 9037
07-28 18:56:34.068  9007  9037 W Parcel  : Expecting binder but got null!
07-28 18:56:34.069  1127  1127 I SurfaceFlinger: [d26f187 com.example.dogglers/androidx.test.core.app.InstrumentationActivityInvoker$EmptyActivity#178954] FrameRatePriority: 1
07-28 18:56:34.069  9007  9007 I ViewRootImpl@d02f4e5[InstrumentationActivityInvoker$EmptyActivity]: onSyncComplete
07-28 18:56:34.069  1127  1127 I Layer   : id=178949 removeFromCurrentState Surface(name=f59a3f7 StatusBar)/@0xc90eccd - animation-leash of insets_animation#178949 (122)
07-28 18:56:34.069  1127  1127 I Layer   : id=178950 removeFromCurrentState Surface(name=3aacd27 NavigationBar0)/@0x501b17d - animation-leash of insets_animation#178950 (122)
07-28 18:56:34.069  1127  1127 D SurfaceFlinger: [input] inputWindowCommands.focusRequests size is 1
07-28 18:56:34.069  1127  1127 D BufferStateLayer: com.example.dogglers/androidx.test.core.app.InstrumentationActivityInvoker$EmptyActivity$_9007#178955 setBuffer frameId=1, bufferId=38684770435103 fenceId=444, w= 1080, h=2400
07-28 18:56:34.070  9007  9007 I ViewRootImpl@d02f4e5[InstrumentationActivityInvoker$EmptyActivity]: setupSync seqId=0 mSyncId=0 fn=1 caller=android.view.ViewRootImpl$$ExternalSyntheticLambda11.accept:6 android.window.SurfaceSyncer.lambda$setupSync$1$android-window-SurfaceSyncer:128 android.window.SurfaceSyncer$$ExternalSyntheticLambda1.accept:8 android.window.SurfaceSyncer$SyncSet.checkIfSyncIsComplete:382 android.window.SurfaceSyncer$SyncSet.markSyncReady:359 android.window.SurfaceSyncer.markSyncReady:151 android.view.ViewRootImpl.performTraversals:4503
07-28 18:56:34.070  9007  9007 I ViewRootImpl@d02f4e5[InstrumentationActivityInvoker$EmptyActivity]: reportDrawFinished seqId=0 mSyncId=-1 fn=1 mSurfaceChangedTransaction=0xb400007297bb7600
07-28 18:56:34.070  1127  1386 D SurfaceFlinger: [input] setFocusedWindow: d26f187 com.example.dogglers/androidx.test.core.app.InstrumentationActivityInvoker$EmptyActivity
07-28 18:56:34.071  1624  2958 D InputDispatcher: Focus request (0): d26f187 com.example.dogglers/androidx.test.core.app.InstrumentationActivityInvoker$EmptyActivity but waiting because NO_WINDOW
07-28 18:56:34.071  9007  9007 I ViewRootImpl@6bd1ab5[VerticalListActivity]: MSG_WINDOW_FOCUS_CHANGED 0 0
07-28 18:56:34.077  1624  1665 I ActivityTaskManager: Displayed com.example.dogglers/androidx.test.core.app.InstrumentationActivityInvoker$EmptyActivity: +109ms
07-28 18:56:34.077  1624  1669 I SemDvfsHyPerManager: acquire hyper - AMS_RESUME_TAIL/1624@21, type = -999
07-28 18:56:34.077  1624  1669 I SemDvfsHyPerManager: acquire hyper - AMS_ACT_LAZY/1624@22, type = -999
07-28 18:56:34.077  1090  1150 I HYPER-HAL: [RequestManager.cpp]acquire(): Acquired ID : 1353856  [1624 / 21]    HINT : AMS_RESUME_TAIL    list :
07-28 18:56:34.077  3746  3746 E pageboostd: Received HALT command code 2
07-28 18:56:34.077  1090  1150 I mtkpower_client: perf_lock_rel, hdl:81859, tid:1150
07-28 18:56:34.078  1090  1150 I mtkpower_client: perf_lock_acq, hdl:0, dur:0, num:2, tid:1150
07-28 18:56:34.078  1093  1167 I libPowerHal: [perfLockRel] hdl:81859, idx:0
07-28 18:56:34.078  1093  1167 I libPowerHal: [PD] vendor.samsung. update cmd:1c3c000, param:1
07-28 18:56:34.078  1093  1167 I libPowerHal: [PD] (less) /proc/mcdi/state set +prefix:enable 1;
07-28 18:56:34.078  1127  1177 I SurfaceFlinger: id=178958 createSurf flag=80000, c0357bb ActivityRecordInputSink com.example.dogglers/androidx.test.core.app.InstrumentationActivityInvoker$EmptyActivity#178958
07-28 18:56:34.079  1090  1150 I mtkpower_client: ret_hdl:81861
07-28 18:56:34.079  1090  1150 I mtkpower_client: perf_lock_rel, hdl:81860, tid:1150
07-28 18:56:34.079  1093  1167 I libPowerHal: [perfLockAcq] idx:0 hdl:81861 hint:-1 pid:1090 duration:0 lock_user:vendor.samsung. => ret_hdl:81861
07-28 18:56:34.080  1093  1167 I libPowerHal: [PE] (less) /proc/mcdi/state set +prefix:enable 0;
07-28 18:56:34.080  1090  1150 I mtkpower_client: perf_lock_acq, hdl:0, dur:0, num:2, tid:1150
07-28 18:56:34.080  1093  1167 I libPowerHal: [perfLockRel] hdl:81860, idx:1
07-28 18:56:34.080  1093  1167 I libPowerHal: [PD] vendor.samsung. update cmd:1000000, param:-1
07-28 18:56:34.081  1093  1167 I libPowerHal: [PD] vendor.samsung. update cmd:1000000 param:-1
07-28 18:56:34.081  1090  1150 I mtkpower_client: ret_hdl:81862
07-28 18:56:34.081  1093  1167 I libPowerHal: [perfLockAcq] idx:1 hdl:81862 hint:-1 pid:1090 duration:0 lock_user:vendor.samsung. => ret_hdl:81862
07-28 18:56:34.081  1090  1150 I mtkpower_client: perf_lock_rel, hdl:81858, tid:1150
07-28 18:56:34.082  1093  1167 I libPowerHal: [PE] vendor.samsung. update cmd:1000000, param:0
07-28 18:56:34.082  1093  1167 I libPowerHal: [PE] vendor.samsung. update cmd:1000000 param:0
07-28 18:56:34.082  1090  1150 I mtkpower_client: perf_lock_acq, hdl:0, dur:0, num:2, tid:1150
07-28 18:56:34.082  1093  1167 I libPowerHal: [perfLockRel] hdl:81858, idx:3
07-28 18:56:34.082  1093  1167 I libPowerHal: vendor.samsung.: cpu_ctrl set cpu freq: -1 -1 -1 -1
07-28 18:56:34.082  1090  1150 I mtkpower_client: ret_hdl:81863
07-28 18:56:34.082  1090  1150 I mtkpower_client: perf_lock_rel, hdl:81861, tid:1150
07-28 18:56:34.083  1093  1167 I libPowerHal: [perfLockAcq] idx:2 hdl:81863 hint:-1 pid:1090 duration:0 lock_user:vendor.samsung. => ret_hdl:81863
07-28 18:56:34.083  1093  1167 I libPowerHal: vendor.samsung.: cpu_ctrl set cpu freq: 1800000 -1 -1 -1
07-28 18:56:34.083  1090  1150 I mtkpower_client: perf_lock_acq, hdl:0, dur:0, num:2, tid:1150
07-28 18:56:34.083  1093  1167 I libPowerHal: [perfLockRel] hdl:81861, idx:0
07-28 18:56:34.084  1093  1167 I libPowerHal: [PD] vendor.samsung. update cmd:1c3c000, param:1
07-28 18:56:34.084  1093  1167 I libPowerHal: [PD] (less) /proc/mcdi/state set +prefix:enable 1;
07-28 18:56:34.084  1090  1150 I mtkpower_client: ret_hdl:81864
07-28 18:56:34.085  1093  1167 I libPowerHal: [perfLockAcq] idx:3 hdl:81864 hint:-1 pid:1090 duration:0 lock_user:vendor.samsung. => ret_hdl:81864
07-28 18:56:34.085  1090  1150 I mtkpower_client: perf_lock_rel, hdl:81862, tid:1150
07-28 18:56:34.085  1093  1167 I libPowerHal: [PE] (less) /proc/mcdi/state set +prefix:enable 0;
07-28 18:56:34.085  1090  1150 I mtkpower_client: perf_lock_acq, hdl:0, dur:0, num:2, tid:1150
07-28 18:56:34.085  1093  1167 I libPowerHal: [perfLockRel] hdl:81862, idx:1
07-28 18:56:34.085  1093  1167 I libPowerHal: [PD] vendor.samsung. update cmd:1000000, param:-1
07-28 18:56:34.086  1127  1127 I Layer   : Layer [com.example.dogglers/androidx.test.core.app.InstrumentationActivityInvoker$EmptyActivity$_9007#178955] hidden!! flag(0)
07-28 18:56:34.086  1127  1127 I Layer   : Layer [com.example.dogglers/com.example.dogglers.VerticalListActivity$_9007#178948] hidden!! flag(1)
07-28 18:56:34.086  1127  1177 I SurfaceFlinger: id=178950 Removed Surface(name=3aacd27 NavigationBar0)/@0x501b17d - animation-leash of insets_animation#178950 (123)
07-28 18:56:34.086  1127  1127 I Layer   : id=178950 Destroyed Surface(name=3aacd27 NavigationBar0)/@0x501b17d - animation-leash of insets_animation#178950
07-28 18:56:34.086  1127  3782 I SurfaceFlinger: id=178949 Removed Surface(name=f59a3f7 StatusBar)/@0xc90eccd - animation-leash of insets_animation#178949 (122)
07-28 18:56:34.086  1093  1167 I libPowerHal: [PD] vendor.samsung. update cmd:1000000 param:-1
07-28 18:56:34.086  9007  9007 I ViewRootImpl@6bd1ab5[VerticalListActivity]: handleAppVisibility mAppVisible = true visible = false
07-28 18:56:34.086  1090  1150 I mtkpower_client: ret_hdl:81865
07-28 18:56:34.087  1090  1150 I HYPER-HAL: [RequestManager.cpp]releaseLocked(): Released ID : 1350565
07-28 18:56:34.087  1093  1167 I libPowerHal: [perfLockAcq] idx:0 hdl:81865 hint:-1 pid:1090 duration:0 lock_user:vendor.samsung. => ret_hdl:81865
07-28 18:56:34.087  1624  3704 D InputDispatcher: Focus entered window (0): d26f187 com.example.dogglers/androidx.test.core.app.InstrumentationActivityInvoker$EmptyActivity
07-28 18:56:34.088  1093  1167 I libPowerHal: [PE] vendor.samsung. update cmd:1000000, param:0
07-28 18:56:34.088  1093  1167 I libPowerHal: [PE] vendor.samsung. update cmd:1000000 param:0
07-28 18:56:34.088  9007  9007 I ViewRootImpl@6bd1ab5[VerticalListActivity]: stopped(true) old = false
07-28 18:56:34.088  9007  9007 I ViewRootImpl@6bd1ab5[VerticalListActivity]: WindowStopped on com.example.dogglers/com.example.dogglers.VerticalListActivity set to true
07-28 18:56:34.090  9007  9007 D LifecycleMonitor: Lifecycle status change: com.example.dogglers.VerticalListActivity@d9bf3b7 in: STOPPED
07-28 18:56:34.090  9007  9007 V ActivityScenario: Update currentActivityStage to STOPPED, currentActivity=com.example.dogglers.VerticalListActivity@d9bf3b7
07-28 18:56:34.090  1624  1668 I ChimeraSystemEventListener: appLaunchIntent package name is: com.example.dogglers
07-28 18:56:34.091  3746  3746 E pageboostd: Received HALT command code 2
07-28 18:56:34.091  3393  7300 I RecentModel: onTaskStackChangedBackground
07-28 18:56:34.092  1127  1127 D SurfaceFlinger: Display 0 HWC layers:
07-28 18:56:34.092  1127  1127 D SurfaceFlinger:      DEVICE | 0xb400007623229580 | 0102 | RGBA_8888    |    0.0    0.0 1080.0 2400.0 |    0    0 1080 2400 | com.example.dogglers/androidx.test.c[...]tyInvoker$EmptyActivity$_9007#178955
07-28 18:56:34.092  1127  1127 D SurfaceFlinger:      DEVICE | 0xb400007623228f80 | 0100 | RGBA_8888    |    0.0    0.0 1080.0   80.0 |    0    0 1080   80 | StatusBar$_17091#176350
07-28 18:56:34.092  1127  1127 D SurfaceFlinger:      DEVICE | 0xb4000075f544cb00 | 0100 | RGBA_8888    |    0.0    0.0 1080.0  135.0 |    0 2265 1080 2400 | NavigationBar0$_17091#176345
07-28 18:56:34.092  1127  1127 D SurfaceFlinger:      DEVICE | 0xb4000076232f1a80 | 0140 | RGBA_8888    |    0.0    0.0 1080.0  150.0 |    0    0 1080  150 | ScreenDecorOverlay$_17091#176358
07-28 18:56:34.092  1127  1127 D SurfaceFlinger:      DEVICE | 0xb400007621856400 | 0140 | RGBA_8888    |    0.0    0.0 1080.0  150.0 |    0 2250 1080 2400 | ScreenDecorOverlayBottom$_17091#176359
07-28 18:56:34.092  1127  1127 D SurfaceFlinger:
07-28 18:56:34.092  1624  3704 I SemDvfsHyPerManager: acquire hyper - AMS_ACT_START/1624@19, type = -999
07-28 18:56:34.093  1090  1150 I HYPER-HAL: [RequestManager.cpp]acquire(): Acquired ID : 1350565  [1624 / 19]    HINT : AMS_ACT_START    list :
07-28 18:56:34.093  1090  1150 I mtkpower_client: perf_lock_rel, hdl:81863, tid:1150
07-28 18:56:34.093  1127  3782 I SurfaceFlinger: id=178959 createSurf flag=80004, ActivityRecord{fd857aa u0 com.example.dogglers/androidx.test.core.app.InstrumentationActivityInvoker$EmptyActivity} t30332}#178959
07-28 18:56:34.093  1090  1150 I mtkpower_client: perf_lock_acq, hdl:0, dur:0, num:2, tid:1150
07-28 18:56:34.094  1093  1167 I libPowerHal: [perfLockRel] hdl:81863, idx:2
07-28 18:56:34.094  1093  1167 I libPowerHal: vendor.samsung.: cpu_ctrl set cpu freq: -1 -1 -1 -1
07-28 18:56:34.095  1624  1668 I SemPersonaManager: SecureFolder personaId = 150
07-28 18:56:34.095  1093  1167 I libPowerHal: [perfLockAcq] idx:1 hdl:81866 hint:-1 pid:1090 duration:0 lock_user:vendor.samsung. => ret_hdl:81866
07-28 18:56:34.095  1090  1150 I mtkpower_client: ret_hdl:81866
07-28 18:56:34.095  1090  1150 I mtkpower_client: perf_lock_rel, hdl:81864, tid:1150
07-28 18:56:34.095  1093  1167 I libPowerHal: vendor.samsung.: cpu_ctrl set cpu freq: 1800000 -1 -1 -1
07-28 18:56:34.096  1090  1150 I mtkpower_client: perf_lock_acq, hdl:0, dur:0, num:2, tid:1150
07-28 18:56:34.096  1093  1167 I libPowerHal: [perfLockRel] hdl:81864, idx:3
07-28 18:56:34.096  1093  1167 I libPowerHal: [PD] vendor.samsung. update cmd:1c3c000, param:1
07-28 18:56:34.097  1093  1167 I libPowerHal: [PD] (less) /proc/mcdi/state set +prefix:enable 1;
07-28 18:56:34.098  1090  1150 I mtkpower_client: ret_hdl:81867
07-28 18:56:34.098  1093  1167 I libPowerHal: [perfLockAcq] idx:2 hdl:81867 hint:-1 pid:1090 duration:0 lock_user:vendor.samsung. => ret_hdl:81867
07-28 18:56:34.098  1090  1150 I mtkpower_client: perf_lock_rel, hdl:81865, tid:1150
07-28 18:56:34.098  1093  1167 I libPowerHal: [PE] (less) /proc/mcdi/state set +prefix:enable 0;
07-28 18:56:34.098  1090  1150 I mtkpower_client: perf_lock_acq, hdl:0, dur:0, num:2, tid:1150
07-28 18:56:34.098  1093  1167 I libPowerHal: [perfLockRel] hdl:81865, idx:0
07-28 18:56:34.098  1093  1167 I libPowerHal: [PD] vendor.samsung. update cmd:1000000, param:-1
07-28 18:56:34.099  1093  1167 I libPowerHal: [PD] vendor.samsung. update cmd:1000000 param:-1
07-28 18:56:34.099  1090  1150 I mtkpower_client: ret_hdl:81868
07-28 18:56:34.099  1093  1167 I libPowerHal: [perfLockAcq] idx:0 hdl:81868 hint:-1 pid:1090 duration:0 lock_user:vendor.samsung. => ret_hdl:81868
07-28 18:56:34.099  1093  1167 I libPowerHal: [PE] vendor.samsung. update cmd:1000000, param:0
07-28 18:56:34.099  1093  1167 I libPowerHal: [PE] vendor.samsung. update cmd:1000000 param:0
07-28 18:56:34.103  1127  1127 I Layer   : id=178949 Destroyed Surface(name=f59a3f7 StatusBar)/@0xc90eccd - animation-leash of insets_animation#178949
07-28 18:56:34.105  9007  9007 I MSHandlerLifeCycle: removeMultiSplitHandler: no exist. decor=DecorView@dd11645[VerticalListActivity]
07-28 18:56:34.106  9007  9007 D LifecycleMonitor: Lifecycle status change: com.example.dogglers.VerticalListActivity@d9bf3b7 in: DESTROYED
07-28 18:56:34.107  9007  9007 V ActivityScenario: Update currentActivityStage to DESTROYED, currentActivity=null
07-28 18:56:34.109  9007  9007 I MSHandlerLifeCycle: removeMultiSplitHandler: no exist. decor=DecorView@dd11645[VerticalListActivity]
07-28 18:56:34.109  9007  9037 D OpenGLRenderer: setSurface called with nullptr
07-28 18:56:34.109  9007  9037 D OpenGLRenderer: setSurface() destroyed EGLSurface
07-28 18:56:34.109  9007  9037 D OpenGLRenderer: destroyEglSurface
07-28 18:56:34.112  9007  9037 D BLASTBufferQueue: [ViewRootImpl@6bd1ab5[VerticalListActivity]#9](f:0,a:1) destructor()
07-28 18:56:34.112  9007  9037 D BufferQueueConsumer: [ViewRootImpl@6bd1ab5[VerticalListActivity]#9(BLAST Consumer)9](id:232f00000009,api:0,p:-1,c:9007) disconnect
07-28 18:56:34.113  9007  9007 I ViewRootImpl@6bd1ab5[VerticalListActivity]: dispatchDetachedFromWindow
07-28 18:56:34.113  1624  2958 D InputTransport: Input channel destroyed: '7a47342', fd=1100
07-28 18:56:34.114  1624  2958 W InputManager-JNI: Input channel object '7a47342 com.example.dogglers/com.example.dogglers.VerticalListActivity (client)' was disposed without first being removed with the input manager!
07-28 18:56:34.114  1624  2958 D InputTransport: Input channel destroyed: '7a47342', fd=1102
07-28 18:56:34.117  1127  3782 I SurfaceFlinger: id=178960 createSurf flag=24004, Surface(name=d8adfc2 InputMethod)/@0xc2b360e - animation-leash of insets_animation#178960
07-28 18:56:34.121  9007  9007 D InputTransport: Input channel destroyed: '7a47342', fd=120
07-28 18:56:34.123  1127  3782 I SurfaceFlinger: id=178921 Removed Surface(name=d8adfc2 InputMethod)/@0xc2b360e - animation-leash of insets_animation#178921 (123)
07-28 18:56:34.123  5607  5607 I InputMethodService: removeImeSurface
07-28 18:56:34.124  5607  5607 I MSHandlerLifeCycle: check: return. pkg=com.samsung.android.honeyboard isActivity=false callers=com.android.internal.policy.DecorView.setVisibility:4411 android.app.Dialog.hide:767 android.inputmethodservice.InputMethodService.removeImeSurface:1290 android.inputmethodservice.InputMethodService.scheduleImeSurfaceRemoval:1279 android.inputmethodservice.InputMethodService.-$$Nest$mscheduleImeSurfaceRemoval:0
07-28 18:56:34.124  5607  5607 I MSHandlerLifeCycle: removeMultiSplitHandler: no exist. decor=DecorView@4ed7bdc[InputMethod]
07-28 18:56:34.125  1127  3782 I SurfaceFlinger: id=178946 Removed b6e853a ActivityRecordInputSink com.example.dogglers/.VerticalListActivity#178946 (123)
07-28 18:56:34.130  9007  9007 D LifecycleMonitor: Lifecycle status change: androidx.test.core.app.InstrumentationActivityInvoker$EmptyActivity@448c4b0 in: PAUSED
07-28 18:56:34.130  9007  9007 V ActivityScenario: Activity lifecycle changed event received but ignored because the intent does not match. startActivityIntent=Intent { act=android.intent.action.MAIN cat=[android.intent.category.LAUNCHER] cmp=com.example.dogglers/.VerticalListActivity }, activity.getIntent()=Intent { act=android.intent.action.MAIN cat=[android.intent.category.LAUNCHER] flg=0x10000000 cmp=com.example.dogglers/androidx.test.core.app.InstrumentationActivityInvoker$EmptyActivity }, activity=androidx.test.core.app.InstrumentationActivityInvoker$EmptyActivity@448c4b0
07-28 18:56:34.136  1127  1127 I Layer   : id=178948 removeFromCurrentState com.example.dogglers/com.example.dogglers.VerticalListActivity$_9007#178948 (123)
07-28 18:56:34.136  1127  1127 I Layer   : id=178947 removeFromCurrentState 7a47342 com.example.dogglers/com.example.dogglers.VerticalListActivity#178947 (123)
07-28 18:56:34.136  1127  1127 I Layer   : id=178952 removeFromCurrentState Surface(name=d8adfc2 InputMethod)/@0xc2b360e - animation-leash of insets_animation#178952 (123)
07-28 18:56:34.136  1127  1127 I Layer   : id=137 removeFromCurrentState d8adfc2 InputMethod#137 (123)
07-28 18:56:34.136  1127  1127 I Layer   : id=137 addToCurrentState d8adfc2 InputMethod#137 (123)
07-28 18:56:34.136  1127  1127 I Layer   : id=178945 removeFromCurrentState ActivityRecord{3099f48 u0 com.example.dogglers/.VerticalListActivity} t30332}#178945 (123)
07-28 18:56:34.136  1127  1127 I Layer   : id=178946 removeFromCurrentState b6e853a ActivityRecordInputSink com.example.dogglers/.VerticalListActivity#178946 (123)
07-28 18:56:34.136  1127  1127 I SurfaceFlinger: id=178945 Removed ActivityRecord{3099f48 u0 com.example.dogglers/.VerticalListActivity} t30332}#178945 (123)
07-28 18:56:34.136  1127  1127 I SurfaceFlinger: id=178948 Removed com.example.dogglers/com.example.dogglers.VerticalListActivity$_9007#178948 (123)
07-28 18:56:34.136  1127  1127 I SurfaceFlinger: id=178947 Removed 7a47342 com.example.dogglers/com.example.dogglers.VerticalListActivity#178947 (123)
07-28 18:56:34.136  1127  1127 I SurfaceFlinger: id=178952 Removed Surface(name=d8adfc2 InputMethod)/@0xc2b360e - animation-leash of insets_animation#178952 (123)
07-28 18:56:34.137  1624  3704 D InputDispatcher: Focused application(0): ActivityRecord{fd857aa u0 com.example.dogglers/androidx.test.core.app.InstrumentationActivityInvoker$EmptyActivity} t30332}
07-28 18:56:34.137  1127  1127 I Layer   : id=178921 Destroyed Surface(name=d8adfc2 InputMethod)/@0xc2b360e - animation-leash of insets_animation#178921
07-28 18:56:34.137  1127  1127 I Layer   : id=178945 Destroyed ActivityRecord{3099f48 u0 com.example.dogglers/.VerticalListActivity} t30332}#178945
07-28 18:56:34.137  1127  1127 I Layer   : id=178947 Destroyed 7a47342 com.example.dogglers/com.example.dogglers.VerticalListActivity#178947
07-28 18:56:34.137  1127  1127 I BufferQueueDebug: [com.example.dogglers/com.example.dogglers.VerticalListActivity$_9007#178948](this:0xb4000075f4c10838,id:-1,api:0,p:-1,c:1127) onDestructor()
07-28 18:56:34.137  1127  1127 I Layer   : id=178948 Destroyed com.example.dogglers/com.example.dogglers.VerticalListActivity$_9007#178948
07-28 18:56:34.137  1127  1127 I Layer   : id=178946 Destroyed b6e853a ActivityRecordInputSink com.example.dogglers/.VerticalListActivity#178946
07-28 18:56:34.138  1127  1127 I Layer   : id=178952 Destroyed Surface(name=d8adfc2 InputMethod)/@0xc2b360e - animation-leash of insets_animation#178952
07-28 18:56:34.142  9007  9007 I ViewRootImpl@d02f4e5[InstrumentationActivityInvoker$EmptyActivity]: MSG_WINDOW_FOCUS_CHANGED 1 0
07-28 18:56:34.143  9007  9007 I ViewRootImpl@d02f4e5[InstrumentationActivityInvoker$EmptyActivity]: mThreadedRenderer.initializeIfNeeded()#2 mSurface={isValid=true 0xb400007316464800}
07-28 18:56:34.144  1624  1668 I SemPersonaManager: SecureFolder personaId = 150
07-28 18:56:34.144  9007  9007 D InputMethodManager: startInputInner - Id : 0
07-28 18:56:34.144  9007  9007 I InputMethodManager: startInputInner - mService.startInputOrWindowGainedFocus
07-28 18:56:34.148  1624  3704 D InputMethodManagerService: mDesktopModeManager null!
07-28 18:56:34.148  1624  3704 V InputMethodManagerService: getDisplayIdOfInputMethodWindowToBeAdded: displayId=0
07-28 18:56:34.148  1624  3704 D InputMethodManagerService: isImeSwitcherDisabledPackage : false
07-28 18:56:34.150  1624  3704 D InputMethodManagerService: checkDisplayOfStartInputAndUpdateKeyboard: displayId=0, mFocusedDisplayId=0
07-28 18:56:34.150  1624  3704 D InputTransport: Input channel constructed: 'ClientS', fd=1102
07-28 18:56:34.150  1624  3704 D InputTransport: Input channel destroyed: 'ClientS', fd=1102
07-28 18:56:34.150  5607  5607 I HBD     : HoneyBoardService onFinishInput
07-28 18:56:34.151  5607  5607 I HBD     : a IC have been unbinding,  RemoteInputConnection{idHash=#ceea767}
07-28 18:56:34.151  5607  5607 I HBD     : HoneyBoardService [PF_CL][onFinishInput]  1 ms
07-28 18:56:34.151  5607  5607 I HBD     : HoneyBoardService [IMI] onStartInput - caller pid : 9007 , caller uid : 10520
07-28 18:56:34.151  5607  5607 I HBD     : j updateConfigs
07-28 18:56:34.151  5607  5607 I HBD     : j isEnabledNightMode : false
07-28 18:56:34.151  5607  5607 I HBD     : a IC have been binding, RemoteInputConnection{idHash=#ceea767}
07-28 18:56:34.151  5607  5607 I HBD     : h [EditorInputType]setPrivateImeOptionsToTable privateImeOptions ( null )
07-28 18:56:34.151  5607  5607 I HBD     : b incognitoMode : false
07-28 18:56:34.151  5607  5607 I HBD     : a needOff = true , isForceOff = false, isNullInputClass : true
07-28 18:56:34.151  1127  3782 I SurfaceFlinger: id=178961 createSurf flag=24004, Surface(name=d8adfc2 InputMethod)/@0xc2b360e - animation-leash of insets_animation#178961
07-28 18:56:34.152  5607  5607 I HBD     : h getDefaultInputRange : UNKNOWN
07-28 18:56:34.152  5607  5607 I HBD     : h getDefaultInputRange : UNKNOWN
07-28 18:56:34.152  5607  5607 I HBD     : h getDefaultInputRange : UNKNOWN
07-28 18:56:34.152  1127  1127 I SurfaceFlinger: [d26f187 com.example.dogglers/androidx.test.core.app.InstrumentationActivityInvoker$EmptyActivity#178954] FrameRatePriority: -1
07-28 18:56:34.153  9007  9007 D LifecycleMonitor: Lifecycle status change: androidx.test.core.app.InstrumentationActivityInvoker$BootstrapActivity@ae54c63 in: DESTROYED
07-28 18:56:34.154  9007  9007 V ActivityScenario: Activity lifecycle changed event received but ignored because the intent does not match. startActivityIntent=Intent { act=android.intent.action.MAIN cat=[android.intent.category.LAUNCHER] cmp=com.example.dogglers/.VerticalListActivity }, activity.getIntent()=Intent { act=android.intent.action.MAIN cat=[android.intent.category.LAUNCHER] flg=0x10008000 cmp=com.example.dogglers/androidx.test.core.app.InstrumentationActivityInvoker$BootstrapActivity (has extras) }, activity=androidx.test.core.app.InstrumentationActivityInvoker$BootstrapActivity@ae54c63
07-28 18:56:34.155  5607  5607 I HBD     : a needOff = true , isForceOff = false, isNullInputClass : true
07-28 18:56:34.155  5607  5607 I HBD     : a update cached prediction status : false
07-28 18:56:34.155  5607  5607 I HBD     : h getDefaultInputRange : UNKNOWN
07-28 18:56:34.155  5607  5607 I HBD     : a currentState : 0
07-28 18:56:34.155  1624  1668 D EnterpriseDeviceManagerService: isMdmAdminPresentInternal() : MDM Admin Found - com.samsung.knox.securefolder
07-28 18:56:34.156  5607  5607 I HBD     : a [UpdatePolicy] [post] a: 0 cl: 65538 kit: [0/0] vt: 0 ir: 1
07-28 18:56:34.156  5607  5607 I HBD     : a [NRIC] resetNoResponseState
07-28 18:56:34.156  5607  5607 I HBD     : a needOff = true , isForceOff = false, isNullInputClass : true
07-28 18:56:34.156  5607  5607 I HBD     : a update cached prediction status : false
07-28 18:56:34.157  5607  5607 I HBD     : HoneyBoardService [PF_OP][onStartInput]  6 ms
07-28 18:56:34.157  1127  3782 I SurfaceFlinger: id=178944 Removed 5d9cfc ActivityRecordInputSink com.example.dogglers/androidx.test.core.app.InstrumentationActivityInvoker$BootstrapActivity#178944 (118)
07-28 18:56:34.159  1624  3919 I MediaSessionMonitor: Media session stopped : not playing state
07-28 18:56:34.166  9007  9007 D LifecycleMonitor: Lifecycle status change: androidx.test.core.app.InstrumentationActivityInvoker$EmptyActivity@997135e in: PRE_ON_CREATE
07-28 18:56:34.166  9007  9007 V ActivityScenario: Activity lifecycle changed event received but ignored because the intent does not match. startActivityIntent=Intent { act=android.intent.action.MAIN cat=[android.intent.category.LAUNCHER] cmp=com.example.dogglers/.VerticalListActivity }, activity.getIntent()=Intent { act=android.intent.action.MAIN cat=[android.intent.category.LAUNCHER] flg=0x10000000 cmp=com.example.dogglers/androidx.test.core.app.InstrumentationActivityInvoker$EmptyActivity }, activity=androidx.test.core.app.InstrumentationActivityInvoker$EmptyActivity@997135e
07-28 18:56:34.169  1127  1127 I Layer   : id=178960 removeFromCurrentState Surface(name=d8adfc2 InputMethod)/@0xc2b360e - animation-leash of insets_animation#178960 (118)
07-28 18:56:34.169  1127  1127 D SurfaceFlinger: [input] inputWindowCommands.focusRequests size is 1
07-28 18:56:34.169  1127  1127 I Layer   : id=178939 removeFromCurrentState ActivityRecord{498cf85 u0 com.example.dogglers/androidx.test.core.app.InstrumentationActivityInvoker$BootstrapActivity} t30332}#178939 (118)
07-28 18:56:34.169  1127  1127 I Layer   : id=178944 removeFromCurrentState 5d9cfc ActivityRecordInputSink com.example.dogglers/androidx.test.core.app.InstrumentationActivityInvoker$BootstrapActivity#178944 (118)
07-28 18:56:34.169  1127  1127 I SurfaceFlinger: id=178939 Removed ActivityRecord{498cf85 u0 com.example.dogglers/androidx.test.core.app.InstrumentationActivityInvoker$BootstrapActivity} t30332}#178939 (118)
07-28 18:56:34.170  1127  1127 I Layer   : id=178939 Destroyed ActivityRecord{498cf85 u0 com.example.dogglers/androidx.test.core.app.InstrumentationActivityInvoker$BootstrapActivity} t30332}#178939
07-28 18:56:34.170  1127  1127 I Layer   : id=178944 Destroyed 5d9cfc ActivityRecordInputSink com.example.dogglers/androidx.test.core.app.InstrumentationActivityInvoker$BootstrapActivity#178944
07-28 18:56:34.171  1127  1386 D SurfaceFlinger: [input] setFocusedWindow: <null>
07-28 18:56:34.172  1624  3704 D InputDispatcher: Focus left window (0): d26f187 com.example.dogglers/androidx.test.core.app.InstrumentationActivityInvoker$EmptyActivity
07-28 18:56:34.178  9007  9007 I DecorView: [INFO] isPopOver=false config=true
07-28 18:56:34.178  9007  9007 I DecorView: updateCaptionType: isFloating=false isApplication=true hasWindowDecorCaption=false this=DecorView@5f3e155[]
07-28 18:56:34.178  9007  9007 D DecorView: setCaptionType = 0, this = DecorView@5f3e155[]
07-28 18:56:34.181  9007  9007 I DecorView: getCurrentDensityDpi: from real metrics. densityDpi=450 msg=resources_loaded
07-28 18:56:34.181  9007  9007 I DecorView: setWindowBackground: isPopOver=false color=ff010101 d=android.graphics.drawable.StateListDrawable@43d076a
07-28 18:56:34.182  9007  9007 D LifecycleMonitor: Lifecycle status change: androidx.test.core.app.InstrumentationActivityInvoker$EmptyActivity@997135e in: CREATED
07-28 18:56:34.182  9007  9007 V ActivityScenario: Activity lifecycle changed event received but ignored because the intent does not match. startActivityIntent=Intent { act=android.intent.action.MAIN cat=[android.intent.category.LAUNCHER] cmp=com.example.dogglers/.VerticalListActivity }, activity.getIntent()=Intent { act=android.intent.action.MAIN cat=[android.intent.category.LAUNCHER] flg=0x10000000 cmp=com.example.dogglers/androidx.test.core.app.InstrumentationActivityInvoker$EmptyActivity }, activity=androidx.test.core.app.InstrumentationActivityInvoker$EmptyActivity@997135e
07-28 18:56:34.184  9007  9007 D LifecycleMonitor: Lifecycle status change: androidx.test.core.app.InstrumentationActivityInvoker$EmptyActivity@997135e in: STARTED
07-28 18:56:34.184  9007  9007 V ActivityScenario: Activity lifecycle changed event received but ignored because the intent does not match. startActivityIntent=Intent { act=android.intent.action.MAIN cat=[android.intent.category.LAUNCHER] cmp=com.example.dogglers/.VerticalListActivity }, activity.getIntent()=Intent { act=android.intent.action.MAIN cat=[android.intent.category.LAUNCHER] flg=0x10000000 cmp=com.example.dogglers/androidx.test.core.app.InstrumentationActivityInvoker$EmptyActivity }, activity=androidx.test.core.app.InstrumentationActivityInvoker$EmptyActivity@997135e
07-28 18:56:34.187  9007  9007 D LifecycleMonitor: Lifecycle status change: androidx.test.core.app.InstrumentationActivityInvoker$EmptyActivity@997135e in: RESUMED
07-28 18:56:34.188  9007  9007 V ActivityScenario: Activity lifecycle changed event received but ignored because the intent does not match. startActivityIntent=Intent { act=android.intent.action.MAIN cat=[android.intent.category.LAUNCHER] cmp=com.example.dogglers/.VerticalListActivity }, activity.getIntent()=Intent { act=android.intent.action.MAIN cat=[android.intent.category.LAUNCHER] flg=0x10000000 cmp=com.example.dogglers/androidx.test.core.app.InstrumentationActivityInvoker$EmptyActivity }, activity=androidx.test.core.app.InstrumentationActivityInvoker$EmptyActivity@997135e
07-28 18:56:34.189  9007  9007 I MSHandlerLifeCycle: check: return. pkg=com.example.dogglers parent=null callers=com.android.internal.policy.DecorView.setVisibility:4411 android.app.ActivityThread.handleResumeActivity:5476 android.app.servertransaction.ResumeActivityItem.execute:54 android.app.servertransaction.ActivityTransactionItem.execute:45 android.app.servertransaction.TransactionExecutor.executeLifecycleState:176
07-28 18:56:34.189  9007  9007 I MSHandlerLifeCycle: removeMultiSplitHandler: no exist. decor=DecorView@5f3e155[]
07-28 18:56:34.190  1127  3782 D SurfaceFlinger: [SF client] NEW(0xb40000762185f080) for (9007:com.example.dogglers)
07-28 18:56:34.193  9007  9037 D NativeCustomFrequencyManager: [NativeCFMS] BpCustomFrequencyManager::BpCustomFrequencyManager()
07-28 18:56:34.196  1624  3704 D InputTransport: Input channel constructed: 'a732a80', fd=1108
07-28 18:56:34.196  1624  3704 D InputTransport: Input channel constructed: 'a732a80', fd=1111
07-28 18:56:34.196  1624  3704 D InputTransport: Input channel constructed: 'a732a80', fd=1112
07-28 18:56:34.197  1127  2023 I SurfaceFlinger: id=178962 createSurf flag=80004, a732a80 com.example.dogglers/androidx.test.core.app.InstrumentationActivityInvoker$EmptyActivity#178962
07-28 18:56:34.199  1624  3704 D InputTransport: Input channel destroyed: 'a732a80', fd=1112
07-28 18:56:34.201  9007  9007 D InsetsController: onStateChanged: InsetsState: {mDisplayFrame=Rect(0, 0 - 1080, 2400), mDisplayCutout=DisplayCutout{insets=Rect(0, 80 - 0, 0) waterfall=Insets{left=0, top=0, right=0, bottom=0} boundingRect={Bounds=[Rect(0, 0 - 0, 0), Rect(468, 0 - 612, 80), Rect(0, 0 - 0, 0), Rect(0, 0 - 0, 0)]} cutoutPathParserInfo={CutoutPathParserInfo{displayWidth=1080 displayHeight=2400 physicalDisplayWidth=1080 physicalDisplayHeight=2400 density={2.625} cutoutSpec={M 0,0 H -27.42857142857143 V 30.47619047619048 H 27.42857142857143 V 0 H 0 Z @dp} rotation={0} scale={1.0} physicalPixelDisplaySizeRatio={1.0}}}}, mRoundedCorners=RoundedCorners{[RoundedCorner{position=TopLeft, radius=90, center=Point(90, 90)}, RoundedCorner{position=TopRight, radius=90, center=Point(990, 90)}, RoundedCorner{position=BottomRight, radius=90, center=Point(990, 2310)}, RoundedCorner{position=BottomLeft, radius=90, center=Point(90, 2310)}]}  mRoundedCornerFrame=Rect(0, 0 - 1080, 2400), mPrivacyIndicatorBounds=PrivacyIndicatorBounds {static bounds=Rect(956, 0 - 1080, 80) rotation=0}, mSources= { InsetsSource: {mType=ITYPE_STATUS_BAR, mFrame=[0,0][1080,80], mVisible=true, mInsetsRoundedCornerFrame=false}, InsetsSource: {mType=ITYPE_NAVIGATION_BAR, mFrame=[0,2265][1080,2400], mVisible=true, mInsetsRoundedCornerFrame=false}, InsetsSource: {mType=ITYPE_LEFT_GESTURES, mFrame=[0,0][0,2400], mVisible=true, mInsetsRoundedCornerFrame=false}, InsetsSource: {mType=ITYPE_RIGHT_GESTURES, mFrame=[1080,0][1080,2400], mVisible=true, mInsetsRoundedCornerFrame=false}, InsetsSource: {mType=ITYPE_TOP_MANDATORY_GESTURES, mFrame=[0,0][1080,114], mVisible=true, mInsetsRoundedCornerFrame=false}, InsetsSource: {mType=ITYPE_BOTTOM_MANDATORY_GESTURES, mFrame=[0,2265][1080,2400], mVisible=true, mInsetsRoundedCornerFrame=false}, InsetsSource: {mType=ITYPE_LEFT_DISPLAY_CUTOUT, mFrame=[0,0][-100000,2400], mVisible=true, mInsetsRoundedCornerFrame=false}, InsetsSource: {mType=ITYPE_TOP_DISPLAY_CUTOUT, mFrame=[0,0][1080,80], mVisible=true, mInsetsRoundedCornerFrame=false}, InsetsSource: {mType=ITYPE_RIGHT_DISPLAY_CUTOUT, mFrame=[100000,0][1080,2400], mVisible=true, mInsetsRoundedCornerFrame=false}, InsetsSource: {mType=ITYPE_BOTTOM_DISPLAY_CUTOUT, mFrame=[0,100000][1080,2400], mVisible=true, mInsetsRoundedCornerFrame=false}, InsetsSource: {mType=ITYPE_TOP_TAPPABLE_ELEMENT, mFrame=[0,0][1080,80], mVisible=true, mInsetsRoundedCornerFrame=false}, InsetsSource: {mType=ITYPE_BOTTOM_TAPPABLE_ELEMENT, mFrame=[0,2265][1080,2400], mVisible=true, mInsetsRoundedCornerFrame=false} } host=com.example.dogglers/androidx.test.core.app.InstrumentationActivityInvoker$EmptyActivity from=android.view.ViewRootImpl.setView:1732
07-28 18:56:34.205  9007  9007 I ViewRootImpl@c3aa45b[InstrumentationActivityInvoker$EmptyActivity]: setView = com.android.internal.policy.DecorView@5f3e155 TM=true
07-28 18:56:34.206  9007  9007 I MSHandlerLifeCycle: removeMultiSplitHandler: no exist. decor=DecorView@5f3e155[InstrumentationActivityInvoker$EmptyActivity]
07-28 18:56:34.207  1624  1745 D AnalyticsContainerHandler: handleMessage : { when=0 what=1 target=com.android.server.knox.KnoxAnalyticsContainer$AnalyticsHandler }
07-28 18:56:34.209  1624  3704 D InputMethodManagerService: isImeSwitcherDisabledPackage : false
07-28 18:56:34.211  5607  5607 I InputMethodService: removeImeSurface
07-28 18:56:34.211  5607  5607 I MSHandlerLifeCycle: check: return. pkg=com.samsung.android.honeyboard isActivity=false callers=com.android.internal.policy.DecorView.setVisibility:4411 android.app.Dialog.hide:767 android.inputmethodservice.InputMethodService.removeImeSurface:1290 android.inputmethodservice.InputMethodService.scheduleImeSurfaceRemoval:1279 android.inputmethodservice.InputMethodService.-$$Nest$mscheduleImeSurfaceRemoval:0
07-28 18:56:34.211  5607  5607 I MSHandlerLifeCycle: removeMultiSplitHandler: no exist. decor=DecorView@4ed7bdc[InputMethod]
07-28 18:56:34.216  9007  9007 I ViewRootImpl@c3aa45b[InstrumentationActivityInvoker$EmptyActivity]: performTraversals params={(0,0)(fillxfill) sim={adjust=pan forwardNavigation} ty=BASE_APPLICATION wanim=0x1030001
07-28 18:56:34.216  9007  9007 I ViewRootImpl@c3aa45b[InstrumentationActivityInvoker$EmptyActivity]:   fl=1810100
07-28 18:56:34.216  9007  9007 I ViewRootImpl@c3aa45b[InstrumentationActivityInvoker$EmptyActivity]:   pfl=12020040
07-28 18:56:34.216  9007  9007 I ViewRootImpl@c3aa45b[InstrumentationActivityInvoker$EmptyActivity]:   bhv=DEFAULT
07-28 18:56:34.216  9007  9007 I ViewRootImpl@c3aa45b[InstrumentationActivityInvoker$EmptyActivity]:   fitSides= naviIconColor=0
07-28 18:56:34.216  9007  9007 I ViewRootImpl@c3aa45b[InstrumentationActivityInvoker$EmptyActivity]:   sfl=100000}
07-28 18:56:34.217  9007  9007 I ViewRootImpl@c3aa45b[InstrumentationActivityInvoker$EmptyActivity]: performTraversals mFirst=true windowShouldResize=true viewVisibilityChanged=false mForceNextWindowRelayout=false params={(0,0)(fillxfill) sim={adjust=pan forwardNavigation} ty=BASE_APPLICATION wanim=0x1030001
07-28 18:56:34.217  9007  9007 I ViewRootImpl@c3aa45b[InstrumentationActivityInvoker$EmptyActivity]:   fl=1810100
07-28 18:56:34.217  9007  9007 I ViewRootImpl@c3aa45b[InstrumentationActivityInvoker$EmptyActivity]:   pfl=12020040
07-28 18:56:34.217  9007  9007 I ViewRootImpl@c3aa45b[InstrumentationActivityInvoker$EmptyActivity]:   bhv=DEFAULT
07-28 18:56:34.217  9007  9007 I ViewRootImpl@c3aa45b[InstrumentationActivityInvoker$EmptyActivity]:   fitSides= naviIconColor=0
07-28 18:56:34.217  9007  9007 I ViewRootImpl@c3aa45b[InstrumentationActivityInvoker$EmptyActivity]:   sfl=100000}
07-28 18:56:34.218  1624  3704 V WindowManager: Relayout Window{a732a80 u0 com.example.dogglers/androidx.test.core.app.InstrumentationActivityInvoker$EmptyActivity}: viewVisibility=0 req=1080x2400 d0
07-28 18:56:34.219  1127  2023 I BufferQueueDebug: [com.example.dogglers/androidx.test.core.app.InstrumentationActivityInvoker$EmptyActivity$_9007#178963](this:0xb4000075f54fb838,id:-1,api:0,p:-1,c:-1) BufferQueue core=(1127:/system/bin/surfaceflinger)
07-28 18:56:34.219  1127  2023 I SurfaceFlinger: id=178963 createSurf flag=40004, com.example.dogglers/androidx.test.core.app.InstrumentationActivityInvoker$EmptyActivity$_9007#178963
07-28 18:56:34.226  1127  2023 I SurfaceFlinger: id=178964 createSurf flag=24000, Surface(name=f59a3f7 StatusBar)/@0xc90eccd - animation-leash of insets_animation#178964
07-28 18:56:34.227  1127  2023 I SurfaceFlinger: id=178965 createSurf flag=24000, Surface(name=3aacd27 NavigationBar0)/@0x501b17d - animation-leash of insets_animation#178965
07-28 18:56:34.229  1624  3704 V WindowManager: Relayout hash=a732a80, pid=9007, syncId=-1: mAttrs={(0,0)(fillxfill) sim={adjust=pan forwardNavigation} ty=BASE_APPLICATION wanim=0x1030001
07-28 18:56:34.229  1624  3704 V WindowManager:   fl=1810100
07-28 18:56:34.229  1624  3704 V WindowManager:   pfl=12020040
07-28 18:56:34.229  1624  3704 V WindowManager:   apr=LIGHT_NAVIGATION_BARS
07-28 18:56:34.229  1624  3704 V WindowManager:   bhv=DEFAULT
07-28 18:56:34.229  1624  3704 V WindowManager:   fitSides= naviIconColor=0
07-28 18:56:34.229  1624  3704 V WindowManager:   sfl=100000}
07-28 18:56:34.234  9007  9007 D InsetsController: onStateChanged: InsetsState: {mDisplayFrame=Rect(0, 0 - 1080, 2400), mDisplayCutout=DisplayCutout{insets=Rect(0, 80 - 0, 0) waterfall=Insets{left=0, top=0, right=0, bottom=0} boundingRect={Bounds=[Rect(0, 0 - 0, 0), Rect(468, 0 - 612, 80), Rect(0, 0 - 0, 0), Rect(0, 0 - 0, 0)]} cutoutPathParserInfo={CutoutPathParserInfo{displayWidth=1080 displayHeight=2400 physicalDisplayWidth=1080 physicalDisplayHeight=2400 density={2.625} cutoutSpec={M 0,0 H -27.42857142857143 V 30.47619047619048 H 27.42857142857143 V 0 H 0 Z @dp} rotation={0} scale={1.0} physicalPixelDisplaySizeRatio={1.0}}}}, mRoundedCorners=RoundedCorners{[RoundedCorner{position=TopLeft, radius=90, center=Point(90, 90)}, RoundedCorner{position=TopRight, radius=90, center=Point(990, 90)}, RoundedCorner{position=BottomRight, radius=90, center=Point(990, 2310)}, RoundedCorner{position=BottomLeft, radius=90, center=Point(90, 2310)}]}  mRoundedCornerFrame=Rect(0, 0 - 1080, 2400), mPrivacyIndicatorBounds=PrivacyIndicatorBounds {static bounds=Rect(956, 0 - 1080, 80) rotation=0}, mSources= { InsetsSource: {mType=ITYPE_STATUS_BAR, mFrame=[0,0][1080,80], mVisible=true, mInsetsRoundedCornerFrame=false}, InsetsSource: {mType=ITYPE_NAVIGATION_BAR, mFrame=[0,2265][1080,2400], mVisible=true, mInsetsRoundedCornerFrame=false}, InsetsSource: {mType=ITYPE_LEFT_GESTURES, mFrame=[0,0][0,2400], mVisible=true, mInsetsRoundedCornerFrame=false}, InsetsSource: {mType=ITYPE_RIGHT_GESTURES, mFrame=[1080,0][1080,2400], mVisible=true, mInsetsRoundedCornerFrame=false}, InsetsSource: {mType=ITYPE_TOP_MANDATORY_GESTURES, mFrame=[0,0][1080,114], mVisible=true, mInsetsRoundedCornerFrame=false}, InsetsSource: {mType=ITYPE_BOTTOM_MANDATORY_GESTURES, mFrame=[0,2265][1080,2400], mVisible=true, mInsetsRoundedCornerFrame=false}, InsetsSource: {mType=ITYPE_LEFT_DISPLAY_CUTOUT, mFrame=[0,0][-100000,2400], mVisible=true, mInsetsRoundedCornerFrame=false}, InsetsSource: {mType=ITYPE_TOP_DISPLAY_CUTOUT, mFrame=[0,0][1080,80], mVisible=true, mInsetsRoundedCornerFrame=false}, InsetsSource: {mType=ITYPE_RIGHT_DISPLAY_CUTOUT, mFrame=[100000,0][1080,2400], mVisible=true, mInsetsRoundedCornerFrame=false}, InsetsSource: {mType=ITYPE_BOTTOM_DISPLAY_CUTOUT, mFrame=[0,100000][1080,2400], mVisible=true, mInsetsRoundedCornerFrame=false}, InsetsSource: {mType=ITYPE_TOP_TAPPABLE_ELEMENT, mFrame=[0,0][1080,80], mVisible=true, mInsetsRoundedCornerFrame=false}, InsetsSource: {mType=ITYPE_BOTTOM_TAPPABLE_ELEMENT, mFrame=[0,2265][1080,2400], mVisible=true, mInsetsRoundedCornerFrame=false}, InsetsSource: {mType=ITYPE_IME, mFrame=[0,0][0,0], mVisibleFrame=[0,1243][1080,2400], mVisible=false, mInsetsRoundedCornerFrame=false} } host=com.example.dogglers/androidx.test.core.app.InstrumentationActivityInvoker$EmptyActivity from=android.view.ViewRootImpl.relayoutWindow:9802
07-28 18:56:34.236  9007  9007 I ViewRootImpl@c3aa45b[InstrumentationActivityInvoker$EmptyActivity]: updateBlastSurfaceIfNeeded mBlastBufferQueue=null isSameSurfaceControl=false
07-28 18:56:34.237  9007  9007 D BufferQueueConsumer: [](id:232f0000000b,api:0,p:-1,c:9007) connect: controlledByApp=false
07-28 18:56:34.238  9007  9007 I BLASTBufferQueue: new BLASTBufferQueue, mName= ViewRootImpl@c3aa45b[InstrumentationActivityInvoker$EmptyActivity] mNativeObject= 0xb400007297bfa880 sc.mNativeObject= 0xb400007297b0d380 caller= android.view.ViewRootImpl.updateBlastSurfaceIfNeeded:2909 android.view.ViewRootImpl.relayoutWindow:9847 android.view.ViewRootImpl.performTraversals:3884 android.view.ViewRootImpl.doTraversal:3116 android.view.ViewRootImpl$TraversalRunnable.run:10885 android.view.Choreographer$CallbackRecord.run:1301 android.view.Choreographer$CallbackRecord.run:1309 android.view.Choreographer.doCallbacks:923 android.view.Choreographer.doFrame:852 android.view.Choreographer$FrameDisplayEventReceiver.run:1283
07-28 18:56:34.239  9007  9007 I BLASTBufferQueue: update, w= 1080 h= 2400 mName = ViewRootImpl@c3aa45b[InstrumentationActivityInvoker$EmptyActivity] mNativeObject= 0xb400007297bfa880 sc.mNativeObject= 0xb400007297b0d380 format= -1 caller= android.graphics.BLASTBufferQueue.<init>:84 android.view.ViewRootImpl.updateBlastSurfaceIfNeeded:2909 android.view.ViewRootImpl.relayoutWindow:9847 android.view.ViewRootImpl.performTraversals:3884 android.view.ViewRootImpl.doTraversal:3116 android.view.ViewRootImpl$TraversalRunnable.run:10885
07-28 18:56:34.240  3393 16210 I RecentModel: onTaskStackChangedBackground
07-28 18:56:34.240  9007  9007 I ViewRootImpl@c3aa45b[InstrumentationActivityInvoker$EmptyActivity]: Relayout returned: old=(0,0,1080,2400) new=(0,0,1080,2400) req=(1080,2400)0 dur=19 res=0x3 s={true 0xb4000072966c3000} ch=true seqId=0
07-28 18:56:34.242  9007  9037 D OpenGLRenderer: eglCreateWindowSurface
07-28 18:56:34.242  9007  9007 I ViewRootImpl@c3aa45b[InstrumentationActivityInvoker$EmptyActivity]: mThreadedRenderer.initialize() mSurface={isValid=true 0xb4000072966c3000} hwInitialized=true
07-28 18:56:34.246  9007  9007 I ViewRootImpl@c3aa45b[InstrumentationActivityInvoker$EmptyActivity]: reportNextDraw android.view.ViewRootImpl.performTraversals:4438 android.view.ViewRootImpl.doTraversal:3116 android.view.ViewRootImpl$TraversalRunnable.run:10885 android.view.Choreographer$CallbackRecord.run:1301 android.view.Choreographer$CallbackRecord.run:1309
