07-28 18:56:32.595  9007  9007 D InsetsController: onStateChanged: InsetsState: {mDisplayFrame=Rect(0, 0 - 1080, 2400), mDisplayCutout=DisplayCutout{insets=Rect(0, 80 - 0, 0) waterfall=Insets{left=0, top=0, right=0, bottom=0} boundingRect={Bounds=[Rect(0, 0 - 0, 0), Rect(468, 0 - 612, 80), Rect(0, 0 - 0, 0), Rect(0, 0 - 0, 0)]} cutoutPathParserInfo={CutoutPathParserInfo{displayWidth=1080 displayHeight=2400 physicalDisplayWidth=1080 physicalDisplayHeight=2400 density={2.625} cutoutSpec={M 0,0 H -27.42857142857143 V 30.47619047619048 H 27.42857142857143 V 0 H 0 Z @dp} rotation={0} scale={1.0} physicalPixelDisplaySizeRatio={1.0}}}}, mRoundedCorners=RoundedCorners{[RoundedCorner{position=TopLeft, radius=90, center=Point(90, 90)}, RoundedCorner{position=TopRight, radius=90, center=Point(990, 90)}, RoundedCorner{position=BottomRight, radius=90, center=Point(990, 2310)}, RoundedCorner{position=BottomLeft, radius=90, center=Point(90, 2310)}]}  mRoundedCornerFrame=Rect(0, 0 - 1080, 2400), mPrivacyIndicatorBounds=PrivacyIndicatorBounds {static bounds=Rect(956, 0 - 1080, 80) rotation=0}, mSources= { InsetsSource: {mType=ITYPE_STATUS_BAR, mFrame=[0,0][1080,80], mVisible=true, mInsetsRoundedCornerFrame=false}, InsetsSource: {mType=ITYPE_NAVIGATION_BAR, mFrame=[0,2265][1080,2400], mVisible=true, mInsetsRoundedCornerFrame=false}, InsetsSource: {mType=ITYPE_LEFT_GESTURES, mFrame=[0,0][0,2400], mVisible=true, mInsetsRoundedCornerFrame=false}, InsetsSource: {mType=ITYPE_RIGHT_GESTURES, mFrame=[1080,0][1080,2400], mVisible=true, mInsetsRoundedCornerFrame=false}, InsetsSource: {mType=ITYPE_TOP_MANDATORY_GESTURES, mFrame=[0,0][1080,114], mVisible=true, mInsetsRoundedCornerFrame=false}, InsetsSource: {mType=ITYPE_BOTTOM_MANDATORY_GESTURES, mFrame=[0,2265][1080,2400], mVisible=true, mInsetsRoundedCornerFrame=false}, InsetsSource: {mType=ITYPE_LEFT_DISPLAY_CUTOUT, mFrame=[0,0][-100000,2400], mVisible=true, mInsetsRoundedCornerFrame=false}, InsetsSource: {mType=ITYPE_TOP_DISPLAY_CUTOUT, mFrame=[0,0][1080,80], mVisible=true, mInsetsRoundedCornerFrame=false}, InsetsSource: {mType=ITYPE_RIGHT_DISPLAY_CUTOUT, mFrame=[100000,0][1080,2400], mVisible=true, mInsetsRoundedCornerFrame=false}, InsetsSource: {mType=ITYPE_BOTTOM_DISPLAY_CUTOUT, mFrame=[0,100000][1080,2400], mVisible=true, mInsetsRoundedCornerFrame=false}, InsetsSource: {mType=ITYPE_TOP_TAPPABLE_ELEMENT, mFrame=[0,0][1080,80], mVisible=true, mInsetsRoundedCornerFrame=false}, InsetsSource: {mType=ITYPE_BOTTOM_TAPPABLE_ELEMENT, mFrame=[0,2265][1080,2400], mVisible=true, mInsetsRoundedCornerFrame=false} } host=com.example.dogglers/androidx.test.core.app.InstrumentationActivityInvoker$EmptyActivity from=android.view.ViewRootImpl.setView:1732
07-28 18:56:32.597  9007  9007 I ViewRootImpl@275487e[InstrumentationActivityInvoker$EmptyActivity]: setView = com.android.internal.policy.DecorView@1f56200 TM=true
07-28 18:56:32.598  9007  9007 I MSHandlerLifeCycle: removeMultiSplitHandler: no exist. decor=DecorView@1f56200[InstrumentationActivityInvoker$EmptyActivity]
07-28 18:56:32.599  1624  1745 D AnalyticsContainerHandler: handleMessage : { when=0 what=1 target=com.android.server.knox.KnoxAnalyticsContainer$AnalyticsHandler }
07-28 18:56:32.610  9007  9007 I ViewRootImpl@275487e[InstrumentationActivityInvoker$EmptyActivity]: performTraversals params={(0,0)(fillxfill) sim={adjust=pan forwardNavigation} ty=BASE_APPLICATION wanim=0x1030001
07-28 18:56:32.610  9007  9007 I ViewRootImpl@275487e[InstrumentationActivityInvoker$EmptyActivity]:   fl=1810100
07-28 18:56:32.610  9007  9007 I ViewRootImpl@275487e[InstrumentationActivityInvoker$EmptyActivity]:   pfl=12020040
07-28 18:56:32.610  9007  9007 I ViewRootImpl@275487e[InstrumentationActivityInvoker$EmptyActivity]:   bhv=DEFAULT
07-28 18:56:32.610  9007  9007 I ViewRootImpl@275487e[InstrumentationActivityInvoker$EmptyActivity]:   fitSides= naviIconColor=0
07-28 18:56:32.610  9007  9007 I ViewRootImpl@275487e[InstrumentationActivityInvoker$EmptyActivity]:   sfl=100000}
07-28 18:56:32.611  9007  9007 I ViewRootImpl@275487e[InstrumentationActivityInvoker$EmptyActivity]: performTraversals mFirst=true windowShouldResize=true viewVisibilityChanged=false mForceNextWindowRelayout=false params={(0,0)(fillxfill) sim={adjust=pan forwardNavigation} ty=BASE_APPLICATION wanim=0x1030001
07-28 18:56:32.611  9007  9007 I ViewRootImpl@275487e[InstrumentationActivityInvoker$EmptyActivity]:   fl=1810100
07-28 18:56:32.611  9007  9007 I ViewRootImpl@275487e[InstrumentationActivityInvoker$EmptyActivity]:   pfl=12020040
07-28 18:56:32.611  9007  9007 I ViewRootImpl@275487e[InstrumentationActivityInvoker$EmptyActivity]:   bhv=DEFAULT
07-28 18:56:32.611  9007  9007 I ViewRootImpl@275487e[InstrumentationActivityInvoker$EmptyActivity]:   fitSides= naviIconColor=0
07-28 18:56:32.611  9007  9007 I ViewRootImpl@275487e[InstrumentationActivityInvoker$EmptyActivity]:   sfl=100000}
07-28 18:56:32.612  1624  5216 V WindowManager: Relayout Window{f9e7eae u0 com.example.dogglers/androidx.test.core.app.InstrumentationActivityInvoker$EmptyActivity}: viewVisibility=0 req=1080x2400 d0
07-28 18:56:32.613  1127  3782 I BufferQueueDebug: [com.example.dogglers/androidx.test.core.app.InstrumentationActivityInvoker$EmptyActivity$_9007#178916](this:0xb4000075f0b5d838,id:-1,api:0,p:-1,c:-1) BufferQueue core=(1127:/system/bin/surfaceflinger)
07-28 18:56:32.613  1127  3782 I SurfaceFlinger: id=178916 createSurf flag=40004, com.example.dogglers/androidx.test.core.app.InstrumentationActivityInvoker$EmptyActivity$_9007#178916
07-28 18:56:32.617  1127  3782 I SurfaceFlinger: id=178917 createSurf flag=24000, Surface(name=f59a3f7 StatusBar)/@0xc90eccd - animation-leash of insets_animation#178917
07-28 18:56:32.618  1127  3782 I SurfaceFlinger: id=178918 createSurf flag=24000, Surface(name=3aacd27 NavigationBar0)/@0x501b17d - animation-leash of insets_animation#178918
07-28 18:56:32.620  1624  5216 V WindowManager: Relayout hash=f9e7eae, pid=9007, syncId=-1: mAttrs={(0,0)(fillxfill) sim={adjust=pan forwardNavigation} ty=BASE_APPLICATION wanim=0x1030001
07-28 18:56:32.620  1624  5216 V WindowManager:   fl=1810100
07-28 18:56:32.620  1624  5216 V WindowManager:   pfl=12020040
07-28 18:56:32.620  1624  5216 V WindowManager:   apr=LIGHT_NAVIGATION_BARS
07-28 18:56:32.620  1624  5216 V WindowManager:   bhv=DEFAULT
07-28 18:56:32.620  1624  5216 V WindowManager:   fitSides= naviIconColor=0
07-28 18:56:32.620  1624  5216 V WindowManager:   sfl=100000}
07-28 18:56:32.623  9007  9007 D InsetsController: onStateChanged: InsetsState: {mDisplayFrame=Rect(0, 0 - 1080, 2400), mDisplayCutout=DisplayCutout{insets=Rect(0, 80 - 0, 0) waterfall=Insets{left=0, top=0, right=0, bottom=0} boundingRect={Bounds=[Rect(0, 0 - 0, 0), Rect(468, 0 - 612, 80), Rect(0, 0 - 0, 0), Rect(0, 0 - 0, 0)]} cutoutPathParserInfo={CutoutPathParserInfo{displayWidth=1080 displayHeight=2400 physicalDisplayWidth=1080 physicalDisplayHeight=2400 density={2.625} cutoutSpec={M 0,0 H -27.42857142857143 V 30.47619047619048 H 27.42857142857143 V 0 H 0 Z @dp} rotation={0} scale={1.0} physicalPixelDisplaySizeRatio={1.0}}}}, mRoundedCorners=RoundedCorners{[RoundedCorner{position=TopLeft, radius=90, center=Point(90, 90)}, RoundedCorner{position=TopRight, radius=90, center=Point(990, 90)}, RoundedCorner{position=BottomRight, radius=90, center=Point(990, 2310)}, RoundedCorner{position=BottomLeft, radius=90, center=Point(90, 2310)}]}  mRoundedCornerFrame=Rect(0, 0 - 1080, 2400), mPrivacyIndicatorBounds=PrivacyIndicatorBounds {static bounds=Rect(956, 0 - 1080, 80) rotation=0}, mSources= { InsetsSource: {mType=ITYPE_STATUS_BAR, mFrame=[0,0][1080,80], mVisible=true, mInsetsRoundedCornerFrame=false}, InsetsSource: {mType=ITYPE_NAVIGATION_BAR, mFrame=[0,2265][1080,2400], mVisible=true, mInsetsRoundedCornerFrame=false}, InsetsSource: {mType=ITYPE_LEFT_GESTURES, mFrame=[0,0][0,2400], mVisible=true, mInsetsRoundedCornerFrame=false}, InsetsSource: {mType=ITYPE_RIGHT_GESTURES, mFrame=[1080,0][1080,2400], mVisible=true, mInsetsRoundedCornerFrame=false}, InsetsSource: {mType=ITYPE_TOP_MANDATORY_GESTURES, mFrame=[0,0][1080,114], mVisible=true, mInsetsRoundedCornerFrame=false}, InsetsSource: {mType=ITYPE_BOTTOM_MANDATORY_GESTURES, mFrame=[0,2265][1080,2400], mVisible=true, mInsetsRoundedCornerFrame=false}, InsetsSource: {mType=ITYPE_LEFT_DISPLAY_CUTOUT, mFrame=[0,0][-100000,2400], mVisible=true, mInsetsRoundedCornerFrame=false}, InsetsSource: {mType=ITYPE_TOP_DISPLAY_CUTOUT, mFrame=[0,0][1080,80], mVisible=true, mInsetsRoundedCornerFrame=false}, InsetsSource: {mType=ITYPE_RIGHT_DISPLAY_CUTOUT, mFrame=[100000,0][1080,2400], mVisible=true, mInsetsRoundedCornerFrame=false}, InsetsSource: {mType=ITYPE_BOTTOM_DISPLAY_CUTOUT, mFrame=[0,100000][1080,2400], mVisible=true, mInsetsRoundedCornerFrame=false}, InsetsSource: {mType=ITYPE_TOP_TAPPABLE_ELEMENT, mFrame=[0,0][1080,80], mVisible=true, mInsetsRoundedCornerFrame=false}, InsetsSource: {mType=ITYPE_BOTTOM_TAPPABLE_ELEMENT, mFrame=[0,2265][1080,2400], mVisible=true, mInsetsRoundedCornerFrame=false}, InsetsSource: {mType=ITYPE_IME, mFrame=[0,0][0,0], mVisibleFrame=[0,1243][1080,2400], mVisible=false, mInsetsRoundedCornerFrame=false} } host=com.example.dogglers/androidx.test.core.app.InstrumentationActivityInvoker$EmptyActivity from=android.view.ViewRootImpl.relayoutWindow:9802
07-28 18:56:32.625  9007  9007 I ViewRootImpl@275487e[InstrumentationActivityInvoker$EmptyActivity]: updateBlastSurfaceIfNeeded mBlastBufferQueue=null isSameSurfaceControl=false
07-28 18:56:32.625  9007  9007 D BufferQueueConsumer: [](id:232f00000007,api:0,p:-1,c:9007) connect: controlledByApp=false
07-28 18:56:32.625  9007  9007 I BLASTBufferQueue: new BLASTBufferQueue, mName= ViewRootImpl@275487e[InstrumentationActivityInvoker$EmptyActivity] mNativeObject= 0xb400007297bfcb80 sc.mNativeObject= 0xb400007297b0b620 caller= android.view.ViewRootImpl.updateBlastSurfaceIfNeeded:2909 android.view.ViewRootImpl.relayoutWindow:9847 android.view.ViewRootImpl.performTraversals:3884 android.view.ViewRootImpl.doTraversal:3116 android.view.ViewRootImpl$TraversalRunnable.run:10885 android.view.Choreographer$CallbackRecord.run:1301 android.view.Choreographer$CallbackRecord.run:1309 android.view.Choreographer.doCallbacks:923 android.view.Choreographer.doFrame:852 android.view.Choreographer$FrameDisplayEventReceiver.run:1283
07-28 18:56:32.626  9007  9007 I BLASTBufferQueue: update, w= 1080 h= 2400 mName = ViewRootImpl@275487e[InstrumentationActivityInvoker$EmptyActivity] mNativeObject= 0xb400007297bfcb80 sc.mNativeObject= 0xb400007297b0b620 format= -1 caller= android.graphics.BLASTBufferQueue.<init>:84 android.view.ViewRootImpl.updateBlastSurfaceIfNeeded:2909 android.view.ViewRootImpl.relayoutWindow:9847 android.view.ViewRootImpl.performTraversals:3884 android.view.ViewRootImpl.doTraversal:3116 android.view.ViewRootImpl$TraversalRunnable.run:10885
07-28 18:56:32.626  9007  9007 I ViewRootImpl@275487e[InstrumentationActivityInvoker$EmptyActivity]: Relayout returned: old=(0,0,1080,2400) new=(0,0,1080,2400) req=(1080,2400)0 dur=13 res=0x3 s={true 0xb40000729656b800} ch=true seqId=0
07-28 18:56:32.628  9007  9007 I ViewRootImpl@275487e[InstrumentationActivityInvoker$EmptyActivity]: mThreadedRenderer.initialize() mSurface={isValid=true 0xb40000729656b800} hwInitialized=true
07-28 18:56:32.628  9007  9037 D OpenGLRenderer: eglCreateWindowSurface
07-28 18:56:32.630  9007  9007 I ViewRootImpl@275487e[InstrumentationActivityInvoker$EmptyActivity]: reportNextDraw android.view.ViewRootImpl.performTraversals:4438 android.view.ViewRootImpl.doTraversal:3116 android.view.ViewRootImpl$TraversalRunnable.run:10885 android.view.Choreographer$CallbackRecord.run:1301 android.view.Choreographer$CallbackRecord.run:1309
07-28 18:56:32.630  9007  9007 I ViewRootImpl@275487e[InstrumentationActivityInvoker$EmptyActivity]: Setup new sync id=0
07-28 18:56:32.630  9007  9007 I ViewRootImpl@275487e[InstrumentationActivityInvoker$EmptyActivity]: Setting syncFrameCallback
07-28 18:56:32.630  9007  9007 I ViewRootImpl@275487e[InstrumentationActivityInvoker$EmptyActivity]: registerCallbacksForSync syncBuffer=false
07-28 18:56:32.633  9007  9062 I ViewRootImpl@275487e[InstrumentationActivityInvoker$EmptyActivity]: Received frameDrawingCallback syncResult=0 frameNum=1.
07-28 18:56:32.633  9007  9062 I ViewRootImpl@275487e[InstrumentationActivityInvoker$EmptyActivity]: Setting up sync and frameCommitCallback
07-28 18:56:32.637  9007  9037 I BLASTBufferQueue: [ViewRootImpl@275487e[InstrumentationActivityInvoker$EmptyActivity]#7](f:0,a:0) onFrameAvailable the first frame is available
07-28 18:56:32.638  9007  9037 D BLASTBufferQueue: [ViewRootImpl@275487e[InstrumentationActivityInvoker$EmptyActivity]#7](f:0,a:1) acquireNextBufferLocked size=1080x2400 mFrameNumber=1 applyTransaction=true mTimestamp=1010961436984565(auto) mPendingTransactions.size=0 graphicBufferId=38684770435094 transform=0
07-28 18:56:32.638  1127  1127 I SurfaceFlinger: [f9e7eae com.example.dogglers/androidx.test.core.app.InstrumentationActivityInvoker$EmptyActivity#178915] FrameRatePriority: 1
07-28 18:56:32.638  9007  9037 I ViewRootImpl@275487e[InstrumentationActivityInvoker$EmptyActivity]: Received frameCommittedCallback lastAttemptedDrawFrameNum=1 didProduceBuffer=true
07-28 18:56:32.638  1127  1127 I Layer   : id=178910 removeFromCurrentState Surface(name=f59a3f7 StatusBar)/@0xc90eccd - animation-leash of insets_animation#178910 (126)
07-28 18:56:32.638  1127  1127 I Layer   : id=178911 removeFromCurrentState Surface(name=3aacd27 NavigationBar0)/@0x501b17d - animation-leash of insets_animation#178911 (126)
07-28 18:56:32.639  1127  1127 D SurfaceFlinger: [input] inputWindowCommands.focusRequests size is 1
07-28 18:56:32.640  9007  9037 D OpenGLRenderer: CFMS:: SetUp Pid : 9007    Tid : 9037
07-28 18:56:32.640  9007  9037 W Parcel  : Expecting binder but got null!
07-28 18:56:32.640  9007  9007 I ViewRootImpl@275487e[InstrumentationActivityInvoker$EmptyActivity]: onSyncComplete
07-28 18:56:32.640  1127  1386 D SurfaceFlinger: [input] setFocusedWindow: f9e7eae com.example.dogglers/androidx.test.core.app.InstrumentationActivityInvoker$EmptyActivity
07-28 18:56:32.641  9007  9007 I ViewRootImpl@275487e[InstrumentationActivityInvoker$EmptyActivity]: setupSync seqId=0 mSyncId=0 fn=1 caller=android.view.ViewRootImpl$$ExternalSyntheticLambda11.accept:6 android.window.SurfaceSyncer.lambda$setupSync$1$android-window-SurfaceSyncer:128 android.window.SurfaceSyncer$$ExternalSyntheticLambda1.accept:8 android.window.SurfaceSyncer$SyncSet.checkIfSyncIsComplete:382 android.window.SurfaceSyncer$SyncSet.markSyncReady:359 android.window.SurfaceSyncer.markSyncReady:151 android.view.ViewRootImpl.performTraversals:4503
07-28 18:56:32.641  1624  2705 D InputDispatcher: Focus request (0): f9e7eae com.example.dogglers/androidx.test.core.app.InstrumentationActivityInvoker$EmptyActivity but waiting because NOT_VISIBLE
07-28 18:56:32.641  9007  9007 I ViewRootImpl@275487e[InstrumentationActivityInvoker$EmptyActivity]: reportDrawFinished seqId=0 mSyncId=-1 fn=1 mSurfaceChangedTransaction=0xb400007316478000
07-28 18:56:32.641  9007  9007 I ViewRootImpl@de71d4d[VerticalListActivity]: MSG_WINDOW_FOCUS_CHANGED 0 0
07-28 18:56:32.645  1624  1665 I ActivityTaskManager: Displayed com.example.dogglers/androidx.test.core.app.InstrumentationActivityInvoker$EmptyActivity: +105ms
07-28 18:56:32.645  1624  1669 I SemDvfsHyPerManager: acquire hyper - AMS_RESUME_TAIL/1624@21, type = -999
07-28 18:56:32.645  1624  1669 I SemDvfsHyPerManager: acquire hyper - AMS_ACT_LAZY/1624@22, type = -999
07-28 18:56:32.646  3746  3746 E pageboostd: Received HALT command code 2
07-28 18:56:32.646  1090  1150 I HYPER-HAL: [RequestManager.cpp]acquire(): Acquired ID : 1353856  [1624 / 21]    HINT : AMS_RESUME_TAIL    list :
07-28 18:56:32.646  1090  1150 I mtkpower_client: perf_lock_rel, hdl:81829, tid:1150
07-28 18:56:32.646  1090  1150 I mtkpower_client: perf_lock_acq, hdl:0, dur:0, num:2, tid:1150
07-28 18:56:32.647  1093  1167 I libPowerHal: [perfLockRel] hdl:81829, idx:1
07-28 18:56:32.647  1093  1167 I libPowerHal: [PD] vendor.samsung. update cmd:1c3c000, param:1
07-28 18:56:32.647  1093  1167 I libPowerHal: [PD] (less) /proc/mcdi/state set +prefix:enable 1;
07-28 18:56:32.647  1127  3782 I SurfaceFlinger: id=178919 createSurf flag=80000, 875e4b2 ActivityRecordInputSink com.example.dogglers/androidx.test.core.app.InstrumentationActivityInvoker$EmptyActivity#178919
07-28 18:56:32.647  1090  1150 I mtkpower_client: ret_hdl:81831
07-28 18:56:32.647  1090  1150 I mtkpower_client: perf_lock_rel, hdl:81830, tid:1150
07-28 18:56:32.647  1093  1167 I libPowerHal: [perfLockAcq] idx:1 hdl:81831 hint:-1 pid:1090 duration:0 lock_user:vendor.samsung. => ret_hdl:81831
07-28 18:56:32.648  1093  1167 I libPowerHal: [PE] (less) /proc/mcdi/state set +prefix:enable 0;
07-28 18:56:32.648  1090  1150 I mtkpower_client: perf_lock_acq, hdl:0, dur:0, num:2, tid:1150
07-28 18:56:32.648  1093  1167 I libPowerHal: [perfLockRel] hdl:81830, idx:0
07-28 18:56:32.648  1093  1167 I libPowerHal: [PD] vendor.samsung. update cmd:1000000, param:-1
07-28 18:56:32.648  1093  1167 I libPowerHal: [PD] vendor.samsung. update cmd:1000000 param:-1
07-28 18:56:32.649  1090  1150 I mtkpower_client: ret_hdl:81832
07-28 18:56:32.649  1093  1167 I libPowerHal: [perfLockAcq] idx:0 hdl:81832 hint:-1 pid:1090 duration:0 lock_user:vendor.samsung. => ret_hdl:81832
07-28 18:56:32.649  1093  1167 I libPowerHal: [PE] vendor.samsung. update cmd:1000000, param:0
07-28 18:56:32.649  1090  1150 I mtkpower_client: perf_lock_rel, hdl:81826, tid:1150
07-28 18:56:32.649  1093  1167 I libPowerHal: [PE] vendor.samsung. update cmd:1000000 param:0
07-28 18:56:32.649  1090  1150 I mtkpower_client: perf_lock_acq, hdl:0, dur:0, num:2, tid:1150
07-28 18:56:32.649  1093  1167 I libPowerHal: [perfLockRel] hdl:81826, idx:2
07-28 18:56:32.649  1093  1167 I libPowerHal: vendor.samsung.: cpu_ctrl set cpu freq: -1 -1 -1 -1
07-28 18:56:32.650  1090  1150 I mtkpower_client: ret_hdl:81833
07-28 18:56:32.650  1090  1150 I mtkpower_client: perf_lock_rel, hdl:81831, tid:1150
07-28 18:56:32.650  1093  1167 I libPowerHal: [perfLockAcq] idx:2 hdl:81833 hint:-1 pid:1090 duration:0 lock_user:vendor.samsung. => ret_hdl:81833
07-28 18:56:32.650  1093  1167 I libPowerHal: vendor.samsung.: cpu_ctrl set cpu freq: 1800000 -1 -1 -1
07-28 18:56:32.651  1090  1150 I mtkpower_client: perf_lock_acq, hdl:0, dur:0, num:2, tid:1150
07-28 18:56:32.651  1093  1167 I libPowerHal: [perfLockRel] hdl:81831, idx:1
07-28 18:56:32.651  1093  1167 I libPowerHal: [PD] vendor.samsung. update cmd:1c3c000, param:1
07-28 18:56:32.651  1093  1167 I libPowerHal: [PD] (less) /proc/mcdi/state set +prefix:enable 1;
07-28 18:56:32.651  1090  1150 I mtkpower_client: ret_hdl:81834
07-28 18:56:32.651  1093  1167 I libPowerHal: [perfLockAcq] idx:1 hdl:81834 hint:-1 pid:1090 duration:0 lock_user:vendor.samsung. => ret_hdl:81834
07-28 18:56:32.651  1090  1150 I mtkpower_client: perf_lock_rel, hdl:81832, tid:1150
07-28 18:56:32.652  1093  1167 I libPowerHal: [PE] (less) /proc/mcdi/state set +prefix:enable 0;
07-28 18:56:32.653  1090  1150 I mtkpower_client: perf_lock_acq, hdl:0, dur:0, num:2, tid:1150
07-28 18:56:32.653  1093  1167 I libPowerHal: [perfLockRel] hdl:81832, idx:0
07-28 18:56:32.653  1093  1167 I libPowerHal: [PD] vendor.samsung. update cmd:1000000, param:-1
07-28 18:56:32.653  1093  1167 I libPowerHal: [PD] vendor.samsung. update cmd:1000000 param:-1
07-28 18:56:32.654  1090  1150 I mtkpower_client: ret_hdl:81835
07-28 18:56:32.654  1127  3782 I SurfaceFlinger: id=178911 Removed Surface(name=3aacd27 NavigationBar0)/@0x501b17d - animation-leash of insets_animation#178911 (127)
07-28 18:56:32.654  1127  2023 I SurfaceFlinger: id=178910 Removed Surface(name=f59a3f7 StatusBar)/@0xc90eccd - animation-leash of insets_animation#178910 (127)
07-28 18:56:32.654  1090  1150 I HYPER-HAL: [RequestManager.cpp]releaseLocked(): Released ID : 1350565
07-28 18:56:32.655  1127  1127 D BufferStateLayer: com.example.dogglers/androidx.test.core.app.InstrumentationActivityInvoker$EmptyActivity$_9007#178916 setBuffer frameId=1, bufferId=38684770435094 fenceId=409, w= 1080, h=2400
07-28 18:56:32.655  1127  1127 I Layer   : Layer [com.example.dogglers/com.example.dogglers.VerticalListActivity$_9007#178909] hidden!! flag(1)
07-28 18:56:32.655  1127  1127 I Layer   : id=178910 Destroyed Surface(name=f59a3f7 StatusBar)/@0xc90eccd - animation-leash of insets_animation#178910
07-28 18:56:32.656  1127  1127 I Layer   : id=178911 Destroyed Surface(name=3aacd27 NavigationBar0)/@0x501b17d - animation-leash of insets_animation#178911
07-28 18:56:32.656  1093  1167 I libPowerHal: [perfLockAcq] idx:0 hdl:81835 hint:-1 pid:1090 duration:0 lock_user:vendor.samsung. => ret_hdl:81835
07-28 18:56:32.657  1093  1167 I libPowerHal: [PE] vendor.samsung. update cmd:1000000, param:0
07-28 18:56:32.657  1093  1167 I libPowerHal: [PE] vendor.samsung. update cmd:1000000 param:0
07-28 18:56:32.658  1624  5216 D InputDispatcher: Focus entered window (0): f9e7eae com.example.dogglers/androidx.test.core.app.InstrumentationActivityInvoker$EmptyActivity
07-28 18:56:32.658  9007  9007 I ViewRootImpl@de71d4d[VerticalListActivity]: handleAppVisibility mAppVisible = true visible = false
07-28 18:56:32.660  9007  9007 I ViewRootImpl@de71d4d[VerticalListActivity]: stopped(true) old = false
07-28 18:56:32.660  9007  9007 I ViewRootImpl@de71d4d[VerticalListActivity]: WindowStopped on com.example.dogglers/com.example.dogglers.VerticalListActivity set to true
07-28 18:56:32.662  9007  9007 D LifecycleMonitor: Lifecycle status change: com.example.dogglers.VerticalListActivity@e54558f in: STOPPED
07-28 18:56:32.663  9007  9007 V ActivityScenario: Update currentActivityStage to STOPPED, currentActivity=com.example.dogglers.VerticalListActivity@e54558f
07-28 18:56:32.663  1127  1127 D SurfaceFlinger: Display 0 HWC layers:
07-28 18:56:32.663  1127  1127 D SurfaceFlinger:      DEVICE | 0xb4000075f544cf80 | 0102 | RGBA_8888    |    0.0    0.0 1080.0 2400.0 |    0    0 1080 2400 | com.example.dogglers/androidx.test.c[...]tyInvoker$EmptyActivity$_9007#178916
07-28 18:56:32.663  1127  1127 D SurfaceFlinger:      DEVICE | 0xb400007623228f80 | 0100 | RGBA_8888    |    0.0    0.0 1080.0   80.0 |    0    0 1080   80 | StatusBar$_17091#176350
07-28 18:56:32.663  1127  1127 D SurfaceFlinger:      DEVICE | 0xb4000075f544cb00 | 0100 | RGBA_8888    |    0.0    0.0 1080.0  135.0 |    0 2265 1080 2400 | NavigationBar0$_17091#176345
07-28 18:56:32.663  1127  1127 D SurfaceFlinger:      DEVICE | 0xb4000076232f1a80 | 0140 | RGBA_8888    |    0.0    0.0 1080.0  150.0 |    0    0 1080  150 | ScreenDecorOverlay$_17091#176358
07-28 18:56:32.663  1127  1127 D SurfaceFlinger:      DEVICE | 0xb400007621856400 | 0140 | RGBA_8888    |    0.0    0.0 1080.0  150.0 |    0 2250 1080 2400 | ScreenDecorOverlayBottom$_17091#176359
07-28 18:56:32.663  1127  1127 D SurfaceFlinger:
07-28 18:56:32.664  3746  3746 E pageboostd: Received HALT command code 2
07-28 18:56:32.664  1624  2705 I SemDvfsHyPerManager: acquire hyper - AMS_ACT_START/1624@19, type = -999
07-28 18:56:32.664  1090  1150 I HYPER-HAL: [RequestManager.cpp]acquire(): Acquired ID : 1350565  [1624 / 19]    HINT : AMS_ACT_START    list :
07-28 18:56:32.665  1090  1150 I mtkpower_client: perf_lock_rel, hdl:81833, tid:1150
07-28 18:56:32.665  1090  1150 I mtkpower_client: perf_lock_acq, hdl:0, dur:0, num:2, tid:1150
07-28 18:56:32.665  1127  2023 I SurfaceFlinger: id=178920 createSurf flag=80004, ActivityRecord{157e79d u0 com.example.dogglers/androidx.test.core.app.InstrumentationActivityInvoker$EmptyActivity} t30331}#178920
07-28 18:56:32.666  1093  1167 I libPowerHal: [perfLockRel] hdl:81833, idx:2
07-28 18:56:32.666  1093  1167 I libPowerHal: vendor.samsung.: cpu_ctrl set cpu freq: -1 -1 -1 -1
07-28 18:56:32.666  1090  1150 I mtkpower_client: ret_hdl:81836
07-28 18:56:32.666  1090  1150 I mtkpower_client: perf_lock_rel, hdl:81834, tid:1150
07-28 18:56:32.667  1093  1167 I libPowerHal: [perfLockAcq] idx:3 hdl:81836 hint:-1 pid:1090 duration:0 lock_user:vendor.samsung. => ret_hdl:81836
07-28 18:56:32.667  1093  1167 I libPowerHal: vendor.samsung.: cpu_ctrl set cpu freq: 1800000 -1 -1 -1
07-28 18:56:32.667  1090  1150 I mtkpower_client: perf_lock_acq, hdl:0, dur:0, num:2, tid:1150
07-28 18:56:32.667  1093  1167 I libPowerHal: [perfLockRel] hdl:81834, idx:1
07-28 18:56:32.668  1093  1167 I libPowerHal: [PD] vendor.samsung. update cmd:1c3c000, param:1
07-28 18:56:32.668  1093  1167 I libPowerHal: [PD] (less) /proc/mcdi/state set +prefix:enable 1;
07-28 18:56:32.668  1090  1150 I mtkpower_client: ret_hdl:81837
07-28 18:56:32.668  1093  1167 I libPowerHal: [perfLockAcq] idx:1 hdl:81837 hint:-1 pid:1090 duration:0 lock_user:vendor.samsung. => ret_hdl:81837
07-28 18:56:32.668  1090  1150 I mtkpower_client: perf_lock_rel, hdl:81835, tid:1150
07-28 18:56:32.669  1093  1167 I libPowerHal: [PE] (less) /proc/mcdi/state set +prefix:enable 0;
07-28 18:56:32.669  1090  1150 I mtkpower_client: perf_lock_acq, hdl:0, dur:0, num:2, tid:1150
07-28 18:56:32.669  1093  1167 I libPowerHal: [perfLockRel] hdl:81835, idx:0
07-28 18:56:32.669  1093  1167 I libPowerHal: [PD] vendor.samsung. update cmd:1000000, param:-1
07-28 18:56:32.669  1093  1167 I libPowerHal: [PD] vendor.samsung. update cmd:1000000 param:-1
07-28 18:56:32.670  1090  1150 I mtkpower_client: ret_hdl:81838
07-28 18:56:32.670  1093  1167 I libPowerHal: [perfLockAcq] idx:0 hdl:81838 hint:-1 pid:1090 duration:0 lock_user:vendor.samsung. => ret_hdl:81838
07-28 18:56:32.670  1093  1167 I libPowerHal: [PE] vendor.samsung. update cmd:1000000, param:0
07-28 18:56:32.671  1093  1167 I libPowerHal: [PE] vendor.samsung. update cmd:1000000 param:0
07-28 18:56:32.672  1624  1668 I ChimeraSystemEventListener: appLaunchIntent package name is: com.example.dogglers
07-28 18:56:32.672  3393 10716 I RecentModel: onTaskStackChangedBackground
07-28 18:56:32.673  1624  1668 D PersonaActivityHelper: Activity not in resumed state, do not run immediate lock
07-28 18:56:32.673  9007  9007 I MSHandlerLifeCycle: removeMultiSplitHandler: no exist. decor=DecorView@ac2dd[VerticalListActivity]
07-28 18:56:32.675  9007  9007 D LifecycleMonitor: Lifecycle status change: com.example.dogglers.VerticalListActivity@e54558f in: DESTROYED
07-28 18:56:32.676  9007  9007 V ActivityScenario: Update currentActivityStage to DESTROYED, currentActivity=null
07-28 18:56:32.679  9007  9007 I MSHandlerLifeCycle: removeMultiSplitHandler: no exist. decor=DecorView@ac2dd[VerticalListActivity]
07-28 18:56:32.679  9007  9037 D OpenGLRenderer: setSurface called with nullptr
07-28 18:56:32.679  9007  9037 D OpenGLRenderer: setSurface() destroyed EGLSurface
07-28 18:56:32.679  9007  9037 D OpenGLRenderer: destroyEglSurface
07-28 18:56:32.680  3393  3758 I QuickstepModelDelegate: Widget predictions updated
07-28 18:56:32.681  9007  9037 D BLASTBufferQueue: [ViewRootImpl@de71d4d[VerticalListActivity]#6](f:0,a:1) destructor()
07-28 18:56:32.682  9007  9037 D BufferQueueConsumer: [ViewRootImpl@de71d4d[VerticalListActivity]#6(BLAST Consumer)6](id:232f00000006,api:0,p:-1,c:9007) disconnect
07-28 18:56:32.682  9007  9007 I ViewRootImpl@de71d4d[VerticalListActivity]: dispatchDetachedFromWindow
07-28 18:56:32.683  1624  2705 D InputTransport: Input channel destroyed: '3e4fb7f', fd=1059
07-28 18:56:32.683  1624  2705 W InputManager-JNI: Input channel object '3e4fb7f com.example.dogglers/com.example.dogglers.VerticalListActivity (client)' was disposed without first being removed with the input manager!
07-28 18:56:32.683  1624  2705 D InputTransport: Input channel destroyed: '3e4fb7f', fd=1068
07-28 18:56:32.685  1127  2023 I SurfaceFlinger: id=178921 createSurf flag=24004, Surface(name=d8adfc2 InputMethod)/@0xc2b360e - animation-leash of insets_animation#178921
07-28 18:56:32.689  9007  9007 D InputTransport: Input channel destroyed: '3e4fb7f', fd=117
07-28 18:56:32.690  5607  5607 I InputMethodService: removeImeSurface
07-28 18:56:32.691  1127  3782 I SurfaceFlinger: id=178882 Removed Surface(name=d8adfc2 InputMethod)/@0xc2b360e - animation-leash of insets_animation#178882 (127)
07-28 18:56:32.691  5607  5607 I MSHandlerLifeCycle: check: return. pkg=com.samsung.android.honeyboard isActivity=false callers=com.android.internal.policy.DecorView.setVisibility:4411 android.app.Dialog.hide:767 android.inputmethodservice.InputMethodService.removeImeSurface:1290 android.inputmethodservice.InputMethodService.scheduleImeSurfaceRemoval:1279 android.inputmethodservice.InputMethodService.-$$Nest$mscheduleImeSurfaceRemoval:0
07-28 18:56:32.691  1127  1176 I SurfaceFlinger: id=178907 Removed d8ff76d ActivityRecordInputSink com.example.dogglers/.VerticalListActivity#178907 (127)
07-28 18:56:32.691  5607  5607 I MSHandlerLifeCycle: removeMultiSplitHandler: no exist. decor=DecorView@4ed7bdc[InputMethod]
07-28 18:56:32.694  9007  9007 I ViewRootImpl@275487e[InstrumentationActivityInvoker$EmptyActivity]: MSG_WINDOW_FOCUS_CHANGED 1 0
07-28 18:56:32.695  9007  9007 I ViewRootImpl@275487e[InstrumentationActivityInvoker$EmptyActivity]: mThreadedRenderer.initializeIfNeeded()#2 mSurface={isValid=true 0xb40000729656b800}
07-28 18:56:32.695  9007  9007 D InputMethodManager: startInputInner - Id : 0
07-28 18:56:32.695  9007  9007 I InputMethodManager: startInputInner - mService.startInputOrWindowGainedFocus
07-28 18:56:32.697  1624  2705 D InputMethodManagerService: mDesktopModeManager null!
07-28 18:56:32.697  1624  2705 V InputMethodManagerService: getDisplayIdOfInputMethodWindowToBeAdded: displayId=0
07-28 18:56:32.697  1624  2705 D InputMethodManagerService: isImeSwitcherDisabledPackage : false
07-28 18:56:32.698  1624  2705 D InputMethodManagerService: checkDisplayOfStartInputAndUpdateKeyboard: displayId=0, mFocusedDisplayId=0
07-28 18:56:32.698  1624  2705 D InputTransport: Input channel constructed: 'ClientS', fd=1063
07-28 18:56:32.698  1624  2705 D InputTransport: Input channel destroyed: 'ClientS', fd=1063
07-28 18:56:32.698  5607  5607 I HBD     : HoneyBoardService onFinishInput
07-28 18:56:32.699  5607  5607 I HBD     : a IC have been unbinding,  RemoteInputConnection{idHash=#d607281}
07-28 18:56:32.699  5607  5607 I HBD     : HoneyBoardService [PF_CL][onFinishInput]  1 ms
07-28 18:56:32.699  5607  5607 I HBD     : HoneyBoardService [IMI] onStartInput - caller pid : 9007 , caller uid : 10520
07-28 18:56:32.699  5607  5607 I HBD     : j updateConfigs
07-28 18:56:32.699  5607  5607 I HBD     : j isEnabledNightMode : false
07-28 18:56:32.699  5607  5607 I HBD     : a IC have been binding, RemoteInputConnection{idHash=#d607281}
07-28 18:56:32.699  5607  5607 I HBD     : h [EditorInputType]setPrivateImeOptionsToTable privateImeOptions ( null )
07-28 18:56:32.700  5607  5607 I HBD     : b incognitoMode : false
07-28 18:56:32.700  5607  5607 I HBD     : a needOff = true , isForceOff = false, isNullInputClass : true
07-28 18:56:32.700  1127  1176 I SurfaceFlinger: id=178922 createSurf flag=24004, Surface(name=d8adfc2 InputMethod)/@0xc2b360e - animation-leash of insets_animation#178922
07-28 18:56:32.700  5607  5607 I HBD     : h getDefaultInputRange : UNKNOWN
07-28 18:56:32.700  5607  5607 I HBD     : h getDefaultInputRange : UNKNOWN
07-28 18:56:32.700  5607  5607 I HBD     : h getDefaultInputRange : UNKNOWN
07-28 18:56:32.701  5607  5607 I HBD     : a needOff = true , isForceOff = false, isNullInputClass : true
07-28 18:56:32.701  5607  5607 I HBD     : a update cached prediction status : false
07-28 18:56:32.701  5607  5607 I HBD     : h getDefaultInputRange : UNKNOWN
07-28 18:56:32.701  5607  5607 I HBD     : a currentState : 0
07-28 18:56:32.702  5607  5607 I HBD     : a [UpdatePolicy] [post] a: 0 cl: 65538 kit: [0/0] vt: 0 ir: 1
07-28 18:56:32.702  5607  5607 I HBD     : a [NRIC] resetNoResponseState
07-28 18:56:32.702  5607  5607 I HBD     : a needOff = true , isForceOff = false, isNullInputClass : true
07-28 18:56:32.702  5607  5607 I HBD     : a update cached prediction status : false
07-28 18:56:32.704  5607  5607 I HBD     : HoneyBoardService [PF_OP][onStartInput]  5 ms
07-28 18:56:32.705  1127  1127 I Layer   : id=178909 removeFromCurrentState com.example.dogglers/com.example.dogglers.VerticalListActivity$_9007#178909 (128)
07-28 18:56:32.705  1127  1127 I Layer   : id=178908 removeFromCurrentState 3e4fb7f com.example.dogglers/com.example.dogglers.VerticalListActivity#178908 (128)
07-28 18:56:32.705  1127  1127 I Layer   : id=178913 removeFromCurrentState Surface(name=d8adfc2 InputMethod)/@0xc2b360e - animation-leash of insets_animation#178913 (128)
07-28 18:56:32.705  1127  1127 I Layer   : id=178906 removeFromCurrentState ActivityRecord{efdbfa2 u0 com.example.dogglers/.VerticalListActivity} t30331}#178906 (128)
07-28 18:56:32.705  1127  1127 I Layer   : id=178907 removeFromCurrentState d8ff76d ActivityRecordInputSink com.example.dogglers/.VerticalListActivity#178907 (128)
07-28 18:56:32.705  1127  1127 I Layer   : id=178921 removeFromCurrentState Surface(name=d8adfc2 InputMethod)/@0xc2b360e - animation-leash of insets_animation#178921 (128)
07-28 18:56:32.705  1127  1127 I SurfaceFlinger: id=178906 Removed ActivityRecord{efdbfa2 u0 com.example.dogglers/.VerticalListActivity} t30331}#178906 (128)
07-28 18:56:32.705  1127  1127 I SurfaceFlinger: id=178909 Removed com.example.dogglers/com.example.dogglers.VerticalListActivity$_9007#178909 (128)
07-28 18:56:32.705  1127  1127 I SurfaceFlinger: id=178908 Removed 3e4fb7f com.example.dogglers/com.example.dogglers.VerticalListActivity#178908 (128)
07-28 18:56:32.705  1127  1127 I SurfaceFlinger: id=178913 Removed Surface(name=d8adfc2 InputMethod)/@0xc2b360e - animation-leash of insets_animation#178913 (128)
07-28 18:56:32.706  9007  9007 D LifecycleMonitor: Lifecycle status change: androidx.test.core.app.InstrumentationActivityInvoker$EmptyActivity@84b173d in: PAUSED
07-28 18:56:32.706  1127  1127 I Layer   : id=178882 Destroyed Surface(name=d8adfc2 InputMethod)/@0xc2b360e - animation-leash of insets_animation#178882
07-28 18:56:32.706  1127  1127 I Layer   : id=178913 Destroyed Surface(name=d8adfc2 InputMethod)/@0xc2b360e - animation-leash of insets_animation#178913
07-28 18:56:32.706  1127  1127 I Layer   : id=178906 Destroyed ActivityRecord{efdbfa2 u0 com.example.dogglers/.VerticalListActivity} t30331}#178906
07-28 18:56:32.706  1127  1127 I Layer   : id=178908 Destroyed 3e4fb7f com.example.dogglers/com.example.dogglers.VerticalListActivity#178908
07-28 18:56:32.706  1127  1127 I BufferQueueDebug: [com.example.dogglers/com.example.dogglers.VerticalListActivity$_9007#178909](this:0xb4000075f548e838,id:-1,api:0,p:-1,c:1127) onDestructor()
07-28 18:56:32.706  9007  9007 V ActivityScenario: Activity lifecycle changed event received but ignored because the intent does not match. startActivityIntent=Intent { act=android.intent.action.MAIN cat=[android.intent.category.LAUNCHER] cmp=com.example.dogglers/.VerticalListActivity }, activity.getIntent()=Intent { act=android.intent.action.MAIN cat=[android.intent.category.LAUNCHER] flg=0x10000000 cmp=com.example.dogglers/androidx.test.core.app.InstrumentationActivityInvoker$EmptyActivity }, activity=androidx.test.core.app.InstrumentationActivityInvoker$EmptyActivity@84b173d
07-28 18:56:32.706  1127  1127 I Layer   : id=178909 Destroyed com.example.dogglers/com.example.dogglers.VerticalListActivity$_9007#178909
07-28 18:56:32.707  1127  1127 I Layer   : id=178907 Destroyed d8ff76d ActivityRecordInputSink com.example.dogglers/.VerticalListActivity#178907
07-28 18:56:32.713  1624  5216 D InputDispatcher: Focused application(0): ActivityRecord{157e79d u0 com.example.dogglers/androidx.test.core.app.InstrumentationActivityInvoker$EmptyActivity} t30331}
07-28 18:56:32.718  1624  1668 I SemPersonaManager: SecureFolder personaId = 150
07-28 18:56:32.719  9007  9007 D LifecycleMonitor: Lifecycle status change: androidx.test.core.app.InstrumentationActivityInvoker$BootstrapActivity@a86edbb in: DESTROYED
07-28 18:56:32.720  9007  9007 V ActivityScenario: Activity lifecycle changed event received but ignored because the intent does not match. startActivityIntent=Intent { act=android.intent.action.MAIN cat=[android.intent.category.LAUNCHER] cmp=com.example.dogglers/.VerticalListActivity }, activity.getIntent()=Intent { act=android.intent.action.MAIN cat=[android.intent.category.LAUNCHER] flg=0x10008000 cmp=com.example.dogglers/androidx.test.core.app.InstrumentationActivityInvoker$BootstrapActivity (has extras) }, activity=androidx.test.core.app.InstrumentationActivityInvoker$BootstrapActivity@a86edbb
07-28 18:56:32.721  1127  3782 I SurfaceFlinger: id=178905 Removed 94e7324 ActivityRecordInputSink com.example.dogglers/androidx.test.core.app.InstrumentationActivityInvoker$BootstrapActivity#178905 (122)
07-28 18:56:32.721  1127  1127 I SurfaceFlinger: [f9e7eae com.example.dogglers/androidx.test.core.app.InstrumentationActivityInvoker$EmptyActivity#178915] FrameRatePriority: -1
07-28 18:56:32.724  1624  2705 D InputMethodManagerService: isImeSwitcherDisabledPackage : false
07-28 18:56:32.725  5607  5607 I InputMethodService: removeImeSurface
07-28 18:56:32.725  5607  5607 I MSHandlerLifeCycle: check: return. pkg=com.samsung.android.honeyboard isActivity=false callers=com.android.internal.policy.DecorView.setVisibility:4411 android.app.Dialog.hide:767 android.inputmethodservice.InputMethodService.removeImeSurface:1290 android.inputmethodservice.InputMethodService.scheduleImeSurfaceRemoval:1279 android.inputmethodservice.InputMethodService.-$$Nest$mscheduleImeSurfaceRemoval:0
07-28 18:56:32.726  5607  5607 I MSHandlerLifeCycle: removeMultiSplitHandler: no exist. decor=DecorView@4ed7bdc[InputMethod]
07-28 18:56:32.729  9007  9007 D LifecycleMonitor: Lifecycle status change: androidx.test.core.app.InstrumentationActivityInvoker$EmptyActivity@4e36073 in: PRE_ON_CREATE
07-28 18:56:32.729  9007  9007 V ActivityScenario: Activity lifecycle changed event received but ignored because the intent does not match. startActivityIntent=Intent { act=android.intent.action.MAIN cat=[android.intent.category.LAUNCHER] cmp=com.example.dogglers/.VerticalListActivity }, activity.getIntent()=Intent { act=android.intent.action.MAIN cat=[android.intent.category.LAUNCHER] flg=0x10000000 cmp=com.example.dogglers/androidx.test.core.app.InstrumentationActivityInvoker$EmptyActivity }, activity=androidx.test.core.app.InstrumentationActivityInvoker$EmptyActivity@4e36073
07-28 18:56:32.731  1624  1668 D EnterpriseDeviceManagerService: isMdmAdminPresentInternal() : MDM Admin Found - com.samsung.knox.securefolder
07-28 18:56:32.732  1624  3919 I MediaSessionMonitor: Media session stopped : not playing state
07-28 18:56:32.736  9007  9007 I DecorView: [INFO] isPopOver=false config=true
07-28 18:56:32.736  9007  9007 I DecorView: updateCaptionType: isFloating=false isApplication=true hasWindowDecorCaption=false this=DecorView@ec2cd2e[]
07-28 18:56:32.736  9007  9007 D DecorView: setCaptionType = 0, this = DecorView@ec2cd2e[]
07-28 18:56:32.738  1127  1127 I Layer   : id=178900 removeFromCurrentState ActivityRecord{f542e8d u0 com.example.dogglers/androidx.test.core.app.InstrumentationActivityInvoker$BootstrapActivity} t30331}#178900 (122)
07-28 18:56:32.738  1127  1127 I Layer   : id=178905 removeFromCurrentState 94e7324 ActivityRecordInputSink com.example.dogglers/androidx.test.core.app.InstrumentationActivityInvoker$BootstrapActivity#178905 (122)
07-28 18:56:32.738  1127  1127 D SurfaceFlinger: [input] inputWindowCommands.focusRequests size is 1
07-28 18:56:32.738  1127  1127 I SurfaceFlinger: id=178900 Removed ActivityRecord{f542e8d u0 com.example.dogglers/androidx.test.core.app.InstrumentationActivityInvoker$BootstrapActivity} t30331}#178900 (122)
07-28 18:56:32.738  1127  1127 I Layer   : id=178900 Destroyed ActivityRecord{f542e8d u0 com.example.dogglers/androidx.test.core.app.InstrumentationActivityInvoker$BootstrapActivity} t30331}#178900
07-28 18:56:32.739  1127  1127 I Layer   : id=178905 Destroyed 94e7324 ActivityRecordInputSink com.example.dogglers/androidx.test.core.app.InstrumentationActivityInvoker$BootstrapActivity#178905
07-28 18:56:32.740  1127  1386 D SurfaceFlinger: [input] setFocusedWindow: <null>
07-28 18:56:32.740  1624  2705 D InputDispatcher: Focus request (0): <null> but waiting because NOT_FOCUSABLE
07-28 18:56:32.740  1624  2705 D InputDispatcher: Focus left window (0): f9e7eae com.example.dogglers/androidx.test.core.app.InstrumentationActivityInvoker$EmptyActivity
07-28 18:56:32.740  9007  9007 I DecorView: getCurrentDensityDpi: from real metrics. densityDpi=450 msg=resources_loaded
07-28 18:56:32.740  9007  9007 I DecorView: setWindowBackground: isPopOver=false color=ff010101 d=android.graphics.drawable.StateListDrawable@30990cf
07-28 18:56:32.741  9007  9007 D LifecycleMonitor: Lifecycle status change: androidx.test.core.app.InstrumentationActivityInvoker$EmptyActivity@4e36073 in: CREATED
07-28 18:56:32.742  9007  9007 V ActivityScenario: Activity lifecycle changed event received but ignored because the intent does not match. startActivityIntent=Intent { act=android.intent.action.MAIN cat=[android.intent.category.LAUNCHER] cmp=com.example.dogglers/.VerticalListActivity }, activity.getIntent()=Intent { act=android.intent.action.MAIN cat=[android.intent.category.LAUNCHER] flg=0x10000000 cmp=com.example.dogglers/androidx.test.core.app.InstrumentationActivityInvoker$EmptyActivity }, activity=androidx.test.core.app.InstrumentationActivityInvoker$EmptyActivity@4e36073
07-28 18:56:32.743  9007  9007 D LifecycleMonitor: Lifecycle status change: androidx.test.core.app.InstrumentationActivityInvoker$EmptyActivity@4e36073 in: STARTED
07-28 18:56:32.744  9007  9007 V ActivityScenario: Activity lifecycle changed event received but ignored because the intent does not match. startActivityIntent=Intent { act=android.intent.action.MAIN cat=[android.intent.category.LAUNCHER] cmp=com.example.dogglers/.VerticalListActivity }, activity.getIntent()=Intent { act=android.intent.action.MAIN cat=[android.intent.category.LAUNCHER] flg=0x10000000 cmp=com.example.dogglers/androidx.test.core.app.InstrumentationActivityInvoker$EmptyActivity }, activity=androidx.test.core.app.InstrumentationActivityInvoker$EmptyActivity@4e36073
07-28 18:56:32.746  9007  9007 D LifecycleMonitor: Lifecycle status change: androidx.test.core.app.InstrumentationActivityInvoker$EmptyActivity@4e36073 in: RESUMED
07-28 18:56:32.747  9007  9007 V ActivityScenario: Activity lifecycle changed event received but ignored because the intent does not match. startActivityIntent=Intent { act=android.intent.action.MAIN cat=[android.intent.category.LAUNCHER] cmp=com.example.dogglers/.VerticalListActivity }, activity.getIntent()=Intent { act=android.intent.action.MAIN cat=[android.intent.category.LAUNCHER] flg=0x10000000 cmp=com.example.dogglers/androidx.test.core.app.InstrumentationActivityInvoker$EmptyActivity }, activity=androidx.test.core.app.InstrumentationActivityInvoker$EmptyActivity@4e36073
07-28 18:56:32.747  9007  9007 I MSHandlerLifeCycle: check: return. pkg=com.example.dogglers parent=null callers=com.android.internal.policy.DecorView.setVisibility:4411 android.app.ActivityThread.handleResumeActivity:5476 android.app.servertransaction.ResumeActivityItem.execute:54 android.app.servertransaction.ActivityTransactionItem.execute:45 android.app.servertransaction.TransactionExecutor.executeLifecycleState:176
07-28 18:56:32.747  9007  9007 I MSHandlerLifeCycle: removeMultiSplitHandler: no exist. decor=DecorView@ec2cd2e[]
07-28 18:56:32.748  1127  3782 D SurfaceFlinger: [SF client] NEW(0xb40000762185c220) for (9007:com.example.dogglers)
07-28 18:56:32.751  9007  9037 D NativeCustomFrequencyManager: [NativeCFMS] BpCustomFrequencyManager::BpCustomFrequencyManager()
07-28 18:56:32.753  1624  5705 D InputTransport: Input channel constructed: '4fec64b', fd=1082
07-28 18:56:32.753  1624  5705 D InputTransport: Input channel constructed: '4fec64b', fd=1083
07-28 18:56:32.753  1624  5705 D InputTransport: Input channel constructed: '4fec64b', fd=1085
07-28 18:56:32.754  1127  3782 I SurfaceFlinger: id=178923 createSurf flag=80004, 4fec64b com.example.dogglers/androidx.test.core.app.InstrumentationActivityInvoker$EmptyActivity#178923
07-28 18:56:32.754  1624  5705 D InputTransport: Input channel destroyed: '4fec64b', fd=1085
07-28 18:56:32.756  9007  9007 D InsetsController: onStateChanged: InsetsState: {mDisplayFrame=Rect(0, 0 - 1080, 2400), mDisplayCutout=DisplayCutout{insets=Rect(0, 80 - 0, 0) waterfall=Insets{left=0, top=0, right=0, bottom=0} boundingRect={Bounds=[Rect(0, 0 - 0, 0), Rect(468, 0 - 612, 80), Rect(0, 0 - 0, 0), Rect(0, 0 - 0, 0)]} cutoutPathParserInfo={CutoutPathParserInfo{displayWidth=1080 displayHeight=2400 physicalDisplayWidth=1080 physicalDisplayHeight=2400 density={2.625} cutoutSpec={M 0,0 H -27.42857142857143 V 30.47619047619048 H 27.42857142857143 V 0 H 0 Z @dp} rotation={0} scale={1.0} physicalPixelDisplaySizeRatio={1.0}}}}, mRoundedCorners=RoundedCorners{[RoundedCorner{position=TopLeft, radius=90, center=Point(90, 90)}, RoundedCorner{position=TopRight, radius=90, center=Point(990, 90)}, RoundedCorner{position=BottomRight, radius=90, center=Point(990, 2310)}, RoundedCorner{position=BottomLeft, radius=90, center=Point(90, 2310)}]}  mRoundedCornerFrame=Rect(0, 0 - 1080, 2400), mPrivacyIndicatorBounds=PrivacyIndicatorBounds {static bounds=Rect(956, 0 - 1080, 80) rotation=0}, mSources= { InsetsSource: {mType=ITYPE_STATUS_BAR, mFrame=[0,0][1080,80], mVisible=true, mInsetsRoundedCornerFrame=false}, InsetsSource: {mType=ITYPE_NAVIGATION_BAR, mFrame=[0,2265][1080,2400], mVisible=true, mInsetsRoundedCornerFrame=false}, InsetsSource: {mType=ITYPE_LEFT_GESTURES, mFrame=[0,0][0,2400], mVisible=true, mInsetsRoundedCornerFrame=false}, InsetsSource: {mType=ITYPE_RIGHT_GESTURES, mFrame=[1080,0][1080,2400], mVisible=true, mInsetsRoundedCornerFrame=false}, InsetsSource: {mType=ITYPE_TOP_MANDATORY_GESTURES, mFrame=[0,0][1080,114], mVisible=true, mInsetsRoundedCornerFrame=false}, InsetsSource: {mType=ITYPE_BOTTOM_MANDATORY_GESTURES, mFrame=[0,2265][1080,2400], mVisible=true, mInsetsRoundedCornerFrame=false}, InsetsSource: {mType=ITYPE_LEFT_DISPLAY_CUTOUT, mFrame=[0,0][-100000,2400], mVisible=true, mInsetsRoundedCornerFrame=false}, InsetsSource: {mType=ITYPE_TOP_DISPLAY_CUTOUT, mFrame=[0,0][1080,80], mVisible=true, mInsetsRoundedCornerFrame=false}, InsetsSource: {mType=ITYPE_RIGHT_DISPLAY_CUTOUT, mFrame=[100000,0][1080,2400], mVisible=true, mInsetsRoundedCornerFrame=false}, InsetsSource: {mType=ITYPE_BOTTOM_DISPLAY_CUTOUT, mFrame=[0,100000][1080,2400], mVisible=true, mInsetsRoundedCornerFrame=false}, InsetsSource: {mType=ITYPE_TOP_TAPPABLE_ELEMENT, mFrame=[0,0][1080,80], mVisible=true, mInsetsRoundedCornerFrame=false}, InsetsSource: {mType=ITYPE_BOTTOM_TAPPABLE_ELEMENT, mFrame=[0,2265][1080,2400], mVisible=true, mInsetsRoundedCornerFrame=false} } host=com.example.dogglers/androidx.test.core.app.InstrumentationActivityInvoker$EmptyActivity from=android.view.ViewRootImpl.setView:1732
07-28 18:56:32.758  9007  9007 I ViewRootImpl@44bea5c[InstrumentationActivityInvoker$EmptyActivity]: setView = com.android.internal.policy.DecorView@ec2cd2e TM=true
07-28 18:56:32.759  9007  9007 I MSHandlerLifeCycle: removeMultiSplitHandler: no exist. decor=DecorView@ec2cd2e[InstrumentationActivityInvoker$EmptyActivity]
07-28 18:56:32.760  1624  1745 D AnalyticsContainerHandler: handleMessage : { when=0 what=1 target=com.android.server.knox.KnoxAnalyticsContainer$AnalyticsHandler }
07-28 18:56:32.766  9007  9007 I ViewRootImpl@44bea5c[InstrumentationActivityInvoker$EmptyActivity]: performTraversals params={(0,0)(fillxfill) sim={adjust=pan forwardNavigation} ty=BASE_APPLICATION wanim=0x1030001
07-28 18:56:32.766  9007  9007 I ViewRootImpl@44bea5c[InstrumentationActivityInvoker$EmptyActivity]:   fl=1810100
07-28 18:56:32.766  9007  9007 I ViewRootImpl@44bea5c[InstrumentationActivityInvoker$EmptyActivity]:   pfl=12020040
07-28 18:56:32.766  9007  9007 I ViewRootImpl@44bea5c[InstrumentationActivityInvoker$EmptyActivity]:   bhv=DEFAULT
07-28 18:56:32.766  9007  9007 I ViewRootImpl@44bea5c[InstrumentationActivityInvoker$EmptyActivity]:   fitSides= naviIconColor=0
07-28 18:56:32.766  9007  9007 I ViewRootImpl@44bea5c[InstrumentationActivityInvoker$EmptyActivity]:   sfl=100000}
07-28 18:56:32.767  9007  9007 I ViewRootImpl@44bea5c[InstrumentationActivityInvoker$EmptyActivity]: performTraversals mFirst=true windowShouldResize=true viewVisibilityChanged=false mForceNextWindowRelayout=false params={(0,0)(fillxfill) sim={adjust=pan forwardNavigation} ty=BASE_APPLICATION wanim=0x1030001
07-28 18:56:32.767  9007  9007 I ViewRootImpl@44bea5c[InstrumentationActivityInvoker$EmptyActivity]:   fl=1810100
07-28 18:56:32.767  9007  9007 I ViewRootImpl@44bea5c[InstrumentationActivityInvoker$EmptyActivity]:   pfl=12020040
07-28 18:56:32.767  9007  9007 I ViewRootImpl@44bea5c[InstrumentationActivityInvoker$EmptyActivity]:   bhv=DEFAULT
07-28 18:56:32.767  9007  9007 I ViewRootImpl@44bea5c[InstrumentationActivityInvoker$EmptyActivity]:   fitSides= naviIconColor=0
07-28 18:56:32.767  9007  9007 I ViewRootImpl@44bea5c[InstrumentationActivityInvoker$EmptyActivity]:   sfl=100000}
07-28 18:56:32.768  1624  5705 V WindowManager: Relayout Window{4fec64b u0 com.example.dogglers/androidx.test.core.app.InstrumentationActivityInvoker$EmptyActivity}: viewVisibility=0 req=1080x2400 d0
07-28 18:56:32.768  1127  3782 I BufferQueueDebug: [com.example.dogglers/androidx.test.core.app.InstrumentationActivityInvoker$EmptyActivity$_9007#178924](this:0xb4000075f0c43838,id:-1,api:0,p:-1,c:-1) BufferQueue core=(1127:/system/bin/surfaceflinger)
