07-28 17:18:51.999  8684  8684 V ActivityScenario: Activity lifecycle changed event received but ignored because the intent does not match. startActivityIntent=Intent { act=android.intent.action.MAIN cat=[android.intent.category.LAUNCHER] cmp=com.example.dogglers/.VerticalListActivity }, activity.getIntent()=Intent { act=android.intent.action.MAIN cat=[android.intent.category.LAUNCHER] flg=0x10008000 cmp=com.example.dogglers/androidx.test.core.app.InstrumentationActivityInvoker$BootstrapActivity (has extras) }, activity=androidx.test.core.app.InstrumentationActivityInvoker$BootstrapActivity@435f3ec
07-28 17:18:52.007  8684  8684 I ViewRootImpl@60c5276[VerticalListActivity]: performTraversals params={(0,0)(fillxfill) sim={adjust=resize forwardNavigation} ty=BASE_APPLICATION wanim=0x1030309
07-28 17:18:52.007  8684  8684 I ViewRootImpl@60c5276[VerticalListActivity]:   fl=81810100
07-28 17:18:52.007  8684  8684 I ViewRootImpl@60c5276[VerticalListActivity]:   pfl=12020040
07-28 17:18:52.007  8684  8684 I ViewRootImpl@60c5276[VerticalListActivity]:   bhv=DEFAULT
07-28 17:18:52.007  8684  8684 I ViewRootImpl@60c5276[VerticalListActivity]:   fitSides= naviIconColor=0
07-28 17:18:52.007  8684  8684 I ViewRootImpl@60c5276[VerticalListActivity]:   sfl=100000}
07-28 17:18:52.008  8684  8684 I ViewRootImpl@60c5276[VerticalListActivity]: performTraversals mFirst=true windowShouldResize=true viewVisibilityChanged=false mForceNextWindowRelayout=false params={(0,0)(fillxfill) sim={adjust=resize forwardNavigation} ty=BASE_APPLICATION wanim=0x1030309
07-28 17:18:52.008  8684  8684 I ViewRootImpl@60c5276[VerticalListActivity]:   fl=81810100
07-28 17:18:52.008  8684  8684 I ViewRootImpl@60c5276[VerticalListActivity]:   pfl=12020040
07-28 17:18:52.008  8684  8684 I ViewRootImpl@60c5276[VerticalListActivity]:   bhv=DEFAULT
07-28 17:18:52.008  8684  8684 I ViewRootImpl@60c5276[VerticalListActivity]:   fitSides= naviIconColor=0
07-28 17:18:52.008  8684  8684 I ViewRootImpl@60c5276[VerticalListActivity]:   sfl=100000}
07-28 17:18:52.009  1624  2024 V WindowManager: Relayout Window{f87807e u0 com.example.dogglers/com.example.dogglers.VerticalListActivity}: viewVisibility=0 req=1080x2400 d0
07-28 17:18:52.009  1127  2095 I BufferQueueDebug: [com.example.dogglers/com.example.dogglers.VerticalListActivity$_8684#175926](this:0xb4000075f4bb6838,id:-1,api:0,p:-1,c:-1) BufferQueue core=(1127:/system/bin/surfaceflinger)
07-28 17:18:52.010  1127  2095 I SurfaceFlinger: id=175926 createSurf flag=40004, com.example.dogglers/com.example.dogglers.VerticalListActivity$_8684#175926
07-28 17:18:52.014  1127  2095 I SurfaceFlinger: id=175927 createSurf flag=24000, Surface(name=7ae696d StatusBar)/@0x546cfe9 - animation-leash of insets_animation#175927
07-28 17:18:52.015  1127  2095 I SurfaceFlinger: id=175928 createSurf flag=24000, Surface(name=57253a2 NavigationBar0)/@0x6398367 - animation-leash of insets_animation#175928
07-28 17:18:52.018  3393  3436 I TouchInteractionService: onSystemUiStateChanged, stateFlags : 131072 |allow_gesture|
07-28 17:18:52.018  3393  3393 I RecentsAnimationDeviceState: setSystemUiFlags, stateFlags : 131072
07-28 17:18:52.018  3393  3393 I TouchInteractionService: onSystemUiFlagsChanged, lastSysUIFlags : 0
07-28 17:18:52.019  1624  2024 V WindowManager: Relayout hash=f87807e, pid=8684, syncId=-1: mAttrs={(0,0)(fillxfill) sim={adjust=resize forwardNavigation} ty=BASE_APPLICATION wanim=0x1030309
07-28 17:18:52.019  1624  2024 V WindowManager:   fl=81810100
07-28 17:18:52.019  1624  2024 V WindowManager:   pfl=12020040
07-28 17:18:52.019  1624  2024 V WindowManager:   apr=LIGHT_NAVIGATION_BARS
07-28 17:18:52.019  1624  2024 V WindowManager:   bhv=DEFAULT
07-28 17:18:52.019  1624  2024 V WindowManager:   fitSides= naviIconColor=0
07-28 17:18:52.019  1624  2024 V WindowManager:   sfl=100000}
07-28 17:18:52.021  8684  8684 I ViewRootImpl@60c5276[VerticalListActivity]: updateBlastSurfaceIfNeeded mBlastBufferQueue=null isSameSurfaceControl=false
07-28 17:18:52.022  8684  8684 D BufferQueueConsumer: [](id:21ec00000006,api:0,p:-1,c:8684) connect: controlledByApp=false
07-28 17:18:52.022  8684  8684 I BLASTBufferQueue: new BLASTBufferQueue, mName= ViewRootImpl@60c5276[VerticalListActivity] mNativeObject= 0xb400007316150100 sc.mNativeObject= 0xb40000731fbf20c0 caller= android.view.ViewRootImpl.updateBlastSurfaceIfNeeded:2909 android.view.ViewRootImpl.relayoutWindow:9847 android.view.ViewRootImpl.performTraversals:3884 android.view.ViewRootImpl.doTraversal:3116 android.view.ViewRootImpl$TraversalRunnable.run:10885 android.view.Choreographer$CallbackRecord.run:1301 android.view.Choreographer$CallbackRecord.run:1309 android.view.Choreographer.doCallbacks:923 android.view.Choreographer.doFrame:852 android.view.Choreographer$FrameDisplayEventReceiver.run:1283
07-28 17:18:52.022  8684  8684 I BLASTBufferQueue: update, w= 1080 h= 2400 mName = ViewRootImpl@60c5276[VerticalListActivity] mNativeObject= 0xb400007316150100 sc.mNativeObject= 0xb40000731fbf20c0 format= -1 caller= android.graphics.BLASTBufferQueue.<init>:84 android.view.ViewRootImpl.updateBlastSurfaceIfNeeded:2909 android.view.ViewRootImpl.relayoutWindow:9847 android.view.ViewRootImpl.performTraversals:3884 android.view.ViewRootImpl.doTraversal:3116 android.view.ViewRootImpl$TraversalRunnable.run:10885
07-28 17:18:52.023  8684  8684 I ViewRootImpl@60c5276[VerticalListActivity]: Relayout returned: old=(0,0,1080,2400) new=(0,0,1080,2400) req=(1080,2400)0 dur=13 res=0x3 s={true 0xb40000728f79e000} ch=true seqId=0
07-28 17:18:52.024  3393  3436 I RecentModel: onTaskStackChangedBackground
07-28 17:18:52.024  8684  8684 I ViewRootImpl@60c5276[VerticalListActivity]: mThreadedRenderer.initialize() mSurface={isValid=true 0xb40000728f79e000} hwInitialized=true
07-28 17:18:52.024  8684  8768 D OpenGLRenderer: eglCreateWindowSurface
07-28 17:18:52.044  1127  1127 I Layer   : id=175908 removeFromCurrentState Surface(name=7ae696d StatusBar)/@0x546cfe9 - animation-leash of insets_animation#175908 (123)
07-28 17:18:52.044  1127  1127 I Layer   : id=175909 removeFromCurrentState Surface(name=57253a2 NavigationBar0)/@0x6398367 - animation-leash of insets_animation#175909 (123)
07-28 17:18:52.044  1127  1127 I SurfaceFlinger: [f87807e com.example.dogglers/com.example.dogglers.VerticalListActivity#175925] FrameRatePriority: 1
07-28 17:18:52.044  1127  1127 D SurfaceFlinger: [input] inputWindowCommands.focusRequests size is 1
07-28 17:18:52.044  1127  1127 I SurfaceFlinger: id=175908 Removed Surface(name=7ae696d StatusBar)/@0x546cfe9 - animation-leash of insets_animation#175908 (123)
07-28 17:18:52.044  1127  1127 I SurfaceFlinger: id=175909 Removed Surface(name=57253a2 NavigationBar0)/@0x6398367 - animation-leash of insets_animation#175909 (123)
07-28 17:18:52.044  1127  1127 I Layer   : id=175908 Destroyed Surface(name=7ae696d StatusBar)/@0x546cfe9 - animation-leash of insets_animation#175908
07-28 17:18:52.044  1127  1127 I Layer   : id=175909 Destroyed Surface(name=57253a2 NavigationBar0)/@0x6398367 - animation-leash of insets_animation#175909
07-28 17:18:52.045  1127  1386 D SurfaceFlinger: [input] setFocusedWindow: f87807e com.example.dogglers/com.example.dogglers.VerticalListActivity
07-28 17:18:52.046  1624  2024 D InputDispatcher: Focus request (0): f87807e com.example.dogglers/com.example.dogglers.VerticalListActivity but waiting because NOT_VISIBLE
07-28 17:18:52.084  8684  8684 I ViewRootImpl@60c5276[VerticalListActivity]: reportNextDraw android.view.ViewRootImpl.performTraversals:4438 android.view.ViewRootImpl.doTraversal:3116 android.view.ViewRootImpl$TraversalRunnable.run:10885 android.view.Choreographer$CallbackRecord.run:1301 android.view.Choreographer$CallbackRecord.run:1309
07-28 17:18:52.085  8684  8684 I ViewRootImpl@60c5276[VerticalListActivity]: Setup new sync id=0
07-28 17:18:52.085  8684  8684 I ViewRootImpl@60c5276[VerticalListActivity]: Setting syncFrameCallback
07-28 17:18:52.085  8684  8684 I ViewRootImpl@60c5276[VerticalListActivity]: registerCallbacksForSync syncBuffer=false
07-28 17:18:52.098  8684  8829 I ViewRootImpl@60c5276[VerticalListActivity]: Received frameDrawingCallback syncResult=0 frameNum=1.
07-28 17:18:52.098  8684  8829 I ViewRootImpl@60c5276[VerticalListActivity]: Setting up sync and frameCommitCallback
07-28 17:18:52.103  8684  8768 I BLASTBufferQueue: [ViewRootImpl@60c5276[VerticalListActivity]#6](f:0,a:0) onFrameAvailable the first frame is available
07-28 17:18:52.104  8684  8768 D BLASTBufferQueue: [ViewRootImpl@60c5276[VerticalListActivity]#6](f:0,a:1) acquireNextBufferLocked size=1080x2400 mFrameNumber=1 applyTransaction=true mTimestamp=1006961658117095(auto) mPendingTransactions.size=0 graphicBufferId=37297495998484 transform=0
07-28 17:18:52.104  8684  8768 I ViewRootImpl@60c5276[VerticalListActivity]: Received frameCommittedCallback lastAttemptedDrawFrameNum=1 didProduceBuffer=true
07-28 17:18:52.106  8684  8768 D OpenGLRenderer: CFMS:: SetUp Pid : 8684    Tid : 8768
07-28 17:18:52.106  8684  8768 W Parcel  : Expecting binder but got null!
07-28 17:18:52.106  8684  8684 I ViewRootImpl@60c5276[VerticalListActivity]: onSyncComplete
07-28 17:18:52.107  1624  2791 D SemNscXgbMsL1: Probability - Cloud gaming: [0.047729697]
07-28 17:18:52.107  8684  8684 I ViewRootImpl@60c5276[VerticalListActivity]: setupSync seqId=0 mSyncId=0 fn=1 caller=android.view.ViewRootImpl$$ExternalSyntheticLambda11.accept:6 android.window.SurfaceSyncer.lambda$setupSync$1$android-window-SurfaceSyncer:128 android.window.SurfaceSyncer$$ExternalSyntheticLambda1.accept:8 android.window.SurfaceSyncer$SyncSet.checkIfSyncIsComplete:382 android.window.SurfaceSyncer$SyncSet.markSyncReady:359 android.window.SurfaceSyncer.markSyncReady:151 android.view.ViewRootImpl.performTraversals:4503
07-28 17:18:52.107  1624  2791 D SemNscXgbMsL1: Probability - Real time: [0.1205603]
07-28 17:18:52.107  1624  2791 D SemNscXgbMsL1: Probability - Non real time: [0.4202216]
07-28 17:18:52.107  1624  2791 D SemNscXgbMsL1: 1 sample inference time: 0.71877 msecs
07-28 17:18:52.107  8684  8684 I ViewRootImpl@60c5276[VerticalListActivity]: reportDrawFinished seqId=0 mSyncId=-1 fn=1 mSurfaceChangedTransaction=0xb400007297b63500
07-28 17:18:52.109  1624  2791 D SemNscXgbL2Rt: L2 RT 1 sample inference time: 1.270462 msecs
07-28 17:18:52.110  1624  2791 D SemNscXgbL2Nrt: L2 NRT 1 sample inference time: 1.012308 msecs
07-28 17:18:52.110  1127  1127 D BufferStateLayer: com.example.dogglers/com.example.dogglers.VerticalListActivity$_8684#175926 setBuffer frameId=1, bufferId=37297495998484 fenceId=574, w= 1080, h=2400
07-28 17:18:52.116  1624  1669 I SemDvfsHyPerManager: acquire hyper - AMS_RESUME_TAIL/1624@21, type = -999
07-28 17:18:52.116  1624  1665 W ziparchive: Unable to open '/data/app/~~KwWEaLvC3N8lGKrKk0eQLw==/com.example.dogglers-qTYCQ1SZN0zaUgqutcjCEg==/base.dm': No such file or directory
07-28 17:18:52.116  1624  1669 I SemDvfsHyPerManager: acquire hyper - AMS_ACT_LAZY/1624@22, type = -999
07-28 17:18:52.116  1090  1150 I HYPER-HAL: [RequestManager.cpp]acquire(): Acquired ID : 1353856  [1624 / 21]    HINT : AMS_RESUME_TAIL    list :
07-28 17:18:52.117  1090  1150 I mtkpower_client: perf_lock_rel, hdl:80037, tid:1150
07-28 17:18:52.117  1624  3610 E libprocessgroup: Failed to find cgroup for tid 3610
07-28 17:18:52.117  1624  3610 W libprocessgroup: Failed to apply DoNothingOlaf task profile: Try again
07-28 17:18:52.118  1093  1167 I libPowerHal: [perfLockRel] hdl:80037, idx:3
07-28 17:18:52.118  1093  1167 I libPowerHal: [PD] vendor.samsung. update cmd:1c3c000, param:1
07-28 17:18:52.118  1093  1167 I libPowerHal: [PD] (less) /proc/mcdi/state set +prefix:enable 1;
07-28 17:18:52.118  1624  1665 I PkgPredictorService-SecIpmManagerServiceImpl: reportToNAP uid:10520 com.example.dogglers/com.example.dogglers.VerticalListActivity thisTime:339
07-28 17:18:52.118  8684  8684 D RootViewPicker: Root not ready - waiting: 10ms for one to appear.
07-28 17:18:52.119  1090  1150 I mtkpower_client: perf_lock_acq, hdl:0, dur:0, num:2, tid:1150
07-28 17:18:52.119  1090  1150 I mtkpower_client: ret_hdl:80039
07-28 17:18:52.119  1093  1167 I libPowerHal: [perfLockAcq] idx:2 hdl:80039 hint:-1 pid:1090 duration:0 lock_user:vendor.samsung. => ret_hdl:80039
07-28 17:18:52.119  1090  1150 I mtkpower_client: perf_lock_rel, hdl:80038, tid:1150
07-28 17:18:52.120  1093  1167 I libPowerHal: [PE] (less) /proc/mcdi/state set +prefix:enable 0;
07-28 17:18:52.120  1090  1150 I mtkpower_client: perf_lock_acq, hdl:0, dur:0, num:2, tid:1150
07-28 17:18:52.121  1093  1167 I libPowerHal: [perfLockRel] hdl:80038, idx:0
07-28 17:18:52.121  1093  1167 I libPowerHal: [PD] vendor.samsung. update cmd:1000000, param:-1
07-28 17:18:52.121  1624  1665 I ActivityTaskManager: Displayed com.example.dogglers/.VerticalListActivity: +339ms
07-28 17:18:52.121  1093  1167 I libPowerHal: [PD] vendor.samsung. update cmd:1000000 param:-1
07-28 17:18:52.121  3746  3746 E pageboostd: Received HALT command code 2
07-28 17:18:52.121  1090  1150 I mtkpower_client: ret_hdl:80040
07-28 17:18:52.122  1090  1150 I mtkpower_client: perf_lock_rel, hdl:80039, tid:1150
07-28 17:18:52.122  1093  1167 I libPowerHal: [perfLockAcq] idx:3 hdl:80040 hint:-1 pid:1090 duration:0 lock_user:vendor.samsung. => ret_hdl:80040
07-28 17:18:52.122  1093  1167 I libPowerHal: [PE] vendor.samsung. update cmd:1000000, param:0
07-28 17:18:52.122  1093  1167 I libPowerHal: [PE] vendor.samsung. update cmd:1000000 param:0
07-28 17:18:52.122  1090  1150 I mtkpower_client: perf_lock_acq, hdl:0, dur:0, num:2, tid:1150
07-28 17:18:52.123  1093  1167 I libPowerHal: [perfLockRel] hdl:80039, idx:2
07-28 17:18:52.123  1093  1167 I libPowerHal: [PD] vendor.samsung. update cmd:1c3c000, param:1
07-28 17:18:52.123  1093  1167 I libPowerHal: [PD] (less) /proc/mcdi/state set +prefix:enable 1;
07-28 17:18:52.123  1090  1150 I mtkpower_client: ret_hdl:80041
07-28 17:18:52.123  1093  1167 I libPowerHal: [perfLockAcq] idx:0 hdl:80041 hint:-1 pid:1090 duration:0 lock_user:vendor.samsung. => ret_hdl:80041
07-28 17:18:52.124  1090  1150 I mtkpower_client: perf_lock_rel, hdl:80035, tid:1150
07-28 17:18:52.124  1093  1167 I libPowerHal: [PE] (less) /proc/mcdi/state set +prefix:enable 0;
07-28 17:18:52.126  1090  1150 I mtkpower_client: perf_lock_acq, hdl:0, dur:0, num:2, tid:1150
07-28 17:18:52.126  1127  3782 I SurfaceFlinger: id=175929 createSurf flag=24000, Surface(name=f87807e com.example.dogglers/com.example.dogglers.VerticalListActivity)/@0x6cf95d7 - animation-leash of starting_reveal#175929
07-28 17:18:52.127  1093  1167 I libPowerHal: [perfLockRel] hdl:80035, idx:1
07-28 17:18:52.127  1127  1127 I Layer   : Layer [com.example.dogglers/com.example.dogglers.VerticalListActivity$_8684#175926] hidden!! flag(0)
07-28 17:18:52.127  1093  1167 I libPowerHal: vendor.samsung.: cpu_ctrl set cpu freq: -1 -1 -1 -1
07-28 17:18:52.128  1090  1150 I mtkpower_client: ret_hdl:80042
07-28 17:18:52.128  1090  1150 I mtkpower_client: perf_lock_rel, hdl:80040, tid:1150
07-28 17:18:52.128  1093  1167 I libPowerHal: [perfLockAcq] idx:2 hdl:80042 hint:-1 pid:1090 duration:0 lock_user:vendor.samsung. => ret_hdl:80042
07-28 17:18:52.129  1624  5715 D InputDispatcher: Focus entered window (0): f87807e com.example.dogglers/com.example.dogglers.VerticalListActivity
07-28 17:18:52.130  8684  8684 D RootViewPicker: Root not ready - waiting: 25ms for one to appear.
07-28 17:18:52.131  8684  8684 I ViewRootImpl@60c5276[VerticalListActivity]: MSG_WINDOW_FOCUS_CHANGED 1 0
07-28 17:18:52.131  8684  8684 I ViewRootImpl@60c5276[VerticalListActivity]: mThreadedRenderer.initializeIfNeeded()#2 mSurface={isValid=true 0xb40000728f79e000}
07-28 17:18:52.133  8684  8684 D InputMethodManager: startInputInner - Id : 0
07-28 17:18:52.133  8684  8684 I InputMethodManager: startInputInner - mService.startInputOrWindowGainedFocus
07-28 17:18:52.134  1093  1167 I libPowerHal: vendor.samsung.: cpu_ctrl set cpu freq: 1800000 -1 -1 -1
07-28 17:18:52.134  1127  1127 D SurfaceFlinger: Display 0 HWC layers:
07-28 17:18:52.134  1127  1127 D SurfaceFlinger:      DEVICE | 0xb4000075f544bc00 | 0102 | RGBA_8888    |    0.0    0.0 1080.0 2400.0 |    0    0 1080 2400 | com.example.dogglers/com.example.dogglers.VerticalListActivity$_8684#175926
07-28 17:18:52.134  1127  1127 D SurfaceFlinger:      DEVICE | 0xb4000075f544b900 | 0100 | RGBA_8888    |    0.0    0.0 1080.0 2400.0 |    0    0 1080 2400 | Splash Screen com.example.dogglers$_2897#175919
07-28 17:18:52.134  1127  1127 D SurfaceFlinger:      DEVICE | 0xb4000075f544c980 | 0100 | RGBA_8888    |    0.0    0.0 1080.0   80.0 |    0    0 1080   80 | StatusBar$_2897#91
07-28 17:18:52.134  1127  1127 D SurfaceFlinger:      DEVICE | 0xb4000075f544c800 | 0100 | RGBA_8888    |    0.0    0.0 1080.0  135.0 |    0 2265 1080 2400 | NavigationBar0$_2897#86
07-28 17:18:52.134  1127  1127 D SurfaceFlinger:      DEVICE | 0xb4000075f544b300 | 0140 | RGBA_8888    |    0.0    0.0 1080.0  150.0 |    0    0 1080  150 | ScreenDecorOverlay$_2897#100
07-28 17:18:52.134  1127  1127 D SurfaceFlinger:      DEVICE | 0xb400007621856700 | 0140 | RGBA_8888    |    0.0    0.0 1080.0  150.0 |    0 2250 1080 2400 | ScreenDecorOverlayBottom$_2897#101
07-28 17:18:52.134  1127  1127 D SurfaceFlinger:
07-28 17:18:52.134  1093  1167 I libPowerHal: [perfLockRel] hdl:80040, idx:3
07-28 17:18:52.134  1624  5715 D InputMethodManagerService: mDesktopModeManager null!
07-28 17:18:52.134  1624  5715 V InputMethodManagerService: getDisplayIdOfInputMethodWindowToBeAdded: displayId=0
07-28 17:18:52.135  1093  1141 I mtkpower@impl: [setMode] type:5, enabled:0
07-28 17:18:52.135  1624  5715 D InputMethodManagerService: isImeSwitcherDisabledPackage : false
07-28 17:18:52.136  1090  1150 I mtkpower_client: perf_lock_acq, hdl:0, dur:0, num:2, tid:1150
07-28 17:18:52.136  1093  1167 I libPowerHal: [PD] vendor.samsung. update cmd:1000000, param:-1
07-28 17:18:52.136  1093  1167 I libPowerHal: [PD] vendor.samsung. update cmd:1000000 param:-1
07-28 17:18:52.137  1090  1150 I mtkpower_client: ret_hdl:80043
07-28 17:18:52.137  1090  1150 I HYPER-HAL: [RequestManager.cpp]releaseLocked(): Released ID : 1372028
07-28 17:18:52.137  1093  1167 I libPowerHal: [perfLockAcq] idx:1 hdl:80043 hint:-1 pid:1090 duration:0 lock_user:vendor.samsung. => ret_hdl:80043
07-28 17:18:52.137  1093  1167 I libPowerHal: [PE] vendor.samsung. update cmd:1000000, param:0
07-28 17:18:52.137  1093  1167 I libPowerHal: [PE] vendor.samsung. update cmd:1000000 param:0
07-28 17:18:52.141  1624  5715 D InputMethodManagerService: checkDisplayOfStartInputAndUpdateKeyboard: displayId=0, mFocusedDisplayId=0
07-28 17:18:52.141  1624  5715 D InputTransport: Input channel constructed: 'ClientS', fd=1355
07-28 17:18:52.141  1624  5715 D InputTransport: Input channel destroyed: 'ClientS', fd=1355
07-28 17:18:52.141  5607  5607 I HBD     : HoneyBoardService onFinishInput
07-28 17:18:52.142  5607  5607 I HBD     : a IC have been unbinding,  RemoteInputConnection{idHash=#ef1b17d}
07-28 17:18:52.142  5607  5607 I HBD     : HoneyBoardService [PF_CL][onFinishInput]  1 ms
07-28 17:18:52.142  5607  5607 I HBD     : HoneyBoardService [IMI] onStartInput - caller pid : 8684 , caller uid : 10520
07-28 17:18:52.142  5607  5607 I HBD     : j updateConfigs
07-28 17:18:52.142  5607  5607 I HBD     : j isEnabledNightMode : false
07-28 17:18:52.142  5607  5607 I HBD     : a IC have been binding, RemoteInputConnection{idHash=#4aad872}
07-28 17:18:52.142  5607  5607 I HBD     : h [EditorInputType]setPrivateImeOptionsToTable privateImeOptions ( null )
07-28 17:18:52.142  5607  5607 I HBD     : b incognitoMode : false
07-28 17:18:52.142  5607  5607 I HBD     : a needOff = true , isForceOff = false, isNullInputClass : true
07-28 17:18:52.142  1127  2095 I SurfaceFlinger: id=175930 createSurf flag=24004, Surface(name=d8adfc2 InputMethod)/@0xc2b360e - animation-leash of insets_animation#175930
07-28 17:18:52.142  5607  5607 I HBD     : h getDefaultInputRange : UNKNOWN
07-28 17:18:52.143  5607  5607 I HBD     : h getDefaultInputRange : UNKNOWN
07-28 17:18:52.143  5607  5607 I HBD     : h getDefaultInputRange : UNKNOWN
07-28 17:18:52.145  2897  2960 D OpenGLRenderer: setSurface called with nullptr
07-28 17:18:52.145  2897  2960 D OpenGLRenderer: setSurface() destroyed EGLSurface
07-28 17:18:52.145  2897  2960 D OpenGLRenderer: destroyEglSurface
07-28 17:18:52.147  1624  1688 W libprocessgroup: Failed to open /dev/blkio//cgroup.procs: No such file or directory
07-28 17:18:52.147  5607  5607 I HBD     : a needOff = true , isForceOff = false, isNullInputClass : true
07-28 17:18:52.147  5607  5607 I HBD     : a update cached prediction status : false
07-28 17:18:52.148  5607  5607 I HBD     : h getDefaultInputRange : UNKNOWN
07-28 17:18:52.148  5607  5607 I HBD     : a currentState : 0
07-28 17:18:52.149  5607  5607 I HBD     : a [UpdatePolicy] [post] a: 0 cl: 3342336 kit: [0/0] vt: 0 ir: 1
07-28 17:18:52.150  5607  5607 I HBD     : a [NRIC] resetNoResponseState
07-28 17:18:52.150  5607  5607 I HBD     : a needOff = true , isForceOff = false, isNullInputClass : true
07-28 17:18:52.150  2897  2945 I ViewRootImpl@ccae7cd[dogglers]: performTraversals params={(0,0)(fillxfill) sim={adjust=pan} ty=APPLICATION_STARTING fmt=TRANSLUCENT wanim=0x1030001 alpha=0.0
07-28 17:18:52.150  2897  2945 I ViewRootImpl@ccae7cd[dogglers]:   fl=81030118
07-28 17:18:52.150  2897  2945 I ViewRootImpl@ccae7cd[dogglers]:   pfl=16000010
07-28 17:18:52.150  2897  2945 I ViewRootImpl@ccae7cd[dogglers]:   bhv=DEFAULT
07-28 17:18:52.150  2897  2945 I ViewRootImpl@ccae7cd[dogglers]:   fitSides= naviIconColor=0}
07-28 17:18:52.151  1233  9321 I CameraService: onUidStateChanged: uid=10063, procState is changed. (1 -> 0)
07-28 17:18:52.151  5607  5607 I HBD     : a update cached prediction status : false
07-28 17:18:52.151  2897  2945 I ViewRootImpl@ccae7cd[dogglers]: performTraversals mFirst=false windowShouldResize=false viewVisibilityChanged=true mForceNextWindowRelayout=false params={(0,0)(fillxfill) sim={adjust=pan} ty=APPLICATION_STARTING fmt=TRANSLUCENT wanim=0x1030001 alpha=0.0
07-28 17:18:52.151  2897  2945 I ViewRootImpl@ccae7cd[dogglers]:   fl=81030118
07-28 17:18:52.151  2897  2945 I ViewRootImpl@ccae7cd[dogglers]:   pfl=16000010
07-28 17:18:52.151  2897  2945 I ViewRootImpl@ccae7cd[dogglers]:   bhv=DEFAULT
07-28 17:18:52.151  2897  2945 I ViewRootImpl@ccae7cd[dogglers]:   fitSides= naviIconColor=0}
07-28 17:18:52.151  8684  8684 D InsetsController: onStateChanged: InsetsState: {mDisplayFrame=Rect(0, 0 - 1080, 2400), mDisplayCutout=DisplayCutout{insets=Rect(0, 80 - 0, 0) waterfall=Insets{left=0, top=0, right=0, bottom=0} boundingRect={Bounds=[Rect(0, 0 - 0, 0), Rect(468, 0 - 612, 80), Rect(0, 0 - 0, 0), Rect(0, 0 - 0, 0)]} cutoutPathParserInfo={CutoutPathParserInfo{displayWidth=1080 displayHeight=2400 physicalDisplayWidth=1080 physicalDisplayHeight=2400 density={2.625} cutoutSpec={M 0,0 H -27.42857142857143 V 30.47619047619048 H 27.42857142857143 V 0 H 0 Z @dp} rotation={0} scale={1.0} physicalPixelDisplaySizeRatio={1.0}}}}, mRoundedCorners=RoundedCorners{[RoundedCorner{position=TopLeft, radius=90, center=Point(90, 90)}, RoundedCorner{position=TopRight, radius=90, center=Point(990, 90)}, RoundedCorner{position=BottomRight, radius=90, center=Point(990, 2310)}, RoundedCorner{position=BottomLeft, radius=90, center=Point(90, 2310)}]}  mRoundedCornerFrame=Rect(0, 0 - 1080, 2400), mPrivacyIndicatorBounds=PrivacyIndicatorBounds {static bounds=Rect(956, 0 - 1080, 80) rotation=0}, mSources= { InsetsSource: {mType=ITYPE_STATUS_BAR, mFrame=[0,0][1080,80], mVisible=true, mInsetsRoundedCornerFrame=false}, InsetsSource: {mType=ITYPE_NAVIGATION_BAR, mFrame=[0,2265][1080,2400], mVisible=true, mInsetsRoundedCornerFrame=false}, InsetsSource: {mType=ITYPE_LEFT_GESTURES, mFrame=[0,0][0,2400], mVisible=true, mInsetsRoundedCornerFrame=false}, InsetsSource: {mType=ITYPE_RIGHT_GESTURES, mFrame=[1080,0][1080,2400], mVisible=true, mInsetsRoundedCornerFrame=false}, InsetsSource: {mType=ITYPE_TOP_MANDATORY_GESTURES, mFrame=[0,0][1080,114], mVisible=true, mInsetsRoundedCornerFrame=false}, InsetsSource: {mType=ITYPE_BOTTOM_MANDATORY_GESTURES, mFrame=[0,2265][1080,2400], mVisible=true, mInsetsRoundedCornerFrame=false}, InsetsSource: {mType=ITYPE_LEFT_DISPLAY_CUTOUT, mFrame=[0,0][-100000,2400], mVisible=true, mInsetsRoundedCornerFrame=false}, InsetsSource: {mType=ITYPE_TOP_DISPLAY_CUTOUT, mFrame=[0,0][1080,80], mVisible=true, mInsetsRoundedCornerFrame=false}, InsetsSource: {mType=ITYPE_RIGHT_DISPLAY_CUTOUT, mFrame=[100000,0][1080,2400], mVisible=true, mInsetsRoundedCornerFrame=false}, InsetsSource: {mType=ITYPE_BOTTOM_DISPLAY_CUTOUT, mFrame=[0,100000][1080,2400], mVisible=true, mInsetsRoundedCornerFrame=false}, InsetsSource: {mType=ITYPE_TOP_TAPPABLE_ELEMENT, mFrame=[0,0][1080,80], mVisible=true, mInsetsRoundedCornerFrame=false}, InsetsSource: {mType=ITYPE_BOTTOM_TAPPABLE_ELEMENT, mFrame=[0,2265][1080,2400], mVisible=true, mInsetsRoundedCornerFrame=false}, InsetsSource: {mType=ITYPE_IME, mFrame=[0,0][0,0], mVisibleFrame=[0,1243][1080,2400], mVisible=false, mInsetsRoundedCornerFrame=false} } host=com.example.dogglers/com.example.dogglers.VerticalListActivity from=android.view.ViewRootImpl$ViewRootHandler.handleMessageImpl:6740
07-28 17:18:52.152  1624  5212 V WindowManager: Relayout Window{bfc5e22 u0 Splash Screen com.example.dogglers}: viewVisibility=8 req=1080x2400 d0
07-28 17:18:52.153  5607  5607 I HBD     : HoneyBoardService [PF_OP][onStartInput]  11 ms
07-28 17:18:52.157  1624  5715 D InputMethodManagerService: isImeSwitcherDisabledPackage : false
07-28 17:18:52.157  1624  5212 V WindowManager: Relayout hash=bfc5e22, pid=2897, syncId=-1: mAttrs={(0,0)(fillxfill) sim={adjust=pan} ty=APPLICATION_STARTING fmt=TRANSLUCENT wanim=0x1030001 alpha=0.0
07-28 17:18:52.157  1624  5212 V WindowManager:   fl=81030118
07-28 17:18:52.157  1624  5212 V WindowManager:   pfl=16000010
07-28 17:18:52.157  1624  5212 V WindowManager:   bhv=DEFAULT
07-28 17:18:52.157  1624  5212 V WindowManager:   fitSides= naviIconColor=0}
07-28 17:18:52.158  2897  2897 D NavigationBar: onSystemBarAttributesChanged() -  displayId:0, appearance:16, packageName: com.example.dogglers (APPEARANCE_LIGHT_NAVIGATION_BARS ), navbarColorManagedByIme:false
07-28 17:18:52.158  2897  2945 D BLASTBufferQueue: [ViewRootImpl@ccae7cd[dogglers]#7843](f:0,a:1) destructor()
07-28 17:18:52.159  2897  2945 D BufferQueueConsumer: [ViewRootImpl@ccae7cd[dogglers]#7843(BLAST Consumer)7843](id:b5100001ea3,api:0,p:-1,c:2897) disconnect
07-28 17:18:52.159  2897  2897 D SamsungLightBarControlHelper: updateNavigation(Black button) isLightBar:false, hasLightBarNavigationBarFlag:true, packageName:com.example.dogglers, DirectReplying:false, NavBarColorManagerdByIme:false, ForceDarkForScrim:false, QsCustomizing:false, PanelHasWhiteBg:true
07-28 17:18:52.160  2897  2945 I ViewRootImpl@ccae7cd[dogglers]: Relayout returned: old=(0,0,1080,2400) new=(0,0,1080,2400) req=(1080,2400)8 dur=7 res=0x2 s={false 0x0} ch=true seqId=0
07-28 17:18:52.160  2897  2945 I ViewRootImpl@ccae7cd[dogglers]: dispatchDetachedFromWindow
07-28 17:18:52.161  1127  1127 I Layer   : id=175914 removeFromCurrentState Surface(name=d8adfc2 InputMethod)/@0xc2b360e - animation-leash of insets_animation#175914 (123)
07-28 17:18:52.161  5607  5607 I InputMethodService: removeImeSurface
07-28 17:18:52.161  1127  1127 I Layer   : Layer [Splash Screen com.example.dogglers$_2897#175919] hidden!! flag(1)
07-28 17:18:52.161  5607  5607 I MSHandlerLifeCycle: check: return. pkg=com.samsung.android.honeyboard isActivity=false callers=com.android.internal.policy.DecorView.setVisibility:4411 android.app.Dialog.hide:767 android.inputmethodservice.InputMethodService.removeImeSurface:1290 android.inputmethodservice.InputMethodService.scheduleImeSurfaceRemoval:1279 android.inputmethodservice.InputMethodService.-$$Nest$mscheduleImeSurfaceRemoval:0
07-28 17:18:52.161  5607  5607 I MSHandlerLifeCycle: removeMultiSplitHandler: no exist. decor=DecorView@4ed7bdc[InputMethod]
07-28 17:18:52.161  1127  1127 I SurfaceFlinger: id=175914 Removed Surface(name=d8adfc2 InputMethod)/@0xc2b360e - animation-leash of insets_animation#175914 (123)
07-28 17:18:52.162  1127  1127 I Layer   : id=175914 Destroyed Surface(name=d8adfc2 InputMethod)/@0xc2b360e - animation-leash of insets_animation#175914
07-28 17:18:52.165  1624  5212 D InputTransport: Input channel destroyed: 'bfc5e22', fd=1348
07-28 17:18:52.165  1624  5212 W InputManager-JNI: Input channel object 'bfc5e22 Splash Screen com.example.dogglers (client)' was disposed without first being removed with the input manager!
07-28 17:18:52.165  1624  5212 D InputTransport: Input channel destroyed: 'bfc5e22', fd=1349
07-28 17:18:52.166  8684  8684 I ViewInteraction: Performing 'fast swipe' action on view view.getId() is <2131231207/com.example.dogglers:id/vertical_recycler_view>
07-28 17:18:52.167  1127  1127 D SurfaceFlinger: Display 0 HWC layers:
07-28 17:18:52.167  1127  1127 D SurfaceFlinger:      DEVICE | 0xb4000076232f1000 | 0102 | RGBA_8888    |    0.0    0.0 1080.0 2400.0 |    0    0 1080 2400 | com.example.dogglers/com.example.dogglers.VerticalListActivity$_8684#175926
07-28 17:18:52.167  1127  1127 D SurfaceFlinger:      DEVICE | 0xb4000075f544c980 | 0100 | RGBA_8888    |    0.0    0.0 1080.0   80.0 |    0    0 1080   80 | StatusBar$_2897#91
07-28 17:18:52.167  1127  1127 D SurfaceFlinger:      DEVICE | 0xb4000075f544c800 | 0100 | RGBA_8888    |    0.0    0.0 1080.0  135.0 |    0 2265 1080 2400 | NavigationBar0$_2897#86
07-28 17:18:52.167  1127  1127 D SurfaceFlinger:      DEVICE | 0xb4000075f544b300 | 0140 | RGBA_8888    |    0.0    0.0 1080.0  150.0 |    0    0 1080  150 | ScreenDecorOverlay$_2897#100
07-28 17:18:52.167  1127  1127 D SurfaceFlinger:      DEVICE | 0xb400007621856700 | 0140 | RGBA_8888    |    0.0    0.0 1080.0  150.0 |    0 2250 1080 2400 | ScreenDecorOverlayBottom$_2897#101
07-28 17:18:52.167  1127  1127 D SurfaceFlinger:
07-28 17:18:52.169  2897  2945 D InputTransport: Input channel destroyed: 'bfc5e22', fd=243
07-28 17:18:52.174  1624  5212 D InputDispatcher: Inject motion (8684/10520): action=0x0, time=1006961726000000, f=0x0, d=0 dsdx=1.000000 dtdx=0.000000
07-28 17:18:52.174  1624  2033 I InputDispatcher: Delivering touch to (2897): action: 0x4, f=0x0, d=0, '57253a2', t=0
07-28 17:18:52.174  1624  2033 I InputDispatcher: Delivering touch to (8684): action: 0x0, f=0x0, d=0, 'f87807e', t=0
07-28 17:18:52.175  1624  1666 I GestureDetector: obtain mCurrentDownEvent. id: -800636559 caller: com.android.server.wm.SystemGesturesPointerEventListener.onPointerEvent:203 com.android.server.wm.PointerEventDispatcher.onInputEvent:53 android.view.InputEventReceiver.dispatchInputEvent:285
07-28 17:18:52.175  1624  1666 I GestureDetector: obtain mCurrentDownEvent. id: -800636559 caller: com.android.server.wm.SystemPerformancePointerEventListener.onPointerEvent:89 com.android.server.wm.PointerEventDispatcher.onInputEvent:53 android.view.InputEventReceiver.dispatchInputEvent:285
07-28 17:18:52.177  1127  1127 I Layer   : id=175918 removeFromCurrentState bfc5e22 Splash Screen com.example.dogglers#175918 (122)
07-28 17:18:52.177  1127  1127 I Layer   : id=175919 removeFromCurrentState Splash Screen com.example.dogglers$_2897#175919 (122)
07-28 17:18:52.177  1127  1127 I Layer   : id=175929 removeFromCurrentState Surface(name=f87807e com.example.dogglers/com.example.dogglers.VerticalListActivity)/@0x6cf95d7 - animation-leash of starting_reveal#175929 (122)
07-28 17:18:52.177  1127  1127 I Layer   : id=175919 removeFromCurrentState Splash Screen com.example.dogglers$_2897#175919 (122)
07-28 17:18:52.178  1127  1127 I SurfaceFlinger: id=175918 Removed bfc5e22 Splash Screen com.example.dogglers#175918 (122)
07-28 17:18:52.178  1127  1127 I SurfaceFlinger: id=175919 Removed Splash Screen com.example.dogglers$_2897#175919 (122)
07-28 17:18:52.178  1127  1127 I Layer   : id=175918 Destroyed bfc5e22 Splash Screen com.example.dogglers#175918
07-28 17:18:52.178  1127  1127 I BufferQueueDebug: [Splash Screen com.example.dogglers$_2897#175919](this:0xb4000075f54c0838,id:-1,api:0,p:-1,c:1127) onDestructor()
07-28 17:18:52.178  1127  1127 I Layer   : id=175919 Destroyed Splash Screen com.example.dogglers$_2897#175919
07-28 17:18:52.180  8684  8684 I ViewRootImpl@60c5276[VerticalListActivity]: ViewPostIme pointer 0
07-28 17:18:52.194  1624  2825 D BrightnessHandler: inject brightness = 84.0, Brightness: 0.3282353
07-28 17:18:52.195  1085  1085 I SensorsHub: LightSensor::injectSensorData: brightness 84
07-28 17:18:52.196  1624  2825 D BrightnessHandler: inject brightness = 84.0, Brightness: 0.3282353
07-28 17:18:52.196  1085  1085 I SensorsHub: LightSensor::injectSensorData: brightness 84
07-28 17:18:52.196  1624  2825 D BrightnessHandler: inject brightness = 84.0, Brightness: 0.3282353
07-28 17:18:52.197  1085  1085 I SensorsHub: LightSensor::injectSensorData: brightness 84
07-28 17:18:52.197  1624  2825 D BrightnessHandler: inject brightness = 84.0, Brightness: 0.3282353
07-28 17:18:52.197  1085  1085 I SensorsHub: LightSensor::injectSensorData: brightness 84
07-28 17:18:52.198  1091  1091 I SehLight: lcd : 84+
07-28 17:18:52.204  1091  1091 I SehLight: lcd : 84-
07-28 17:18:52.282  8684  8697 I xample.dogglers: Compiler allocated 6133KB to compile void android.view.ViewRootImpl.performTraversals()
07-28 17:18:52.304  4741  4741 I A       : onPause
07-28 17:18:52.338  1624  2462 D InputDispatcher: Inject motion (8684/10520): action=0x1, time=1006961891000000, f=0x0, d=0 dsdx=1.000000 dtdx=0.000000
07-28 17:18:52.347  1624  1639 I system_server: Background concurrent copying GC freed 1102618(48MB) AllocSpace objects, 49(4692KB) LOS objects, 16% free, 124MB/148MB, paused 534us,604us total 1.001s
07-28 17:18:52.352  1042  1042 E audit   : type=1400 audit(1690553932.348:543266): avc:  denied  { read } for  pid=8684 comm="binder:8684_3" name="u:object_r:perf_prop:s0" dev="tmpfs" ino=2289 scontext=u:r:untrusted_app:s0:c8,c258,c512,c768 tcontext=u:object_r:perf_prop:s0 tclass=file permissive=0 SEPF_SM-A325F_12_0001 audit_filtered
07-28 17:18:52.352  8684  8767 W libc    : Access denied finding property "sys.perf.boostopt"
07-28 17:18:52.352  1042  1042 E audit   : type=1300 audit(1690553932.348:543266): arch=c00000b7 syscall=56 success=no exit=-13 a0=ffffff9c a1=72a8d7d2d8 a2=88000 a3=0 items=0 ppid=1064 pid=8684 auid=4294967295 uid=10520 gid=10520 euid=10520 suid=10520 fsuid=10520 egid=10520 sgid=10520 fsgid=10520 tty=(none) ses=4294967295 comm="binder:8684_3" exe="/system/bin/app_process64" subj=u:r:untrusted_app:s0:c8,c258,c512,c768 key=(null)
07-28 17:18:52.352  1042  1042 E audit   : type=1327 audit(1690553932.348:543266): proctitle="com.example.dogglers"
07-28 17:18:52.353  1127  3782 I SurfaceFlinger: id=175888 Removed Surface(name=7ae696d StatusBar)/@0x546cfe9 - animation-leash of insets_animation#175888 (120)
07-28 17:18:52.353  1127  3782 I SurfaceFlinger: id=175889 Removed Surface(name=57253a2 NavigationBar0)/@0x6398367 - animation-leash of insets_animation#175889 (120)
07-28 17:18:52.354  4741  4741 I A       : onStop
07-28 17:18:52.360  1127  1127 I Layer   : id=175888 Destroyed Surface(name=7ae696d StatusBar)/@0x546cfe9 - animation-leash of insets_animation#175888
07-28 17:18:52.360  1127  1127 I Layer   : id=175889 Destroyed Surface(name=57253a2 NavigationBar0)/@0x6398367 - animation-leash of insets_animation#175889
07-28 17:18:52.382  1090  8887 I mtkpower_client: perf_lock_rel, hdl:80041, tid:8887
07-28 17:18:52.382  1090  8887 I mtkpower_client: perf_lock_acq, hdl:0, dur:0, num:2, tid:8887
07-28 17:18:52.382  1093  1167 I libPowerHal: [perfLockRel] hdl:80041, idx:0
07-28 17:18:52.382  1093  1167 I libPowerHal: [PD] vendor.samsung. update cmd:1c3c000, param:1
07-28 17:18:52.383  1093  1167 I libPowerHal: [PD] (less) /proc/mcdi/state set +prefix:enable 1;
07-28 17:18:52.383  1090  8887 I mtkpower_client: ret_hdl:80044
07-28 17:18:52.383  1093  1167 I libPowerHal: [perfLockAcq] idx:0 hdl:80044 hint:-1 pid:1090 duration:0 lock_user:vendor.samsung. => ret_hdl:80044
07-28 17:18:52.383  1090  8887 I mtkpower_client: perf_lock_rel, hdl:80042, tid:8887
07-28 17:18:52.384  1093  1167 I libPowerHal: [PE] (less) /proc/mcdi/state set +prefix:enable 0;
07-28 17:18:52.384  1090  8887 I mtkpower_client: perf_lock_acq, hdl:0, dur:0, num:2, tid:8887
07-28 17:18:52.384  1093  1167 I libPowerHal: [perfLockRel] hdl:80042, idx:2
07-28 17:18:52.384  1093  1167 I libPowerHal: vendor.samsung.: cpu_ctrl set cpu freq: -1 -1 -1 -1
07-28 17:18:52.385  1090  8887 I mtkpower_client: ret_hdl:80045
07-28 17:18:52.385  1090  8887 I HYPER-HAL: [RequestManager.cpp]releaseLocked(): Released ID : 1370371
07-28 17:18:52.385  1093  1167 I libPowerHal: [perfLockAcq] idx:2 hdl:80045 hint:-1 pid:1090 duration:0 lock_user:vendor.samsung. => ret_hdl:80045
07-28 17:18:52.386  1093  1167 I libPowerHal: vendor.samsung.: cpu_ctrl set cpu freq: 1800000 -1 -1 -1
07-28 17:18:52.422  1090  8926 I mtkpower_client: perf_lock_rel, hdl:80044, tid:8926
07-28 17:18:52.422  1090  8926 I mtkpower_client: perf_lock_acq, hdl:0, dur:0, num:2, tid:8926
07-28 17:18:52.422  1093  1167 I libPowerHal: [perfLockRel] hdl:80044, idx:0
07-28 17:18:52.422  1093  1167 I libPowerHal: [PD] vendor.samsung. update cmd:1c3c000, param:1
07-28 17:18:52.422  1093  1167 I libPowerHal: [PD] (less) /proc/mcdi/state set +prefix:enable 1;
07-28 17:18:52.423  1090  8926 I mtkpower_client: ret_hdl:80046
07-28 17:18:52.423  1090  8926 I mtkpower_client: perf_lock_rel, hdl:80043, tid:8926
07-28 17:18:52.423  1093  1167 I libPowerHal: [perfLockAcq] idx:0 hdl:80046 hint:-1 pid:1090 duration:0 lock_user:vendor.samsung. => ret_hdl:80046
07-28 17:18:52.424  1093  1167 I libPowerHal: [PE] (less) /proc/mcdi/state set +prefix:enable 0;
07-28 17:18:52.424  8684  8684 I ViewInteraction: Checking 'MatchesViewAssertion{viewMatcher=(view has effective visibility <VISIBLE> and view.getGlobalVisibleRect() to return non-empty rectangle)}' assertion on view an instance of android.widget.TextView and view.getText() with or without transformation to match: is "Faye"
07-28 17:18:52.424  1090  8926 I mtkpower_client: perf_lock_acq, hdl:0, dur:0, num:2, tid:8926
07-28 17:18:52.424  8684  8684 E ViewAssertions: '(view has effective visibility <VISIBLE> and view.getGlobalVisibleRect() to return non-empty rectangle)' check could not be performed because view 'an instance of android.widget.TextView and view.getText() with or without transformation to match: is "Faye"' was not found.
07-28 17:18:52.424  1093  1167 I libPowerHal: [perfLockRel] hdl:80043, idx:1
07-28 17:18:52.425  1093  1167 I libPowerHal: [PD] vendor.samsung. update cmd:1000000, param:-1
07-28 17:18:52.426  1093  1167 I libPowerHal: [PD] vendor.samsung. update cmd:1000000 param:-1
07-28 17:18:52.427  1090  8926 I mtkpower_client: ret_hdl:80047
07-28 17:18:52.427  1093  1167 I libPowerHal: [perfLockAcq] idx:3 hdl:80047 hint:-1 pid:1090 duration:0 lock_user:vendor.samsung. => ret_hdl:80047
07-28 17:18:52.427  1090  8926 I HYPER-HAL: [RequestManager.cpp]releaseLocked(): Released ID : 1353856
07-28 17:18:52.428  1093  1167 I libPowerHal: [PE] vendor.samsung. update cmd:1000000, param:0
07-28 17:18:52.428  1093  1167 I libPowerHal: [PE] vendor.samsung. update cmd:1000000 param:0
07-28 17:18:52.432  1624  1668 I ChimeraSystemEventListener: appLaunchIntent package name is: com.example.dogglers
07-28 17:18:52.433  3746  3746 E pageboostd: Received HALT command code 2
07-28 17:18:52.434  1624  2462 I SemDvfsHyPerManager: acquire hyper - AMS_ACT_START/1624@19, type = -999
07-28 17:18:52.434  1090  1150 I HYPER-HAL: [RequestManager.cpp]acquire(): Acquired ID : 1350565  [1624 / 19]    HINT : AMS_ACT_START    list :
07-28 17:18:52.435  1090  1150 I mtkpower_client: perf_lock_rel, hdl:80045, tid:1150
07-28 17:18:52.435  1127  3782 I SurfaceFlinger: id=175931 createSurf flag=80004, ActivityRecord{7423bf u0 com.example.dogglers/androidx.test.core.app.InstrumentationActivityInvoker$EmptyActivity} t30272}#175931
07-28 17:18:52.435  1090  1150 I mtkpower_client: perf_lock_acq, hdl:0, dur:0, num:2, tid:1150
07-28 17:18:52.436  1093  1167 I libPowerHal: [perfLockRel] hdl:80045, idx:2
07-28 17:18:52.436  1093  1167 I libPowerHal: vendor.samsung.: cpu_ctrl set cpu freq: -1 -1 -1 -1
07-28 17:18:52.436  1090  1150 I mtkpower_client: ret_hdl:80048
07-28 17:18:52.436  1093  1167 I libPowerHal: [perfLockAcq] idx:1 hdl:80048 hint:-1 pid:1090 duration:0 lock_user:vendor.samsung. => ret_hdl:80048
07-28 17:18:52.436  1090  1150 I mtkpower_client: perf_lock_rel, hdl:80046, tid:1150
07-28 17:18:52.437  1624  1668 I SemPersonaManager: SecureFolder personaId = 150
07-28 17:18:52.439  1093  1167 I libPowerHal: vendor.samsung.: cpu_ctrl set cpu freq: 1800000 -1 -1 -1
07-28 17:18:52.439  1090  1150 I mtkpower_client: perf_lock_acq, hdl:0, dur:0, num:2, tid:1150
07-28 17:18:52.439  1093  1167 I libPowerHal: [perfLockRel] hdl:80046, idx:0
07-28 17:18:52.440  1093  1167 I libPowerHal: [PD] vendor.samsung. update cmd:1c3c000, param:1
07-28 17:18:52.440  1093  1167 I libPowerHal: [PD] (less) /proc/mcdi/state set +prefix:enable 1;
07-28 17:18:52.440  1090  1150 I mtkpower_client: ret_hdl:80049
07-28 17:18:52.440  1090  1150 I mtkpower_client: perf_lock_rel, hdl:80047, tid:1150
07-28 17:18:52.441  1093  1167 I libPowerHal: [perfLockAcq] idx:2 hdl:80049 hint:-1 pid:1090 duration:0 lock_user:vendor.samsung. => ret_hdl:80049
07-28 17:18:52.441  1093  1167 I libPowerHal: [PE] (less) /proc/mcdi/state set +prefix:enable 0;
07-28 17:18:52.441  1090  1150 I mtkpower_client: perf_lock_acq, hdl:0, dur:0, num:2, tid:1150
07-28 17:18:52.442  1093  1167 I libPowerHal: [perfLockRel] hdl:80047, idx:3
07-28 17:18:52.442  1093  1167 I libPowerHal: [PD] vendor.samsung. update cmd:1000000, param:-1
07-28 17:18:52.442  1093  1167 I libPowerHal: [PD] vendor.samsung. update cmd:1000000 param:-1
07-28 17:18:52.442  1090  1150 I mtkpower_client: ret_hdl:80050
07-28 17:18:52.442  1093  1167 I libPowerHal: [perfLockAcq] idx:0 hdl:80050 hint:-1 pid:1090 duration:0 lock_user:vendor.samsung. => ret_hdl:80050
07-28 17:18:52.443  1093  1167 I libPowerHal: [PE] vendor.samsung. update cmd:1000000, param:0
07-28 17:18:52.443  1093  1167 I libPowerHal: [PE] vendor.samsung. update cmd:1000000 param:0
07-28 17:18:52.446  1080  1169 I hwcomposer: [HWCDisplay] [Display_0 (type:1)] fps:42.487354,dur:1082.68,max:168.16,min:7.48
07-28 17:18:52.447  8684  8684 D LifecycleMonitor: Lifecycle status change: com.example.dogglers.VerticalListActivity@dc0b4f0 in: PAUSED
07-28 17:18:52.447  8684  8684 V ActivityScenario: Update currentActivityStage to PAUSED, currentActivity=com.example.dogglers.VerticalListActivity@dc0b4f0
07-28 17:18:52.454  1624  5212 D InputDispatcher: Focused application(0): ActivityRecord{7423bf u0 com.example.dogglers/androidx.test.core.app.InstrumentationActivityInvoker$EmptyActivity} t30272}
07-28 17:18:52.460  1127  1127 I SurfaceFlinger: [f87807e com.example.dogglers/com.example.dogglers.VerticalListActivity#175925] FrameRatePriority: -1
07-28 17:18:52.460  1624  1668 I SemPersonaManager: SecureFolder personaId = 150
07-28 17:18:52.467  8684  8684 D LifecycleMonitor: Lifecycle status change: androidx.test.core.app.InstrumentationActivityInvoker$EmptyActivity@118aa6 in: PRE_ON_CREATE
07-28 17:18:52.467  8684  8684 V ActivityScenario: Activity lifecycle changed event received but ignored because the intent does not match. startActivityIntent=Intent { act=android.intent.action.MAIN cat=[android.intent.category.LAUNCHER] cmp=com.example.dogglers/.VerticalListActivity }, activity.getIntent()=Intent { act=android.intent.action.MAIN cat=[android.intent.category.LAUNCHER] flg=0x10000000 cmp=com.example.dogglers/androidx.test.core.app.InstrumentationActivityInvoker$EmptyActivity }, activity=androidx.test.core.app.InstrumentationActivityInvoker$EmptyActivity@118aa6
07-28 17:18:52.469  1624  1641 W System  : A resource failed to call release.
07-28 17:18:52.473  1624  1641 W System  : A resource failed to call HardwareBuffer.close.
07-28 17:18:52.474  1624  1641 W System  : A resource failed to call release.
07-28 17:18:52.474  1624  1668 D EnterpriseDeviceManagerService: isMdmAdminPresentInternal() : MDM Admin Found - com.samsung.knox.securefolder
07-28 17:18:52.475  1624  3919 I MediaSessionMonitor: Media session stopped : not playing state
07-28 17:18:52.476  1127  1127 D SurfaceFlinger: [input] inputWindowCommands.focusRequests size is 1
07-28 17:18:52.477  1127  1386 D SurfaceFlinger: [input] setFocusedWindow: <null>
07-28 17:18:52.478  1624  5212 D InputDispatcher: Focus left window (0): f87807e com.example.dogglers/com.example.dogglers.VerticalListActivity
07-28 17:18:52.484  8684  8684 I DecorView: [INFO] isPopOver=false config=true
07-28 17:18:52.485  8684  8684 I DecorView: updateCaptionType: isFloating=false isApplication=true hasWindowDecorCaption=false this=DecorView@84b173d[]
07-28 17:18:52.485  8684  8684 D DecorView: setCaptionType = 0, this = DecorView@84b173d[]
07-28 17:18:52.489  8684  8684 I DecorView: getCurrentDensityDpi: from real metrics. densityDpi=450 msg=resources_loaded
07-28 17:18:52.489  8684  8684 I DecorView: setWindowBackground: isPopOver=false color=ff010101 d=android.graphics.drawable.StateListDrawable@f3bab32
07-28 17:18:52.490  8684  8684 D LifecycleMonitor: Lifecycle status change: androidx.test.core.app.InstrumentationActivityInvoker$EmptyActivity@118aa6 in: CREATED
07-28 17:18:52.490  8684  8684 V ActivityScenario: Activity lifecycle changed event received but ignored because the intent does not match. startActivityIntent=Intent { act=android.intent.action.MAIN cat=[android.intent.category.LAUNCHER] cmp=com.example.dogglers/.VerticalListActivity }, activity.getIntent()=Intent { act=android.intent.action.MAIN cat=[android.intent.category.LAUNCHER] flg=0x10000000 cmp=com.example.dogglers/androidx.test.core.app.InstrumentationActivityInvoker$EmptyActivity }, activity=androidx.test.core.app.InstrumentationActivityInvoker$EmptyActivity@118aa6
07-28 17:18:52.492  8684  8684 D LifecycleMonitor: Lifecycle status change: androidx.test.core.app.InstrumentationActivityInvoker$EmptyActivity@118aa6 in: STARTED
07-28 17:18:52.492  8684  8684 V ActivityScenario: Activity lifecycle changed event received but ignored because the intent does not match. startActivityIntent=Intent { act=android.intent.action.MAIN cat=[android.intent.category.LAUNCHER] cmp=com.example.dogglers/.VerticalListActivity }, activity.getIntent()=Intent { act=android.intent.action.MAIN cat=[android.intent.category.LAUNCHER] flg=0x10000000 cmp=com.example.dogglers/androidx.test.core.app.InstrumentationActivityInvoker$EmptyActivity }, activity=androidx.test.core.app.InstrumentationActivityInvoker$EmptyActivity@118aa6
07-28 17:18:52.495  8684  8684 D LifecycleMonitor: Lifecycle status change: androidx.test.core.app.InstrumentationActivityInvoker$EmptyActivity@118aa6 in: RESUMED
07-28 17:18:52.495  8684  8684 V ActivityScenario: Activity lifecycle changed event received but ignored because the intent does not match. startActivityIntent=Intent { act=android.intent.action.MAIN cat=[android.intent.category.LAUNCHER] cmp=com.example.dogglers/.VerticalListActivity }, activity.getIntent()=Intent { act=android.intent.action.MAIN cat=[android.intent.category.LAUNCHER] flg=0x10000000 cmp=com.example.dogglers/androidx.test.core.app.InstrumentationActivityInvoker$EmptyActivity }, activity=androidx.test.core.app.InstrumentationActivityInvoker$EmptyActivity@118aa6
07-28 17:18:52.496  8684  8684 I MSHandlerLifeCycle: check: return. pkg=com.example.dogglers parent=null callers=com.android.internal.policy.DecorView.setVisibility:4411 android.app.ActivityThread.handleResumeActivity:5476 android.app.servertransaction.ResumeActivityItem.execute:54 android.app.servertransaction.ActivityTransactionItem.execute:45 android.app.servertransaction.TransactionExecutor.executeLifecycleState:176
07-28 17:18:52.496  8684  8684 I MSHandlerLifeCycle: removeMultiSplitHandler: no exist. decor=DecorView@84b173d[]
07-28 17:18:52.497  1127  3782 D SurfaceFlinger: [SF client] NEW(0xb40000762185ab60) for (8684:com.example.dogglers)
07-28 17:18:52.500  8684  8768 D NativeCustomFrequencyManager: [NativeCFMS] BpCustomFrequencyManager::BpCustomFrequencyManager()
07-28 17:18:52.502  1624  2462 D InputTransport: Input channel constructed: 'dd3eb76', fd=839
07-28 17:18:52.502  1624  2462 D InputTransport: Input channel constructed: 'dd3eb76', fd=847
07-28 17:18:52.502  1624  2462 D InputTransport: Input channel constructed: 'dd3eb76', fd=855
07-28 17:18:52.503  1127  3782 I SurfaceFlinger: id=175932 createSurf flag=80004, dd3eb76 com.example.dogglers/androidx.test.core.app.InstrumentationActivityInvoker$EmptyActivity#175932
07-28 17:18:52.504  1624  2462 D InputTransport: Input channel destroyed: 'dd3eb76', fd=855
