07-28 18:56:33.456  9007  9007 I BLASTBufferQueue: new BLASTBufferQueue, mName= ViewRootImpl@6bd1ab5[VerticalListActivity] mNativeObject= 0xb400007316104800 sc.mNativeObject= 0xb400007297b0a860 caller= android.view.ViewRootImpl.updateBlastSurfaceIfNeeded:2909 android.view.ViewRootImpl.relayoutWindow:9847 android.view.ViewRootImpl.performTraversals:3884 android.view.ViewRootImpl.doTraversal:3116 android.view.ViewRootImpl$TraversalRunnable.run:10885 android.view.Choreographer$CallbackRecord.run:1301 android.view.Choreographer$CallbackRecord.run:1309 android.view.Choreographer.doCallbacks:923 android.view.Choreographer.doFrame:852 android.view.Choreographer$FrameDisplayEventReceiver.run:1283
07-28 18:56:33.456  9007  9007 I BLASTBufferQueue: update, w= 1080 h= 2400 mName = ViewRootImpl@6bd1ab5[VerticalListActivity] mNativeObject= 0xb400007316104800 sc.mNativeObject= 0xb400007297b0a860 format= -1 caller= android.graphics.BLASTBufferQueue.<init>:84 android.view.ViewRootImpl.updateBlastSurfaceIfNeeded:2909 android.view.ViewRootImpl.relayoutWindow:9847 android.view.ViewRootImpl.performTraversals:3884 android.view.ViewRootImpl.doTraversal:3116 android.view.ViewRootImpl$TraversalRunnable.run:10885
07-28 18:56:33.457  9007  9007 I ViewRootImpl@6bd1ab5[VerticalListActivity]: Relayout returned: old=(0,0,1080,2400) new=(0,0,1080,2400) req=(1080,2400)0 dur=11 res=0x3 s={true 0xb400007296645800} ch=true seqId=0
07-28 18:56:33.458  9007  9007 I ViewRootImpl@6bd1ab5[VerticalListActivity]: mThreadedRenderer.initialize() mSurface={isValid=true 0xb400007296645800} hwInitialized=true
07-28 18:56:33.458  9007  9037 D OpenGLRenderer: eglCreateWindowSurface
07-28 18:56:33.469  3393 16210 I RecentModel: onTaskStackChangedBackground
07-28 18:56:33.470  1127  1127 I Layer   : id=178930 removeFromCurrentState Surface(name=f59a3f7 StatusBar)/@0xc90eccd - animation-leash of insets_animation#178930 (120)
07-28 18:56:33.470  1127  1127 I Layer   : id=178931 removeFromCurrentState Surface(name=3aacd27 NavigationBar0)/@0x501b17d - animation-leash of insets_animation#178931 (120)
07-28 18:56:33.470  1127  1127 I SurfaceFlinger: [7a47342 com.example.dogglers/com.example.dogglers.VerticalListActivity#178947] FrameRatePriority: 1
07-28 18:56:33.470  1127  1127 D SurfaceFlinger: [input] inputWindowCommands.focusRequests size is 1
07-28 18:56:33.470  1127  1127 I SurfaceFlinger: id=178930 Removed Surface(name=f59a3f7 StatusBar)/@0xc90eccd - animation-leash of insets_animation#178930 (120)
07-28 18:56:33.470  1127  1127 I SurfaceFlinger: id=178931 Removed Surface(name=3aacd27 NavigationBar0)/@0x501b17d - animation-leash of insets_animation#178931 (120)
07-28 18:56:33.470  1127  1127 I Layer   : id=178930 Destroyed Surface(name=f59a3f7 StatusBar)/@0xc90eccd - animation-leash of insets_animation#178930
07-28 18:56:33.470  1127  1127 I Layer   : id=178931 Destroyed Surface(name=3aacd27 NavigationBar0)/@0x501b17d - animation-leash of insets_animation#178931
07-28 18:56:33.471  1127  1386 D SurfaceFlinger: [input] setFocusedWindow: 7a47342 com.example.dogglers/com.example.dogglers.VerticalListActivity
07-28 18:56:33.471  1624  2958 D InputDispatcher: Focus request (0): 7a47342 com.example.dogglers/com.example.dogglers.VerticalListActivity but waiting because NO_WINDOW
07-28 18:56:33.509  9007  9007 I ViewRootImpl@6bd1ab5[VerticalListActivity]: reportNextDraw android.view.ViewRootImpl.performTraversals:4438 android.view.ViewRootImpl.doTraversal:3116 android.view.ViewRootImpl$TraversalRunnable.run:10885 android.view.Choreographer$CallbackRecord.run:1301 android.view.Choreographer$CallbackRecord.run:1309
07-28 18:56:33.509  9007  9007 I ViewRootImpl@6bd1ab5[VerticalListActivity]: Setup new sync id=0
07-28 18:56:33.509  9007  9007 I ViewRootImpl@6bd1ab5[VerticalListActivity]: Setting syncFrameCallback
07-28 18:56:33.509  9007  9007 I ViewRootImpl@6bd1ab5[VerticalListActivity]: registerCallbacksForSync syncBuffer=false
07-28 18:56:33.521  9007  9062 I ViewRootImpl@6bd1ab5[VerticalListActivity]: Received frameDrawingCallback syncResult=0 frameNum=1.
07-28 18:56:33.521  9007  9062 I ViewRootImpl@6bd1ab5[VerticalListActivity]: Setting up sync and frameCommitCallback
07-28 18:56:33.526  9007  9037 I BLASTBufferQueue: [ViewRootImpl@6bd1ab5[VerticalListActivity]#9](f:0,a:0) onFrameAvailable the first frame is available
07-28 18:56:33.526  9007  9037 D BLASTBufferQueue: [ViewRootImpl@6bd1ab5[VerticalListActivity]#9](f:0,a:1) acquireNextBufferLocked size=1080x2400 mFrameNumber=1 applyTransaction=true mTimestamp=1010962325772872(auto) mPendingTransactions.size=0 graphicBufferId=38684770435101 transform=0
07-28 18:56:33.527  9007  9037 I ViewRootImpl@6bd1ab5[VerticalListActivity]: Received frameCommittedCallback lastAttemptedDrawFrameNum=1 didProduceBuffer=true
07-28 18:56:33.527  9007  9037 D OpenGLRenderer: CFMS:: SetUp Pid : 9007    Tid : 9037
07-28 18:56:33.528  9007  9037 W Parcel  : Expecting binder but got null!
07-28 18:56:33.528  9007  9007 I ViewRootImpl@6bd1ab5[VerticalListActivity]: onSyncComplete
07-28 18:56:33.529  9007  9007 I ViewRootImpl@6bd1ab5[VerticalListActivity]: setupSync seqId=0 mSyncId=0 fn=1 caller=android.view.ViewRootImpl$$ExternalSyntheticLambda11.accept:6 android.window.SurfaceSyncer.lambda$setupSync$1$android-window-SurfaceSyncer:128 android.window.SurfaceSyncer$$ExternalSyntheticLambda1.accept:8 android.window.SurfaceSyncer$SyncSet.checkIfSyncIsComplete:382 android.window.SurfaceSyncer$SyncSet.markSyncReady:359 android.window.SurfaceSyncer.markSyncReady:151 android.view.ViewRootImpl.performTraversals:4503
07-28 18:56:33.529  9007  9007 I ViewRootImpl@6bd1ab5[VerticalListActivity]: reportDrawFinished seqId=0 mSyncId=-1 fn=1 mSurfaceChangedTransaction=0xb400007316478f00
07-28 18:56:33.534  1624  1669 I SemDvfsHyPerManager: acquire hyper - AMS_RESUME_TAIL/1624@21, type = -999
07-28 18:56:33.534  1624  1669 I SemDvfsHyPerManager: acquire hyper - AMS_ACT_LAZY/1624@22, type = -999
07-28 18:56:33.534  1090  1150 I HYPER-HAL: [RequestManager.cpp]acquire(): Acquired ID : 1353856  [1624 / 21]    HINT : AMS_RESUME_TAIL    list :
07-28 18:56:33.534  1624  1665 W ziparchive: Unable to open '/data/app/~~RqwEkAPnBZtTvJ-WAeAgzw==/com.example.dogglers-LNHwQbSjO_yQRomBmsyq3g==/base.dm': No such file or directory
07-28 18:56:33.535  1090  1150 I mtkpower_client: perf_lock_rel, hdl:81846, tid:1150
07-28 18:56:33.535  1624  3610 E libprocessgroup: Failed to find cgroup for tid 3610
07-28 18:56:33.535  1624  3610 W libprocessgroup: Failed to apply DoNothingOlaf task profile: Try again
07-28 18:56:33.535  1090  1150 I mtkpower_client: perf_lock_acq, hdl:0, dur:0, num:2, tid:1150
07-28 18:56:33.535  1624  1665 I PkgPredictorService-SecIpmManagerServiceImpl: reportToNAP uid:10520 com.example.dogglers/com.example.dogglers.VerticalListActivity thisTime:269
07-28 18:56:33.535  1093  1167 I libPowerHal: [perfLockRel] hdl:81846, idx:2
07-28 18:56:33.535  1093  1167 I libPowerHal: [PD] vendor.samsung. update cmd:1c3c000, param:1
07-28 18:56:33.536  1093  1167 I libPowerHal: [PD] (less) /proc/mcdi/state set +prefix:enable 1;
07-28 18:56:33.537  1127  1127 D BufferStateLayer: com.example.dogglers/com.example.dogglers.VerticalListActivity$_9007#178948 setBuffer frameId=1, bufferId=38684770435101 fenceId=432, w= 1080, h=2400
07-28 18:56:33.537  1624  1665 I ActivityTaskManager: Displayed com.example.dogglers/.VerticalListActivity: +269ms
07-28 18:56:33.537  1093  1167 I libPowerHal: [perfLockAcq] idx:2 hdl:81849 hint:-1 pid:1090 duration:0 lock_user:vendor.samsung. => ret_hdl:81849
07-28 18:56:33.537  1093  1167 I libPowerHal: [PE] (less) /proc/mcdi/state set +prefix:enable 0;
07-28 18:56:33.538  1090  1150 I mtkpower_client: ret_hdl:81849
07-28 18:56:33.538  1090  1150 I mtkpower_client: perf_lock_rel, hdl:81848, tid:1150
07-28 18:56:33.538  9007  9007 D RootViewPicker: Root not ready - waiting: 10ms for one to appear.
07-28 18:56:33.538  3746  3746 E pageboostd: Received HALT command code 2
07-28 18:56:33.539  1127  1177 I SurfaceFlinger: id=178951 createSurf flag=24000, Surface(name=7a47342 com.example.dogglers/com.example.dogglers.VerticalListActivity)/@0x36661a8 - animation-leash of starting_reveal#178951
07-28 18:56:33.539  1624  2705 D InputDispatcher: Focus entered window (0): 7a47342 com.example.dogglers/com.example.dogglers.VerticalListActivity
07-28 18:56:33.540  1090  1150 I mtkpower_client: perf_lock_acq, hdl:0, dur:0, num:2, tid:1150
07-28 18:56:33.540  9007  9007 I ViewRootImpl@6bd1ab5[VerticalListActivity]: MSG_WINDOW_FOCUS_CHANGED 1 0
07-28 18:56:33.541  1093  1167 I libPowerHal: [perfLockRel] hdl:81848, idx:0
07-28 18:56:33.541  1093  1167 I libPowerHal: [PD] vendor.samsung. update cmd:1000000, param:-1
07-28 18:56:33.541  9007  9007 I ViewRootImpl@6bd1ab5[VerticalListActivity]: mThreadedRenderer.initializeIfNeeded()#2 mSurface={isValid=true 0xb400007296645800}
07-28 18:56:33.541  1093  1167 I libPowerHal: [PD] vendor.samsung. update cmd:1000000 param:-1
07-28 18:56:33.542  1093  1167 I libPowerHal: [perfLockAcq] idx:3 hdl:81850 hint:-1 pid:1090 duration:0 lock_user:vendor.samsung. => ret_hdl:81850
07-28 18:56:33.542  1090  1150 I mtkpower_client: ret_hdl:81850
07-28 18:56:33.543  1093  1167 I libPowerHal: [PE] vendor.samsung. update cmd:1000000, param:0
07-28 18:56:33.543  9007  9007 D InputMethodManager: startInputInner - Id : 0
07-28 18:56:33.543  1093  1141 I mtkpower@impl: [setMode] type:5, enabled:0
07-28 18:56:33.543  1093  1167 I libPowerHal: [PE] vendor.samsung. update cmd:1000000 param:0
07-28 18:56:33.543  9007  9007 I InputMethodManager: startInputInner - mService.startInputOrWindowGainedFocus
07-28 18:56:33.543  1090  1150 I mtkpower_client: perf_lock_rel, hdl:81849, tid:1150
07-28 18:56:33.543  1090  1150 I mtkpower_client: perf_lock_acq, hdl:0, dur:0, num:2, tid:1150
07-28 18:56:33.544  1093  1167 I libPowerHal: [perfLockRel] hdl:81849, idx:2
07-28 18:56:33.544  1093  1167 I libPowerHal: [PD] vendor.samsung. update cmd:1c3c000, param:1
07-28 18:56:33.545  1127  1127 D SurfaceFlinger: Display 0 HWC layers:
07-28 18:56:33.545  1127  1127 D SurfaceFlinger:      DEVICE | 0xb400007623228980 | 0102 | RGBA_8888    |    0.0    0.0 1080.0 2400.0 |    0    0 1080 2400 | com.example.dogglers/com.example.dogglers.VerticalListActivity$_9007#178948
07-28 18:56:33.545  1127  1127 D SurfaceFlinger:      DEVICE | 0xb400007623229e80 | 0100 | RGBA_8888    |    0.0    0.0 1080.0 2400.0 |    0    0 1080 2400 | Splash Screen com.example.dogglers$_17091#178941
07-28 18:56:33.545  1127  1127 D SurfaceFlinger:      DEVICE | 0xb400007623228f80 | 0100 | RGBA_8888    |    0.0    0.0 1080.0   80.0 |    0    0 1080   80 | StatusBar$_17091#176350
07-28 18:56:33.545  1127  1127 D SurfaceFlinger:      DEVICE | 0xb4000075f544b480 | 0100 | RGBA_8888    |    0.0    0.0 1080.0  135.0 |    0 2265 1080 2400 | NavigationBar0$_17091#176345
07-28 18:56:33.545  1127  1127 D SurfaceFlinger:      DEVICE | 0xb4000076232f1a80 | 0140 | RGBA_8888    |    0.0    0.0 1080.0  150.0 |    0    0 1080  150 | ScreenDecorOverlay$_17091#176358
07-28 18:56:33.545  1127  1127 D SurfaceFlinger:      DEVICE | 0xb400007621856400 | 0140 | RGBA_8888    |    0.0    0.0 1080.0  150.0 |    0 2250 1080 2400 | ScreenDecorOverlayBottom$_17091#176359
07-28 18:56:33.545  1127  1127 D SurfaceFlinger:
07-28 18:56:33.546  1093  1167 I libPowerHal: [PD] (less) /proc/mcdi/state set +prefix:enable 1;
07-28 18:56:33.546  1090  1150 I mtkpower_client: ret_hdl:81851
07-28 18:56:33.547  1093  1167 I libPowerHal: [perfLockAcq] idx:0 hdl:81851 hint:-1 pid:1090 duration:0 lock_user:vendor.samsung. => ret_hdl:81851
07-28 18:56:33.547  1090  1150 I mtkpower_client: perf_lock_rel, hdl:81847, tid:1150
07-28 18:56:33.547  1093  1167 I libPowerHal: [PE] (less) /proc/mcdi/state set +prefix:enable 0;
07-28 18:56:33.547  1624  2705 D InputMethodManagerService: mDesktopModeManager null!
07-28 18:56:33.547  1624  2705 V InputMethodManagerService: getDisplayIdOfInputMethodWindowToBeAdded: displayId=0
07-28 18:56:33.547  1090  1150 I mtkpower_client: perf_lock_acq, hdl:0, dur:0, num:2, tid:1150
07-28 18:56:33.548  1093  1167 I libPowerHal: [perfLockRel] hdl:81847, idx:1
07-28 18:56:33.548  1624  2705 D InputMethodManagerService: isImeSwitcherDisabledPackage : false
07-28 18:56:33.549  1093  1167 I libPowerHal: vendor.samsung.: cpu_ctrl set cpu freq: -1 -1 -1 -1
07-28 18:56:33.549  1624  2705 D InputMethodManagerService: checkDisplayOfStartInputAndUpdateKeyboard: displayId=0, mFocusedDisplayId=0
07-28 18:56:33.549  1624  2705 D InputTransport: Input channel constructed: 'ClientS', fd=1103
07-28 18:56:33.549  1624  2705 D InputTransport: Input channel destroyed: 'ClientS', fd=1103
07-28 18:56:33.549  1090  1150 I mtkpower_client: ret_hdl:81852
07-28 18:56:33.550  1090  1150 I mtkpower_client: perf_lock_rel, hdl:81850, tid:1150
07-28 18:56:33.550  1093  1167 I libPowerHal: [perfLockAcq] idx:2 hdl:81852 hint:-1 pid:1090 duration:0 lock_user:vendor.samsung. => ret_hdl:81852
07-28 18:56:33.550  5607  5607 I HBD     : HoneyBoardService onFinishInput
07-28 18:56:33.550  1093  1167 I libPowerHal: vendor.samsung.: cpu_ctrl set cpu freq: 1800000 -1 -1 -1
07-28 18:56:33.550  5607  5607 I HBD     : a IC have been unbinding,  RemoteInputConnection{idHash=#5ba3f26}
07-28 18:56:33.550  5607  5607 I HBD     : HoneyBoardService [PF_CL][onFinishInput]  0 ms
07-28 18:56:33.551  5607  5607 I HBD     : HoneyBoardService [IMI] onStartInput - caller pid : 9007 , caller uid : 10520
07-28 18:56:33.551  1090  1150 I mtkpower_client: perf_lock_acq, hdl:0, dur:0, num:2, tid:1150
07-28 18:56:33.551  5607  5607 I HBD     : j updateConfigs
07-28 18:56:33.551  5607  5607 I HBD     : j isEnabledNightMode : false
07-28 18:56:33.551  5607  5607 I HBD     : a IC have been binding, RemoteInputConnection{idHash=#ceea767}
07-28 18:56:33.551  5607  5607 I HBD     : h [EditorInputType]setPrivateImeOptionsToTable privateImeOptions ( null )
07-28 18:56:33.551  5607  5607 I HBD     : b incognitoMode : false
07-28 18:56:33.551  1093  1167 I libPowerHal: [perfLockRel] hdl:81850, idx:3
07-28 18:56:33.551  5607  5607 I HBD     : a needOff = true , isForceOff = false, isNullInputClass : true
07-28 18:56:33.551  1093  1167 I libPowerHal: [PD] vendor.samsung. update cmd:1000000, param:-1
07-28 18:56:33.551  5607  5607 I HBD     : h getDefaultInputRange : UNKNOWN
07-28 18:56:33.551  5607  5607 I HBD     : h getDefaultInputRange : UNKNOWN
07-28 18:56:33.551  5607  5607 I HBD     : h getDefaultInputRange : UNKNOWN
07-28 18:56:33.552  1127  1177 I SurfaceFlinger: id=178952 createSurf flag=24004, Surface(name=d8adfc2 InputMethod)/@0xc2b360e - animation-leash of insets_animation#178952
07-28 18:56:33.552  1093  1167 I libPowerHal: [PD] vendor.samsung. update cmd:1000000 param:-1
07-28 18:56:33.552  1090  1150 I mtkpower_client: ret_hdl:81853
07-28 18:56:33.552  1090  1150 I HYPER-HAL: [RequestManager.cpp]releaseLocked(): Released ID : 1372028
07-28 18:56:33.553  1093  1167 I libPowerHal: [perfLockAcq] idx:1 hdl:81853 hint:-1 pid:1090 duration:0 lock_user:vendor.samsung. => ret_hdl:81853
07-28 18:56:33.553  1093  1167 I libPowerHal: [PE] vendor.samsung. update cmd:1000000, param:0
07-28 18:56:33.553  1093  1167 I libPowerHal: [PE] vendor.samsung. update cmd:1000000 param:0
07-28 18:56:33.553  5607  5607 I HBD     : a needOff = true , isForceOff = false, isNullInputClass : true
07-28 18:56:33.553  5607  5607 I HBD     : a update cached prediction status : false
07-28 18:56:33.553  5607  5607 I HBD     : h getDefaultInputRange : UNKNOWN
07-28 18:56:33.553  5607  5607 I HBD     : a currentState : 0
07-28 18:56:33.554  5607  5607 I HBD     : a [UpdatePolicy] [post] a: 0 cl: 65538 kit: [0/0] vt: 0 ir: 1
07-28 18:56:33.554  5607  5607 I HBD     : a [NRIC] resetNoResponseState
07-28 18:56:33.554  5607  5607 I HBD     : a needOff = true , isForceOff = false, isNullInputClass : true
07-28 18:56:33.554 17091 17124 D OpenGLRenderer: setSurface called with nullptr
07-28 18:56:33.554  5607  5607 I HBD     : a update cached prediction status : false
07-28 18:56:33.555 17091 17124 D OpenGLRenderer: setSurface() destroyed EGLSurface
07-28 18:56:33.555 17091 17124 D OpenGLRenderer: destroyEglSurface
07-28 18:56:33.555  5607  5607 I HBD     : HoneyBoardService [PF_OP][onStartInput]  4 ms
07-28 18:56:33.557 17091 17121 I ViewRootImpl@2ebb777[dogglers]: performTraversals params={(0,0)(fillxfill) sim={adjust=pan} ty=APPLICATION_STARTING fmt=TRANSLUCENT wanim=0x1030001 alpha=0.0
07-28 18:56:33.557 17091 17121 I ViewRootImpl@2ebb777[dogglers]:   fl=81030118
07-28 18:56:33.557 17091 17121 I ViewRootImpl@2ebb777[dogglers]:   pfl=16000010
07-28 18:56:33.557 17091 17121 I ViewRootImpl@2ebb777[dogglers]:   bhv=DEFAULT
07-28 18:56:33.557 17091 17121 I ViewRootImpl@2ebb777[dogglers]:   fitSides= naviIconColor=0}
07-28 18:56:33.557  1624  1688 W libprocessgroup: Failed to open /dev/blkio//cgroup.procs: No such file or directory
07-28 18:56:33.557 17091 17121 I ViewRootImpl@2ebb777[dogglers]: performTraversals mFirst=false windowShouldResize=false viewVisibilityChanged=true mForceNextWindowRelayout=false params={(0,0)(fillxfill) sim={adjust=pan} ty=APPLICATION_STARTING fmt=TRANSLUCENT wanim=0x1030001 alpha=0.0
07-28 18:56:33.557 17091 17121 I ViewRootImpl@2ebb777[dogglers]:   fl=81030118
07-28 18:56:33.557 17091 17121 I ViewRootImpl@2ebb777[dogglers]:   pfl=16000010
07-28 18:56:33.557 17091 17121 I ViewRootImpl@2ebb777[dogglers]:   bhv=DEFAULT
07-28 18:56:33.557 17091 17121 I ViewRootImpl@2ebb777[dogglers]:   fitSides= naviIconColor=0}
07-28 18:56:33.558  1624  3704 V WindowManager: Relayout Window{d500f7e u0 Splash Screen com.example.dogglers}: viewVisibility=8 req=1080x2400 d0
07-28 18:56:33.559  1233  4822 I CameraService: onUidStateChanged: uid=10063, procState is changed. (1 -> 0)
07-28 18:56:33.560 17091 17091 D NavigationBar: onSystemBarAttributesChanged() -  displayId:0, appearance:16, packageName: com.example.dogglers (APPEARANCE_LIGHT_NAVIGATION_BARS ), navbarColorManagedByIme:false
07-28 18:56:33.562 17091 17091 D SamsungLightBarControlHelper: updateNavigation(Black button) isLightBar:false, hasLightBarNavigationBarFlag:true, packageName:com.example.dogglers, DirectReplying:false, NavBarColorManagerdByIme:false, ForceDarkForScrim:false, QsCustomizing:false, PanelHasWhiteBg:true
07-28 18:56:33.563  9007  9007 D InsetsController: onStateChanged: InsetsState: {mDisplayFrame=Rect(0, 0 - 1080, 2400), mDisplayCutout=DisplayCutout{insets=Rect(0, 80 - 0, 0) waterfall=Insets{left=0, top=0, right=0, bottom=0} boundingRect={Bounds=[Rect(0, 0 - 0, 0), Rect(468, 0 - 612, 80), Rect(0, 0 - 0, 0), Rect(0, 0 - 0, 0)]} cutoutPathParserInfo={CutoutPathParserInfo{displayWidth=1080 displayHeight=2400 physicalDisplayWidth=1080 physicalDisplayHeight=2400 density={2.625} cutoutSpec={M 0,0 H -27.42857142857143 V 30.47619047619048 H 27.42857142857143 V 0 H 0 Z @dp} rotation={0} scale={1.0} physicalPixelDisplaySizeRatio={1.0}}}}, mRoundedCorners=RoundedCorners{[RoundedCorner{position=TopLeft, radius=90, center=Point(90, 90)}, RoundedCorner{position=TopRight, radius=90, center=Point(990, 90)}, RoundedCorner{position=BottomRight, radius=90, center=Point(990, 2310)}, RoundedCorner{position=BottomLeft, radius=90, center=Point(90, 2310)}]}  mRoundedCornerFrame=Rect(0, 0 - 1080, 2400), mPrivacyIndicatorBounds=PrivacyIndicatorBounds {static bounds=Rect(956, 0 - 1080, 80) rotation=0}, mSources= { InsetsSource: {mType=ITYPE_STATUS_BAR, mFrame=[0,0][1080,80], mVisible=true, mInsetsRoundedCornerFrame=false}, InsetsSource: {mType=ITYPE_NAVIGATION_BAR, mFrame=[0,2265][1080,2400], mVisible=true, mInsetsRoundedCornerFrame=false}, InsetsSource: {mType=ITYPE_LEFT_GESTURES, mFrame=[0,0][0,2400], mVisible=true, mInsetsRoundedCornerFrame=false}, InsetsSource: {mType=ITYPE_RIGHT_GESTURES, mFrame=[1080,0][1080,2400], mVisible=true, mInsetsRoundedCornerFrame=false}, InsetsSource: {mType=ITYPE_TOP_MANDATORY_GESTURES, mFrame=[0,0][1080,114], mVisible=true, mInsetsRoundedCornerFrame=false}, InsetsSource: {mType=ITYPE_BOTTOM_MANDATORY_GESTURES, mFrame=[0,2265][1080,2400], mVisible=true, mInsetsRoundedCornerFrame=false}, InsetsSource: {mType=ITYPE_LEFT_DISPLAY_CUTOUT, mFrame=[0,0][-100000,2400], mVisible=true, mInsetsRoundedCornerFrame=false}, InsetsSource: {mType=ITYPE_TOP_DISPLAY_CUTOUT, mFrame=[0,0][1080,80], mVisible=true, mInsetsRoundedCornerFrame=false}, InsetsSource: {mType=ITYPE_RIGHT_DISPLAY_CUTOUT, mFrame=[100000,0][1080,2400], mVisible=true, mInsetsRoundedCornerFrame=false}, InsetsSource: {mType=ITYPE_BOTTOM_DISPLAY_CUTOUT, mFrame=[0,100000][1080,2400], mVisible=true, mInsetsRoundedCornerFrame=false}, InsetsSource: {mType=ITYPE_TOP_TAPPABLE_ELEMENT, mFrame=[0,0][1080,80], mVisible=true, mInsetsRoundedCornerFrame=false}, InsetsSource: {mType=ITYPE_BOTTOM_TAPPABLE_ELEMENT, mFrame=[0,2265][1080,2400], mVisible=true, mInsetsRoundedCornerFrame=false}, InsetsSource: {mType=ITYPE_IME, mFrame=[0,0][0,0], mVisibleFrame=[0,1243][1080,2400], mVisible=false, mInsetsRoundedCornerFrame=false} } host=com.example.dogglers/com.example.dogglers.VerticalListActivity from=android.view.ViewRootImpl$ViewRootHandler.handleMessageImpl:6740
07-28 18:56:33.563  1624  3704 V WindowManager: Relayout hash=d500f7e, pid=17091, syncId=-1: mAttrs={(0,0)(fillxfill) sim={adjust=pan} ty=APPLICATION_STARTING fmt=TRANSLUCENT wanim=0x1030001 alpha=0.0
07-28 18:56:33.563  1624  3704 V WindowManager:   fl=81030118
07-28 18:56:33.563  1624  3704 V WindowManager:   pfl=16000010
07-28 18:56:33.563  1624  3704 V WindowManager:   bhv=DEFAULT
07-28 18:56:33.563  1624  3704 V WindowManager:   fitSides= naviIconColor=0}
07-28 18:56:33.566 17091 17121 D BLASTBufferQueue: [ViewRootImpl@2ebb777[dogglers]#90](f:0,a:1) destructor()
07-28 18:56:33.566 17091 17121 D BufferQueueConsumer: [ViewRootImpl@2ebb777[dogglers]#90(BLAST Consumer)90](id:42c30000005a,api:0,p:-1,c:17091) disconnect
07-28 18:56:33.567 17091 17121 I ViewRootImpl@2ebb777[dogglers]: Relayout returned: old=(0,0,1080,2400) new=(0,0,1080,2400) req=(1080,2400)8 dur=8 res=0x2 s={false 0x0} ch=true seqId=0
07-28 18:56:33.567 17091 17121 I ViewRootImpl@2ebb777[dogglers]: dispatchDetachedFromWindow
07-28 18:56:33.568  1624  2705 D InputTransport: Input channel destroyed: 'd500f7e', fd=1080
07-28 18:56:33.568  1624  2705 W InputManager-JNI: Input channel object 'd500f7e Splash Screen com.example.dogglers (client)' was disposed without first being removed with the input manager!
07-28 18:56:33.568  1624  2705 D InputTransport: Input channel destroyed: 'd500f7e', fd=1082
07-28 18:56:33.570  1127  1127 I Layer   : id=178936 removeFromCurrentState Surface(name=d8adfc2 InputMethod)/@0xc2b360e - animation-leash of insets_animation#178936 (120)
07-28 18:56:33.570  1127  1127 I Layer   : Layer [Splash Screen com.example.dogglers$_17091#178941] hidden!! flag(1)
07-28 18:56:33.571  1127  1127 I SurfaceFlinger: id=178936 Removed Surface(name=d8adfc2 InputMethod)/@0xc2b360e - animation-leash of insets_animation#178936 (120)
07-28 18:56:33.571  1127  1127 I Layer   : id=178936 Destroyed Surface(name=d8adfc2 InputMethod)/@0xc2b360e - animation-leash of insets_animation#178936
07-28 18:56:33.572  1624  2958 D InputMethodManagerService: isImeSwitcherDisabledPackage : false
07-28 18:56:33.572 17091 17121 D InputTransport: Input channel destroyed: 'd500f7e', fd=290
07-28 18:56:33.573  5607  5607 I InputMethodService: removeImeSurface
07-28 18:56:33.574  9007  9007 I ViewInteraction: Checking 'MatchesViewAssertion{viewMatcher=(view has effective visibility <VISIBLE> and view.getGlobalVisibleRect() to return non-empty rectangle)}' assertion on view an instance of android.widget.TextView and view.getText() with or without transformation to match: is "Tzeitel"
07-28 18:56:33.575  5607  5607 I MSHandlerLifeCycle: check: return. pkg=com.samsung.android.honeyboard isActivity=false callers=com.android.internal.policy.DecorView.setVisibility:4411 android.app.Dialog.hide:767 android.inputmethodservice.InputMethodService.removeImeSurface:1290 android.inputmethodservice.InputMethodService.scheduleImeSurfaceRemoval:1279 android.inputmethodservice.InputMethodService.-$$Nest$mscheduleImeSurfaceRemoval:0
07-28 18:56:33.575  5607  5607 I MSHandlerLifeCycle: removeMultiSplitHandler: no exist. decor=DecorView@4ed7bdc[InputMethod]
07-28 18:56:33.575  1080  1169 I hwcomposer: [HWCDisplay] [Display_0 (type:1)] fps:42.940281,dur:1001.39,max:133.64,min:10.28
07-28 18:56:33.577  1127  1127 D SurfaceFlinger: Display 0 HWC layers:
07-28 18:56:33.577  1127  1127 D SurfaceFlinger:      DEVICE | 0xb4000075f544c380 | 0102 | RGBA_8888    |    0.0    0.0 1080.0 2400.0 |    0    0 1080 2400 | com.example.dogglers/com.example.dogglers.VerticalListActivity$_9007#178948
07-28 18:56:33.577  1127  1127 D SurfaceFlinger:      DEVICE | 0xb400007623228f80 | 0100 | RGBA_8888    |    0.0    0.0 1080.0   80.0 |    0    0 1080   80 | StatusBar$_17091#176350
07-28 18:56:33.577  1127  1127 D SurfaceFlinger:      DEVICE | 0xb4000075f544b480 | 0100 | RGBA_8888    |    0.0    0.0 1080.0  135.0 |    0 2265 1080 2400 | NavigationBar0$_17091#176345
07-28 18:56:33.577  1127  1127 D SurfaceFlinger:      DEVICE | 0xb4000076232f1a80 | 0140 | RGBA_8888    |    0.0    0.0 1080.0  150.0 |    0    0 1080  150 | ScreenDecorOverlay$_17091#176358
07-28 18:56:33.577  1127  1127 D SurfaceFlinger:      DEVICE | 0xb400007621856400 | 0140 | RGBA_8888    |    0.0    0.0 1080.0  150.0 |    0 2250 1080 2400 | ScreenDecorOverlayBottom$_17091#176359
07-28 18:56:33.577  1127  1127 D SurfaceFlinger:
07-28 18:56:33.577  9007  9007 I ViewInteraction: Checking 'MatchesViewAssertion{viewMatcher=(view has effective visibility <VISIBLE> and view.getGlobalVisibleRect() to return non-empty rectangle)}' assertion on view an instance of android.widget.TextView and view.getText() with or without transformation to match: is "Age: 7"
07-28 18:56:33.580  9007  9007 I ViewInteraction: Checking 'MatchesViewAssertion{viewMatcher=(view has effective visibility <VISIBLE> and view.getGlobalVisibleRect() to return non-empty rectangle)}' assertion on view an instance of android.widget.TextView and view.getText() with or without transformation to match: is "Hobbies: sunbathing"
07-28 18:56:33.587  1127  1127 I Layer   : id=178940 removeFromCurrentState d500f7e Splash Screen com.example.dogglers#178940 (119)
07-28 18:56:33.587  1127  1127 I Layer   : id=178941 removeFromCurrentState Splash Screen com.example.dogglers$_17091#178941 (119)
07-28 18:56:33.587  1127  1127 I Layer   : id=178951 removeFromCurrentState Surface(name=7a47342 com.example.dogglers/com.example.dogglers.VerticalListActivity)/@0x36661a8 - animation-leash of starting_reveal#178951 (119)
07-28 18:56:33.587  1127  1127 I Layer   : id=178941 removeFromCurrentState Splash Screen com.example.dogglers$_17091#178941 (119)
07-28 18:56:33.587  1127  1127 I SurfaceFlinger: id=178940 Removed d500f7e Splash Screen com.example.dogglers#178940 (119)
07-28 18:56:33.587  1127  1127 I SurfaceFlinger: id=178941 Removed Splash Screen com.example.dogglers$_17091#178941 (119)
07-28 18:56:33.587  1127  1127 I Layer   : id=178940 Destroyed d500f7e Splash Screen com.example.dogglers#178940
07-28 18:56:33.587  1127  1127 I BufferQueueDebug: [Splash Screen com.example.dogglers$_17091#178941](this:0xb4000075f4bd4838,id:-1,api:0,p:-1,c:1127) onDestructor()
07-28 18:56:33.587  1127  1127 I Layer   : id=178941 Destroyed Splash Screen com.example.dogglers$_17091#178941
07-28 18:56:33.645 17091 17146 D MobileStatusTracker(1/1): onSignalStrengthsChanged level=4, vendorLevel=4
07-28 18:56:33.647 17091 17146 D MobileSignalController(1/1): notifyListener: enabled=true, connected=true, dataConnected=false, networkType=LTE (4G), emergencyOnly=false, roaming=true, isDefault=false, dataActivity=, level=4, ca=false, mmWave=false, disabledDataIcon=false, simCard=ETC
07-28 18:56:33.647 17091 17146 D NetworkController: SignalStrength from intent slotId=1
07-28 18:56:33.661  1090  9122 I mtkpower_client: perf_lock_rel, hdl:81851, tid:9122
07-28 18:56:33.661  1090  9122 I mtkpower_client: perf_lock_acq, hdl:0, dur:0, num:2, tid:9122
07-28 18:56:33.661  1093  1167 I libPowerHal: [perfLockRel] hdl:81851, idx:0
07-28 18:56:33.662  1093  1167 I libPowerHal: [PD] vendor.samsung. update cmd:1c3c000, param:1
07-28 18:56:33.662  1093  1167 I libPowerHal: [PD] (less) /proc/mcdi/state set +prefix:enable 1;
07-28 18:56:33.663  1090  9122 I mtkpower_client: ret_hdl:81854
07-28 18:56:33.663  1093  1167 I libPowerHal: [perfLockAcq] idx:3 hdl:81854 hint:-1 pid:1090 duration:0 lock_user:vendor.samsung. => ret_hdl:81854
07-28 18:56:33.663  1090  9122 I mtkpower_client: perf_lock_rel, hdl:81852, tid:9122
07-28 18:56:33.663  1093  1167 I libPowerHal: [PE] (less) /proc/mcdi/state set +prefix:enable 0;
07-28 18:56:33.663  1090  9122 I mtkpower_client: perf_lock_acq, hdl:0, dur:0, num:2, tid:9122
07-28 18:56:33.663  1093  1167 I libPowerHal: [perfLockRel] hdl:81852, idx:2
07-28 18:56:33.664  1093  1167 I libPowerHal: vendor.samsung.: cpu_ctrl set cpu freq: -1 -1 -1 -1
07-28 18:56:33.664  1090  9122 I mtkpower_client: ret_hdl:81855
07-28 18:56:33.664  1093  1167 I libPowerHal: [perfLockAcq] idx:0 hdl:81855 hint:-1 pid:1090 duration:0 lock_user:vendor.samsung. => ret_hdl:81855
07-28 18:56:33.664  1093  1167 I libPowerHal: vendor.samsung.: cpu_ctrl set cpu freq: 1800000 -1 -1 -1
07-28 18:56:33.664  1090  9122 I HYPER-HAL: [RequestManager.cpp]releaseLocked(): Released ID : 1370371
07-28 18:56:33.781 26793 26793 I A       : onPause
07-28 18:56:33.783 26793 26793 I A       : onStop
07-28 18:56:33.784  2212  2212 I HdmBroadcastRecvUpd: (REDACTED) received broadcast: %s
07-28 18:56:33.784  2212  2403 I HdmHotwordRequestListen: (REDACTED) received broadcast: %s
07-28 18:56:33.784  2212  2403 I SodaTriggeringFrontend: (REDACTED) #onConfigUpdate. requester: %s
07-28 18:56:33.785  2212  2405 I SodaTriggeringFrontend: #onConfigUpdate inside sequencer
07-28 18:56:33.785  2212  2405 I HotwordConfigUtils: (REDACTED) Voice Match (Speaker-id) supported : %b
07-28 18:56:33.785  2212  2405 I HotwordConfigUtils: (REDACTED) hotword enrollment state is enrolled:  %b, speakerId model exist: %b. Voice Match supported : %b
07-28 18:56:33.785  2212  2405 I HotwordConfigUtils: (REDACTED) isHotwordAvailable():  %b, isHotwordEnabled() %b
07-28 18:56:33.785  2212  2405 I HotwordConfigUtils: (REDACTED) isHotwordAvailable():  %b, isHotwordEnabled() %b
07-28 18:56:33.785  2212  2405 I HotwordConfigUtils: (REDACTED) Hotword enrollment state : %s.
07-28 18:56:33.785  2212  2405 I HotwordConfigUtils: (REDACTED) Voice Match (Speaker-id) supported : %b
07-28 18:56:33.785  2212  2405 I HotwordConfigUtils: (REDACTED) Voice Match (Speaker-id) supported : %b
07-28 18:56:33.785  2212  2405 I HotwordConfigUtils: (REDACTED) hotword enrollment state is enrolled:  %b, speakerId model exist: %b, voice match supported : %b
07-28 18:56:33.785  2212  2405 I HotwordConfigUtils: (REDACTED) Hotword isNonVoiceMatchHotwordEnabled: %b, isHotwordAvailable : %b, isHotwordEnabled : %b, isVoiceMatchSupported: %b, isHotwordEnrolled: %b.
07-28 18:56:33.786  2212  2405 I SodaTriggeringFrontend: (REDACTED) Ignore the legacy hotword request. voice match enabled %b, isHotwordSupported %b, isIncompleteEnrollmentState %b, nonVoiceMatchHotwordEnabled %b
07-28 18:56:33.843  1090  9129 I mtkpower_client: perf_lock_rel, hdl:81854, tid:9129
07-28 18:56:33.843  1090  9129 I mtkpower_client: perf_lock_acq, hdl:0, dur:0, num:2, tid:9129
07-28 18:56:33.843  1093  1167 I libPowerHal: [perfLockRel] hdl:81854, idx:3
07-28 18:56:33.843  1093  1167 I libPowerHal: [PD] vendor.samsung. update cmd:1c3c000, param:1
07-28 18:56:33.844  1093  1167 I libPowerHal: [PD] (less) /proc/mcdi/state set +prefix:enable 1;
07-28 18:56:33.844  1090  9129 I mtkpower_client: ret_hdl:81856
07-28 18:56:33.844  1090  9129 I mtkpower_client: perf_lock_rel, hdl:81853, tid:9129
07-28 18:56:33.844  1093  1167 I libPowerHal: [perfLockAcq] idx:2 hdl:81856 hint:-1 pid:1090 duration:0 lock_user:vendor.samsung. => ret_hdl:81856
07-28 18:56:33.845  1093  1167 I libPowerHal: [PE] (less) /proc/mcdi/state set +prefix:enable 0;
07-28 18:56:33.845  1090  9129 I mtkpower_client: perf_lock_acq, hdl:0, dur:0, num:2, tid:9129
07-28 18:56:33.845  1093  1167 I libPowerHal: [perfLockRel] hdl:81853, idx:1
07-28 18:56:33.845  1093  1167 I libPowerHal: [PD] vendor.samsung. update cmd:1000000, param:-1
07-28 18:56:33.845  1093  1167 I libPowerHal: [PD] vendor.samsung. update cmd:1000000 param:-1
07-28 18:56:33.846  1090  9129 I mtkpower_client: ret_hdl:81857
07-28 18:56:33.846  1093  1167 I libPowerHal: [perfLockAcq] idx:1 hdl:81857 hint:-1 pid:1090 duration:0 lock_user:vendor.samsung. => ret_hdl:81857
07-28 18:56:33.846  1090  9129 I HYPER-HAL: [RequestManager.cpp]releaseLocked(): Released ID : 1353856
07-28 18:56:33.846  1093  1167 I libPowerHal: [PE] vendor.samsung. update cmd:1000000, param:0
07-28 18:56:33.846  1093  1167 I libPowerHal: [PE] vendor.samsung. update cmd:1000000 param:0
07-28 18:56:33.890  3393  3758 I QuickstepModelDelegate: Widget predictions updated
07-28 18:56:33.915  1624  2791 D SemNscXgbMsL1: Probability - Cloud gaming: [0.12743732]
07-28 18:56:33.916  1624  2791 D SemNscXgbMsL1: Probability - Real time: [0.4621055]
07-28 18:56:33.916  1624  2791 D SemNscXgbMsL1: Probability - Non real time: [0.47119546]
07-28 18:56:33.916  1624  2791 D SemNscXgbMsL1: 1 sample inference time: 0.628692 msecs
07-28 18:56:33.917  1624  2791 D SemNscXgbL2Rt: L2 RT 1 sample inference time: 1.056616 msecs
07-28 18:56:33.918  1624  2791 D SemNscXgbL2Nrt: L2 NRT 1 sample inference time: 0.889615 msecs
07-28 18:56:33.960  9007  9007 I ViewInteraction: Checking 'MatchesViewAssertion{viewMatcher=(view has effective visibility <VISIBLE> and view.getGlobalVisibleRect() to return non-empty rectangle)}' assertion on view has drawable resource 2131165345
07-28 18:56:33.967  1624  1668 I ChimeraSystemEventListener: appLaunchIntent package name is: com.example.dogglers
07-28 18:56:33.967  3746  3746 E pageboostd: Received HALT command code 2
07-28 18:56:33.969  1624  2705 I SemDvfsHyPerManager: acquire hyper - AMS_ACT_START/1624@19, type = -999
07-28 18:56:33.970  1127  3782 I SurfaceFlinger: id=178953 createSurf flag=80004, ActivityRecord{7c984d8 u0 com.example.dogglers/androidx.test.core.app.InstrumentationActivityInvoker$EmptyActivity} t30332}#178953
07-28 18:56:33.970  1090  1150 I HYPER-HAL: [RequestManager.cpp]acquire(): Acquired ID : 1350565  [1624 / 19]    HINT : AMS_ACT_START    list :
07-28 18:56:33.971  1090  1150 I mtkpower_client: perf_lock_rel, hdl:81855, tid:1150
07-28 18:56:33.971  1090  1150 I mtkpower_client: perf_lock_acq, hdl:0, dur:0, num:2, tid:1150
07-28 18:56:33.971  1093  1167 I libPowerHal: [perfLockRel] hdl:81855, idx:0
07-28 18:56:33.971  1093  1167 I libPowerHal: vendor.samsung.: cpu_ctrl set cpu freq: -1 -1 -1 -1
07-28 18:56:33.973  1624  1668 I SemPersonaManager: SecureFolder personaId = 150
07-28 18:56:33.973  1093  1167 I libPowerHal: [perfLockAcq] idx:3 hdl:81858 hint:-1 pid:1090 duration:0 lock_user:vendor.samsung. => ret_hdl:81858
07-28 18:56:33.973  1090  1150 I mtkpower_client: ret_hdl:81858
07-28 18:56:33.973  1090  1150 I mtkpower_client: perf_lock_rel, hdl:81856, tid:1150
07-28 18:56:33.973  1093  1167 I libPowerHal: vendor.samsung.: cpu_ctrl set cpu freq: 1800000 -1 -1 -1
07-28 18:56:33.974  1090  1150 I mtkpower_client: perf_lock_acq, hdl:0, dur:0, num:2, tid:1150
07-28 18:56:33.974  1093  1167 I libPowerHal: [perfLockRel] hdl:81856, idx:2
07-28 18:56:33.974  1093  1167 I libPowerHal: [PD] vendor.samsung. update cmd:1c3c000, param:1
07-28 18:56:33.974  1093  1167 I libPowerHal: [PD] (less) /proc/mcdi/state set +prefix:enable 1;
07-28 18:56:33.975  1090  1150 I mtkpower_client: ret_hdl:81859
07-28 18:56:33.975  1093  1167 I libPowerHal: [perfLockAcq] idx:0 hdl:81859 hint:-1 pid:1090 duration:0 lock_user:vendor.samsung. => ret_hdl:81859
07-28 18:56:33.975  1090  1150 I mtkpower_client: perf_lock_rel, hdl:81857, tid:1150
07-28 18:56:33.975  1093  1167 I libPowerHal: [PE] (less) /proc/mcdi/state set +prefix:enable 0;
07-28 18:56:33.975  1090  1150 I mtkpower_client: perf_lock_acq, hdl:0, dur:0, num:2, tid:1150
07-28 18:56:33.976  1093  1167 I libPowerHal: [perfLockRel] hdl:81857, idx:1
07-28 18:56:33.976  1093  1167 I libPowerHal: [PD] vendor.samsung. update cmd:1000000, param:-1
07-28 18:56:33.976  1093  1167 I libPowerHal: [PD] vendor.samsung. update cmd:1000000 param:-1
07-28 18:56:33.977  1090  1150 I mtkpower_client: ret_hdl:81860
07-28 18:56:33.978  1093  1167 I libPowerHal: [perfLockAcq] idx:1 hdl:81860 hint:-1 pid:1090 duration:0 lock_user:vendor.samsung. => ret_hdl:81860
07-28 18:56:33.978  1093  1167 I libPowerHal: [PE] vendor.samsung. update cmd:1000000, param:0
07-28 18:56:33.978  1093  1167 I libPowerHal: [PE] vendor.samsung. update cmd:1000000 param:0
07-28 18:56:33.981  9007  9007 D LifecycleMonitor: Lifecycle status change: com.example.dogglers.VerticalListActivity@d9bf3b7 in: PAUSED
07-28 18:56:33.981  9007  9007 V ActivityScenario: Update currentActivityStage to PAUSED, currentActivity=com.example.dogglers.VerticalListActivity@d9bf3b7
07-28 18:56:33.988  1624  2958 D InputDispatcher: Focused application(0): ActivityRecord{7c984d8 u0 com.example.dogglers/androidx.test.core.app.InstrumentationActivityInvoker$EmptyActivity} t30332}
07-28 18:56:33.994  1624  1668 I SemPersonaManager: SecureFolder personaId = 150
07-28 18:56:34.001  9007  9007 D LifecycleMonitor: Lifecycle status change: androidx.test.core.app.InstrumentationActivityInvoker$EmptyActivity@448c4b0 in: PRE_ON_CREATE
07-28 18:56:34.001  9007  9007 V ActivityScenario: Activity lifecycle changed event received but ignored because the intent does not match. startActivityIntent=Intent { act=android.intent.action.MAIN cat=[android.intent.category.LAUNCHER] cmp=com.example.dogglers/.VerticalListActivity }, activity.getIntent()=Intent { act=android.intent.action.MAIN cat=[android.intent.category.LAUNCHER] flg=0x10000000 cmp=com.example.dogglers/androidx.test.core.app.InstrumentationActivityInvoker$EmptyActivity }, activity=androidx.test.core.app.InstrumentationActivityInvoker$EmptyActivity@448c4b0
07-28 18:56:34.002  1127  1127 I SurfaceFlinger: [7a47342 com.example.dogglers/com.example.dogglers.VerticalListActivity#178947] FrameRatePriority: -1
07-28 18:56:34.004  1624  1668 D EnterpriseDeviceManagerService: isMdmAdminPresentInternal() : MDM Admin Found - com.samsung.knox.securefolder
07-28 18:56:34.005  1624  3919 I MediaSessionMonitor: Media session stopped : not playing state
07-28 18:56:34.009  9007  9007 I DecorView: [INFO] isPopOver=false config=true
07-28 18:56:34.009  9007  9007 I DecorView: updateCaptionType: isFloating=false isApplication=true hasWindowDecorCaption=false this=DecorView@8d8784f[]
07-28 18:56:34.009  9007  9007 D DecorView: setCaptionType = 0, this = DecorView@8d8784f[]
07-28 18:56:34.012  9007  9007 I DecorView: getCurrentDensityDpi: from real metrics. densityDpi=450 msg=resources_loaded
07-28 18:56:34.013  9007  9007 I DecorView: setWindowBackground: isPopOver=false color=ff010101 d=android.graphics.drawable.StateListDrawable@4ed7bdc
07-28 18:56:34.013  9007  9007 D LifecycleMonitor: Lifecycle status change: androidx.test.core.app.InstrumentationActivityInvoker$EmptyActivity@448c4b0 in: CREATED
07-28 18:56:34.014  9007  9007 V ActivityScenario: Activity lifecycle changed event received but ignored because the intent does not match. startActivityIntent=Intent { act=android.intent.action.MAIN cat=[android.intent.category.LAUNCHER] cmp=com.example.dogglers/.VerticalListActivity }, activity.getIntent()=Intent { act=android.intent.action.MAIN cat=[android.intent.category.LAUNCHER] flg=0x10000000 cmp=com.example.dogglers/androidx.test.core.app.InstrumentationActivityInvoker$EmptyActivity }, activity=androidx.test.core.app.InstrumentationActivityInvoker$EmptyActivity@448c4b0
07-28 18:56:34.015  9007  9007 D LifecycleMonitor: Lifecycle status change: androidx.test.core.app.InstrumentationActivityInvoker$EmptyActivity@448c4b0 in: STARTED
07-28 18:56:34.016  9007  9007 V ActivityScenario: Activity lifecycle changed event received but ignored because the intent does not match. startActivityIntent=Intent { act=android.intent.action.MAIN cat=[android.intent.category.LAUNCHER] cmp=com.example.dogglers/.VerticalListActivity }, activity.getIntent()=Intent { act=android.intent.action.MAIN cat=[android.intent.category.LAUNCHER] flg=0x10000000 cmp=com.example.dogglers/androidx.test.core.app.InstrumentationActivityInvoker$EmptyActivity }, activity=androidx.test.core.app.InstrumentationActivityInvoker$EmptyActivity@448c4b0
07-28 18:56:34.018  9007  9007 D LifecycleMonitor: Lifecycle status change: androidx.test.core.app.InstrumentationActivityInvoker$EmptyActivity@448c4b0 in: RESUMED
07-28 18:56:34.018  9007  9007 V ActivityScenario: Activity lifecycle changed event received but ignored because the intent does not match. startActivityIntent=Intent { act=android.intent.action.MAIN cat=[android.intent.category.LAUNCHER] cmp=com.example.dogglers/.VerticalListActivity }, activity.getIntent()=Intent { act=android.intent.action.MAIN cat=[android.intent.category.LAUNCHER] flg=0x10000000 cmp=com.example.dogglers/androidx.test.core.app.InstrumentationActivityInvoker$EmptyActivity }, activity=androidx.test.core.app.InstrumentationActivityInvoker$EmptyActivity@448c4b0
07-28 18:56:34.019  9007  9007 I MSHandlerLifeCycle: check: return. pkg=com.example.dogglers parent=null callers=com.android.internal.policy.DecorView.setVisibility:4411 android.app.ActivityThread.handleResumeActivity:5476 android.app.servertransaction.ResumeActivityItem.execute:54 android.app.servertransaction.ActivityTransactionItem.execute:45 android.app.servertransaction.TransactionExecutor.executeLifecycleState:176
07-28 18:56:34.019  9007  9007 I MSHandlerLifeCycle: removeMultiSplitHandler: no exist. decor=DecorView@8d8784f[]
07-28 18:56:34.019  1127  1127 D SurfaceFlinger: [input] inputWindowCommands.focusRequests size is 1
07-28 18:56:34.019  1127  3782 D SurfaceFlinger: [SF client] NEW(0xb40000762185c140) for (9007:com.example.dogglers)
07-28 18:56:34.020  1127  1386 D SurfaceFlinger: [input] setFocusedWindow: <null>
07-28 18:56:34.020  1624  2958 D InputDispatcher: Focus left window (0): 7a47342 com.example.dogglers/com.example.dogglers.VerticalListActivity
07-28 18:56:34.023  9007  9037 D NativeCustomFrequencyManager: [NativeCFMS] BpCustomFrequencyManager::BpCustomFrequencyManager()
07-28 18:56:34.025  1624  2958 D InputTransport: Input channel constructed: 'd26f187', fd=1103
07-28 18:56:34.025  1624  2958 D InputTransport: Input channel constructed: 'd26f187', fd=1104
07-28 18:56:34.025  1624  2958 D InputTransport: Input channel constructed: 'd26f187', fd=1108
07-28 18:56:34.025  1127  1177 I SurfaceFlinger: id=178954 createSurf flag=80004, d26f187 com.example.dogglers/androidx.test.core.app.InstrumentationActivityInvoker$EmptyActivity#178954
07-28 18:56:34.026  1624  2958 D InputTransport: Input channel destroyed: 'd26f187', fd=1108
07-28 18:56:34.028  9007  9007 D InsetsController: onStateChanged: InsetsState: {mDisplayFrame=Rect(0, 0 - 1080, 2400), mDisplayCutout=DisplayCutout{insets=Rect(0, 80 - 0, 0) waterfall=Insets{left=0, top=0, right=0, bottom=0} boundingRect={Bounds=[Rect(0, 0 - 0, 0), Rect(468, 0 - 612, 80), Rect(0, 0 - 0, 0), Rect(0, 0 - 0, 0)]} cutoutPathParserInfo={CutoutPathParserInfo{displayWidth=1080 displayHeight=2400 physicalDisplayWidth=1080 physicalDisplayHeight=2400 density={2.625} cutoutSpec={M 0,0 H -27.42857142857143 V 30.47619047619048 H 27.42857142857143 V 0 H 0 Z @dp} rotation={0} scale={1.0} physicalPixelDisplaySizeRatio={1.0}}}}, mRoundedCorners=RoundedCorners{[RoundedCorner{position=TopLeft, radius=90, center=Point(90, 90)}, RoundedCorner{position=TopRight, radius=90, center=Point(990, 90)}, RoundedCorner{position=BottomRight, radius=90, center=Point(990, 2310)}, RoundedCorner{position=BottomLeft, radius=90, center=Point(90, 2310)}]}  mRoundedCornerFrame=Rect(0, 0 - 1080, 2400), mPrivacyIndicatorBounds=PrivacyIndicatorBounds {static bounds=Rect(956, 0 - 1080, 80) rotation=0}, mSources= { InsetsSource: {mType=ITYPE_STATUS_BAR, mFrame=[0,0][1080,80], mVisible=true, mInsetsRoundedCornerFrame=false}, InsetsSource: {mType=ITYPE_NAVIGATION_BAR, mFrame=[0,2265][1080,2400], mVisible=true, mInsetsRoundedCornerFrame=false}, InsetsSource: {mType=ITYPE_LEFT_GESTURES, mFrame=[0,0][0,2400], mVisible=true, mInsetsRoundedCornerFrame=false}, InsetsSource: {mType=ITYPE_RIGHT_GESTURES, mFrame=[1080,0][1080,2400], mVisible=true, mInsetsRoundedCornerFrame=false}, InsetsSource: {mType=ITYPE_TOP_MANDATORY_GESTURES, mFrame=[0,0][1080,114], mVisible=true, mInsetsRoundedCornerFrame=false}, InsetsSource: {mType=ITYPE_BOTTOM_MANDATORY_GESTURES, mFrame=[0,2265][1080,2400], mVisible=true, mInsetsRoundedCornerFrame=false}, InsetsSource: {mType=ITYPE_LEFT_DISPLAY_CUTOUT, mFrame=[0,0][-100000,2400], mVisible=true, mInsetsRoundedCornerFrame=false}, InsetsSource: {mType=ITYPE_TOP_DISPLAY_CUTOUT, mFrame=[0,0][1080,80], mVisible=true, mInsetsRoundedCornerFrame=false}, InsetsSource: {mType=ITYPE_RIGHT_DISPLAY_CUTOUT, mFrame=[100000,0][1080,2400], mVisible=true, mInsetsRoundedCornerFrame=false}, InsetsSource: {mType=ITYPE_BOTTOM_DISPLAY_CUTOUT, mFrame=[0,100000][1080,2400], mVisible=true, mInsetsRoundedCornerFrame=false}, InsetsSource: {mType=ITYPE_TOP_TAPPABLE_ELEMENT, mFrame=[0,0][1080,80], mVisible=true, mInsetsRoundedCornerFrame=false}, InsetsSource: {mType=ITYPE_BOTTOM_TAPPABLE_ELEMENT, mFrame=[0,2265][1080,2400], mVisible=true, mInsetsRoundedCornerFrame=false} } host=com.example.dogglers/androidx.test.core.app.InstrumentationActivityInvoker$EmptyActivity from=android.view.ViewRootImpl.setView:1732
07-28 18:56:34.030  9007  9007 I ViewRootImpl@d02f4e5[InstrumentationActivityInvoker$EmptyActivity]: setView = com.android.internal.policy.DecorView@8d8784f TM=true
07-28 18:56:34.031  9007  9007 I MSHandlerLifeCycle: removeMultiSplitHandler: no exist. decor=DecorView@8d8784f[InstrumentationActivityInvoker$EmptyActivity]
07-28 18:56:34.031  1624  1745 D AnalyticsContainerHandler: handleMessage : { when=0 what=1 target=com.android.server.knox.KnoxAnalyticsContainer$AnalyticsHandler }
07-28 18:56:34.041  9007  9007 I ViewRootImpl@d02f4e5[InstrumentationActivityInvoker$EmptyActivity]: performTraversals params={(0,0)(fillxfill) sim={adjust=pan forwardNavigation} ty=BASE_APPLICATION wanim=0x1030001
07-28 18:56:34.041  9007  9007 I ViewRootImpl@d02f4e5[InstrumentationActivityInvoker$EmptyActivity]:   fl=1810100
07-28 18:56:34.041  9007  9007 I ViewRootImpl@d02f4e5[InstrumentationActivityInvoker$EmptyActivity]:   pfl=12020040
07-28 18:56:34.041  9007  9007 I ViewRootImpl@d02f4e5[InstrumentationActivityInvoker$EmptyActivity]:   bhv=DEFAULT
07-28 18:56:34.041  9007  9007 I ViewRootImpl@d02f4e5[InstrumentationActivityInvoker$EmptyActivity]:   fitSides= naviIconColor=0
07-28 18:56:34.041  9007  9007 I ViewRootImpl@d02f4e5[InstrumentationActivityInvoker$EmptyActivity]:   sfl=100000}
07-28 18:56:34.042  9007  9007 I ViewRootImpl@d02f4e5[InstrumentationActivityInvoker$EmptyActivity]: performTraversals mFirst=true windowShouldResize=true viewVisibilityChanged=false mForceNextWindowRelayout=false params={(0,0)(fillxfill) sim={adjust=pan forwardNavigation} ty=BASE_APPLICATION wanim=0x1030001
07-28 18:56:34.042  9007  9007 I ViewRootImpl@d02f4e5[InstrumentationActivityInvoker$EmptyActivity]:   fl=1810100
07-28 18:56:34.042  9007  9007 I ViewRootImpl@d02f4e5[InstrumentationActivityInvoker$EmptyActivity]:   pfl=12020040
07-28 18:56:34.042  9007  9007 I ViewRootImpl@d02f4e5[InstrumentationActivityInvoker$EmptyActivity]:   bhv=DEFAULT
07-28 18:56:34.042  9007  9007 I ViewRootImpl@d02f4e5[InstrumentationActivityInvoker$EmptyActivity]:   fitSides= naviIconColor=0
07-28 18:56:34.042  9007  9007 I ViewRootImpl@d02f4e5[InstrumentationActivityInvoker$EmptyActivity]:   sfl=100000}
07-28 18:56:34.043  1624  2958 V WindowManager: Relayout Window{d26f187 u0 com.example.dogglers/androidx.test.core.app.InstrumentationActivityInvoker$EmptyActivity}: viewVisibility=0 req=1080x2400 d0
07-28 18:56:34.043  1127  1177 I BufferQueueDebug: [com.example.dogglers/androidx.test.core.app.InstrumentationActivityInvoker$EmptyActivity$_9007#178955](this:0xb4000075f4c20838,id:-1,api:0,p:-1,c:-1) BufferQueue core=(1127:/system/bin/surfaceflinger)
07-28 18:56:34.043  1127  1177 I SurfaceFlinger: id=178955 createSurf flag=40004, com.example.dogglers/androidx.test.core.app.InstrumentationActivityInvoker$EmptyActivity$_9007#178955
07-28 18:56:34.047  1127  1177 I SurfaceFlinger: id=178956 createSurf flag=24000, Surface(name=f59a3f7 StatusBar)/@0xc90eccd - animation-leash of insets_animation#178956
07-28 18:56:34.048  1127  1177 I SurfaceFlinger: id=178957 createSurf flag=24000, Surface(name=3aacd27 NavigationBar0)/@0x501b17d - animation-leash of insets_animation#178957
07-28 18:56:34.050  1624  2958 V WindowManager: Relayout hash=d26f187, pid=9007, syncId=-1: mAttrs={(0,0)(fillxfill) sim={adjust=pan forwardNavigation} ty=BASE_APPLICATION wanim=0x1030001
07-28 18:56:34.050  1624  2958 V WindowManager:   fl=1810100
07-28 18:56:34.050  1624  2958 V WindowManager:   pfl=12020040
07-28 18:56:34.050  1624  2958 V WindowManager:   apr=LIGHT_NAVIGATION_BARS
07-28 18:56:34.050  1624  2958 V WindowManager:   bhv=DEFAULT
07-28 18:56:34.050  1624  2958 V WindowManager:   fitSides= naviIconColor=0
07-28 18:56:34.050  1624  2958 V WindowManager:   sfl=100000}
