07-28 18:56:31.555 17091 17146 D MobileStatusTracker(0/2): onSignalStrengthsChanged level=4, vendorLevel=4
07-28 18:56:31.557 17091 17146 D MobileSignalController(0/2): notifyListener: enabled=true, connected=true, dataConnected=false, networkType=LTE (4G), emergencyOnly=false, roaming=false, isDefault=false, dataActivity=, level=4, ca=false, mmWave=false, disabledDataIcon=false, simCard=ETC
07-28 18:56:31.557 17091 17146 D NetworkController: SignalStrength from intent slotId=0
07-28 18:56:31.557  1080  1169 I hwcomposer: [HWCDisplay] [Display_0 (type:1)] fps:48.631084,dur:1028.15,max:86.83,min:9.94
07-28 18:56:31.562  9007  9007 I ViewRootImpl@70081fd[InstrumentationActivityInvoker$EmptyActivity]: performTraversals params={(0,0)(fillxfill) sim={adjust=pan forwardNavigation} ty=BASE_APPLICATION wanim=0x1030001
07-28 18:56:31.562  9007  9007 I ViewRootImpl@70081fd[InstrumentationActivityInvoker$EmptyActivity]:   fl=1810100
07-28 18:56:31.562  9007  9007 I ViewRootImpl@70081fd[InstrumentationActivityInvoker$EmptyActivity]:   pfl=12020040
07-28 18:56:31.562  9007  9007 I ViewRootImpl@70081fd[InstrumentationActivityInvoker$EmptyActivity]:   bhv=DEFAULT
07-28 18:56:31.562  9007  9007 I ViewRootImpl@70081fd[InstrumentationActivityInvoker$EmptyActivity]:   fitSides= naviIconColor=0
07-28 18:56:31.562  9007  9007 I ViewRootImpl@70081fd[InstrumentationActivityInvoker$EmptyActivity]:   sfl=100000}
07-28 18:56:31.563  9007  9007 I ViewRootImpl@70081fd[InstrumentationActivityInvoker$EmptyActivity]: performTraversals mFirst=true windowShouldResize=true viewVisibilityChanged=false mForceNextWindowRelayout=false params={(0,0)(fillxfill) sim={adjust=pan forwardNavigation} ty=BASE_APPLICATION wanim=0x1030001
07-28 18:56:31.563  9007  9007 I ViewRootImpl@70081fd[InstrumentationActivityInvoker$EmptyActivity]:   fl=1810100
07-28 18:56:31.563  9007  9007 I ViewRootImpl@70081fd[InstrumentationActivityInvoker$EmptyActivity]:   pfl=12020040
07-28 18:56:31.563  9007  9007 I ViewRootImpl@70081fd[InstrumentationActivityInvoker$EmptyActivity]:   bhv=DEFAULT
07-28 18:56:31.563  9007  9007 I ViewRootImpl@70081fd[InstrumentationActivityInvoker$EmptyActivity]:   fitSides= naviIconColor=0
07-28 18:56:31.563  9007  9007 I ViewRootImpl@70081fd[InstrumentationActivityInvoker$EmptyActivity]:   sfl=100000}
07-28 18:56:31.564  1624  2705 V WindowManager: Relayout Window{8d5b0a3 u0 com.example.dogglers/androidx.test.core.app.InstrumentationActivityInvoker$EmptyActivity}: viewVisibility=0 req=1080x2400 d0
07-28 18:56:31.565  1127  1176 I BufferQueueDebug: [com.example.dogglers/androidx.test.core.app.InstrumentationActivityInvoker$EmptyActivity$_9007#178885](this:0xb4000075f559a838,id:-1,api:0,p:-1,c:-1) BufferQueue core=(1127:/system/bin/surfaceflinger)
07-28 18:56:31.565  1127  1176 I SurfaceFlinger: id=178885 createSurf flag=40004, com.example.dogglers/androidx.test.core.app.InstrumentationActivityInvoker$EmptyActivity$_9007#178885
07-28 18:56:31.568  1127  1176 I SurfaceFlinger: id=178886 createSurf flag=24000, Surface(name=f59a3f7 StatusBar)/@0xc90eccd - animation-leash of insets_animation#178886
07-28 18:56:31.569  1127  1176 I SurfaceFlinger: id=178887 createSurf flag=24000, Surface(name=3aacd27 NavigationBar0)/@0x501b17d - animation-leash of insets_animation#178887
07-28 18:56:31.571  1624  2705 V WindowManager: Relayout hash=8d5b0a3, pid=9007, syncId=-1: mAttrs={(0,0)(fillxfill) sim={adjust=pan forwardNavigation} ty=BASE_APPLICATION wanim=0x1030001
07-28 18:56:31.571  1624  2705 V WindowManager:   fl=1810100
07-28 18:56:31.571  1624  2705 V WindowManager:   pfl=12020040
07-28 18:56:31.571  1624  2705 V WindowManager:   apr=LIGHT_NAVIGATION_BARS
07-28 18:56:31.571  1624  2705 V WindowManager:   bhv=DEFAULT
07-28 18:56:31.571  1624  2705 V WindowManager:   fitSides= naviIconColor=0
07-28 18:56:31.571  1624  2705 V WindowManager:   sfl=100000}
07-28 18:56:31.573  9007  9007 D InsetsController: onStateChanged: InsetsState: {mDisplayFrame=Rect(0, 0 - 1080, 2400), mDisplayCutout=DisplayCutout{insets=Rect(0, 80 - 0, 0) waterfall=Insets{left=0, top=0, right=0, bottom=0} boundingRect={Bounds=[Rect(0, 0 - 0, 0), Rect(468, 0 - 612, 80), Rect(0, 0 - 0, 0), Rect(0, 0 - 0, 0)]} cutoutPathParserInfo={CutoutPathParserInfo{displayWidth=1080 displayHeight=2400 physicalDisplayWidth=1080 physicalDisplayHeight=2400 density={2.625} cutoutSpec={M 0,0 H -27.42857142857143 V 30.47619047619048 H 27.42857142857143 V 0 H 0 Z @dp} rotation={0} scale={1.0} physicalPixelDisplaySizeRatio={1.0}}}}, mRoundedCorners=RoundedCorners{[RoundedCorner{position=TopLeft, radius=90, center=Point(90, 90)}, RoundedCorner{position=TopRight, radius=90, center=Point(990, 90)}, RoundedCorner{position=BottomRight, radius=90, center=Point(990, 2310)}, RoundedCorner{position=BottomLeft, radius=90, center=Point(90, 2310)}]}  mRoundedCornerFrame=Rect(0, 0 - 1080, 2400), mPrivacyIndicatorBounds=PrivacyIndicatorBounds {static bounds=Rect(956, 0 - 1080, 80) rotation=0}, mSources= { InsetsSource: {mType=ITYPE_STATUS_BAR, mFrame=[0,0][1080,80], mVisible=true, mInsetsRoundedCornerFrame=false}, InsetsSource: {mType=ITYPE_NAVIGATION_BAR, mFrame=[0,2265][1080,2400], mVisible=true, mInsetsRoundedCornerFrame=false}, InsetsSource: {mType=ITYPE_LEFT_GESTURES, mFrame=[0,0][0,2400], mVisible=true, mInsetsRoundedCornerFrame=false}, InsetsSource: {mType=ITYPE_RIGHT_GESTURES, mFrame=[1080,0][1080,2400], mVisible=true, mInsetsRoundedCornerFrame=false}, InsetsSource: {mType=ITYPE_TOP_MANDATORY_GESTURES, mFrame=[0,0][1080,114], mVisible=true, mInsetsRoundedCornerFrame=false}, InsetsSource: {mType=ITYPE_BOTTOM_MANDATORY_GESTURES, mFrame=[0,2265][1080,2400], mVisible=true, mInsetsRoundedCornerFrame=false}, InsetsSource: {mType=ITYPE_LEFT_DISPLAY_CUTOUT, mFrame=[0,0][-100000,2400], mVisible=true, mInsetsRoundedCornerFrame=false}, InsetsSource: {mType=ITYPE_TOP_DISPLAY_CUTOUT, mFrame=[0,0][1080,80], mVisible=true, mInsetsRoundedCornerFrame=false}, InsetsSource: {mType=ITYPE_RIGHT_DISPLAY_CUTOUT, mFrame=[100000,0][1080,2400], mVisible=true, mInsetsRoundedCornerFrame=false}, InsetsSource: {mType=ITYPE_BOTTOM_DISPLAY_CUTOUT, mFrame=[0,100000][1080,2400], mVisible=true, mInsetsRoundedCornerFrame=false}, InsetsSource: {mType=ITYPE_TOP_TAPPABLE_ELEMENT, mFrame=[0,0][1080,80], mVisible=true, mInsetsRoundedCornerFrame=false}, InsetsSource: {mType=ITYPE_BOTTOM_TAPPABLE_ELEMENT, mFrame=[0,2265][1080,2400], mVisible=true, mInsetsRoundedCornerFrame=false}, InsetsSource: {mType=ITYPE_IME, mFrame=[0,0][0,0], mVisibleFrame=[0,1243][1080,2400], mVisible=false, mInsetsRoundedCornerFrame=false} } host=com.example.dogglers/androidx.test.core.app.InstrumentationActivityInvoker$EmptyActivity from=android.view.ViewRootImpl.relayoutWindow:9802
07-28 18:56:31.575  9007  9007 I ViewRootImpl@70081fd[InstrumentationActivityInvoker$EmptyActivity]: updateBlastSurfaceIfNeeded mBlastBufferQueue=null isSameSurfaceControl=false
07-28 18:56:31.575  9007  9007 D BufferQueueConsumer: [](id:232f00000005,api:0,p:-1,c:9007) connect: controlledByApp=false
07-28 18:56:31.576  9007  9007 I BLASTBufferQueue: new BLASTBufferQueue, mName= ViewRootImpl@70081fd[InstrumentationActivityInvoker$EmptyActivity] mNativeObject= 0xb400007316105280 sc.mNativeObject= 0xb400007297b09320 caller= android.view.ViewRootImpl.updateBlastSurfaceIfNeeded:2909 android.view.ViewRootImpl.relayoutWindow:9847 android.view.ViewRootImpl.performTraversals:3884 android.view.ViewRootImpl.doTraversal:3116 android.view.ViewRootImpl$TraversalRunnable.run:10885 android.view.Choreographer$CallbackRecord.run:1301 android.view.Choreographer$CallbackRecord.run:1309 android.view.Choreographer.doCallbacks:923 android.view.Choreographer.doFrame:852 android.view.Choreographer$FrameDisplayEventReceiver.run:1283
07-28 18:56:31.576  9007  9007 I BLASTBufferQueue: update, w= 1080 h= 2400 mName = ViewRootImpl@70081fd[InstrumentationActivityInvoker$EmptyActivity] mNativeObject= 0xb400007316105280 sc.mNativeObject= 0xb400007297b09320 format= -1 caller= android.graphics.BLASTBufferQueue.<init>:84 android.view.ViewRootImpl.updateBlastSurfaceIfNeeded:2909 android.view.ViewRootImpl.relayoutWindow:9847 android.view.ViewRootImpl.performTraversals:3884 android.view.ViewRootImpl.doTraversal:3116 android.view.ViewRootImpl$TraversalRunnable.run:10885
07-28 18:56:31.577  9007  9007 I ViewRootImpl@70081fd[InstrumentationActivityInvoker$EmptyActivity]: Relayout returned: old=(0,0,1080,2400) new=(0,0,1080,2400) req=(1080,2400)0 dur=11 res=0x3 s={true 0xb40000728fd0e800} ch=true seqId=0
07-28 18:56:31.579  9007  9007 I ViewRootImpl@70081fd[InstrumentationActivityInvoker$EmptyActivity]: mThreadedRenderer.initialize() mSurface={isValid=true 0xb40000728fd0e800} hwInitialized=true
07-28 18:56:31.579  9007  9037 D OpenGLRenderer: eglCreateWindowSurface
07-28 18:56:31.581  9007  9007 I ViewRootImpl@70081fd[InstrumentationActivityInvoker$EmptyActivity]: reportNextDraw android.view.ViewRootImpl.performTraversals:4438 android.view.ViewRootImpl.doTraversal:3116 android.view.ViewRootImpl$TraversalRunnable.run:10885 android.view.Choreographer$CallbackRecord.run:1301 android.view.Choreographer$CallbackRecord.run:1309
07-28 18:56:31.581  9007  9007 I ViewRootImpl@70081fd[InstrumentationActivityInvoker$EmptyActivity]: Setup new sync id=0
07-28 18:56:31.582  9007  9007 I ViewRootImpl@70081fd[InstrumentationActivityInvoker$EmptyActivity]: Setting syncFrameCallback
07-28 18:56:31.582  9007  9007 I ViewRootImpl@70081fd[InstrumentationActivityInvoker$EmptyActivity]: registerCallbacksForSync syncBuffer=false
07-28 18:56:31.584  9007  9062 I ViewRootImpl@70081fd[InstrumentationActivityInvoker$EmptyActivity]: Received frameDrawingCallback syncResult=0 frameNum=1.
07-28 18:56:31.584  9007  9062 I ViewRootImpl@70081fd[InstrumentationActivityInvoker$EmptyActivity]: Setting up sync and frameCommitCallback
07-28 18:56:31.588  9007  9037 I BLASTBufferQueue: [ViewRootImpl@70081fd[InstrumentationActivityInvoker$EmptyActivity]#5](f:0,a:0) onFrameAvailable the first frame is available
07-28 18:56:31.589  9007  9037 D BLASTBufferQueue: [ViewRootImpl@70081fd[InstrumentationActivityInvoker$EmptyActivity]#5](f:0,a:1) acquireNextBufferLocked size=1080x2400 mFrameNumber=1 applyTransaction=true mTimestamp=1010960387988795(auto) mPendingTransactions.size=0 graphicBufferId=38684770435088 transform=0
07-28 18:56:31.589  9007  9037 I ViewRootImpl@70081fd[InstrumentationActivityInvoker$EmptyActivity]: Received frameCommittedCallback lastAttemptedDrawFrameNum=1 didProduceBuffer=true
07-28 18:56:31.590  1127  1127 I Layer   : id=178878 removeFromCurrentState Surface(name=f59a3f7 StatusBar)/@0xc90eccd - animation-leash of insets_animation#178878 (119)
07-28 18:56:31.590  1127  1127 I Layer   : id=176343 removeFromCurrentState f59a3f7 StatusBar#176343 (119)
07-28 18:56:31.590  1127  1127 I Layer   : id=176350 removeFromCurrentState StatusBar$_17091#176350 (119)
07-28 18:56:31.590  1127  1127 I Layer   : id=176343 addToCurrentState f59a3f7 StatusBar#176343 (119)
07-28 18:56:31.590  1127  1127 I Layer   : id=176350 addToCurrentState StatusBar$_17091#176350 (119)
07-28 18:56:31.590  9007  9037 D OpenGLRenderer: CFMS:: SetUp Pid : 9007    Tid : 9037
07-28 18:56:31.590  1127  1127 I Layer   : id=178879 removeFromCurrentState Surface(name=3aacd27 NavigationBar0)/@0x501b17d - animation-leash of insets_animation#178879 (119)
07-28 18:56:31.590  1127  1127 I SurfaceFlinger: [8d5b0a3 com.example.dogglers/androidx.test.core.app.InstrumentationActivityInvoker$EmptyActivity#178884] FrameRatePriority: 1
07-28 18:56:31.590  1127  1127 D SurfaceFlinger: [input] inputWindowCommands.focusRequests size is 1
07-28 18:56:31.591  9007  9037 W Parcel  : Expecting binder but got null!
07-28 18:56:31.591  1127  1127 D BufferStateLayer: com.example.dogglers/androidx.test.core.app.InstrumentationActivityInvoker$EmptyActivity$_9007#178885 setBuffer frameId=1, bufferId=38684770435088 fenceId=447, w= 1080, h=2400
07-28 18:56:31.591  9007  9007 I ViewRootImpl@70081fd[InstrumentationActivityInvoker$EmptyActivity]: onSyncComplete
07-28 18:56:31.591  9007  9007 I ViewRootImpl@70081fd[InstrumentationActivityInvoker$EmptyActivity]: setupSync seqId=0 mSyncId=0 fn=1 caller=android.view.ViewRootImpl$$ExternalSyntheticLambda11.accept:6 android.window.SurfaceSyncer.lambda$setupSync$1$android-window-SurfaceSyncer:128 android.window.SurfaceSyncer$$ExternalSyntheticLambda1.accept:8 android.window.SurfaceSyncer$SyncSet.checkIfSyncIsComplete:382 android.window.SurfaceSyncer$SyncSet.markSyncReady:359 android.window.SurfaceSyncer.markSyncReady:151 android.view.ViewRootImpl.performTraversals:4503
07-28 18:56:31.592  9007  9007 I ViewRootImpl@70081fd[InstrumentationActivityInvoker$EmptyActivity]: reportDrawFinished seqId=0 mSyncId=-1 fn=1 mSurfaceChangedTransaction=0xb400007297bb7800
07-28 18:56:31.592  9007  9007 I ViewRootImpl@9fe84b7[InstrumentationActivityInvoker$EmptyActivity]: MSG_WINDOW_FOCUS_CHANGED 0 0
07-28 18:56:31.592  1127  1386 D SurfaceFlinger: [input] setFocusedWindow: 8d5b0a3 com.example.dogglers/androidx.test.core.app.InstrumentationActivityInvoker$EmptyActivity
07-28 18:56:31.593  1624  5216 D InputDispatcher: Focus request (0): 8d5b0a3 com.example.dogglers/androidx.test.core.app.InstrumentationActivityInvoker$EmptyActivity but waiting because NOT_VISIBLE
07-28 18:56:31.598  1624  1665 I ActivityTaskManager: Displayed com.example.dogglers/androidx.test.core.app.InstrumentationActivityInvoker$EmptyActivity: +137ms
07-28 18:56:31.598  1624  1669 I SemDvfsHyPerManager: acquire hyper - AMS_RESUME_TAIL/1624@21, type = -999
07-28 18:56:31.598  1624  1669 I SemDvfsHyPerManager: acquire hyper - AMS_ACT_LAZY/1624@22, type = -999
07-28 18:56:31.598  3746  3746 E pageboostd: Received HALT command code 2
07-28 18:56:31.598  1090  1150 I HYPER-HAL: [RequestManager.cpp]acquire(): Acquired ID : 1353856  [1624 / 21]    HINT : AMS_RESUME_TAIL    list :
07-28 18:56:31.598  1090  1150 I mtkpower_client: perf_lock_rel, hdl:81808, tid:1150
07-28 18:56:31.599  1090  1150 I mtkpower_client: perf_lock_acq, hdl:0, dur:0, num:2, tid:1150
07-28 18:56:31.599  1093  1167 I libPowerHal: [perfLockRel] hdl:81808, idx:0
07-28 18:56:31.599  1127  1176 I SurfaceFlinger: id=178888 createSurf flag=80000, 5e3ba1f ActivityRecordInputSink com.example.dogglers/androidx.test.core.app.InstrumentationActivityInvoker$EmptyActivity#178888
07-28 18:56:31.599  1093  1167 I libPowerHal: vendor.samsung.: cpu_ctrl set cpu freq: -1 -1 -1 -1
07-28 18:56:31.600  1090  1150 I mtkpower_client: ret_hdl:81809
07-28 18:56:31.600  1090  1150 I mtkpower_client: perf_lock_rel, hdl:81807, tid:1150
07-28 18:56:31.600  1093  1167 I libPowerHal: [perfLockAcq] idx:0 hdl:81809 hint:-1 pid:1090 duration:0 lock_user:vendor.samsung. => ret_hdl:81809
07-28 18:56:31.601  1093  1167 I libPowerHal: vendor.samsung.: cpu_ctrl set cpu freq: 1800000 -1 -1 -1
07-28 18:56:31.601  1090  1150 I mtkpower_client: perf_lock_acq, hdl:0, dur:0, num:2, tid:1150
07-28 18:56:31.601  1093  1167 I libPowerHal: [perfLockRel] hdl:81807, idx:2
07-28 18:56:31.601  1093  1167 I libPowerHal: [PD] vendor.samsung. update cmd:1c3c000, param:1
07-28 18:56:31.602  1093  1167 I libPowerHal: [PD] (less) /proc/mcdi/state set +prefix:enable 1;
07-28 18:56:31.603  1090  1150 I mtkpower_client: ret_hdl:81810
07-28 18:56:31.603  1093  1167 I libPowerHal: [perfLockAcq] idx:2 hdl:81810 hint:-1 pid:1090 duration:0 lock_user:vendor.samsung. => ret_hdl:81810
07-28 18:56:31.603  1090  1150 I mtkpower_client: perf_lock_rel, hdl:81806, tid:1150
07-28 18:56:31.603  1093  1167 I libPowerHal: [PE] (less) /proc/mcdi/state set +prefix:enable 0;
07-28 18:56:31.603  3393 10716 I RecentModel: onTaskStackChangedBackground
07-28 18:56:31.604  1127  1176 I SurfaceFlinger: id=178879 Removed Surface(name=3aacd27 NavigationBar0)/@0x501b17d - animation-leash of insets_animation#178879 (120)
07-28 18:56:31.604  1127  1176 I SurfaceFlinger: id=178878 Removed Surface(name=f59a3f7 StatusBar)/@0xc90eccd - animation-leash of insets_animation#178878 (120)
07-28 18:56:31.604  1090  1150 I mtkpower_client: perf_lock_acq, hdl:0, dur:0, num:2, tid:1150
07-28 18:56:31.605  1093  1167 I libPowerHal: [perfLockRel] hdl:81806, idx:1
07-28 18:56:31.605  1093  1167 I libPowerHal: [PD] vendor.samsung. update cmd:1000000, param:-1
07-28 18:56:31.605  1093  1167 I libPowerHal: [PD] vendor.samsung. update cmd:1000000 param:-1
07-28 18:56:31.605  1042  1042 E audit   : type=1400 audit(1690559791.604:549464): avc:  denied  { read } for  pid=9007 comm="binder:9007_3" name="u:object_r:perf_prop:s0" dev="tmpfs" ino=2289 scontext=u:r:untrusted_app:s0:c8,c258,c512,c768 tcontext=u:object_r:perf_prop:s0 tclass=file permissive=0 SEPF_SM-A325F_12_0001 audit_filtered
07-28 18:56:31.606  9007  9023 W libc    : Access denied finding property "sys.perf.boostopt"
07-28 18:56:31.605  9007  9007 I ViewRootImpl@9fe84b7[InstrumentationActivityInvoker$EmptyActivity]: handleAppVisibility mAppVisible = true visible = false
07-28 18:56:31.606  1093  1167 I libPowerHal: [perfLockAcq] idx:3 hdl:81811 hint:-1 pid:1090 duration:0 lock_user:vendor.samsung. => ret_hdl:81811
07-28 18:56:31.606  1127  1127 I Layer   : Layer [com.example.dogglers/androidx.test.core.app.InstrumentationActivityInvoker$EmptyActivity$_9007#178885] hidden!! flag(0)
07-28 18:56:31.606  1127  1127 I Layer   : Layer [com.example.dogglers/androidx.test.core.app.InstrumentationActivityInvoker$EmptyActivity$_9007#178877] hidden!! flag(1)
07-28 18:56:31.607  1127  1127 I Layer   : id=178879 Destroyed Surface(name=3aacd27 NavigationBar0)/@0x501b17d - animation-leash of insets_animation#178879
07-28 18:56:31.607  1127  1127 I Layer   : id=178878 Destroyed Surface(name=f59a3f7 StatusBar)/@0xc90eccd - animation-leash of insets_animation#178878
07-28 18:56:31.607  1093  1167 I libPowerHal: [PE] vendor.samsung. update cmd:1000000, param:0
07-28 18:56:31.607  1093  1167 I libPowerHal: [PE] vendor.samsung. update cmd:1000000 param:0
07-28 18:56:31.608  9007  9007 I ViewRootImpl@9fe84b7[InstrumentationActivityInvoker$EmptyActivity]: stopped(true) old = false
07-28 18:56:31.608  9007  9007 I ViewRootImpl@9fe84b7[InstrumentationActivityInvoker$EmptyActivity]: WindowStopped on com.example.dogglers/androidx.test.core.app.InstrumentationActivityInvoker$EmptyActivity set to true
07-28 18:56:31.609  1090  1150 I mtkpower_client: ret_hdl:81811
07-28 18:56:31.609  1624  2705 D InputDispatcher: Focus entered window (0): 8d5b0a3 com.example.dogglers/androidx.test.core.app.InstrumentationActivityInvoker$EmptyActivity
07-28 18:56:31.609  9007  9007 D LifecycleMonitor: Lifecycle status change: androidx.test.core.app.InstrumentationActivityInvoker$EmptyActivity@87fdeea in: STOPPED
07-28 18:56:31.609  1090  1150 I HYPER-HAL: [RequestManager.cpp]releaseLocked(): Released ID : 1350565
07-28 18:56:31.610  9007  9007 V ActivityScenario: Activity lifecycle changed event received but ignored because the intent does not match. startActivityIntent=Intent { act=android.intent.action.MAIN cat=[android.intent.category.LAUNCHER] cmp=com.example.dogglers/.VerticalListActivity }, activity.getIntent()=Intent { act=android.intent.action.MAIN cat=[android.intent.category.LAUNCHER] flg=0x10000000 cmp=com.example.dogglers/androidx.test.core.app.InstrumentationActivityInvoker$EmptyActivity }, activity=androidx.test.core.app.InstrumentationActivityInvoker$EmptyActivity@87fdeea
07-28 18:56:31.612  9007  9007 I MSHandlerLifeCycle: removeMultiSplitHandler: no exist. decor=DecorView@9629b51[InstrumentationActivityInvoker$EmptyActivity]
07-28 18:56:31.613  1127  1127 D SurfaceFlinger: Display 0 HWC layers:
07-28 18:56:31.613  1127  1127 D SurfaceFlinger:      DEVICE | 0xb400007621854a80 | 0102 | RGBA_8888    |    0.0    0.0 1080.0 2400.0 |    0    0 1080 2400 | com.example.dogglers/androidx.test.c[...]tyInvoker$EmptyActivity$_9007#178885
07-28 18:56:31.613  1127  1127 D SurfaceFlinger:      DEVICE | 0xb400007623228f80 | 0100 | RGBA_8888    |    0.0    0.0 1080.0   80.0 |    0    0 1080   80 | StatusBar$_17091#176350
07-28 18:56:31.613  1127  1127 D SurfaceFlinger:      DEVICE | 0xb4000075f544cb00 | 0100 | RGBA_8888    |    0.0    0.0 1080.0  135.0 |    0 2265 1080 2400 | NavigationBar0$_17091#176345
07-28 18:56:31.613  1127  1127 D SurfaceFlinger:      DEVICE | 0xb4000076232f1a80 | 0140 | RGBA_8888    |    0.0    0.0 1080.0  150.0 |    0    0 1080  150 | ScreenDecorOverlay$_17091#176358
07-28 18:56:31.613  1127  1127 D SurfaceFlinger:      DEVICE | 0xb400007621856400 | 0140 | RGBA_8888    |    0.0    0.0 1080.0  150.0 |    0 2250 1080 2400 | ScreenDecorOverlayBottom$_17091#176359
07-28 18:56:31.613  1127  1127 D SurfaceFlinger:
07-28 18:56:31.615  9007  9037 D OpenGLRenderer: setSurface called with nullptr
07-28 18:56:31.615  9007  9037 D OpenGLRenderer: setSurface() destroyed EGLSurface
07-28 18:56:31.615  9007  9037 D OpenGLRenderer: destroyEglSurface
07-28 18:56:31.616  9007  9037 D BLASTBufferQueue: [ViewRootImpl@9fe84b7[InstrumentationActivityInvoker$EmptyActivity]#4](f:0,a:1) destructor()
07-28 18:56:31.616  9007  9037 D BufferQueueConsumer: [ViewRootImpl@9fe84b7[InstrumentationActivityInvoker$EmptyActivity]#4(BLAST Consumer)4](id:232f00000004,api:0,p:-1,c:9007) disconnect
07-28 18:56:31.617  9007  9007 I ViewRootImpl@9fe84b7[InstrumentationActivityInvoker$EmptyActivity]: performTraversals mFirst=false windowShouldResize=false viewVisibilityChanged=true mForceNextWindowRelayout=false params=null
07-28 18:56:31.618  1624  2705 V WindowManager: Relayout Window{60aa528 u0 com.example.dogglers/androidx.test.core.app.InstrumentationActivityInvoker$EmptyActivity}: viewVisibility=8 req=1080x2400 d0
07-28 18:56:31.621  1624  2705 V WindowManager: Relayout hash=60aa528, pid=9007, syncId=-1: mAttrs={(0,0)(fillxfill) sim={adjust=pan forwardNavigation} ty=BASE_APPLICATION wanim=0x1030001
07-28 18:56:31.621  1624  2705 V WindowManager:   fl=1810100
07-28 18:56:31.621  1624  2705 V WindowManager:   pfl=12020040
07-28 18:56:31.621  1624  2705 V WindowManager:   apr=LIGHT_NAVIGATION_BARS
07-28 18:56:31.621  1624  2705 V WindowManager:   bhv=DEFAULT
07-28 18:56:31.621  1624  2705 V WindowManager:   fitSides= naviIconColor=0
07-28 18:56:31.621  1624  2705 V WindowManager:   sfl=100000}
07-28 18:56:31.626  9007  9007 I ViewRootImpl@9fe84b7[InstrumentationActivityInvoker$EmptyActivity]: Relayout returned: old=(0,0,1080,2400) new=(0,0,1080,2400) req=(1080,2400)8 dur=7 res=0x2 s={false 0x0} ch=false seqId=0
07-28 18:56:31.628  1624  2705 D InputDispatcher: Focused application(0): ActivityRecord{e1dc2e0 u0 com.sec.android.app.launcher/.activities.LauncherActivity} t7}
07-28 18:56:31.633  1624  1668 D PersonaActivityHelper: Activity not in resumed state, do not run immediate lock
07-28 18:56:31.633  3393  3393 I TopTaskTracker: onTaskMovedToFront : taskId = 7
07-28 18:56:31.634  9007  9007 I ViewRootImpl@70081fd[InstrumentationActivityInvoker$EmptyActivity]: MSG_WINDOW_FOCUS_CHANGED 1 0
07-28 18:56:31.634  9007  9007 I ViewRootImpl@70081fd[InstrumentationActivityInvoker$EmptyActivity]: mThreadedRenderer.initializeIfNeeded()#2 mSurface={isValid=true 0xb40000728fd0e800}
07-28 18:56:31.635  9007  9007 D InputMethodManager: startInputInner - Id : 0
07-28 18:56:31.635  9007  9007 I InputMethodManager: startInputInner - mService.startInputOrWindowGainedFocus
07-28 18:56:31.635  1624  1688 W libprocessgroup: Failed to open /dev/blkio//cgroup.procs: No such file or directory
07-28 18:56:31.636  1624  1688 W libprocessgroup: Failed to open /dev/blkio//cgroup.procs: No such file or directory
07-28 18:56:31.637  1624  5216 D InputMethodManagerService: mDesktopModeManager null!
07-28 18:56:31.637  1624  5216 V InputMethodManagerService: getDisplayIdOfInputMethodWindowToBeAdded: displayId=0
07-28 18:56:31.637  1624  5216 D InputMethodManagerService: isImeSwitcherDisabledPackage : false
07-28 18:56:31.639  1624  5216 D InputMethodManagerService: checkDisplayOfStartInputAndUpdateKeyboard: displayId=0, mFocusedDisplayId=0
07-28 18:56:31.639  1624  5216 D InputTransport: Input channel constructed: 'ClientS', fd=1059
07-28 18:56:31.639  1624  5216 D InputTransport: Input channel destroyed: 'ClientS', fd=1059
07-28 18:56:31.639  1127  1127 I SurfaceFlinger: [8d5b0a3 com.example.dogglers/androidx.test.core.app.InstrumentationActivityInvoker$EmptyActivity#178884] FrameRatePriority: -1
07-28 18:56:31.640  5607  5607 I HBD     : HoneyBoardService onFinishInput
07-28 18:56:31.640  5607  5607 I HBD     : a IC have been unbinding,  RemoteInputConnection{idHash=#3bd8b}
07-28 18:56:31.640  5607  5607 I HBD     : HoneyBoardService [PF_CL][onFinishInput]  0 ms
07-28 18:56:31.640  5607  5607 I HBD     : HoneyBoardService [IMI] onStartInput - caller pid : 9007 , caller uid : 10520
07-28 18:56:31.640  5607  5607 I HBD     : j updateConfigs
07-28 18:56:31.640  5607  5607 I HBD     : j isEnabledNightMode : false
07-28 18:56:31.641  5607  5607 I HBD     : a IC have been binding, RemoteInputConnection{idHash=#3bd8b}
07-28 18:56:31.641  5607  5607 I HBD     : h [EditorInputType]setPrivateImeOptionsToTable privateImeOptions ( null )
07-28 18:56:31.641  1127  3782 I SurfaceFlinger: id=178889 createSurf flag=24004, Surface(name=d8adfc2 InputMethod)/@0xc2b360e - animation-leash of insets_animation#178889
07-28 18:56:31.641  5607  5607 I HBD     : b incognitoMode : false
07-28 18:56:31.641  5607  5607 I HBD     : a needOff = true , isForceOff = false, isNullInputClass : true
07-28 18:56:31.641  5607  5607 I HBD     : h getDefaultInputRange : UNKNOWN
07-28 18:56:31.641  5607  5607 I HBD     : h getDefaultInputRange : UNKNOWN
07-28 18:56:31.641  5607  5607 I HBD     : h getDefaultInputRange : UNKNOWN
07-28 18:56:31.641  9007  9007 D LifecycleMonitor: Lifecycle status change: androidx.test.core.app.InstrumentationActivityInvoker$EmptyActivity@87fdeea in: DESTROYED
07-28 18:56:31.642  9007  9007 V ActivityScenario: Activity lifecycle changed event received but ignored because the intent does not match. startActivityIntent=Intent { act=android.intent.action.MAIN cat=[android.intent.category.LAUNCHER] cmp=com.example.dogglers/.VerticalListActivity }, activity.getIntent()=Intent { act=android.intent.action.MAIN cat=[android.intent.category.LAUNCHER] flg=0x10000000 cmp=com.example.dogglers/androidx.test.core.app.InstrumentationActivityInvoker$EmptyActivity }, activity=androidx.test.core.app.InstrumentationActivityInvoker$EmptyActivity@87fdeea
07-28 18:56:31.643  9007  9007 I MSHandlerLifeCycle: removeMultiSplitHandler: no exist. decor=DecorView@9629b51[InstrumentationActivityInvoker$EmptyActivity]
07-28 18:56:31.644  9007  9037 D OpenGLRenderer: setSurface called with nullptr
07-28 18:56:31.644  9007  9007 I ViewRootImpl@9fe84b7[InstrumentationActivityInvoker$EmptyActivity]: dispatchDetachedFromWindow
07-28 18:56:31.644  5607  5607 I HBD     : a needOff = true , isForceOff = false, isNullInputClass : true
07-28 18:56:31.644  5607  5607 I HBD     : a update cached prediction status : false
07-28 18:56:31.644  5607  5607 I HBD     : h getDefaultInputRange : UNKNOWN
07-28 18:56:31.644  5607  5607 I HBD     : a currentState : 0
07-28 18:56:31.645  5607  5607 I HBD     : a [UpdatePolicy] [post] a: 0 cl: 65538 kit: [0/0] vt: 0 ir: 1
07-28 18:56:31.645  1624  4919 D InputTransport: Input channel destroyed: '60aa528', fd=1051
07-28 18:56:31.645  1624  4919 W InputManager-JNI: Input channel object '60aa528 com.example.dogglers/androidx.test.core.app.InstrumentationActivityInvoker$EmptyActivity (client)' was disposed without first being removed with the input manager!
07-28 18:56:31.645  5607  5607 I HBD     : a [NRIC] resetNoResponseState
07-28 18:56:31.645  1624  4919 D InputTransport: Input channel destroyed: '60aa528', fd=1053
07-28 18:56:31.645  5607  5607 I HBD     : a needOff = true , isForceOff = false, isNullInputClass : true
07-28 18:56:31.645  5607  5607 I HBD     : a update cached prediction status : false
07-28 18:56:31.646  5607  5607 I HBD     : HoneyBoardService [PF_OP][onStartInput]  6 ms
07-28 18:56:31.649  9007  9007 D InputTransport: Input channel destroyed: '60aa528', fd=141
07-28 18:56:31.651  1127  3782 I SurfaceFlinger: id=178880 Removed 156ed0c ActivityRecordInputSink com.example.dogglers/androidx.test.core.app.InstrumentationActivityInvoker$EmptyActivity#178880 (119)
07-28 18:56:31.652  9007  9007 D LifecycleMonitor: Lifecycle status change: androidx.test.core.app.InstrumentationActivityInvoker$EmptyActivity@d8dbfa8 in: PAUSED
07-28 18:56:31.652  9007  9007 V ActivityScenario: Activity lifecycle changed event received but ignored because the intent does not match. startActivityIntent=Intent { act=android.intent.action.MAIN cat=[android.intent.category.LAUNCHER] cmp=com.example.dogglers/.VerticalListActivity }, activity.getIntent()=Intent { act=android.intent.action.MAIN cat=[android.intent.category.LAUNCHER] flg=0x10000000 cmp=com.example.dogglers/androidx.test.core.app.InstrumentationActivityInvoker$EmptyActivity }, activity=androidx.test.core.app.InstrumentationActivityInvoker$EmptyActivity@d8dbfa8
07-28 18:56:31.653  1624  2705 I SemDvfsHyPerManager: acquire hyper - AMS_APP_HOME/1624@31, type = -999
07-28 18:56:31.654  1090  1150 I HYPER-HAL: [RequestManager.cpp]acquire(): Acquired ID : 1370371  [1624 / 31]    HINT : AMS_APP_HOME    list :
07-28 18:56:31.654  1090  1150 I mtkpower_client: perf_lock_rel, hdl:81810, tid:1150
07-28 18:56:31.654  1090  1150 I mtkpower_client: perf_lock_acq, hdl:0, dur:0, num:2, tid:1150
07-28 18:56:31.654  1093  1167 I libPowerHal: [perfLockRel] hdl:81810, idx:2
07-28 18:56:31.654  5208  5208 I SemDvfsHyPerManager: acquire hyper - APP_START_HOME/5208@13, type = -999
07-28 18:56:31.654  1093  1167 I libPowerHal: [PD] vendor.samsung. update cmd:1c3c000, param:1
07-28 18:56:31.654  1093  1167 I libPowerHal: [PD] (less) /proc/mcdi/state set +prefix:enable 1;
07-28 18:56:31.655  1090  1150 I mtkpower_client: ret_hdl:81812
07-28 18:56:31.655  1093  1167 I libPowerHal: [perfLockAcq] idx:1 hdl:81812 hint:-1 pid:1090 duration:0 lock_user:vendor.samsung. => ret_hdl:81812
07-28 18:56:31.655  3393  3393 I ViewRootImpl@c6ee0f[LauncherActivity]: handleAppVisibility mAppVisible = false visible = true
07-28 18:56:31.655  1090  1150 I mtkpower_client: perf_lock_rel, hdl:81809, tid:1150
07-28 18:56:31.655  1093  1167 I libPowerHal: [PE] (less) /proc/mcdi/state set +prefix:enable 0;
07-28 18:56:31.656  1090  1150 I mtkpower_client: perf_lock_acq, hdl:0, dur:0, num:2, tid:1150
07-28 18:56:31.656  1127  1127 I Layer   : id=178883 removeFromCurrentState Surface(name=d8adfc2 InputMethod)/@0xc2b360e - animation-leash of insets_animation#178883 (119)
07-28 18:56:31.657  1127  1127 D SurfaceFlinger: [input] inputWindowCommands.focusRequests size is 1
07-28 18:56:31.657  1127  1127 I Layer   : id=178877 removeFromCurrentState com.example.dogglers/androidx.test.core.app.InstrumentationActivityInvoker$EmptyActivity$_9007#178877 (119)
07-28 18:56:31.657  1127  1127 I Layer   : id=178876 removeFromCurrentState 60aa528 com.example.dogglers/androidx.test.core.app.InstrumentationActivityInvoker$EmptyActivity#178876 (119)
07-28 18:56:31.657  1127  1127 I SurfaceFlinger: id=178877 Removed com.example.dogglers/androidx.test.core.app.InstrumentationActivityInvoker$EmptyActivity$_9007#178877 (119)
07-28 18:56:31.657  1127  1127 I SurfaceFlinger: id=178876 Removed 60aa528 com.example.dogglers/androidx.test.core.app.InstrumentationActivityInvoker$EmptyActivity#178876 (119)
07-28 18:56:31.657  1127  1127 I SurfaceFlinger: id=178883 Removed Surface(name=d8adfc2 InputMethod)/@0xc2b360e - animation-leash of insets_animation#178883 (119)
07-28 18:56:31.657  1127  1127 I Layer   : id=178876 Destroyed 60aa528 com.example.dogglers/androidx.test.core.app.InstrumentationActivityInvoker$EmptyActivity#178876
07-28 18:56:31.657  1127  1127 I BufferQueueDebug: [com.example.dogglers/androidx.test.core.app.InstrumentationActivityInvoker$EmptyActivity$_9007#178877](this:0xb4000075f5524838,id:-1,api:0,p:-1,c:1127) onDestructor()
07-28 18:56:31.657  1127  1127 I Layer   : id=178877 Destroyed com.example.dogglers/androidx.test.core.app.InstrumentationActivityInvoker$EmptyActivity$_9007#178877
07-28 18:56:31.657  1127  1127 I Layer   : id=178883 Destroyed Surface(name=d8adfc2 InputMethod)/@0xc2b360e - animation-leash of insets_animation#178883
07-28 18:56:31.658  1127  1386 D SurfaceFlinger: [input] setFocusedWindow: <null>
07-28 18:56:31.659  1624  5705 D InputDispatcher: Focus request (0): <null> but waiting because NOT_FOCUSABLE
07-28 18:56:31.659  1624  5705 D InputDispatcher: Focus left window (0): 8d5b0a3 com.example.dogglers/androidx.test.core.app.InstrumentationActivityInvoker$EmptyActivity
07-28 18:56:31.659  3393  3393 I ViewRootImpl@c6ee0f[LauncherActivity]: stopped(false) old = true
07-28 18:56:31.659  3393  3393 I ViewRootImpl@c6ee0f[LauncherActivity]: WindowStopped on com.sec.android.app.launcher/com.sec.android.app.launcher.activities.LauncherActivity set to false
07-28 18:56:31.659  1093  1167 I libPowerHal: [perfLockRel] hdl:81809, idx:0
07-28 18:56:31.659  1093  1167 I libPowerHal: vendor.samsung.: cpu_ctrl set cpu freq: -1 -1 -1 -1
07-28 18:56:31.660  1090  1150 I mtkpower_client: ret_hdl:81813
07-28 18:56:31.661  1093  1167 I libPowerHal: [perfLockAcq] idx:2 hdl:81813 hint:-1 pid:1090 duration:0 lock_user:vendor.samsung. => ret_hdl:81813
07-28 18:56:31.661  1090  1150 I HYPER-HAL: [RequestManager.cpp]acquire(): Acquired ID : 13632044  [5208 / 13]    HINT : APP_START    list : [KERNEL_APP_START_NOTIFY / 0] [TIMEOUT / 1500]
07-28 18:56:31.661  1093  1167 I libPowerHal: vendor.samsung.: cpu_ctrl set cpu freq: 1800000 -1 -1 -1
07-28 18:56:31.661  3393  3393 I Launcher: !@Boot_DEBUG: Launcher.onStart()
07-28 18:56:31.661  3393  3393 I Launcher: !@Boot_EBS_D: Launcher.onStart()
07-28 18:56:31.661  3393  3393 I BaseActivity: addActivityFlags, flags : 1
07-28 18:56:31.661  3393  3393 W LauncherAppWidgetHost: setShouldListenFlag, mFlags:2 flag:start on:true isFront:false
07-28 18:56:31.661  3393  3393 W Launcher: onStart isListening : false isLoading false
07-28 18:56:31.663  3393  3393 I MSHandlerLifeCycle: removeMultiSplitHandler: no exist. decor=DecorView@4f24386[LauncherActivity]
07-28 18:56:31.663  3393  3393 I ViewRootImpl@c6ee0f[LauncherActivity]: stopped(false) old = false
07-28 18:56:31.663  3393  3393 I Launcher: !@Boot_DEBUG: Launcher.onResume()
07-28 18:56:31.663  3393  3393 I Launcher: !@Boot_EBS_D: Launcher.onResume()
07-28 18:56:31.663  3393  3393 I BaseActivity: addActivityFlags, flags : 18
07-28 18:56:31.663  3393  3393 I BaseActivity: removeActivityFlags, flags : 32
07-28 18:56:31.663  3393  3393 I AppsSearchBar: restoreCurrentCellLayoutAlpha: null
07-28 18:56:31.663  3393  3393 W SearchLauncherServiceMover: isMoving : false
07-28 18:56:31.663  3393  3756 I IMM_LC  : hsifw() - flag : 0
07-28 18:56:31.663  1624  1668 I SemPersonaManager: SecureFolder personaId = 150
07-28 18:56:31.663  3393  3756 I IMM_LC  : hsifw() - mService.hideSoftInput
07-28 18:56:31.663  1624  4919 D InputMethodManagerService: isImeSwitcherDisabledPackage : false
07-28 18:56:31.664  3393  3393 I Launcher: setWallpaperOffsets
07-28 18:56:31.664  3393 29147 I Launcher: DisplayMetrics from Resources : DisplayMetrics{density=2.8125, width=1080, height=2185, scaledDensity=3.6562498, xdpi=409.432, ydpi=411.891}
07-28 18:56:31.664  3393 29147 I Launcher: realMetrics from Wm : DisplayMetrics{density=2.8125, width=1080, height=2400, scaledDensity=2.8125, xdpi=409.432, ydpi=411.891}
07-28 18:56:31.664  3393 29147 I Launcher: Launcher DeviceProfile onResume availSize: 1080x2263 windowSize: 1080x2400 isLandscape: false
07-28 18:56:31.664  3393  3393 I MSHandlerLifeCycle: removeMultiSplitHandler: no exist. decor=DecorView@4f24386[LauncherActivity]
07-28 18:56:31.664  3393  3393 I BaseActivity: addActivityFlags, flags : 4
07-28 18:56:31.665  3393  3393 I Launcher: onDeferredResumed
07-28 18:56:31.665  9007  9007 I ViewRootImpl@70081fd[InstrumentationActivityInvoker$EmptyActivity]: MSG_WINDOW_FOCUS_CHANGED 0 0
07-28 18:56:31.665  3393  3393 I InstallShortcutReceiver: flushInstallQueue 0
07-28 18:56:31.665  3393  3393 I Launcher.NotificationListener: registerObserver this is not notificationService!!
07-28 18:56:31.665  3393  3393 I Launcher.NotificationListener: onNotificationFullRefresh
07-28 18:56:31.665  1624  1745 D AnalyticsContainerHandler: handleMessage : { when=0 what=1 target=com.android.server.knox.KnoxAnalyticsContainer$AnalyticsHandler }
07-28 18:56:31.665  3393  3393 I BadgeCountUpdaterImpl: onNotificationsChangedConnected
07-28 18:56:31.665  3393  3393 W LauncherAppWidgetHost: setShouldListenFlag, mFlags:6 flag:resume on:true isFront:false
07-28 18:56:31.665  5607  5607 I InputMethodService: removeImeSurface
07-28 18:56:31.665  1624  5716 I AppWidgetServiceImpl: startListening callbacks : com.android.internal.appwidget.IAppWidgetHost$Stub$Proxy@f512bce
07-28 18:56:31.665  5607  5607 I MSHandlerLifeCycle: check: return. pkg=com.samsung.android.honeyboard isActivity=false callers=com.android.internal.policy.DecorView.setVisibility:4411 android.app.Dialog.hide:767 android.inputmethodservice.InputMethodService.removeImeSurface:1290 android.inputmethodservice.InputMethodService.scheduleImeSurfaceRemoval:1279 android.inputmethodservice.InputMethodService.-$$Nest$mscheduleImeSurfaceRemoval:0
07-28 18:56:31.666  5607  5607 I MSHandlerLifeCycle: removeMultiSplitHandler: no exist. decor=DecorView@4ed7bdc[InputMethod]
07-28 18:56:31.666  3393  3393 W LauncherAppWidgetHost: startListening, mFlags:15 isFront:false
07-28 18:56:31.666  1624  1688 W libprocessgroup: Failed to open /dev/blkio//cgroup.procs: No such file or directory
07-28 18:56:31.666  9007  9030 I TestRunner: finished: vertical_scroll_content_at_last_position(com.example.dogglers.VerticalListTests)
