07-28 18:56:31.093  1624  2805 W System.err: 	at com.android.org.conscrypt.ConscryptEngineSocket$SSLInputStream.-$$Nest$mprocessDataFromSocket(Unknown Source:0)
07-28 18:56:31.093  1624  2805 W System.err: 	at com.android.org.conscrypt.ConscryptEngineSocket.doHandshake(ConscryptEngineSocket.java:241)
07-28 18:56:31.093  1624  2805 W System.err: 	at com.android.org.conscrypt.ConscryptEngineSocket.startHandshake(ConscryptEngineSocket.java:220)
07-28 18:56:31.093  1624  2805 W System.err: 	at com.android.okhttp.internal.io.RealConnection.connectTls(RealConnection.java:196)
07-28 18:56:31.093  1624  2805 W System.err: 	at com.android.okhttp.internal.io.RealConnection.connectSocket(RealConnection.java:153)
07-28 18:56:31.093  1624  2805 W System.err: 	at com.android.okhttp.internal.io.RealConnection.connect(RealConnection.java:116)
07-28 18:56:31.093  1624  2805 W System.err: 	at com.android.okhttp.internal.http.StreamAllocation.findConnection(StreamAllocation.java:186)
07-28 18:56:31.093  1624  2805 W System.err: 	at com.android.okhttp.internal.http.StreamAllocation.findHealthyConnection(StreamAllocation.java:128)
07-28 18:56:31.093  1624  2805 W System.err: 	at com.android.okhttp.internal.http.StreamAllocation.newStream(StreamAllocation.java:97)
07-28 18:56:31.093  1624  2805 W System.err: 	at com.android.okhttp.internal.http.HttpEngine.connect(HttpEngine.java:289)
07-28 18:56:31.093  1624  2805 W System.err: 	at com.android.okhttp.internal.http.HttpEngine.sendRequest(HttpEngine.java:232)
07-28 18:56:31.093  1624  2805 W System.err: 	at com.android.okhttp.internal.huc.HttpURLConnectionImpl.execute(HttpURLConnectionImpl.java:465)
07-28 18:56:31.093  1624  2805 W System.err: 	at com.android.okhttp.internal.huc.HttpURLConnectionImpl.getResponse(HttpURLConnectionImpl.java:411)
07-28 18:56:31.093  1624  2805 W System.err: 	at com.android.okhttp.internal.huc.HttpURLConnectionImpl.getInputStream(HttpURLConnectionImpl.java:248)
07-28 18:56:31.093  1624  2805 W System.err: 	at com.android.okhttp.internal.huc.DelegatingHttpsURLConnection.getInputStream(DelegatingHttpsURLConnection.java:211)
07-28 18:56:31.093  1624  2805 W System.err: 	at com.android.okhttp.internal.huc.HttpsURLConnectionImpl.getInputStream(HttpsURLConnectionImpl.java:30)
07-28 18:56:31.093  1624  2805 W System.err: 	at com.samsung.android.server.wifi.tcp.SemWifiTransportLayerUtils.getApplicationCategory(SemWifiTransportLayerUtils.java:104)
07-28 18:56:31.094  1624  2805 W System.err: 	at com.samsung.android.server.wifi.tcp.SemWifiTransportLayerMonitor$TcpMonitorHandler.handleMessage(SemWifiTransportLayerMonitor.java:244)
07-28 18:56:31.094  1624  2805 W System.err: 	at android.os.Handler.dispatchMessage(Handler.java:106)
07-28 18:56:31.094  1624  2805 W System.err: 	at android.os.Looper.loopOnce(Looper.java:226)
07-28 18:56:31.094  1624  2805 W System.err: 	at android.os.Looper.loop(Looper.java:313)
07-28 18:56:31.094  1624  2805 W System.err: 	at android.os.HandlerThread.run(HandlerThread.java:67)
07-28 18:56:31.094  1624  2805 D SemWifiTransportLayerMonitor.TcpMonitorHandler: MSG_SAVE_PACKAGE_INFO
07-28 18:56:31.094  1624  2805 D SemWifiTransportLayerFileManager: saveWifiPackageInfoToFile
07-28 18:56:31.094  1624  2805 D SemWifiTransportLayerFileManager: writeWifiPackageInfoList
07-28 18:56:31.098  9007  9007 I ViewRootImpl@361d3c8[VerticalListActivity]: performTraversals params={(0,0)(fillxfill) sim={adjust=resize forwardNavigation} ty=BASE_APPLICATION wanim=0x1030309
07-28 18:56:31.098  9007  9007 I ViewRootImpl@361d3c8[VerticalListActivity]:   fl=81810100
07-28 18:56:31.098  9007  9007 I ViewRootImpl@361d3c8[VerticalListActivity]:   pfl=12020040
07-28 18:56:31.098  9007  9007 I ViewRootImpl@361d3c8[VerticalListActivity]:   bhv=DEFAULT
07-28 18:56:31.098  9007  9007 I ViewRootImpl@361d3c8[VerticalListActivity]:   fitSides= naviIconColor=0
07-28 18:56:31.098  9007  9007 I ViewRootImpl@361d3c8[VerticalListActivity]:   sfl=100000}
07-28 18:56:31.099  9007  9007 I ViewRootImpl@361d3c8[VerticalListActivity]: performTraversals mFirst=true windowShouldResize=true viewVisibilityChanged=false mForceNextWindowRelayout=false params={(0,0)(fillxfill) sim={adjust=resize forwardNavigation} ty=BASE_APPLICATION wanim=0x1030309
07-28 18:56:31.099  9007  9007 I ViewRootImpl@361d3c8[VerticalListActivity]:   fl=81810100
07-28 18:56:31.099  9007  9007 I ViewRootImpl@361d3c8[VerticalListActivity]:   pfl=12020040
07-28 18:56:31.099  9007  9007 I ViewRootImpl@361d3c8[VerticalListActivity]:   bhv=DEFAULT
07-28 18:56:31.099  9007  9007 I ViewRootImpl@361d3c8[VerticalListActivity]:   fitSides= naviIconColor=0
07-28 18:56:31.099  9007  9007 I ViewRootImpl@361d3c8[VerticalListActivity]:   sfl=100000}
07-28 18:56:31.100  1624  2805 D SemWifiTransportLayerMonitor.TcpMonitorHandler: MSG_SAVE_PACKAGE_INFO
07-28 18:56:31.100  1624  2805 D SemWifiTransportLayerFileManager: saveWifiPackageInfoToFile
07-28 18:56:31.100  1624  2805 D SemWifiTransportLayerFileManager: writeWifiPackageInfoList
07-28 18:56:31.100  1624  4919 V WindowManager: Relayout Window{1417257 u0 com.example.dogglers/com.example.dogglers.VerticalListActivity}: viewVisibility=0 req=1080x2400 d0
07-28 18:56:31.101  1127  3782 I BufferQueueDebug: [com.example.dogglers/com.example.dogglers.VerticalListActivity$_9007#178870](this:0xb4000075f0a65838,id:-1,api:0,p:-1,c:-1) BufferQueue core=(1127:/system/bin/surfaceflinger)
07-28 18:56:31.101  1127  3782 I SurfaceFlinger: id=178870 createSurf flag=40004, com.example.dogglers/com.example.dogglers.VerticalListActivity$_9007#178870
07-28 18:56:31.105  1127  3782 I SurfaceFlinger: id=178871 createSurf flag=24000, Surface(name=f59a3f7 StatusBar)/@0xc90eccd - animation-leash of insets_animation#178871
07-28 18:56:31.106  1127  3782 I SurfaceFlinger: id=178872 createSurf flag=24000, Surface(name=3aacd27 NavigationBar0)/@0x501b17d - animation-leash of insets_animation#178872
07-28 18:56:31.108  3393 10716 I TouchInteractionService: onSystemUiStateChanged, stateFlags : 131072 |allow_gesture|
07-28 18:56:31.108  3393  3393 I RecentsAnimationDeviceState: setSystemUiFlags, stateFlags : 131072
07-28 18:56:31.108  3393  3393 I TouchInteractionService: onSystemUiFlagsChanged, lastSysUIFlags : 0
07-28 18:56:31.109  1624  2826 D NetdEventListenerService: DNS Requested by : 184, 1000
07-28 18:56:31.109  1624  4919 V WindowManager: Relayout hash=1417257, pid=9007, syncId=-1: mAttrs={(0,0)(fillxfill) sim={adjust=resize forwardNavigation} ty=BASE_APPLICATION wanim=0x1030309
07-28 18:56:31.109  1624  4919 V WindowManager:   fl=81810100
07-28 18:56:31.109  1624  4919 V WindowManager:   pfl=12020040
07-28 18:56:31.109  1624  4919 V WindowManager:   apr=LIGHT_NAVIGATION_BARS
07-28 18:56:31.109  1624  4919 V WindowManager:   bhv=DEFAULT
07-28 18:56:31.109  1624  4919 V WindowManager:   fitSides= naviIconColor=0
07-28 18:56:31.109  1624  4919 V WindowManager:   sfl=100000}
07-28 18:56:31.110  1624  2805 D TrafficStats: tagSocket(1048) with statsTag=0xffffffff, statsUid=-1
07-28 18:56:31.111  3393 10716 I RecentModel: onTaskStackChangedBackground
07-28 18:56:31.112  9007  9007 I ViewRootImpl@361d3c8[VerticalListActivity]: updateBlastSurfaceIfNeeded mBlastBufferQueue=null isSameSurfaceControl=false
07-28 18:56:31.112  9007  9007 D BufferQueueConsumer: [](id:232f00000003,api:0,p:-1,c:9007) connect: controlledByApp=false
07-28 18:56:31.113  9007  9007 I BLASTBufferQueue: new BLASTBufferQueue, mName= ViewRootImpl@361d3c8[VerticalListActivity] mNativeObject= 0xb400007297bfc800 sc.mNativeObject= 0xb4000072adea7c40 caller= android.view.ViewRootImpl.updateBlastSurfaceIfNeeded:2909 android.view.ViewRootImpl.relayoutWindow:9847 android.view.ViewRootImpl.performTraversals:3884 android.view.ViewRootImpl.doTraversal:3116 android.view.ViewRootImpl$TraversalRunnable.run:10885 android.view.Choreographer$CallbackRecord.run:1301 android.view.Choreographer$CallbackRecord.run:1309 android.view.Choreographer.doCallbacks:923 android.view.Choreographer.doFrame:852 android.view.Choreographer$FrameDisplayEventReceiver.run:1283
07-28 18:56:31.114  9007  9007 I BLASTBufferQueue: update, w= 1080 h= 2400 mName = ViewRootImpl@361d3c8[VerticalListActivity] mNativeObject= 0xb400007297bfc800 sc.mNativeObject= 0xb4000072adea7c40 format= -1 caller= android.graphics.BLASTBufferQueue.<init>:84 android.view.ViewRootImpl.updateBlastSurfaceIfNeeded:2909 android.view.ViewRootImpl.relayoutWindow:9847 android.view.ViewRootImpl.performTraversals:3884 android.view.ViewRootImpl.doTraversal:3116 android.view.ViewRootImpl$TraversalRunnable.run:10885
07-28 18:56:31.114  9007  9007 I ViewRootImpl@361d3c8[VerticalListActivity]: Relayout returned: old=(0,0,1080,2400) new=(0,0,1080,2400) req=(1080,2400)0 dur=13 res=0x3 s={true 0xb400007297bf4800} ch=true seqId=0
07-28 18:56:31.115  9007  9007 I ViewRootImpl@361d3c8[VerticalListActivity]: mThreadedRenderer.initialize() mSurface={isValid=true 0xb400007297bf4800} hwInitialized=true
07-28 18:56:31.115  9007  9037 D OpenGLRenderer: eglCreateWindowSurface
07-28 18:56:31.124  1127  1127 I Layer   : id=178852 removeFromCurrentState Surface(name=f59a3f7 StatusBar)/@0xc90eccd - animation-leash of insets_animation#178852 (119)
07-28 18:56:31.124  1127  1127 I Layer   : id=178853 removeFromCurrentState Surface(name=3aacd27 NavigationBar0)/@0x501b17d - animation-leash of insets_animation#178853 (119)
07-28 18:56:31.124  1127  1127 I SurfaceFlinger: [1417257 com.example.dogglers/com.example.dogglers.VerticalListActivity#178869] FrameRatePriority: 1
07-28 18:56:31.124  1127  1127 D SurfaceFlinger: [input] inputWindowCommands.focusRequests size is 1
07-28 18:56:31.124  1127  1127 I SurfaceFlinger: id=178852 Removed Surface(name=f59a3f7 StatusBar)/@0xc90eccd - animation-leash of insets_animation#178852 (119)
07-28 18:56:31.124  1127  1127 I SurfaceFlinger: id=178853 Removed Surface(name=3aacd27 NavigationBar0)/@0x501b17d - animation-leash of insets_animation#178853 (119)
07-28 18:56:31.124  1127  1127 I Layer   : id=178852 Destroyed Surface(name=f59a3f7 StatusBar)/@0xc90eccd - animation-leash of insets_animation#178852
07-28 18:56:31.124  1127  1127 I Layer   : id=178853 Destroyed Surface(name=3aacd27 NavigationBar0)/@0x501b17d - animation-leash of insets_animation#178853
07-28 18:56:31.125  1127  1386 D SurfaceFlinger: [input] setFocusedWindow: 1417257 com.example.dogglers/com.example.dogglers.VerticalListActivity
07-28 18:56:31.126  1624  4919 D InputDispatcher: Focus request (0): 1417257 com.example.dogglers/com.example.dogglers.VerticalListActivity but waiting because NOT_VISIBLE
07-28 18:56:31.174  9007  9007 I ViewRootImpl@361d3c8[VerticalListActivity]: reportNextDraw android.view.ViewRootImpl.performTraversals:4438 android.view.ViewRootImpl.doTraversal:3116 android.view.ViewRootImpl$TraversalRunnable.run:10885 android.view.Choreographer$CallbackRecord.run:1301 android.view.Choreographer$CallbackRecord.run:1309
07-28 18:56:31.174  9007  9007 I ViewRootImpl@361d3c8[VerticalListActivity]: Setup new sync id=0
07-28 18:56:31.174  9007  9007 I ViewRootImpl@361d3c8[VerticalListActivity]: Setting syncFrameCallback
07-28 18:56:31.174  9007  9007 I ViewRootImpl@361d3c8[VerticalListActivity]: registerCallbacksForSync syncBuffer=false
07-28 18:56:31.180  9007  9015 I xample.dogglers: Compiler allocated 4177KB to compile void android.widget.TextView.<init>(android.content.Context, android.util.AttributeSet, int, int)
07-28 18:56:31.188  9007  9062 I ViewRootImpl@361d3c8[VerticalListActivity]: Received frameDrawingCallback syncResult=0 frameNum=1.
07-28 18:56:31.188  9007  9062 I ViewRootImpl@361d3c8[VerticalListActivity]: Setting up sync and frameCommitCallback
07-28 18:56:31.193  9007  9037 I BLASTBufferQueue: [ViewRootImpl@361d3c8[VerticalListActivity]#3](f:0,a:0) onFrameAvailable the first frame is available
07-28 18:56:31.193  9007  9037 D BLASTBufferQueue: [ViewRootImpl@361d3c8[VerticalListActivity]#3](f:0,a:1) acquireNextBufferLocked size=1080x2400 mFrameNumber=1 applyTransaction=true mTimestamp=1010959992485488(auto) mPendingTransactions.size=0 graphicBufferId=38684770435083 transform=0
07-28 18:56:31.194  9007  9037 I ViewRootImpl@361d3c8[VerticalListActivity]: Received frameCommittedCallback lastAttemptedDrawFrameNum=1 didProduceBuffer=true
07-28 18:56:31.195  9007  9037 D OpenGLRenderer: CFMS:: SetUp Pid : 9007    Tid : 9037
07-28 18:56:31.195  9007  9037 W Parcel  : Expecting binder but got null!
07-28 18:56:31.195  9007  9007 I ViewRootImpl@361d3c8[VerticalListActivity]: onSyncComplete
07-28 18:56:31.196  9007  9007 I ViewRootImpl@361d3c8[VerticalListActivity]: setupSync seqId=0 mSyncId=0 fn=1 caller=android.view.ViewRootImpl$$ExternalSyntheticLambda11.accept:6 android.window.SurfaceSyncer.lambda$setupSync$1$android-window-SurfaceSyncer:128 android.window.SurfaceSyncer$$ExternalSyntheticLambda1.accept:8 android.window.SurfaceSyncer$SyncSet.checkIfSyncIsComplete:382 android.window.SurfaceSyncer$SyncSet.markSyncReady:359 android.window.SurfaceSyncer.markSyncReady:151 android.view.ViewRootImpl.performTraversals:4503
07-28 18:56:31.196  9007  9007 I ViewRootImpl@361d3c8[VerticalListActivity]: reportDrawFinished seqId=0 mSyncId=-1 fn=1 mSurfaceChangedTransaction=0xb4000073295c0e00
07-28 18:56:31.200  1624  1669 I SemDvfsHyPerManager: acquire hyper - AMS_RESUME_TAIL/1624@21, type = -999
07-28 18:56:31.201  1624  1669 I SemDvfsHyPerManager: acquire hyper - AMS_ACT_LAZY/1624@22, type = -999
07-28 18:56:31.201  1624  3610 E libprocessgroup: Failed to find cgroup for tid 3610
07-28 18:56:31.201  1624  3610 W libprocessgroup: Failed to apply DoNothingOlaf task profile: Try again
07-28 18:56:31.201  1624  1665 W ziparchive: Unable to open '/data/app/~~RqwEkAPnBZtTvJ-WAeAgzw==/com.example.dogglers-LNHwQbSjO_yQRomBmsyq3g==/base.dm': No such file or directory
07-28 18:56:31.201  1090  1150 I HYPER-HAL: [RequestManager.cpp]acquire(): Acquired ID : 1353856  [1624 / 21]    HINT : AMS_RESUME_TAIL    list :
07-28 18:56:31.202  1090  1150 I mtkpower_client: perf_lock_rel, hdl:81791, tid:1150
07-28 18:56:31.202  1090  1150 I mtkpower_client: perf_lock_acq, hdl:0, dur:0, num:2, tid:1150
07-28 18:56:31.202  1093  1167 I libPowerHal: [perfLockRel] hdl:81791, idx:1
07-28 18:56:31.202  1093  1167 I libPowerHal: [PD] vendor.samsung. update cmd:1c3c000, param:1
07-28 18:56:31.202  1093  1167 I libPowerHal: [PD] (less) /proc/mcdi/state set +prefix:enable 1;
07-28 18:56:31.202  1624  1665 I PkgPredictorService-SecIpmManagerServiceImpl: reportToNAP uid:10520 com.example.dogglers/com.example.dogglers.VerticalListActivity thisTime:314
07-28 18:56:31.203  1090  1150 I mtkpower_client: ret_hdl:81793
07-28 18:56:31.203  1090  1150 I mtkpower_client: perf_lock_rel, hdl:81792, tid:1150
07-28 18:56:31.203  1093  1167 I libPowerHal: [perfLockAcq] idx:1 hdl:81793 hint:-1 pid:1090 duration:0 lock_user:vendor.samsung. => ret_hdl:81793
07-28 18:56:31.204  1093  1167 I libPowerHal: [PE] (less) /proc/mcdi/state set +prefix:enable 0;
07-28 18:56:31.204  1127  1176 I SurfaceFlinger: id=178873 createSurf flag=24000, Surface(name=1417257 com.example.dogglers/com.example.dogglers.VerticalListActivity)/@0xbf8f76b - animation-leash of starting_reveal#178873
07-28 18:56:31.205  1093  1167 I libPowerHal: [perfLockRel] hdl:81792, idx:0
07-28 18:56:31.205  1090  1150 I mtkpower_client: perf_lock_acq, hdl:0, dur:0, num:2, tid:1150
07-28 18:56:31.205  1093  1167 I libPowerHal: [PD] vendor.samsung. update cmd:1000000, param:-1
07-28 18:56:31.205  1093  1167 I libPowerHal: [PD] vendor.samsung. update cmd:1000000 param:-1
07-28 18:56:31.206  9007  9007 D RootViewPicker: Root not ready - waiting: 10ms for one to appear.
07-28 18:56:31.206 11610 11610 I CMHApplication: [#CMH#] Block to verify, Change Trim Memory Level: 80
07-28 18:56:31.206  8608  8608 I Finsky:background: [2] tpc.onTrimMemory(13): Memory trim requested to level 80
07-28 18:56:31.206  1090  1150 I mtkpower_client: ret_hdl:81794
07-28 18:56:31.206  8365  8365 I GOS:App : onTrimMemory 80
07-28 18:56:31.207  1090  1150 I mtkpower_client: perf_lock_rel, hdl:81793, tid:1150
07-28 18:56:31.207  1127  1127 D BufferStateLayer: com.example.dogglers/com.example.dogglers.VerticalListActivity$_9007#178870 setBuffer frameId=1, bufferId=38684770435083 fenceId=432, w= 1080, h=2400
07-28 18:56:31.208  1093  1167 I libPowerHal: [perfLockAcq] idx:0 hdl:81794 hint:-1 pid:1090 duration:0 lock_user:vendor.samsung. => ret_hdl:81794
07-28 18:56:31.208  1624  1665 I ActivityTaskManager: Displayed com.example.dogglers/.VerticalListActivity: +314ms
07-28 18:56:31.208  1093  1167 I libPowerHal: [PE] vendor.samsung. update cmd:1000000, param:0
07-28 18:56:31.208  1093  1141 I mtkpower@impl: [setMode] type:5, enabled:0
07-28 18:56:31.208  1093  1167 I libPowerHal: [PE] vendor.samsung. update cmd:1000000 param:0
07-28 18:56:31.208  3746  3746 E pageboostd: Received HALT command code 2
07-28 18:56:31.209  1090  1150 I mtkpower_client: perf_lock_acq, hdl:0, dur:0, num:2, tid:1150
07-28 18:56:31.209  1093  1167 I libPowerHal: [perfLockRel] hdl:81793, idx:1
07-28 18:56:31.210 17091 17124 D OpenGLRenderer: setSurface called with nullptr
07-28 18:56:31.210  1093  1167 I libPowerHal: [PD] vendor.samsung. update cmd:1c3c000, param:1
07-28 18:56:31.210 17091 17124 D OpenGLRenderer: setSurface() destroyed EGLSurface
07-28 18:56:31.210 17091 17124 D OpenGLRenderer: destroyEglSurface
07-28 18:56:31.211  1093  1167 I libPowerHal: [PD] (less) /proc/mcdi/state set +prefix:enable 1;
07-28 18:56:31.211  1624  5216 D InputDispatcher: Focus entered window (0): 1417257 com.example.dogglers/com.example.dogglers.VerticalListActivity
07-28 18:56:31.212  9007  9007 I ViewRootImpl@361d3c8[VerticalListActivity]: MSG_WINDOW_FOCUS_CHANGED 1 0
07-28 18:56:31.212  9007  9007 I ViewRootImpl@361d3c8[VerticalListActivity]: mThreadedRenderer.initializeIfNeeded()#2 mSurface={isValid=true 0xb400007297bf4800}
07-28 18:56:31.213 17091 17121 I ViewRootImpl@920c033[dogglers]: performTraversals params={(0,0)(fillxfill) sim={adjust=pan} ty=APPLICATION_STARTING fmt=TRANSLUCENT wanim=0x1030001 alpha=0.0
07-28 18:56:31.213 17091 17121 I ViewRootImpl@920c033[dogglers]:   fl=81030118
07-28 18:56:31.213 17091 17121 I ViewRootImpl@920c033[dogglers]:   pfl=16000010
07-28 18:56:31.213 17091 17121 I ViewRootImpl@920c033[dogglers]:   bhv=DEFAULT
07-28 18:56:31.213 17091 17121 I ViewRootImpl@920c033[dogglers]:   fitSides= naviIconColor=0}
07-28 18:56:31.213  1090  1150 I mtkpower_client: ret_hdl:81795
07-28 18:56:31.213 17091 17121 I ViewRootImpl@920c033[dogglers]: performTraversals mFirst=false windowShouldResize=false viewVisibilityChanged=true mForceNextWindowRelayout=false params={(0,0)(fillxfill) sim={adjust=pan} ty=APPLICATION_STARTING fmt=TRANSLUCENT wanim=0x1030001 alpha=0.0
07-28 18:56:31.213 17091 17121 I ViewRootImpl@920c033[dogglers]:   fl=81030118
07-28 18:56:31.213 17091 17121 I ViewRootImpl@920c033[dogglers]:   pfl=16000010
07-28 18:56:31.213 17091 17121 I ViewRootImpl@920c033[dogglers]:   bhv=DEFAULT
07-28 18:56:31.213 17091 17121 I ViewRootImpl@920c033[dogglers]:   fitSides= naviIconColor=0}
07-28 18:56:31.213  1090  1150 I mtkpower_client: perf_lock_rel, hdl:81789, tid:1150
07-28 18:56:31.214  1093  1167 I libPowerHal: [perfLockAcq] idx:2 hdl:81795 hint:-1 pid:1090 duration:0 lock_user:vendor.samsung. => ret_hdl:81795
07-28 18:56:31.215  9007  9007 D InputMethodManager: startInputInner - Id : 0
07-28 18:56:31.215  9007  9007 I InputMethodManager: startInputInner - mService.startInputOrWindowGainedFocus
07-28 18:56:31.215  1127  1127 D SurfaceFlinger: Display 0 HWC layers:
07-28 18:56:31.215  1127  1127 D SurfaceFlinger:      DEVICE | 0xb4000075f544c380 | 0102 | RGBA_8888    |    0.0    0.0 1080.0 2400.0 |    0    0 1080 2400 | com.example.dogglers/com.example.dogglers.VerticalListActivity$_9007#178870
07-28 18:56:31.215  1127  1127 D SurfaceFlinger:      DEVICE | 0xb4000075f544ce00 | 0100 | RGBA_8888    |    0.0    0.0 1080.0 2400.0 |    0    0 1080 2400 | Splash Screen com.example.dogglers$_17091#178863
07-28 18:56:31.215  1127  1127 D SurfaceFlinger:      DEVICE | 0xb400007623228f80 | 0100 | RGBA_8888    |    0.0    0.0 1080.0   80.0 |    0    0 1080   80 | StatusBar$_17091#176350
07-28 18:56:31.215  1127  1127 D SurfaceFlinger:      DEVICE | 0xb4000075f544b480 | 0100 | RGBA_8888    |    0.0    0.0 1080.0  135.0 |    0 2265 1080 2400 | NavigationBar0$_17091#176345
07-28 18:56:31.215  1127  1127 D SurfaceFlinger:      DEVICE | 0xb4000076232f1a80 | 0140 | RGBA_8888    |    0.0    0.0 1080.0  150.0 |    0    0 1080  150 | ScreenDecorOverlay$_17091#176358
07-28 18:56:31.215  1127  1127 D SurfaceFlinger:      DEVICE | 0xb400007621856400 | 0140 | RGBA_8888    |    0.0    0.0 1080.0  150.0 |    0 2250 1080 2400 | ScreenDecorOverlayBottom$_17091#176359
07-28 18:56:31.215  1127  1127 D SurfaceFlinger:
07-28 18:56:31.217  1624  4919 V WindowManager: Relayout Window{dd6c7c6 u0 Splash Screen com.example.dogglers}: viewVisibility=8 req=1080x2400 d0
07-28 18:56:31.217  1624  1688 W libprocessgroup: Failed to open /dev/blkio//cgroup.procs: No such file or directory
07-28 18:56:31.218  1624  5216 D InputMethodManagerService: mDesktopModeManager null!
07-28 18:56:31.218  1624  5216 V InputMethodManagerService: getDisplayIdOfInputMethodWindowToBeAdded: displayId=0
07-28 18:56:31.218  1233  9704 I CameraService: onUidStateChanged: uid=10063, procState is changed. (1 -> 0)
07-28 18:56:31.218  1624  5216 D InputMethodManagerService: isImeSwitcherDisabledPackage : false
07-28 18:56:31.219  1093  1167 I libPowerHal: [PE] (less) /proc/mcdi/state set +prefix:enable 0;
07-28 18:56:31.220 17091 17091 D NavigationBar: onSystemBarAttributesChanged() -  displayId:0, appearance:16, packageName: com.example.dogglers (APPEARANCE_LIGHT_NAVIGATION_BARS ), navbarColorManagedByIme:false
07-28 18:56:31.220  1090  1150 I mtkpower_client: perf_lock_acq, hdl:0, dur:0, num:2, tid:1150
07-28 18:56:31.220  1093  1167 I libPowerHal: [perfLockRel] hdl:81789, idx:3
07-28 18:56:31.220  1093  1167 I libPowerHal: vendor.samsung.: cpu_ctrl set cpu freq: -1 -1 -1 -1
07-28 18:56:31.220 17091 17091 D SamsungLightBarControlHelper: updateNavigation(Black button) isLightBar:false, hasLightBarNavigationBarFlag:true, packageName:com.example.dogglers, DirectReplying:false, NavBarColorManagerdByIme:false, ForceDarkForScrim:false, QsCustomizing:false, PanelHasWhiteBg:true
07-28 18:56:31.222  1624  4919 V WindowManager: Relayout hash=dd6c7c6, pid=17091, syncId=-1: mAttrs={(0,0)(fillxfill) sim={adjust=pan} ty=APPLICATION_STARTING fmt=TRANSLUCENT wanim=0x1030001 alpha=0.0
07-28 18:56:31.222  1624  4919 V WindowManager:   fl=81030118
07-28 18:56:31.222  1624  4919 V WindowManager:   pfl=16000010
07-28 18:56:31.222  1624  4919 V WindowManager:   bhv=DEFAULT
07-28 18:56:31.222  1624  4919 V WindowManager:   fitSides= naviIconColor=0}
07-28 18:56:31.222  1624  5216 D InputMethodManagerService: checkDisplayOfStartInputAndUpdateKeyboard: displayId=0, mFocusedDisplayId=0
07-28 18:56:31.223 17091 17121 D InsetsController: onStateChanged: InsetsState: {mDisplayFrame=Rect(0, 0 - 1080, 2400), mDisplayCutout=DisplayCutout{insets=Rect(0, 80 - 0, 0) waterfall=Insets{left=0, top=0, right=0, bottom=0} boundingRect={Bounds=[Rect(0, 0 - 0, 0), Rect(468, 0 - 612, 80), Rect(0, 0 - 0, 0), Rect(0, 0 - 0, 0)]} cutoutPathParserInfo={CutoutPathParserInfo{displayWidth=1080 displayHeight=2400 physicalDisplayWidth=1080 physicalDisplayHeight=2400 density={2.625} cutoutSpec={M 0,0 H -27.42857142857143 V 30.47619047619048 H 27.42857142857143 V 0 H 0 Z @dp} rotation={0} scale={1.0} physicalPixelDisplaySizeRatio={1.0}}}}, mRoundedCorners=RoundedCorners{[RoundedCorner{position=TopLeft, radius=90, center=Point(90, 90)}, RoundedCorner{position=TopRight, radius=90, center=Point(990, 90)}, RoundedCorner{position=BottomRight, radius=90, center=Point(990, 2310)}, RoundedCorner{position=BottomLeft, radius=90, center=Point(90, 2310)}]}  mRoundedCornerFrame=Rect(0, 0 - 1080, 2400), mPrivacyIndicatorBounds=PrivacyIndicatorBounds {static bounds=Rect(956, 0 - 1080, 80) rotation=0}, mSources= { InsetsSource: {mType=ITYPE_STATUS_BAR, mFrame=[0,0][1080,80], mVisible=true, mInsetsRoundedCornerFrame=false}, InsetsSource: {mType=ITYPE_NAVIGATION_BAR, mFrame=[0,2265][1080,2400], mVisible=true, mInsetsRoundedCornerFrame=false}, InsetsSource: {mType=ITYPE_LEFT_GESTURES, mFrame=[0,0][0,2400], mVisible=true, mInsetsRoundedCornerFrame=false}, InsetsSource: {mType=ITYPE_RIGHT_GESTURES, mFrame=[1080,0][1080,2400], mVisible=true, mInsetsRoundedCornerFrame=false}, InsetsSource: {mType=ITYPE_TOP_MANDATORY_GESTURES, mFrame=[0,0][1080,114], mVisible=true, mInsetsRoundedCornerFrame=false}, InsetsSource: {mType=ITYPE_BOTTOM_MANDATORY_GESTURES, mFrame=[0,2265][1080,2400], mVisible=true, mInsetsRoundedCornerFrame=false}, InsetsSource: {mType=ITYPE_LEFT_DISPLAY_CUTOUT, mFrame=[0,0][-100000,2400], mVisible=true, mInsetsRoundedCornerFrame=false}, InsetsSource: {mType=ITYPE_TOP_DISPLAY_CUTOUT, mFrame=[0,0][1080,80], mVisible=true, mInsetsRoundedCornerFrame=false}, InsetsSource: {mType=ITYPE_RIGHT_DISPLAY_CUTOUT, mFrame=[100000,0][1080,2400], mVisible=true, mInsetsRoundedCornerFrame=false}, InsetsSource: {mType=ITYPE_BOTTOM_DISPLAY_CUTOUT, mFrame=[0,100000][1080,2400], mVisible=true, mInsetsRoundedCornerFrame=false}, InsetsSource: {mType=ITYPE_TOP_TAPPABLE_ELEMENT, mFrame=[0,0][1080,80], mVisible=true, mInsetsRoundedCornerFrame=false}, InsetsSource: {mType=ITYPE_BOTTOM_TAPPABLE_ELEMENT, mFrame=[0,2265][1080,2400], mVisible=true, mInsetsRoundedCornerFrame=false} } host=Splash Screen com.example.dogglers from=android.view.ViewRootImpl.relayoutWindow:9802
07-28 18:56:31.223  1624  5216 D InputTransport: Input channel constructed: 'ClientS', fd=1051
07-28 18:56:31.223  1624  5216 D InputTransport: Input channel destroyed: 'ClientS', fd=1051
07-28 18:56:31.223  5607  5607 I HBD     : HoneyBoardService onFinishInput
07-28 18:56:31.223 17091 17121 D BLASTBufferQueue: [ViewRootImpl@920c033[dogglers]#88](f:0,a:1) destructor()
07-28 18:56:31.223 17091 17121 D BufferQueueConsumer: [ViewRootImpl@920c033[dogglers]#88(BLAST Consumer)88](id:42c300000058,api:0,p:-1,c:17091) disconnect
07-28 18:56:31.224  1127  1127 I Layer   : Layer [Splash Screen com.example.dogglers$_17091#178863] hidden!! flag(1)
07-28 18:56:31.224  5607  5607 I HBD     : a IC have been unbinding,  RemoteInputConnection{idHash=#63075a}
07-28 18:56:31.224  5607  5607 I HBD     : HoneyBoardService [PF_CL][onFinishInput]  1 ms
07-28 18:56:31.224 17091 17121 I ViewRootImpl@920c033[dogglers]: Relayout returned: old=(0,0,1080,2400) new=(0,0,1080,2400) req=(1080,2400)8 dur=10 res=0x2 s={false 0x0} ch=true seqId=0
07-28 18:56:31.224  1093  1167 I libPowerHal: [perfLockAcq] idx:1 hdl:81796 hint:-1 pid:1090 duration:0 lock_user:vendor.samsung. => ret_hdl:81796
07-28 18:56:31.224  5607  5607 I HBD     : HoneyBoardService [IMI] onStartInput - caller pid : 9007 , caller uid : 10520
07-28 18:56:31.224  5607  5607 I HBD     : j updateConfigs
07-28 18:56:31.225  1093  1167 I libPowerHal: vendor.samsung.: cpu_ctrl set cpu freq: 1800000 -1 -1 -1
07-28 18:56:31.225 17091 17121 I ViewRootImpl@920c033[dogglers]: dispatchDetachedFromWindow
07-28 18:56:31.225  1090  1150 I mtkpower_client: ret_hdl:81796
07-28 18:56:31.225  1090  1150 I mtkpower_client: perf_lock_rel, hdl:81794, tid:1150
07-28 18:56:31.225  5607  5607 I HBD     : j isEnabledNightMode : false
07-28 18:56:31.225  5607  5607 I HBD     : a IC have been binding, RemoteInputConnection{idHash=#3bd8b}
07-28 18:56:31.225  5607  5607 I HBD     : h [EditorInputType]setPrivateImeOptionsToTable privateImeOptions ( null )
07-28 18:56:31.225  1090  1150 I mtkpower_client: perf_lock_acq, hdl:0, dur:0, num:2, tid:1150
07-28 18:56:31.225  5607  5607 I HBD     : b incognitoMode : false
07-28 18:56:31.226  1093  1167 I libPowerHal: [perfLockRel] hdl:81794, idx:0
07-28 18:56:31.226  1093  1167 I libPowerHal: [PD] vendor.samsung. update cmd:1000000, param:-1
07-28 18:56:31.226  1127  3782 I SurfaceFlinger: id=178874 createSurf flag=24004, Surface(name=d8adfc2 InputMethod)/@0xc2b360e - animation-leash of insets_animation#178874
07-28 18:56:31.226  1093  1167 I libPowerHal: [PD] vendor.samsung. update cmd:1000000 param:-1
07-28 18:56:31.227  5607  5607 I HBD     : a needOff = true , isForceOff = false, isNullInputClass : true
07-28 18:56:31.227  1090  1150 I mtkpower_client: ret_hdl:81797
07-28 18:56:31.228  1093  1167 I libPowerHal: [perfLockAcq] idx:0 hdl:81797 hint:-1 pid:1090 duration:0 lock_user:vendor.samsung. => ret_hdl:81797
07-28 18:56:31.228 23841 24971 D OpenGLRenderer: setSurface called with nullptr
07-28 18:56:31.228  1090  1150 I HYPER-HAL: [RequestManager.cpp]releaseLocked(): Released ID : 1372028
07-28 18:56:31.228  1093  1167 I libPowerHal: [PE] vendor.samsung. update cmd:1000000, param:0
07-28 18:56:31.228  1093  1167 I libPowerHal: [PE] vendor.samsung. update cmd:1000000 param:0
07-28 18:56:31.228 23841 24971 D OpenGLRenderer: setSurface called with nullptr
07-28 18:56:31.228  5607  5607 I HBD     : h getDefaultInputRange : UNKNOWN
07-28 18:56:31.228  5607  5607 I HBD     : h getDefaultInputRange : UNKNOWN
07-28 18:56:31.228  5607  5607 I HBD     : h getDefaultInputRange : UNKNOWN
07-28 18:56:31.228 23841 24971 D OpenGLRenderer: setSurface called with nullptr
07-28 18:56:31.230  9007  9007 I ViewInteraction: Performing 'scroll RecyclerView to position: 5' action on view view.getId() is <2131231207/com.example.dogglers:id/vertical_recycler_view>
07-28 18:56:31.230  5607  5607 I HBD     : a needOff = true , isForceOff = false, isNullInputClass : true
07-28 18:56:31.230  5607  5607 I HBD     : a update cached prediction status : false
07-28 18:56:31.231  5607  5607 I HBD     : h getDefaultInputRange : UNKNOWN
07-28 18:56:31.231  5607  5607 I HBD     : a currentState : 0
07-28 18:56:31.231  1127  1127 D SurfaceFlinger: Display 0 HWC layers:
07-28 18:56:31.231  1127  1127 D SurfaceFlinger:      DEVICE | 0xb4000075f544c500 | 0102 | RGBA_8888    |    0.0    0.0 1080.0 2400.0 |    0    0 1080 2400 | com.example.dogglers/com.example.dogglers.VerticalListActivity$_9007#178870
07-28 18:56:31.231  1127  1127 D SurfaceFlinger:      DEVICE | 0xb400007623228f80 | 0100 | RGBA_8888    |    0.0    0.0 1080.0   80.0 |    0    0 1080   80 | StatusBar$_17091#176350
07-28 18:56:31.231  1127  1127 D SurfaceFlinger:      DEVICE | 0xb4000075f544b480 | 0100 | RGBA_8888    |    0.0    0.0 1080.0  135.0 |    0 2265 1080 2400 | NavigationBar0$_17091#176345
07-28 18:56:31.231  1127  1127 D SurfaceFlinger:      DEVICE | 0xb4000076232f1a80 | 0140 | RGBA_8888    |    0.0    0.0 1080.0  150.0 |    0    0 1080  150 | ScreenDecorOverlay$_17091#176358
07-28 18:56:31.231  1127  1127 D SurfaceFlinger:      DEVICE | 0xb400007621856400 | 0140 | RGBA_8888    |    0.0    0.0 1080.0  150.0 |    0 2250 1080 2400 | ScreenDecorOverlayBottom$_17091#176359
07-28 18:56:31.231  1127  1127 D SurfaceFlinger:
07-28 18:56:31.232  5607  5607 I HBD     : a [UpdatePolicy] [post] a: 0 cl: 65538 kit: [0/0] vt: 0 ir: 1
07-28 18:56:31.232  5607  5607 I HBD     : a [NRIC] resetNoResponseState
07-28 18:56:31.232  5607  5607 I HBD     : a needOff = true , isForceOff = false, isNullInputClass : true
07-28 18:56:31.232  5607  5607 I HBD     : a update cached prediction status : false
07-28 18:56:31.233  5607  5607 I HBD     : HoneyBoardService [PF_OP][onStartInput]  9 ms
07-28 18:56:31.234  1624  2705 D InputTransport: Input channel destroyed: 'dd6c7c6', fd=1009
07-28 18:56:31.234  1624  2705 W InputManager-JNI: Input channel object 'dd6c7c6 Splash Screen com.example.dogglers (client)' was disposed without first being removed with the input manager!
07-28 18:56:31.235  1624  2705 D InputTransport: Input channel destroyed: 'dd6c7c6', fd=1010
07-28 18:56:31.238 17091 17121 D InputTransport: Input channel destroyed: 'dd6c7c6', fd=239
07-28 18:56:31.240  1127  1127 I Layer   : id=178858 removeFromCurrentState Surface(name=d8adfc2 InputMethod)/@0xc2b360e - animation-leash of insets_animation#178858 (119)
07-28 18:56:31.240  1127  1127 I Layer   : id=178862 removeFromCurrentState dd6c7c6 Splash Screen com.example.dogglers#178862 (119)
07-28 18:56:31.240  1127  1127 I Layer   : id=178863 removeFromCurrentState Splash Screen com.example.dogglers$_17091#178863 (119)
07-28 18:56:31.240  1127  1127 I Layer   : id=178873 removeFromCurrentState Surface(name=1417257 com.example.dogglers/com.example.dogglers.VerticalListActivity)/@0xbf8f76b - animation-leash of starting_reveal#178873 (119)
07-28 18:56:31.240  1127  1127 I Layer   : id=178863 removeFromCurrentState Splash Screen com.example.dogglers$_17091#178863 (119)
07-28 18:56:31.241  1127  1127 I SurfaceFlinger: id=178863 Removed Splash Screen com.example.dogglers$_17091#178863 (119)
07-28 18:56:31.241  1127  1127 I SurfaceFlinger: id=178862 Removed dd6c7c6 Splash Screen com.example.dogglers#178862 (119)
07-28 18:56:31.241  1127  1127 I SurfaceFlinger: id=178858 Removed Surface(name=d8adfc2 InputMethod)/@0xc2b360e - animation-leash of insets_animation#178858 (119)
07-28 18:56:31.241  1127  1127 I Layer   : id=178858 Destroyed Surface(name=d8adfc2 InputMethod)/@0xc2b360e - animation-leash of insets_animation#178858
07-28 18:56:31.241  1127  1127 I Layer   : id=178862 Destroyed dd6c7c6 Splash Screen com.example.dogglers#178862
07-28 18:56:31.241  1127  1127 I BufferQueueDebug: [Splash Screen com.example.dogglers$_17091#178863](this:0xb4000075f54aa838,id:-1,api:0,p:-1,c:1127) onDestructor()
07-28 18:56:31.241  1127  1127 I Layer   : id=178863 Destroyed Splash Screen com.example.dogglers$_17091#178863
07-28 18:56:31.253  9007  9007 D skia    : SkJpegCodec::onGetPixels +
07-28 18:56:31.258  9007  9007 D skia    : SkJpegCodec::onGetPixels -
07-28 18:56:31.276  9007  9007 D skia    : SkJpegCodec::onGetPixels +
07-28 18:56:31.282  9007  9007 D skia    : SkJpegCodec::onGetPixels -
07-28 18:56:31.299  9007  9007 D skia    : SkJpegCodec::onGetPixels +
07-28 18:56:31.302  9007  9007 D skia    : SkJpegCodec::onGetPixels -
07-28 18:56:31.324  9007  9007 D InsetsController: onStateChanged: InsetsState: {mDisplayFrame=Rect(0, 0 - 1080, 2400), mDisplayCutout=DisplayCutout{insets=Rect(0, 80 - 0, 0) waterfall=Insets{left=0, top=0, right=0, bottom=0} boundingRect={Bounds=[Rect(0, 0 - 0, 0), Rect(468, 0 - 612, 80), Rect(0, 0 - 0, 0), Rect(0, 0 - 0, 0)]} cutoutPathParserInfo={CutoutPathParserInfo{displayWidth=1080 displayHeight=2400 physicalDisplayWidth=1080 physicalDisplayHeight=2400 density={2.625} cutoutSpec={M 0,0 H -27.42857142857143 V 30.47619047619048 H 27.42857142857143 V 0 H 0 Z @dp} rotation={0} scale={1.0} physicalPixelDisplaySizeRatio={1.0}}}}, mRoundedCorners=RoundedCorners{[RoundedCorner{position=TopLeft, radius=90, center=Point(90, 90)}, RoundedCorner{position=TopRight, radius=90, center=Point(990, 90)}, RoundedCorner{position=BottomRight, radius=90, center=Point(990, 2310)}, RoundedCorner{position=BottomLeft, radius=90, center=Point(90, 2310)}]}  mRoundedCornerFrame=Rect(0, 0 - 1080, 2400), mPrivacyIndicatorBounds=PrivacyIndicatorBounds {static bounds=Rect(956, 0 - 1080, 80) rotation=0}, mSources= { InsetsSource: {mType=ITYPE_STATUS_BAR, mFrame=[0,0][1080,80], mVisible=true, mInsetsRoundedCornerFrame=false}, InsetsSource: {mType=ITYPE_NAVIGATION_BAR, mFrame=[0,2265][1080,2400], mVisible=true, mInsetsRoundedCornerFrame=false}, InsetsSource: {mType=ITYPE_LEFT_GESTURES, mFrame=[0,0][0,2400], mVisible=true, mInsetsRoundedCornerFrame=false}, InsetsSource: {mType=ITYPE_RIGHT_GESTURES, mFrame=[1080,0][1080,2400], mVisible=true, mInsetsRoundedCornerFrame=false}, InsetsSource: {mType=ITYPE_TOP_MANDATORY_GESTURES, mFrame=[0,0][1080,114], mVisible=true, mInsetsRoundedCornerFrame=false}, InsetsSource: {mType=ITYPE_BOTTOM_MANDATORY_GESTURES, mFrame=[0,2265][1080,2400], mVisible=true, mInsetsRoundedCornerFrame=false}, InsetsSource: {mType=ITYPE_LEFT_DISPLAY_CUTOUT, mFrame=[0,0][-100000,2400], mVisible=true, mInsetsRoundedCornerFrame=false}, InsetsSource: {mType=ITYPE_TOP_DISPLAY_CUTOUT, mFrame=[0,0][1080,80], mVisible=true, mInsetsRoundedCornerFrame=false}, InsetsSource: {mType=ITYPE_RIGHT_DISPLAY_CUTOUT, mFrame=[100000,0][1080,2400], mVisible=true, mInsetsRoundedCornerFrame=false}, InsetsSource: {mType=ITYPE_BOTTOM_DISPLAY_CUTOUT, mFrame=[0,100000][1080,2400], mVisible=true, mInsetsRoundedCornerFrame=false}, InsetsSource: {mType=ITYPE_TOP_TAPPABLE_ELEMENT, mFrame=[0,0][1080,80], mVisible=true, mInsetsRoundedCornerFrame=false}, InsetsSource: {mType=ITYPE_BOTTOM_TAPPABLE_ELEMENT, mFrame=[0,2265][1080,2400], mVisible=true, mInsetsRoundedCornerFrame=false}, InsetsSource: {mType=ITYPE_IME, mFrame=[0,0][0,0], mVisibleFrame=[0,1243][1080,2400], mVisible=false, mInsetsRoundedCornerFrame=false} } host=com.example.dogglers/com.example.dogglers.VerticalListActivity from=android.view.ViewRootImpl$ViewRootHandler.handleMessageImpl:6740
07-28 18:56:31.327  1624  5216 D InputMethodManagerService: isImeSwitcherDisabledPackage : false
07-28 18:56:31.328  5607  5607 I InputMethodService: removeImeSurface
07-28 18:56:31.329  5607  5607 I MSHandlerLifeCycle: check: return. pkg=com.samsung.android.honeyboard isActivity=false callers=com.android.internal.policy.DecorView.setVisibility:4411 android.app.Dialog.hide:767 android.inputmethodservice.InputMethodService.removeImeSurface:1290 android.inputmethodservice.InputMethodService.scheduleImeSurfaceRemoval:1279 android.inputmethodservice.InputMethodService.-$$Nest$mscheduleImeSurfaceRemoval:0
07-28 18:56:31.329  5607  5607 I MSHandlerLifeCycle: removeMultiSplitHandler: no exist. decor=DecorView@4ed7bdc[InputMethod]
07-28 18:56:31.334  9007  9007 I ViewInteraction: Checking 'MatchesViewAssertion{viewMatcher=(view has effective visibility <VISIBLE> and view.getGlobalVisibleRect() to return non-empty rectangle)}' assertion on view an instance of android.widget.TextView and view.getText() with or without transformation to match: is "Bella"
07-28 18:56:31.340  1624  1668 I ChimeraSystemEventListener: appLaunchIntent package name is: com.example.dogglers
07-28 18:56:31.341  3746  3746 E pageboostd: Received HALT command code 2
07-28 18:56:31.343  1624  2705 I SemDvfsHyPerManager: acquire hyper - AMS_ACT_START/1624@19, type = -999
07-28 18:56:31.343  1090  1150 I HYPER-HAL: [RequestManager.cpp]acquire(): Acquired ID : 1350565  [1624 / 19]    HINT : AMS_ACT_START    list :
07-28 18:56:31.343  1090  1150 I mtkpower_client: perf_lock_rel, hdl:81796, tid:1150
07-28 18:56:31.344  1090  1150 I mtkpower_client: perf_lock_acq, hdl:0, dur:0, num:2, tid:1150
07-28 18:56:31.344  1127  2023 I SurfaceFlinger: id=178875 createSurf flag=80004, ActivityRecord{184c655 u0 com.example.dogglers/androidx.test.core.app.InstrumentationActivityInvoker$EmptyActivity} t30330}#178875
07-28 18:56:31.344  1093  1167 I libPowerHal: [perfLockRel] hdl:81796, idx:1
07-28 18:56:31.344  1093  1167 I libPowerHal: vendor.samsung.: cpu_ctrl set cpu freq: -1 -1 -1 -1
07-28 18:56:31.345  1090  1150 I mtkpower_client: ret_hdl:81798
07-28 18:56:31.345  1090  1150 I mtkpower_client: perf_lock_rel, hdl:81795, tid:1150
07-28 18:56:31.345  1093  1167 I libPowerHal: [perfLockAcq] idx:3 hdl:81798 hint:-1 pid:1090 duration:0 lock_user:vendor.samsung. => ret_hdl:81798
07-28 18:56:31.345  1093  1167 I libPowerHal: vendor.samsung.: cpu_ctrl set cpu freq: 1800000 -1 -1 -1
07-28 18:56:31.346  1624  1668 D PersonaActivityHelper: Activity not in resumed state, do not run immediate lock
07-28 18:56:31.347  1090  1150 I mtkpower_client: perf_lock_acq, hdl:0, dur:0, num:2, tid:1150
07-28 18:56:31.347  1093  1167 I libPowerHal: [perfLockRel] hdl:81795, idx:2
07-28 18:56:31.347  1093  1167 I libPowerHal: [PD] vendor.samsung. update cmd:1c3c000, param:1
07-28 18:56:31.347  1093  1167 I libPowerHal: [PD] (less) /proc/mcdi/state set +prefix:enable 1;
07-28 18:56:31.347  1090  1150 I mtkpower_client: ret_hdl:81799
07-28 18:56:31.348  1093  1167 I libPowerHal: [perfLockAcq] idx:1 hdl:81799 hint:-1 pid:1090 duration:0 lock_user:vendor.samsung. => ret_hdl:81799
07-28 18:56:31.348  1093  1167 I libPowerHal: [PE] (less) /proc/mcdi/state set +prefix:enable 0;
07-28 18:56:31.348  1090  1150 I mtkpower_client: perf_lock_rel, hdl:81797, tid:1150
07-28 18:56:31.348  1090  1150 I mtkpower_client: perf_lock_acq, hdl:0, dur:0, num:2, tid:1150
07-28 18:56:31.348  1093  1167 I libPowerHal: [perfLockRel] hdl:81797, idx:0
07-28 18:56:31.348  1093  1167 I libPowerHal: [PD] vendor.samsung. update cmd:1000000, param:-1
07-28 18:56:31.349  1093  1167 I libPowerHal: [PD] vendor.samsung. update cmd:1000000 param:-1
07-28 18:56:31.349  1090  1150 I mtkpower_client: ret_hdl:81800
07-28 18:56:31.350  1093  1167 I libPowerHal: [perfLockAcq] idx:2 hdl:81800 hint:-1 pid:1090 duration:0 lock_user:vendor.samsung. => ret_hdl:81800
07-28 18:56:31.350  1093  1167 I libPowerHal: [PE] vendor.samsung. update cmd:1000000, param:0
07-28 18:56:31.350  1093  1167 I libPowerHal: [PE] vendor.samsung. update cmd:1000000 param:0
07-28 18:56:31.352  9007  9007 D LifecycleMonitor: Lifecycle status change: com.example.dogglers.VerticalListActivity@a5852b2 in: PAUSED
07-28 18:56:31.353  9007  9007 V ActivityScenario: Update currentActivityStage to PAUSED, currentActivity=com.example.dogglers.VerticalListActivity@a5852b2
07-28 18:56:31.360  1624  5216 D InputDispatcher: Focused application(0): ActivityRecord{184c655 u0 com.example.dogglers/androidx.test.core.app.InstrumentationActivityInvoker$EmptyActivity} t30330}
07-28 18:56:31.365  1624  1668 I SemPersonaManager: SecureFolder personaId = 150
07-28 18:56:31.370  9007  9007 D LifecycleMonitor: Lifecycle status change: androidx.test.core.app.InstrumentationActivityInvoker$EmptyActivity@87fdeea in: PRE_ON_CREATE
07-28 18:56:31.370  9007  9007 V ActivityScenario: Activity lifecycle changed event received but ignored because the intent does not match. startActivityIntent=Intent { act=android.intent.action.MAIN cat=[android.intent.category.LAUNCHER] cmp=com.example.dogglers/.VerticalListActivity }, activity.getIntent()=Intent { act=android.intent.action.MAIN cat=[android.intent.category.LAUNCHER] flg=0x10000000 cmp=com.example.dogglers/androidx.test.core.app.InstrumentationActivityInvoker$EmptyActivity }, activity=androidx.test.core.app.InstrumentationActivityInvoker$EmptyActivity@87fdeea
07-28 18:56:31.373  1127  1127 I SurfaceFlinger: [1417257 com.example.dogglers/com.example.dogglers.VerticalListActivity#178869] FrameRatePriority: -1
07-28 18:56:31.375  1624  1668 D EnterpriseDeviceManagerService: isMdmAdminPresentInternal() : MDM Admin Found - com.samsung.knox.securefolder
07-28 18:56:31.376  1624  3919 I MediaSessionMonitor: Media session stopped : not playing state
07-28 18:56:31.377  9007  9007 I DecorView: [INFO] isPopOver=false config=true
07-28 18:56:31.377  9007  9007 I DecorView: updateCaptionType: isFloating=false isApplication=true hasWindowDecorCaption=false this=DecorView@9629b51[]
07-28 18:56:31.377  9007  9007 D DecorView: setCaptionType = 0, this = DecorView@9629b51[]
07-28 18:56:31.381  9007  9007 I DecorView: getCurrentDensityDpi: from real metrics. densityDpi=450 msg=resources_loaded
07-28 18:56:31.381  9007  9007 I DecorView: setWindowBackground: isPopOver=false color=ff010101 d=android.graphics.drawable.StateListDrawable@bf4ffb6
07-28 18:56:31.381  9007  9007 D LifecycleMonitor: Lifecycle status change: androidx.test.core.app.InstrumentationActivityInvoker$EmptyActivity@87fdeea in: CREATED
07-28 18:56:31.382  9007  9007 V ActivityScenario: Activity lifecycle changed event received but ignored because the intent does not match. startActivityIntent=Intent { act=android.intent.action.MAIN cat=[android.intent.category.LAUNCHER] cmp=com.example.dogglers/.VerticalListActivity }, activity.getIntent()=Intent { act=android.intent.action.MAIN cat=[android.intent.category.LAUNCHER] flg=0x10000000 cmp=com.example.dogglers/androidx.test.core.app.InstrumentationActivityInvoker$EmptyActivity }, activity=androidx.test.core.app.InstrumentationActivityInvoker$EmptyActivity@87fdeea
07-28 18:56:31.384  9007  9007 D LifecycleMonitor: Lifecycle status change: androidx.test.core.app.InstrumentationActivityInvoker$EmptyActivity@87fdeea in: STARTED
07-28 18:56:31.384  9007  9007 V ActivityScenario: Activity lifecycle changed event received but ignored because the intent does not match. startActivityIntent=Intent { act=android.intent.action.MAIN cat=[android.intent.category.LAUNCHER] cmp=com.example.dogglers/.VerticalListActivity }, activity.getIntent()=Intent { act=android.intent.action.MAIN cat=[android.intent.category.LAUNCHER] flg=0x10000000 cmp=com.example.dogglers/androidx.test.core.app.InstrumentationActivityInvoker$EmptyActivity }, activity=androidx.test.core.app.InstrumentationActivityInvoker$EmptyActivity@87fdeea
07-28 18:56:31.386  9007  9007 D LifecycleMonitor: Lifecycle status change: androidx.test.core.app.InstrumentationActivityInvoker$EmptyActivity@87fdeea in: RESUMED
07-28 18:56:31.387  9007  9007 V ActivityScenario: Activity lifecycle changed event received but ignored because the intent does not match. startActivityIntent=Intent { act=android.intent.action.MAIN cat=[android.intent.category.LAUNCHER] cmp=com.example.dogglers/.VerticalListActivity }, activity.getIntent()=Intent { act=android.intent.action.MAIN cat=[android.intent.category.LAUNCHER] flg=0x10000000 cmp=com.example.dogglers/androidx.test.core.app.InstrumentationActivityInvoker$EmptyActivity }, activity=androidx.test.core.app.InstrumentationActivityInvoker$EmptyActivity@87fdeea
07-28 18:56:31.387  9007  9007 I MSHandlerLifeCycle: check: return. pkg=com.example.dogglers parent=null callers=com.android.internal.policy.DecorView.setVisibility:4411 android.app.ActivityThread.handleResumeActivity:5476 android.app.servertransaction.ResumeActivityItem.execute:54 android.app.servertransaction.ActivityTransactionItem.execute:45 android.app.servertransaction.TransactionExecutor.executeLifecycleState:176
07-28 18:56:31.387  9007  9007 I MSHandlerLifeCycle: removeMultiSplitHandler: no exist. decor=DecorView@9629b51[]
07-28 18:56:31.388  1127  2023 D SurfaceFlinger: [SF client] NEW(0xb40000762185a9a0) for (9007:com.example.dogglers)
07-28 18:56:31.390  1127  1127 D SurfaceFlinger: [input] inputWindowCommands.focusRequests size is 1
07-28 18:56:31.391  1127  1386 D SurfaceFlinger: [input] setFocusedWindow: <null>
07-28 18:56:31.391  9007  9037 D NativeCustomFrequencyManager: [NativeCFMS] BpCustomFrequencyManager::BpCustomFrequencyManager()
07-28 18:56:31.391  1624  2705 D InputDispatcher: Focus request (0): <null> but waiting because NOT_FOCUSABLE
07-28 18:56:31.391  1624  2705 D InputDispatcher: Focus left window (0): 1417257 com.example.dogglers/com.example.dogglers.VerticalListActivity
07-28 18:56:31.393  1624  5216 D InputTransport: Input channel constructed: '60aa528', fd=1051
07-28 18:56:31.393  1624  5216 D InputTransport: Input channel constructed: '60aa528', fd=1053
07-28 18:56:31.393  1624  5216 D InputTransport: Input channel constructed: '60aa528', fd=1057
07-28 18:56:31.393  1127  1176 I SurfaceFlinger: id=178876 createSurf flag=80004, 60aa528 com.example.dogglers/androidx.test.core.app.InstrumentationActivityInvoker$EmptyActivity#178876
07-28 18:56:31.394  1624  5216 D InputTransport: Input channel destroyed: '60aa528', fd=1057
